{
  "ok": true,
  "results": [
    {
      "ok": true,
      "exit_code": 0,
      "stdout": "## main...origin/main\n M engineering_v1.2/control/MASTER_TASK_REGISTER.csv\n M engineering_v1.2/control/PROJECT_STATE.yaml\n?? engineering_v1.2/evidence/P09-003/commit_run.log\n?? engineering_v1.2/evidence/P10-001/commit_run.log\n?? engineering_v1.2/evidence/P10-001/raw_logs/run_extract.log\n?? engineering_v1.2/evidence/P10-001/raw_logs/run_extract_v2.log\n?? engineering_v1.2/evidence/P10-001/raw_logs/run_extract_v3.log\n?? engineering_v1.2/evidence/P10-002/\n",
      "stderr": "",
      "elapsed_sec": 0.064,
      "cmd": [
        "git",
        "status",
        "--porcelain=v1",
        "-b"
      ],
      "extra": {
        "porcelain": "## main...origin/main\n M engineering_v1.2/control/MASTER_TASK_REGISTER.csv\n M engineering_v1.2/control/PROJECT_STATE.yaml\n?? engineering_v1.2/evidence/P09-003/commit_run.log\n?? engineering_v1.2/evidence/P10-001/commit_run.log\n?? engineering_v1.2/evidence/P10-001/raw_logs/run_extract.log\n?? engineering_v1.2/evidence/P10-001/raw_logs/run_extract_v2.log\n?? engineering_v1.2/evidence/P10-001/raw_logs/run_extract_v3.log\n?? engineering_v1.2/evidence/P10-002/\n"
      },
      "step": 0,
      "type": "git_status"
    },
    {
      "ok": true,
      "exit_code": 0,
      "stdout": "",
      "stderr": "warning: in the working copy of 'engineering_v1.2/control/MASTER_TASK_REGISTER.csv', CRLF will be replaced by LF the next time Git touches it\nwarning: in the working copy of 'engineering_v1.2/evidence/P09-003/commit_run.log', CRLF will be replaced by LF the next time Git touches it\nwarning: in the working copy of 'engineering_v1.2/evidence/P10-001/commit_run.log', CRLF will be replaced by LF the next time Git touches it\nwarning: in the working copy of 'engineering_v1.2/evidence/P10-001/raw_logs/run_extract.log', CRLF will be replaced by LF the next time Git touches it\nwarning: in the working copy of 'engineering_v1.2/evidence/P10-001/raw_logs/run_extract_v2.log', CRLF will be replaced by LF the next time Git touches it\nwarning: in the working copy of 'engineering_v1.2/evidence/P10-001/raw_logs/run_extract_v3.log', CRLF will be replaced by LF the next time Git touches it\nwarning: in the working copy of 'engineering_v1.2/evidence/P10-002/DEVICE_PROFILE_SUMMARY.json', CRLF will be replaced by LF the next time Git touches it\nwarning: in the working copy of 'engineering_v1.2/evidence/P10-002/T1_DEVICE_PROFILE.json', CRLF will be replaced by LF the next time Git touches it\nwarning: in the working copy of 'engineering_v1.2/evidence/P10-002/T2_DEVICE_PROFILE.json', CRLF will be replaced by LF the next time Git touches it\nwarning: in the working copy of 'engineering_v1.2/evidence/P10-002/T3_DEVICE_PROFILE.json', CRLF will be replaced by LF the next time Git touches it\nwarning: in the working copy of 'engineering_v1.2/evidence/P10-002/T4_DEVICE_PROFILE.json', CRLF will be replaced by LF the next time Git touches it\nwarning: in the working copy of 'engineering_v1.2/evidence/P10-002/raw_logs/generate_device_profiles.log', CRLF will be replaced by LF the next time Git touches it\nwarning: in the working copy of 'engineering_v1.2/evidence/P10-002/raw_logs/run_generate.log', CRLF will be replaced by LF the next time Git touches it\nwarning: in the working copy of 'engineering_v1.2/evidence/P10-002/raw_logs/validate_device_profiles.log', CRLF will be replaced by LF the next time Git touches it\nwarning: in the working copy of 'engineering_v1.2/evidence/P10-002/raw_logs/validate_device_profiles_result.json', CRLF will be replaced by LF the next time Git touches it\n",
      "elapsed_sec": 0.117,
      "cmd": [
        "git",
        "add",
        "engineering_v1.2/control/MASTER_TASK_REGISTER.csv",
        "engineering_v1.2/control/PROJECT_STATE.yaml",
        "engineering_v1.2/control/CURRENT_TASK.md",
        "engineering_v1.2/evidence/P10-002/",
        "engineering_v1.2/evidence/P10-001/commit_run.log",
        "engineering_v1.2/evidence/P10-001/raw_logs/run_extract.log",
        "engineering_v1.2/evidence/P10-001/raw_logs/run_extract_v2.log",
        "engineering_v1.2/evidence/P10-001/raw_logs/run_extract_v3.log",
        "engineering_v1.2/evidence/P09-003/commit_run.log"
      ],
      "step": 1,
      "type": "git_add"
    },
    {
      "ok": true,
      "exit_code": 0,
      "stdout": "[main fb1ad49] P10-002: 建立 T1-T4 设备档案 (DONE)\n 24 files changed, 2988 insertions(+), 3 deletions(-)\n create mode 100644 engineering_v1.2/evidence/P09-003/commit_run.log\n create mode 100644 engineering_v1.2/evidence/P10-001/commit_run.log\n create mode 100644 engineering_v1.2/evidence/P10-001/raw_logs/run_extract.log\n create mode 100644 engineering_v1.2/evidence/P10-001/raw_logs/run_extract_v2.log\n create mode 100644 engineering_v1.2/evidence/P10-001/raw_logs/run_extract_v3.log\n create mode 100644 engineering_v1.2/evidence/P10-002/DEVICE_PROFILE_SUMMARY.json\n create mode 100644 engineering_v1.2/evidence/P10-002/EVIDENCE_INDEX.md\n create mode 100644 engineering_v1.2/evidence/P10-002/REVIEW_REPORT.md\n create mode 100644 engineering_v1.2/evidence/P10-002/T1_DEVICE_PROFILE.json\n create mode 100644 engineering_v1.2/evidence/P10-002/T2_DEVICE_PROFILE.json\n create mode 100644 engineering_v1.2/evidence/P10-002/T3_DEVICE_PROFILE.json\n create mode 100644 engineering_v1.2/evidence/P10-002/T4_DEVICE_PROFILE.json\n create mode 100644 engineering_v1.2/evidence/P10-002/TASK_REPORT.md\n create mode 100644 engineering_v1.2/evidence/P10-002/TEST_REPORT.md\n create mode 100644 engineering_v1.2/evidence/P10-002/commit_config.json\n create mode 100644 engineering_v1.2/evidence/P10-002/commit_msg.txt\n create mode 100644 engineering_v1.2/evidence/P10-002/raw_logs/generate_device_profiles.log\n create mode 100644 engineering_v1.2/evidence/P10-002/raw_logs/run_generate.log\n create mode 100644 engineering_v1.2/evidence/P10-002/raw_logs/validate_device_profiles.log\n create mode 100644 engineering_v1.2/evidence/P10-002/raw_logs/validate_device_profiles_result.json\n create mode 100644 engineering_v1.2/evidence/P10-002/scripts/generate_device_profiles.py\n create mode 100644 engineering_v1.2/evidence/P10-002/scripts/validate_device_profiles.py\n",
      "stderr": "",
      "elapsed_sec": 0.126,
      "cmd": [
        "git",
        "commit",
        "-F",
        ".\\engineering_v1.2/evidence/P10-002/commit_msg.txt"
      ],
      "step": 2,
      "type": "git_commit"
    },
    {
      "ok": true,
      "exit_code": 0,
      "stdout": "",
      "stderr": "To https://github.com/fujiaze/Astro-CS-Database.git\n   bb6963b..fb1ad49  main -> main\n",
      "elapsed_sec": 2.683,
      "cmd": [
        "git",
        "push",
        "origin",
        "main"
      ],
      "step": 3,
      "type": "git_push"
    },
    {
      "ok": true,
      "exit_code": 0,
      "stdout": "fb1ad49 P10-002: 建立 T1-T4 设备档案 (DONE)\nbb6963b P10-001: 读取全部 TestData 子目录说明文档\n73a33b7 P09-003: 冻结测光失败帧与浏览器性能基线数据\n",
      "stderr": "",
      "elapsed_sec": 0.043,
      "cmd": [
        "git",
        "log",
        "--oneline",
        "-n",
        "3"
      ],
      "step": 4,
      "type": "git_log"
    }
  ]
}