[2026-07-27 13:22:12][INFO][logger] 日志系统初始化完成 (log_dir=lib/orchestrator/logs, level=INFO)
[2026-07-27 13:22:12][INFO][orchestrator] 初始化编排器 (骨架版本)
[2026-07-27 13:22:12][INFO][orchestrator] 可用线程数: 16
[2026-07-27 13:22:12][INFO][orchestrator] 加载配置: F:\Astro dev\Astro CS Normalization Database\engineering\evidence\P07-002\configs\stage1_config_T2.json
[2026-07-27 13:22:12][INFO][orchestrator] 配置文件大小: 1964 字节
[2026-07-27 13:22:12][INFO][orchestrator] 检查点目录: output\.checkpoint
[2026-07-27 13:22:12][INFO][orchestrator] 日志级别设置为: INFO
[2026-07-27 13:22:12][INFO][orchestrator] 配置线程数: 0 (0=自动检测)
[2026-07-27 13:22:12][INFO][orchestrator] 配置 Gaia 数据目录: GaiaDR3SP
[2026-07-27 13:22:12][INFO][orchestrator] 配置加载完成 (P03-002: log_level/threads/gaia_data_dir 已解析)
[2026-07-27 13:22:12][INFO][orchestrator] ========== stage1: 单帧预处理 (FITS -> .hiss) ==========
[2026-07-27 13:22:12][INFO][orchestrator] 输入 FITS: F:\Astro dev\Astro CS Normalization Database\testdata\NGC247_T2_flying_dutchman\lights\NGC247_T2_flying_dutchman-20250816@033428-600S-Lum.fts
[2026-07-27 13:22:12][INFO][orchestrator] 输出 .hiss: F:\Astro dev\Astro CS Normalization Database\engineering\evidence\P07-002\output\batch_C004.hiss
[2026-07-27 13:22:12][INFO][orchestrator] 配置 JSON: {
  "_comment": "P05-002 stage1 config for T2 (4096x4096) frames - LDN43/NGC1727/NGC247",
  "project_root": ".",
  "gaia_data_dir": "GaiaDR3SP",
  "calibration_dir": "testdata/T2 calibration files",
  "output_root": "engineering/evidence/P05-002/hiss",
  "stages": [
    "read_fits",
    "calibrate",
    "platesolve",
    "psf",
    "photometric",
    "snr",
    "drizzle"
  ],
  "frame": {
    "id": "T2_canonical",
    "light_path": "",
    "filter": "",
    "qe_curve": "GSENSE2020BSI"
  },
  "calibration": {
    "_comment": "P03-001: master_*_path 为空时从 calibration_dir + 帧尺寸/曝光/滤镜 自动推导",
    "master_bias_path": "",
    "master_dark_path": "",
    "master_flat_path": "",
    "require_size_match": true,
    "require_exposure_match": true,
    "exposure_tolerance_s": 0.5,
    "require_temperature_match": false,
    "temperature_tolerance_c": 1.0,
    "allow_no_calibration": false,
    "dark_optimization": 0,
    "dark_scale_factor": 1.0
  },
  "platesolve": {
    "_comment": "P03-002: initial_ra/dec 为空时从 FITS header OBJCTRA/DEC 读取",
    "initial_ra": "",
    "initial_dec": "",
    "focal_length": 0.0,
    "pixel_size": 0.0,
    "max_stars": 2000,
    "log_dir": "lib/plate_solve/logs"
  },
  "psf": {
    "_comment": "P03-002: PSF 拟合参数",
    "fit_radius": 8,
    "max_iter": 100,
    "tolerance": 1.0e-6,
    "max_stars": 2000
  },
  "photometric": {
    "_comment": "P03-002: 测光校准参数 (mag_max 内部自适应迭代)",
    "mag_min": 6.0,
    "mag_max": 16.0,
    "fov_radius_deg": 0.0,
    "filters_json": "lib/photometric_calib/data/response_curves/filters.json",
    "qe_curves_json": "lib/photometric_calib/data/response_curves/qe_curves.json"
  },
  "drizzle": {
    "_comment": "P03-002: Drizzle 参数 (pixfrac=1.0 避免缝隙)",
    "nside_strategy": "1x_to_2x_drizzle",
    "nside_override": 0,
    "pixfrac": 1.0,
    "nested": true
  },
  "log_level": "INFO",
  "threads": 0
}

[2026-07-27 13:22:12][INFO][orchestrator] P04-004: 取消/超时标志已重置
[2026-07-27 13:22:12][INFO][orchestrator] 自动推导项目根目录: F:\Astro dev\Astro CS Normalization Database
[2026-07-27 13:22:12][INFO][orchestrator] 初始化 DLL 加载 (lib_base_dir=F:\Astro dev\Astro CS Normalization Database)
[dll_loader] 开始加载所有模块 (lib_base_dir=F:\Astro dev\Astro CS Normalization Database)
[dll_loader] 设置运行时 DLL 搜索路径: C:\msys64\mingw64\bin
[dll_loader] 加载模块 AIO: F:\Astro dev\Astro CS Normalization Database/lib/astro_image_io/astro_image_io.dll
[dll_loader] 模块 AIO 加载成功 (handle=0x7fff5c190000)
[dll_loader] 预加载 astro_image_io.dll (依赖前置) handle=0x7fff5c190000
[dll_loader] 加载模块 CALIBRATE: F:\Astro dev\Astro CS Normalization Database/lib/calibration/astro_calibration.dll
[dll_loader] 模块 CALIBRATE 加载成功 (handle=0x7ff8021b0000)
[dll_loader] 加载模块 PLATESOLVE: F:\Astro dev\Astro CS Normalization Database/lib/plate_solve/cpp/ipv/ipv_solver.dll
[dll_loader] 模块 PLATESOLVE 加载成功 (handle=0x7fff67fc0000)
[dll_loader] 加载模块 PSF: F:\Astro dev\Astro CS Normalization Database/lib/dynamic_psf/dynamic_psf.dll
[dll_loader] 模块 PSF 加载成功 (handle=0x7ff85ada0000)
[dll_loader] 预加载 gaia_client.dll (依赖前置) handle=0x7ff8026e0000
[dll_loader] 加载模块 PHOTOMETRIC: F:\Astro dev\Astro CS Normalization Database/lib/photometric_calib/cpp/photometric_calib.dll
[dll_loader] 模块 PHOTOMETRIC 加载成功 (handle=0x7fff63ef0000)
[dll_loader] 加载模块 SNR: F:\Astro dev\Astro CS Normalization Database/lib/snr_estimator/cpp/snr_estimator.dll
[dll_loader] 模块 SNR 加载成功 (handle=0x7fff5e860000)
[dll_loader] 加载模块 DRIZZLE: F:\Astro dev\Astro CS Normalization Database/lib/healpix_db/healpix_drizzle/healpix_drizzle.dll
[dll_loader] 模块 DRIZZLE 加载成功 (handle=0x7fff5be40000)
[dll_loader] 加载模块 GRADIENT_SPHERE: F:\Astro dev\Astro CS Normalization Database/lib/healpix_db/healpix_stack/healpix_stack.dll
[dll_loader] 模块 GRADIENT_SPHERE 加载成功 (handle=0x7fff5b130000)
[dll_loader] 加载模块 STACK: F:\Astro dev\Astro CS Normalization Database/lib/healpix_db/healpix_stack/healpix_stack.dll
[dll_loader] 模块 STACK 加载成功 (handle=0x7fff5b130000)
[dll_loader] 全部模块加载成功
[2026-07-27 13:22:12][INFO][orchestrator] 全部 9 个模块加载成功
[2026-07-27 13:22:12][INFO][orchestrator]   AIO 版本: unknown
[2026-07-27 13:22:12][INFO][orchestrator]   CALIBRATE 版本: Astro Calibration C++ v1.0.0
[2026-07-27 13:22:12][INFO][orchestrator]   PLATESOLVE 版本: unknown
[2026-07-27 13:22:12][INFO][orchestrator]   PSF 版本: unknown
[2026-07-27 13:22:12][INFO][orchestrator]   PHOTOMETRIC 版本: unknown
[2026-07-27 13:22:12][INFO][orchestrator]   SNR 版本: unknown
[2026-07-27 13:22:12][INFO][orchestrator]   DRIZZLE 版本: unknown
[2026-07-27 13:22:12][INFO][orchestrator]   GRADIENT_SPHERE 版本: unknown
[2026-07-27 13:22:12][INFO][orchestrator]   STACK 版本: unknown
[dll_loader] CALIBRATE 线程数设置为 16
[2026-07-27 13:22:12][INFO][orchestrator] CALIBRATE 线程数: 16
[2026-07-27 13:22:12][DEBUG][PIPELINE] frame_create: ok
[2026-07-27 13:22:12][INFO][orchestrator] ---------- stage1 阶段: READ_FITS ----------
[2026-07-27 13:22:12][INFO][orchestrator] [READ_FITS] 开始: F:\Astro dev\Astro CS Normalization Database\testdata\NGC247_T2_flying_dutchman\lights\NGC247_T2_flying_dutchman-20250816@033428-600S-Lum.fts
[2026-07-27 13:22:12][INFO][FITS] Reading: F:\Astro dev\Astro CS Normalization Database\testdata\NGC247_T2_flying_dutchman\lights\NGC247_T2_flying_dutchman-20250816@033428-600S-Lum.fts
[2026-07-27 13:22:12][INFO][FITS] Header: BITPIX=16 NAXIS=2 NAXIS1=4096 NAXIS2=4096 NAXIS3=0 BSCALE=1.0 BZERO=32768.0 keywords=119
[2026-07-27 13:22:13][INFO][FITS] Applying BSCALE=1.000000 BZERO=32768.000000
[2026-07-27 13:22:13][INFO][FITS] Read OK: 4096x4096 1ch BITPIX=16
[2026-07-27 13:22:13][INFO][API] aio_read_fits: 0.157 s
[2026-07-27 13:22:13][INFO][orchestrator] [READ_FITS] 图像尺寸: 4096x4096
[2026-07-27 13:22:13][DEBUG][PIPELINE] add_block: 'data' type=0 count=16777216 (67108864 bytes)
[2026-07-27 13:22:13][INFO][orchestrator] [READ_FITS] FITS 关键字数: 119
[2026-07-27 13:22:13][INFO][orchestrator] [READ_FITS] 完成
[2026-07-27 13:22:13][INFO][orchestrator] [0.170674s] READ_FITS 完成
[2026-07-27 13:22:13][INFO][orchestrator] ---------- stage1 阶段: CALIBRATE ----------
[2026-07-27 13:22:13][INFO][orchestrator] [CALIBRATE] 开始
[2026-07-27 13:22:13][INFO][orchestrator] [CALIBRATE] 图像: 4096x4096 (16777216 像素)
[2026-07-27 13:22:13][INFO][orchestrator] [CALIBRATE] 帧元数据: EXPTIME=600.000000s, FILTER='Lum', CCD-TEMP=-20.000000C
[2026-07-27 13:22:13][INFO][orchestrator] [CALIBRATE] calibration_dir: F:\Astro dev\Astro CS Normalization Database\testdata/T2 calibration files
[2026-07-27 13:22:13][INFO][orchestrator] [CALIBRATE] 自动推导 master_bias_path: F:\Astro dev\Astro CS Normalization Database\testdata/T2 calibration files\masterBias_BIN-1_4096x4096.xisf
[2026-07-27 13:22:13][INFO][orchestrator] [CALIBRATE] 自动推导 master_dark_path: F:\Astro dev\Astro CS Normalization Database\testdata/T2 calibration files\masterDark_BIN-1_4096x4096_EXPOSURE-600.00s.xisf
[2026-07-27 13:22:13][INFO][orchestrator] [CALIBRATE] 自动推导 master_flat_path: F:\Astro dev\Astro CS Normalization Database\testdata/T2 calibration files\masterFlat_BIN-1_4096x4096_FILTER-Lum_mono.xisf
[2026-07-27 13:22:13][INFO][XISF] Reading: F:\Astro dev\Astro CS Normalization Database\testdata/T2 calibration files\masterBias_BIN-1_4096x4096.xisf
[2026-07-27 13:22:13][INFO][XISF] XML header length: 20661 bytes
[2026-07-27 13:22:13][INFO][XISF] Image: 4096x4096x1 fmt=Float32 byteOrder= offset=24576 size=67108864
[2026-07-27 13:22:13][INFO][XISF] Byte order: file= system=little swap=0
[2026-07-27 13:22:13][INFO][XISF] Read OK: 4096x4096 1ch fmt=Float32 keywords=197
[2026-07-27 13:22:13][INFO][API] aio_read_xisf: 0.047 s
[2026-07-27 13:22:13][INFO][orchestrator] [CALIBRATE] 加载 Master: F:\Astro dev\Astro CS Normalization Database\testdata/T2 calibration files\masterBias_BIN-1_4096x4096.xisf (4096x4096)
[2026-07-27 13:22:13][INFO][XISF] Reading: F:\Astro dev\Astro CS Normalization Database\testdata/T2 calibration files\masterDark_BIN-1_4096x4096_EXPOSURE-600.00s.xisf
[2026-07-27 13:22:13][INFO][XISF] XML header length: 19941 bytes
[2026-07-27 13:22:13][INFO][XISF] Image: 4096x4096x1 fmt=Float32 byteOrder= offset=20480 size=67108864
[2026-07-27 13:22:13][INFO][XISF] Byte order: file= system=little swap=0
[2026-07-27 13:22:13][INFO][XISF] Read OK: 4096x4096 1ch fmt=Float32 keywords=192
[2026-07-27 13:22:13][INFO][API] aio_read_xisf: 0.044 s
[2026-07-27 13:22:13][INFO][orchestrator] [CALIBRATE] 加载 Master: F:\Astro dev\Astro CS Normalization Database\testdata/T2 calibration files\masterDark_BIN-1_4096x4096_EXPOSURE-600.00s.xisf (4096x4096)
[2026-07-27 13:22:13][WARN][orchestrator] [CALIBRATE] Master 文件不存在: F:\Astro dev\Astro CS Normalization Database\testdata/T2 calibration files\masterFlat_BIN-1_4096x4096_FILTER-Lum_mono.xisf
[2026-07-27 13:22:13][INFO][orchestrator] [CALIBRATE] master_dark 曝光时间匹配: dark=600.000000s vs frame=600.000000s (diff=0.000000s)
[2026-07-27 13:22:13][INFO][orchestrator] [CALIBRATE] 调用 ac_calibrate_frame: dark_opt=0, k_init=1.000000, has_bias=true, has_dark=true, has_flat=false
[2026-07-27 13:22:13][INFO][orchestrator] [CALIBRATE] 校准统计: light_mean=2441.258359 -> out_mean=2441.242934, bias_mean=0.015291, dark_mean=0.015433, flat_mean=0.000000, actual_k=1.000000
[2026-07-27 13:22:13][DEBUG][PIPELINE] remove_block: 'data' removed (n_blocks=1)
[2026-07-27 13:22:13][DEBUG][PIPELINE] add_block_move: 'data' type=0 count=16777216 (moved ptr=0000026a5a066040)
[2026-07-27 13:22:13][INFO][orchestrator] [CALIBRATE] cal_stats 已写入 (CALIBRATION_STATUS=APPLIED)
[2026-07-27 13:22:13][INFO][orchestrator] [CALIBRATE] 完成 (实际应用 Bias/Dark/Flat)
[2026-07-27 13:22:13][INFO][orchestrator] [0.409254s] CALIBRATE 完成
[2026-07-27 13:22:13][INFO][orchestrator] ---------- stage1 阶段: PLATESOLVE ----------
[2026-07-27 13:22:13][INFO][orchestrator] [PLATESOLVE] 开始
[2026-07-27 13:22:13][INFO][orchestrator] [PLATESOLVE] 初始化环境 (gaia_client + star_detector + ipv_solver)
[2026-07-27 13:22:13][INFO][orchestrator] [PLATESOLVE] gaia_client.dll 加载成功
[2026-07-27 13:22:13][INFO][orchestrator] [PLATESOLVE] star_detector.dll 加载成功
[2026-07-27 13:22:13][INFO][orchestrator] [PLATESOLVE] Gaia 数据目录: F:\Astro dev\Astro CS Normalization Database\GaiaDR3SP (来自 config)
[2026-07-27 13:22:13][INFO][orchestrator] [PLATESOLVE] GaiaClient 创建成功 (data_dir=F:\Astro dev\Astro CS Normalization Database\GaiaDR3SP)
[2026-07-27 13:22:13][INFO][SDET] StarDetector created (fitRadius=0, fwhmClipSigma=3.0, maxAxisRatio=2.0)
[2026-07-27 13:22:13][INFO][orchestrator] [PLATESOLVE] StarDetector 创建成功 (fitRadius=0 自动, maxStars=2000)
[2026-07-27 13:22:13][INFO][orchestrator] [PLATESOLVE] IPVSolver 创建成功, 已注入 Gaia + StarDetector 句柄
[2026-07-27 13:22:13][INFO][orchestrator] [PLATESOLVE] 环境初始化完成
[2026-07-27 13:22:13][INFO][orchestrator] [PLATESOLVE] 图像: 4096x4096
[2026-07-27 13:22:13][INFO][orchestrator] [PLATESOLVE] 初始指向: OBJCTRA='00 47 09.00' -> ra0=11.787500deg, OBJCTDEC='-20 44 36.0' -> dec0=-20.743333deg
[2026-07-27 13:22:13][INFO][orchestrator] [PLATESOLVE] 焦距=1917.400000mm, 像素尺寸=9.000000um
[2026-07-27 13:22:13][INFO][orchestrator] [PLATESOLVE] 调用 ipv_solve_from_memory_with_callback (路径B callback 导出) ...
[2026-07-27 13:22:13][INFO] ==== IPVSolver::solve_from_memory_with_callback 开始 (P02-002 路径 B) ====
[2026-07-27 13:22:13][INFO]   pixels=4096x4096 (内存数据)
[2026-07-27 13:22:13][INFO]   ra0=11.787500 deg, dec0=-20.743333 deg
[2026-07-27 13:22:13][INFO]   focal_length=1917.400 mm, pixel_size=9.000 um
[2026-07-27 13:22:13][INFO]   callback=ENABLED
[2026-07-27 13:22:13][INFO] === ipv_select_from_memory_with_callback 启动 (路径 B) ===
[2026-07-27 13:22:13][INFO] ipv_select: 依赖 DLL 全部加载成功
[2026-07-27 13:22:13][INFO] Step 1: 使用内存像素数据 4096×4096
[2026-07-27 13:22:13][INFO] Step 2: 星点检测 (sdet_detect_ex)
[2026-07-27 13:22:13][INFO][SDET] sdet_detect_ex start: 4096x4096
[2026-07-27 13:22:13][DEBUG][SDET] [1] uint16→float: 17.1 ms
[2026-07-27 13:22:13][DEBUG][SDET] [2] Gaussian YvV smooth (sigma=2.0): 137.1 ms
[2026-07-27 13:22:13][INFO][SDET] peaker: median=2408.0000 bgnoise=33.8474 threshold=2577.2371 (median+5*bgnoise)
[2026-07-27 13:22:13][DEBUG][SDET] [3] Threshold: 271.7 ms
[2026-07-27 13:22:13][INFO][SDET] peaker: bg=2408.0 maxi=65534.0 norm=65535.0 dynrange=63126.0 minsatlevel=44188.2 satrange=6312.6 s_factor=3.7169 locthreshold=169.2370
[2026-07-27 13:22:13][DEBUG][SDET] [4] peaker: 29.0 ms (1021 candidates, full peaker 7-step)
[2026-07-27 13:22:13][INFO][SDET] Candidates: 1021
[2026-07-27 13:22:13][INFO][SDET] Peaker stages: pass_threshold=563545 pass_localmax=3139 pass_count3=2107 pass_boundary=2107 | cond_meanhigh=85 cond_platform=1959 sat_both=62 nonsat=2045
[2026-07-27 13:22:13][INFO][SDET] Auto fitRadius: med_pixels=106 fwhm_est=5.05 auto_radius=15 actual=15
[2026-07-27 13:22:13][INFO][SDET] Task6 candidates sorted by mag_est (desc): maxstars=2000 candidates=1021
[2026-07-27 13:22:14][DEBUG][SDET] [6] Moffat4 fit: 122.9 ms (994/1021 OK)
[2026-07-27 13:22:14][INFO][SDET] Moffat4 fit: 994/1021 OK
[2026-07-27 13:22:14][INFO][SDET] === Fit statistics by pixel count ===
[2026-07-27 13:22:14][INFO][SDET]   px[5-9]: total=8 ok=8(100.0%) invalid=0 noconv=0 iterlimit=0
[2026-07-27 13:22:14][INFO][SDET]   px[10-19]: total=41 ok=41(100.0%) invalid=0 noconv=0 iterlimit=0
[2026-07-27 13:22:14][INFO][SDET]   px[20-49]: total=188 ok=187(99.5%) invalid=0 noconv=1 iterlimit=0
[2026-07-27 13:22:14][INFO][SDET]   px[50-99]: total=223 ok=220(98.7%) invalid=0 noconv=3 iterlimit=0
[2026-07-27 13:22:14][INFO][SDET]   px[100-299]: total=531 ok=509(95.9%) invalid=0 noconv=22 iterlimit=0
[2026-07-27 13:22:14][DEBUG][SDET] [7] FWHM stats: 2.8 ms (med=4.4309 mad=0.2109)
[2026-07-27 13:22:14][INFO][SDET] FWHM stats: med=4.4309 mad=0.2109 (from 994 fitted stars)
[2026-07-27 13:22:14][DEBUG][SDET] [8] Build normal stars: 4.0 ms (927 stars, fit_fail=27 fwhm=0 round=2 reject=65)
[2026-07-27 13:22:14][INFO][SDET] Normal stars: 927 (fit_fail=27 fwhm=0 roundness=2 reject=65)
[2026-07-27 13:22:14][DEBUG][SDET] [9] Saturated star detection skipped (V4.52: use A>dynrange from peaker): 0.8 ms
[2026-07-27 13:22:14][DEBUG][SDET] [10a] Dedup: 1.1 ms
[2026-07-27 13:22:14][DEBUG][SDET] [10b] Sort: 0.3 ms
[2026-07-27 13:22:14][INFO][SDET] After dedup+sort: 927 stars (saturated=74 normal=853)
[2026-07-27 13:22:14][INFO][SDET] sdet_detect_ex done: 927 stars (sat=74 normal=853), 0.587 s
[2026-07-27 13:22:14][INFO]   检测到星点: 927 颗 (饱和 74, 正常 853)
[2026-07-27 13:22:14][INFO] Step 2.5: 调用 callback 导出 detections (路径 B)
[2026-07-27 13:22:14][INFO]   callback 完成, 源缓冲区已由 callback 复制
[2026-07-27 13:22:14][INFO] Step 3: 图像侧选星
[2026-07-27 13:22:14][INFO] 选星: 按 mag(box积分) 升序取前 60 颗 (含饱和 60 颗)
[2026-07-27 13:22:14][INFO]   U 向量组: 60×2 (s0=0.9682"/px)
[2026-07-27 13:22:14][INFO] Step 4: FOV/密度计算
[2026-07-27 13:22:14][INFO] FOV计算: s0=0.9682"/px, FOV_diag=1.5579°, query_r=0.8568°, img_area=1.21346°², query_area=2.30638°², rho_img=49.45, rho_target=74.17, n_target=60
[2026-07-27 13:22:14][INFO] Step 5: V4.9 密度公式估算极限星等 (替代迭代)
[2026-07-27 13:22:14][INFO] 密度估算极限星等: G=11.051 (n_required=60, area=2.3064°², rho_target=26.01/°²)
[2026-07-27 13:22:14][INFO] Step 6: 用 m_lim=11.051 查询 Gaia 星表
[2026-07-27 13:22:14][WARN] V4.9 补救查询 1: Gaia 返回 32 < n_target=60, 放宽到 m=12.051
[2026-07-27 13:22:14][INFO] Step 7: Gnomonic 投影 + FOV 过滤
[2026-07-27 13:22:14][INFO]   W 向量组: 40×2 (FOV 内 40, 取最亮 40, gaia_ra/dec 已保存)
[2026-07-27 13:22:14][INFO] === ipv_select_from_memory_with_callback 完成 (路径 B) ===
[2026-07-27 13:22:14][INFO] === triangle_match 开始: N_U=60, N_W=40, n_A0=60, n_B0=60, tol=0.0020, s0=0.9682 ===
[2026-07-27 13:22:14][INFO] triangle_match: stage=0 nA=60 nB=60 超过实际星数, 停止扩充
[2026-07-27 13:22:14][INFO] triangle_match_single: n_A=60, n_B=40, tol=0.0020, s0=0.9682, scale=[0.8607,1.2911]
[2026-07-27 13:22:14][DEBUG] stars_to_triangles: N=60, expected=34220, valid=34220, skipped_degenerate=0 (并行, 16 线程)
[2026-07-27 13:22:14][DEBUG] stars_to_triangles: prune_triangle_array ba>0.9 剪枝: before=34220, after=25420, pruned=8800
[2026-07-27 13:22:14][DEBUG] stars_to_triangles: N=40, expected=9880, valid=9880, skipped_degenerate=0 (并行, 16 线程)
[2026-07-27 13:22:14][DEBUG] stars_to_triangles: prune_triangle_array ba>0.9 剪枝: before=9880, after=7358, pruned=2522
[2026-07-27 13:22:14][INFO] make_vote_matrix: n_A=25420, n_B=7358, matched_triangles=14022, vote_matrix=60x40, scale_rejected=15641 (range=[0.8607,1.2911]) [并行 16 线程]
[2026-07-27 13:22:14][INFO] top_vote_getters: 矩阵=60x40, 候选对数(vote>=2)=2322, top_n=60
[2026-07-27 13:22:14][INFO] top_vote_getters: V4.25 去重后 top_pairs=40, 去重剔除=2282
[2026-07-27 13:22:14][INFO]   [调试] top[0]: u=36 w=38, votes=551
[2026-07-27 13:22:14][INFO]   [调试] top[1]: u=3 w=3, votes=501
[2026-07-27 13:22:14][INFO]   [调试] top[2]: u=9 w=9, votes=493
[2026-07-27 13:22:14][INFO]   [调试] top[3]: u=2 w=2, votes=485
[2026-07-27 13:22:14][INFO]   [调试] top[4]: u=33 w=35, votes=480
[2026-07-27 13:22:14][INFO]   [调试] top[5]: u=29 w=27, votes=479
[2026-07-27 13:22:14][INFO]   [调试] top[6]: u=13 w=10, votes=472
[2026-07-27 13:22:14][INFO]   [调试] top[7]: u=11 w=11, votes=468
[2026-07-27 13:22:14][INFO]   [调试] top[8]: u=6 w=6, votes=466
[2026-07-27 13:22:14][INFO]   [调试] top[9]: u=32 w=33, votes=464
[2026-07-27 13:22:14][INFO] triangle_match_single 完成: tri_A=25420, tri_B=7358, vote_matrix=60x40, max_vote=551, 候选对数(vote>=2)=2322, top_pairs=40
[2026-07-27 13:22:14][INFO] === triangle_match 结束: tri_A=25420, tri_B=7358, top_pairs=40, max_vote=551, success=1 ===
[2026-07-27 13:22:14][INFO] [P02-002] n_target=60, max_vote=551, threshold=2
[2026-07-27 13:22:14][INFO]   [阶段] triangle_match (n=60): 38.65 ms, max_vote=551, top_pairs=40, success=1
[2026-07-27 13:22:14][INFO]   [阶段] triangle_match: 39.31 ms, n_target_used=60
[2026-07-27 13:22:14][INFO]   N_U=60, N_W=40, s0=0.9682 arcsec/px, img=4096x4096, fov_diag=1.5579 deg
[2026-07-27 13:22:14][INFO] iter_trans_solve: U=60, W=40, initial_pairs=40, tol=5.00, order=3
[2026-07-27 13:22:14][DEBUG] calc_trans_general: order=3, n_pairs=20, 拟合成功
[2026-07-27 13:22:14][INFO] iter_trans_inner: 初始拟合完成, 初始工作集=20, order=3
[2026-07-27 13:22:14][INFO]   [调试] 初始 TRANS: x00=7.7269 y00=5.8880, x10=0.013682 x01=-0.966862 y10=-0.967169 y01=-0.014307
[2026-07-27 13:22:14][INFO]   [调试] 初始对[0]: u=36 w=38, U=(179.52,192.52), W=(-175.99,-170.60), pred=(-175.95,-170.49), dist=0.1199" (dx=0.05 dy=0.11)
[2026-07-27 13:22:14][INFO]   [调试] 初始对[1]: u=3 w=3, U=(476.45,-9.54), W=(23.44,-454.66), pred=(23.49,-454.69), dist=0.0527" (dx=0.04 dy=-0.03)
[2026-07-27 13:22:14][INFO]   [调试] 初始对[2]: u=9 w=9, U=(-497.82,-231.23), W=(223.94,490.57), pred=(224.39,490.45), dist=0.4634" (dx=0.45 dy=-0.12)
[2026-07-27 13:22:14][INFO]   [调试] 初始对[3]: u=2 w=2, U=(-301.05,851.63), W=(-818.34,284.77), pred=(-819.15,284.62), dist=0.8256" (dx=-0.81 dy=-0.15)
[2026-07-27 13:22:14][INFO]   [调试] 初始对[4]: u=33 w=35, U=(1242.63,1656.59), W=(-1570.95,-1214.53), pred=(-1570.89,-1214.58), dist=0.0806" (dx=0.06 dy=-0.06)
[2026-07-27 13:22:14][INFO]   [调试] 初始对[5]: u=29 w=27, U=(101.88,-598.35), W=(587.73,-84.18), pred=(587.46,-84.07), dist=0.2945" (dx=-0.27 dy=0.12)
[2026-07-27 13:22:14][INFO] iter_trans_inner: V4.23 工作集扩展 20->40 (nr=nbright)
[2026-07-27 13:22:14][DEBUG] iter 0: 绝对剔除 nr=40→38, nb=2
[2026-07-27 13:22:14][DEBUG] iter 0: sigma(35%)=0.033888 角秒²
[2026-07-27 13:22:14][DEBUG] iter 0: 相对剔除 nr=29, nb=11, rel_thresh=0.338877
[2026-07-27 13:22:14][DEBUG] calc_trans_general: order=3, n_pairs=29, 拟合成功
[2026-07-27 13:22:14][INFO] iter_trans_inner: 完成, nr=29, sig=0.0476, rms=0.1975, iters=1, success=1
[2026-07-27 13:22:14][INFO] iter_trans_solve: 第一轮 iter_trans 成功, inliers=29, rms=0.1975
[2026-07-27 13:22:14][INFO] at_match_lists: U=60, W=40, tol=5.00", U→W单向=38, W→U单向=38, 双向=38, 去重后=38
[2026-07-27 13:22:14][DEBUG] calc_trans_general: order=3, n_pairs=38, 拟合成功
[2026-07-27 13:22:14][INFO] at_recalc_trans: 二轮 sigma-clip (thresh=0.957", 剔除=1, 保留=37)
[2026-07-27 13:22:14][DEBUG] calc_trans_general: order=3, n_pairs=37, 拟合成功
[2026-07-27 13:22:14][INFO] at_recalc_trans: 二轮完成, n=37, sig=0.0859, sx=0.2802, sy=0.1291, rms=0.3085
[2026-07-27 13:22:14][INFO] at_recalc_trans: n=37, order=3, sig=0.0859, sx=0.2802, sy=0.1291, rms=0.3085
[2026-07-27 13:22:14][INFO] iter_trans_solve: 第一轮 refit 成功, inliers=37, rms=0.3085
[2026-07-27 13:22:14][INFO] at_match_lists: U=60, W=40, tol=5.00", U→W单向=38, W→U单向=38, 双向=38, 去重后=38
[2026-07-27 13:22:14][DEBUG] calc_trans_general: order=3, n_pairs=38, 拟合成功
[2026-07-27 13:22:14][INFO] at_recalc_trans: 二轮 sigma-clip (thresh=0.957", 剔除=1, 保留=37)
[2026-07-27 13:22:14][DEBUG] calc_trans_general: order=3, n_pairs=37, 拟合成功
[2026-07-27 13:22:14][INFO] at_recalc_trans: 二轮完成, n=37, sig=0.0859, sx=0.2802, sy=0.1291, rms=0.3085
[2026-07-27 13:22:14][INFO] at_recalc_trans: n=37, order=3, sig=0.0859, sx=0.2802, sy=0.1291, rms=0.3085
[2026-07-27 13:22:14][INFO] iter_trans_solve: 第二轮 refit 成功, inliers=37, rms=0.3085
[2026-07-27 13:22:14][INFO]   [阶段] iter_trans_solve: 10.99 ms, n_inliers=37, rms=0.3085, iters=3, success=1
[2026-07-27 13:22:14][INFO]   [诊断] iterative_reproject 入口: U.size=60, gaia_ra.size=40, gaia_dec.size=40, initial_inliers.size=37, s0=0.9682, img=4096x4096
[2026-07-27 13:22:14][INFO] iterative_reproject: 开始 (N_W=40, n_inliers=37, s0=0.9682"/px, max_iter=5, conv_thresh=0.0100")
[2026-07-27 13:22:14][INFO]   iter 0: ra_cur=11.787500 dec_cur=-20.743333, xi_center=7.5887" eta_center=5.8734", conv=9.5961" (thresh=0.0100")
[2026-07-27 13:22:14][INFO]   iter 0: 新中心 ra=11.789754 dec=-20.741702 (Δra=0.002254° Δdec=0.001632°)
[2026-07-27 13:22:14][DEBUG] calc_trans_general: order=3, n_pairs=37, 拟合成功
[2026-07-27 13:22:14][INFO] at_recalc_trans: n=37, order=3, sig=0.0859, sx=0.2802, sy=0.1291, rms=0.3085
[2026-07-27 13:22:14][INFO]   iter 0: at_recalc_trans 成功, n=37, sig=0.0859, rms=0.3085, x00=-0.0000 y00=-0.0000 (asec)
[2026-07-27 13:22:14][INFO]   iter 1: 收敛 (TRANS 常数项 = 0.0000" < 0.0100")
[2026-07-27 13:22:14][INFO] iterative_reproject: 完成 (收敛), ra=11.787500→11.789754 dec=-20.743333→-20.741702, n_matched=37 (固定), iters=1, conv=0.0000"
[2026-07-27 13:22:14][INFO]   [阶段] iterative_reproject: 3.55 ms, success=1, ra=11.787500→11.789754, dec=-20.743333→-20.741702, n_matched=37, iters=1, conv=0.0000"
[2026-07-27 13:22:14][INFO] at_match_lists: U=60, W=40, tol=5.00", U→W单向=38, W→U单向=38, 双向=38, 去重后=38
[2026-07-27 13:22:14][INFO]   [阶段] hi_order_rematch iter 0: n_matched=38 (min=10, order=3)
[2026-07-27 13:22:14][DEBUG] calc_trans_general: order=3, n_pairs=38, 拟合成功
[2026-07-27 13:22:14][INFO] at_recalc_trans: 二轮 sigma-clip (thresh=0.957", 剔除=1, 保留=37)
[2026-07-27 13:22:14][DEBUG] calc_trans_general: order=3, n_pairs=37, 拟合成功
[2026-07-27 13:22:14][INFO] at_recalc_trans: 二轮完成, n=37, sig=0.0859, sx=0.2802, sy=0.1291, rms=0.3085
[2026-07-27 13:22:14][INFO] at_recalc_trans: n=37, order=3, sig=0.0859, sx=0.2802, sy=0.1291, rms=0.3085
[2026-07-27 13:22:14][INFO] at_match_lists: U=60, W=40, tol=5.00", U→W单向=38, W→U单向=38, 双向=38, 去重后=38
[2026-07-27 13:22:14][DEBUG] calc_trans_general: order=3, n_pairs=38, 拟合成功
[2026-07-27 13:22:14][INFO] at_recalc_trans: 二轮 sigma-clip (thresh=0.957", 剔除=1, 保留=37)
[2026-07-27 13:22:14][DEBUG] calc_trans_general: order=3, n_pairs=37, 拟合成功
[2026-07-27 13:22:14][INFO] at_recalc_trans: 二轮完成, n=37, sig=0.0859, sx=0.2802, sy=0.1291, rms=0.3085
[2026-07-27 13:22:14][INFO] at_recalc_trans: n=37, order=3, sig=0.0859, sx=0.2802, sy=0.1291, rms=0.3085
[2026-07-27 13:22:14][INFO]   [阶段] hi_order_rematch iter 1: 收敛 (dn=0, drms=0.0000)
[2026-07-27 13:22:14][INFO]   [阶段] hi_order_rematch: 4.28 ms, n_matched=38, trans.order=3
[2026-07-27 13:22:14][INFO] ==== robust_refine_wcs 开始 (V4.30) ====
  U_full=927, mag_full=927, gaia=40
  ra0=11.789754, dec0=-20.741702, s0=0.9682"/px, fov=1.5579°, img=4096x4096
  initial_rms=0.0859", trans.order=3
[2026-07-27 13:22:14][INFO]   [robust_refine] 网格采样: FOV=1.558°, G_short=3, N_long=3, n_cells=9, quota=20, narrow_all=0, N_full=927
[2026-07-27 13:22:14][INFO]   [robust_refine] 网格采样完成: 选中 180 颗 (上限 300, 下限 100)
[2026-07-27 13:22:14][INFO]   [robust_refine] NN 匹配: U=180, W=40, tol=1.000", Lowe通过=37, 双向=37
[2026-07-27 13:22:14][INFO]   [robust_refine] baseline: initial_rms=0.0859" (60星), U_pool RMS=0.3085" (180 星, matched=37)
[2026-07-27 13:22:14][INFO]   [robust_refine] NN 匹配: U=180, W=40, tol=1.000", Lowe通过=37, 双向=37
[2026-07-27 13:22:14][INFO]   [robust_refine] 空间一致性: 1/37 可疑 (K=8, σ=0.584")
[2026-07-27 13:22:14][INFO]   [robust_refine] iter 0: tol=1.000", matched=37, rms=0.3085"→0.3302", cd_Δ=1.3425%, damp=0.00e+00
[2026-07-27 13:22:14][INFO]   [robust_refine] NN 匹配: U=180, W=40, tol=0.500", Lowe通过=33, 双向=33
[2026-07-27 13:22:14][INFO]   [robust_refine] iter 1: tol=0.500", matched=33, rms=0.3302"→0.1865", cd_Δ=0.9861%, damp=5.16e-03
[2026-07-27 13:22:14][INFO]   [robust_refine] NN 匹配: U=180, W=40, tol=0.500", Lowe通过=34, 双向=34
[2026-07-27 13:22:14][INFO]   [robust_refine] 空间一致性: 1/34 可疑 (K=8, σ=0.061")
[2026-07-27 13:22:14][INFO]   [robust_refine] iter 2: tol=0.500", matched=34, rms=0.1865"→0.1927", cd_Δ=0.4079%, damp=0.00e+00
[2026-07-27 13:22:14][INFO]   [robust_refine] NN 匹配: U=180, W=40, tol=0.300", Lowe通过=29, 双向=29
[2026-07-27 13:22:14][WARN]   [robust_refine] iter 3: matched=29 < 30, 回退
[2026-07-27 13:22:14][INFO] ==== robust_refine_wcs 成功 ====
  iter=3, matched=34, rms=0.1927" (0.1990 px), cd_Δ=1.3425%, pool=180
[2026-07-27 13:22:14][INFO]   [阶段] robust_refine: 成功, n_matched=34, rms=0.1927", iter=3, pool=180, cd_Δ=1.3425%
[2026-07-27 13:22:14][INFO]   [阶段] robust_refine: 6.45 ms
[2026-07-27 13:22:14][INFO]   [诊断] extract_wcs_sip 入口: trans.order=3, trans.valid=1, ra0=11.789754, dec0=-20.741702, img=4096x4096, s0=0.9682, U.size=927, W.size=40, matched.size=34
[2026-07-27 13:22:14][INFO]   [V4.22] 清零 trans.x00/y00 (saved: x00=0.0109, y00=-0.0136)
[2026-07-27 13:22:14][INFO] extract_wcs_sip: SIP A/B 解析公式成功, order=3
[2026-07-27 13:22:14][INFO] extract_wcs_sip: SIP AP/BP 网格反变换成功, ap_order=3, n_inv_coef=10, n_grid=49
[2026-07-27 13:22:14][INFO] extract_wcs_sip: CD=[3.891068e-06 2.686924e-04; -2.686371e-04 3.999685e-06], CRVAL=(11.789754, -20.741702), CRPIX=(2048.5, 2048.5), ctype=[RA---TAN-SIP, DEC--TAN-SIP], n_pairs=34, rms_px=0.1990, rms_arcsec=0.1927, trans_order=3, sip_order=3, ap_order=3
[2026-07-27 13:22:14][INFO]   [阶段] extract_wcs_sip: 2.44 ms, success=1, n_pairs=34, rms_px=0.199, rms_arcsec=0.193, trans_order=3, sip_order=3
[2026-07-27 13:22:14][INFO]   最终: n_pairs=34, rms_px=0.199, rms_arcsec=0.193, trans_order=3, sip_order=3, success=1
[2026-07-27 13:22:14][INFO] ==== IPVSolver::solve_from_memory_with_callback 完成 (P02-002 路径 B) ====
[2026-07-27 13:22:14][INFO][orchestrator] [PLATESOLVE] callback 导出: n_detected=927, copied=true, wcs_result.n_detected=0
[2026-07-27 13:22:14][INFO][orchestrator] [PLATESOLVE] 求解成功: rms=0.192681arcsec, n_pairs=34, n_detected=0, n_catalog=0, trans_order=3
[2026-07-27 13:22:14][INFO][orchestrator] [PLATESOLVE] WCS 已写入: CTYPE1=RA---TAN-SIP, CRVAL=(11.789754, -20.741702), CRPIX=(2048.500000, 2048.500000)
[2026-07-27 13:22:14][INFO][orchestrator] [PLATESOLVE] SIP 已写入: order=3, ap_order=3
[2026-07-27 13:22:14][DEBUG][PIPELINE] add_block: 'star_det' type=0 count=3708 (14832 bytes)
[2026-07-27 13:22:14][INFO][orchestrator] [PLATESOLVE] star_det 块已写入 (路径B): 927 颗星
[2026-07-27 13:22:14][INFO][orchestrator] [PLATESOLVE] 完成
[2026-07-27 13:22:14][INFO][orchestrator] [0.731863s] PLATESOLVE 完成
[2026-07-27 13:22:14][INFO][orchestrator] ---------- stage1 阶段: PSF ----------
[2026-07-27 13:22:14][INFO][orchestrator] [PSF] 开始
[2026-07-27 13:22:14][INFO][orchestrator] [PSF] 图像: 4096x4096
[2026-07-27 13:22:14][INFO][orchestrator] [PSF] star_det: 927 颗星
[2026-07-27 13:22:14][INFO][orchestrator] [PSF] 调用 dpsf_fit_batch (fitRadius=8, maxIter=100, tol=1.0e-06) ...
[2026-07-27 13:22:14][WARN][DPSF] Invalid fit params: finite=1 A=0.00 sx=3.7433 sy=3.7411
[2026-07-27 13:22:14][WARN][DPSF] FWHM exceeds rect: fwhm_x=84365.69 fwhm_y=10312.17 rect=17x17
[2026-07-27 13:22:14][WARN][DPSF] Background constraint violated: B=-6276.5403 bkg0=4414.5000 ratio=2.4218
[2026-07-27 13:22:14][WARN][DPSF] Background constraint violated: B=-7736.3096 bkg0=4638.0000 ratio=2.6680
[2026-07-27 13:22:14][WARN][DPSF] Background constraint violated: B=-8065.4335 bkg0=4872.5000 ratio=2.6553
[2026-07-27 13:22:14][WARN][DPSF] Background constraint violated: B=29661.5716 bkg0=18446.0000 ratio=0.6080
[2026-07-27 13:22:14][WARN][DPSF] Background constraint violated: B=-5411.4708 bkg0=4312.0000 ratio=2.2550
[2026-07-27 13:22:14][WARN][DPSF] Background constraint violated: B=-14376.7766 bkg0=6097.0000 ratio=3.3580
[2026-07-27 13:22:14][WARN][DPSF] Background constraint violated: B=-5717.4113 bkg0=4346.0000 ratio=2.3156
[2026-07-27 13:22:14][WARN][DPSF] FWHM exceeds rect: fwhm_x=18.99 fwhm_y=19.78 rect=17x17
[2026-07-27 13:22:14][WARN][DPSF] Background constraint violated: B=-6083.1514 bkg0=4696.0000 ratio=2.2954
[2026-07-27 13:22:14][WARN][DPSF] Background constraint violated: B=-6784.8838 bkg0=4658.0000 ratio=2.4566
[2026-07-27 13:22:14][WARN][DPSF] Background constraint violated: B=-4695.2861 bkg0=4365.0000 ratio=2.0757
[2026-07-27 13:22:14][WARN][DPSF] Background constraint violated: B=-40058.1685 bkg0=9637.0000 ratio=5.1567
[2026-07-27 13:22:14][WARN][DPSF] Background constraint violated: B=-1650.7817 bkg0=3548.0000 ratio=1.4653
[2026-07-27 13:22:14][WARN][DPSF] Background constraint violated: B=9020.5455 bkg0=3890.5000 ratio=1.3186
[2026-07-27 13:22:14][WARN][DPSF] Background constraint violated: B=-29610.3983 bkg0=8553.0000 ratio=4.4620
[2026-07-27 13:22:14][WARN][DPSF] Background constraint violated: B=-22153.6047 bkg0=7458.0000 ratio=3.9704
[2026-07-27 13:22:14][WARN][DPSF] Background constraint violated: B=-4163.0930 bkg0=4334.0000 ratio=1.9606
[2026-07-27 13:22:14][WARN][DPSF] Background constraint violated: B=7536.4579 bkg0=3751.0000 ratio=1.0092
[2026-07-27 13:22:14][WARN][DPSF] Background constraint violated: B=-10819.2169 bkg0=5656.0000 ratio=2.9129
[2026-07-27 13:22:14][WARN][DPSF] Background constraint violated: B=-1445.1704 bkg0=3452.0000 ratio=1.4186
[2026-07-27 13:22:14][WARN][DPSF] Background constraint violated: B=-2810.4688 bkg0=3692.5000 ratio=1.7611
[2026-07-27 13:22:14][WARN][DPSF] FWHM exceeds rect: fwhm_x=361.24 fwhm_y=852.09 rect=17x17
[2026-07-27 13:22:14][WARN][DPSF] Background constraint violated: B=-2197.2633 bkg0=3811.0000 ratio=1.5766
[2026-07-27 13:22:14][WARN][DPSF] Background constraint violated: B=-2963.8064 bkg0=3788.0000 ratio=1.7824
[2026-07-27 13:22:14][WARN][DPSF] Background constraint violated: B=-1980.5673 bkg0=3697.5000 ratio=1.5357
[2026-07-27 13:22:14][WARN][DPSF] Background constraint violated: B=-1132.9694 bkg0=3397.5000 ratio=1.3335
[2026-07-27 13:22:14][WARN][DPSF] Background constraint violated: B=-1548.2031 bkg0=3521.0000 ratio=1.4397
[2026-07-27 13:22:14][WARN][DPSF] Background constraint violated: B=-1423.7200 bkg0=3288.5000 ratio=1.4329
[2026-07-27 13:22:14][WARN][DPSF] Background constraint violated: B=-736.3858 bkg0=3352.5000 ratio=1.2197
[2026-07-27 13:22:14][WARN][DPSF] Background constraint violated: B=-1214.2990 bkg0=3479.0000 ratio=1.3490
[2026-07-27 13:22:14][WARN][DPSF] Background constraint violated: B=-831.8204 bkg0=3292.0000 ratio=1.2527
[2026-07-27 13:22:14][WARN][DPSF] Background constraint violated: B=-781.9438 bkg0=3263.0000 ratio=1.2396
[2026-07-27 13:22:14][WARN][DPSF] Background constraint violated: B=-302.7696 bkg0=3504.5000 ratio=1.0864
[2026-07-27 13:22:14][WARN][DPSF] Background constraint violated: B=-555.9343 bkg0=3216.0000 ratio=1.1729
[2026-07-27 13:22:14][WARN][DPSF] Background constraint violated: B=-52.8941 bkg0=3373.5000 ratio=1.0157
[2026-07-27 13:22:14][WARN][DPSF] Background constraint violated: B=-12.1449 bkg0=3299.0000 ratio=1.0037
[2026-07-27 13:22:14][WARN][DPSF] Background constraint violated: B=-99.0721 bkg0=3134.5000 ratio=1.0316
[2026-07-27 13:22:14][WARN][DPSF] Background constraint violated: B=-49.1915 bkg0=3236.0000 ratio=1.0152
[2026-07-27 13:22:14][WARN][DPSF] Background constraint violated: B=1145.8029 bkg0=2947.0000 ratio=0.6112
[2026-07-27 13:22:14][WARN][DPSF] Background constraint violated: B=1113.9016 bkg0=2844.0000 ratio=0.6083
[2026-07-27 13:22:14][WARN][DPSF] Background constraint violated: B=98.0130 bkg0=3129.0000 ratio=0.9687
[2026-07-27 13:22:14][WARN][DPSF] Background constraint violated: B=471.2602 bkg0=3195.0000 ratio=0.8525
[2026-07-27 13:22:14][WARN][DPSF] Background constraint violated: B=534.9713 bkg0=3143.5000 ratio=0.8298
[2026-07-27 13:22:14][WARN][DPSF] Background constraint violated: B=713.8118 bkg0=3068.0000 ratio=0.7673
[2026-07-27 13:22:14][WARN][DPSF] Background constraint violated: B=980.8104 bkg0=3116.0000 ratio=0.6852
[2026-07-27 13:22:14][WARN][DPSF] Background constraint violated: B=854.7809 bkg0=2912.0000 ratio=0.7065
[2026-07-27 13:22:14][WARN][DPSF] Background constraint violated: B=964.6235 bkg0=3092.0000 ratio=0.6880
[2026-07-27 13:22:14][WARN][DPSF] Background constraint violated: B=1195.6679 bkg0=3104.0000 ratio=0.6148
[2026-07-27 13:22:14][WARN][DPSF] Background constraint violated: B=1137.7729 bkg0=3006.0000 ratio=0.6215
[2026-07-27 13:22:14][WARN][DPSF] Background constraint violated: B=148.9007 bkg0=3534.5000 ratio=0.9579
[2026-07-27 13:22:14][WARN][DPSF] Background constraint violated: B=1080.9250 bkg0=2975.5000 ratio=0.6367
[2026-07-27 13:22:14][WARN][DPSF] Background constraint violated: B=129.8920 bkg0=3134.5000 ratio=0.9586
[2026-07-27 13:22:14][WARN][DPSF] Background constraint violated: B=1439.1430 bkg0=2982.0000 ratio=0.5174
[2026-07-27 13:22:14][WARN][DPSF] Background constraint violated: B=1361.6565 bkg0=2994.0000 ratio=0.5452
[2026-07-27 13:22:14][WARN][DPSF] Background constraint violated: B=1357.2697 bkg0=2849.0000 ratio=0.5236
[2026-07-27 13:22:14][WARN][DPSF] FWHM exceeds rect: fwhm_x=19.33 fwhm_y=12.58 rect=17x17
[2026-07-27 13:22:14][WARN][DPSF] Background constraint violated: B=1433.3812 bkg0=2926.0000 ratio=0.5101
[2026-07-27 13:22:14][WARN][DPSF] Invalid fit params: finite=1 A=6021.69 sx=1.4660 sy=0.3000
[2026-07-27 13:22:14][INFO][orchestrator] [PSF] 拟合完成: 865/927 成功 (93%)
[2026-07-27 13:22:14][DEBUG][PIPELINE] add_block: 'psf' type=1 count=8343 (66744 bytes)
[2026-07-27 13:22:14][INFO][orchestrator] [PSF] 完成: 927 颗星, 865 成功
[2026-07-27 13:22:14][INFO][orchestrator] [0.129770s] PSF 完成
[2026-07-27 13:22:14][INFO][orchestrator] ---------- stage1 阶段: PHOTOMETRIC ----------
[2026-07-27 13:22:14][INFO][orchestrator] [PHOTOMETRIC] 开始
[2026-07-27 13:22:14][INFO][orchestrator] [PHOTOMETRIC] 图像: 4096x4096
[2026-07-27 13:22:14][INFO][orchestrator] [PHOTOMETRIC] psf: 927 颗星
[2026-07-27 13:22:14][INFO][orchestrator] [PHOTOMETRIC] FILTER='Lum' -> 'Baader UV/IR Cut / L CMOS Optimized'
[2026-07-27 13:22:14][INFO][orchestrator] [PHOTOMETRIC] filters_json: F:\Astro dev\Astro CS Normalization Database\lib/photometric_calib/data/response_curves/filters.json
[2026-07-27 13:22:14][INFO][orchestrator] [PHOTOMETRIC] 滤光片: 7 点
[2026-07-27 13:22:14][INFO][orchestrator] [PHOTOMETRIC] qe_curves_json: F:\Astro dev\Astro CS Normalization Database\lib/photometric_calib/data/response_curves/qe_curves.json
[2026-07-27 13:22:14][INFO][orchestrator] [PHOTOMETRIC] QE 曲线 'GSENSE2020BSI': 447 点
[2026-07-27 13:22:14][INFO][orchestrator] [PHOTOMETRIC] spectrum_wl: 343 点
[2026-07-27 13:22:14][INFO][orchestrator] [PHOTOMETRIC] FOV 半径: 0.933864deg
[2026-07-27 13:22:14][INFO][orchestrator] [PHOTOMETRIC] 调用 pc_calibrate_simple_with_gaia (mag_min=6.0, mag_max=16.0, fov=0.934deg) ...
[pc_api] ====== pc_calibrate_simple_with_gaia 开始 ======
[pc_api] OpenMP线程数: 16
[INFO] 锥形搜索: ra=11.7898 dec=-20.7417 r=0.934 mag_min=6.0 (自适应迭代 mag_max, 不缩小半径)
[INFO] 自适应星等查询: mag_max=12.0
[INFO] 自适应星等查询: mag_max=12.0, n_gaia=80
[INFO] 自适应星等查询: mag_max=13.0
[INFO] 自适应星等查询: mag_max=13.0, n_gaia=136
[INFO] 自适应星等查询: mag_max=14.0
[INFO] 自适应星等查询: mag_max=14.0, n_gaia=265
[INFO] 自适应星等查询: mag_max=15.0
[INFO] 自适应星等查询: mag_max=15.0, n_gaia=458
[INFO] 自适应星等查询: mag_max=16.0
[INFO] 自适应星等查询: mag_max=16.0, n_gaia=763
[INFO] 自适应星等查询完成: mag_max=16.0, n_gaia=763
[pc_api] 搜索到 763 颗光谱星, 光谱点数=343 (wl_start=336, wl_step=2)
[INFO] [spec_int] prepare_filter_cache: 滤光片 7 点 + QE 447 点 -> 光谱 343 点, 范围 F[300.0,800.0] Q[204.0,1096.0] nm
[INFO] 滤光片/QE 预处理完成: filter=7 点, qe=447 点 -> 光谱 343 点
[pc_api] F_syn 并行计算完成: 763/763 颗有效
[wcs_transform] 初始化: CRVAL=(11.789754,-20.741702), CRPIX=(2048.500,2048.500), CD=[3.891e-06,2.687e-04;-2.686e-04,4.000e-06], det=7.220e-08, sip_order=3
[INFO] [star_matcher] 初始化: KD-tree + IRLS/Tukey 清洗 (GAP-013)
[INFO] [star_matcher] PSF有效星: 865 / 927, Gaia星: 763, 匹配半径: 2.00 px
[INFO] [star_matcher] KD-tree 匹配完成: 1 对
[INFO] [star_matcher] cleanAndScale: 输入 1 颗, 星等容忍 3.00 mag
[INFO] [star_matcher] 星等一致性: 通过 1, 拒绝 0 (median_delta=-28.6682, tol=3.00 mag)
[INFO] [star_matcher] IRLS 初始: location=4.084339, MAD=0.000000, S=0.000000
[INFO] [star_matcher] IRLS: S=0 (所有 r 相同), 跳过迭代
[INFO] [star_matcher] 亮度比例一致性:
[INFO]   - 输入匹配: 1
[INFO]   - 星等一致性通过: 1 (拒绝 0)
[INFO]   - IRLS inliers: 1 (outliers: 0)
[INFO]   - location(r) = 4.084339 (dex), scale = 10^(-location) = 8.234950e-05
[INFO]   - MAD(r) = 0.000000, S = 0.000000, sigma_residual = 0.000000
[INFO]   - r_inliers 范围: [4.084339, 4.084339] (spread 0.000000 dex = 0.000 mag)
[INFO] [star_matcher] 清洗完成: 保留 1, 排除 0 (无效/星等不一致/IRLS离群)
[pc_api] 匹配+清洗完成: 1 颗, scale=8.234950e-05, sigma_residual=0.000000
[image_corrector] 图像校正: 4096x4096, scale=8.234950e-05, 并行16线程
[image_corrector] 校正完成
[pc_api] ====== pc_calibrate_simple_with_gaia 完成: n_matched=1, scale=8.234950e-05, sigma_residual=0.000000 ======
[2026-07-27 13:22:14][INFO][orchestrator] [PHOTOMETRIC] 完成: n_matched=1, scale=0.000082, sigma_residual=0.000000
[2026-07-27 13:22:14][DEBUG][PIPELINE] remove_block: 'data' removed (n_blocks=4)
[2026-07-27 13:22:14][DEBUG][PIPELINE] add_block_move: 'data' type=0 count=16777216 (moved ptr=0000026a04c7d040)
[2026-07-27 13:22:14][INFO][orchestrator] [PHOTOMETRIC] photo_stats 已写入
[2026-07-27 13:22:14][INFO][orchestrator] [0.028159s] PHOTOMETRIC 完成
[2026-07-27 13:22:14][INFO][orchestrator] ---------- stage1 阶段: SNR ----------
[2026-07-27 13:22:14][INFO][orchestrator] [SNR] 开始
[2026-07-27 13:22:14][INFO][orchestrator] [SNR] SIP 前向系数加载: A_ORDER=3 B_ORDER=3 (P03-004 WCS+SIP 一致性)
[2026-07-27 13:22:14][INFO][orchestrator] [SNR] n_stars=927 sigma_residual=0.000000 CRVAL=(11.789754,-20.741702) CRPIX=(2048.500000,2048.500000) SIP(a_order=3, b_order=3)
[snr_model] degenerate: sigma_residual=0 <= 0
[2026-07-27 13:22:14][WARN][orchestrator] [SNR] sigma_residual<=0, 降级跳过 snr_model 块
[2026-07-27 13:22:14][INFO][orchestrator] [0.000244s] SNR 完成
[2026-07-27 13:22:14][INFO][orchestrator] ---------- stage1 阶段: DRIZZLE ----------
[2026-07-27 13:22:14][INFO][orchestrator] [DRIZZLE] 开始
[2026-07-27 13:22:14][INFO][orchestrator] [NSIDE] 自适应: pixel_scale=0.967"/px, strategy=1x_to_2x_drizzle, nside=2048
[2026-07-27 13:22:14][INFO][orchestrator] [DRIZZLE] nside=2048 (strategy=1x_to_2x_drizzle, override=0, cd11=0.000004 cd12=0.000269), pixfrac=1.000, nested=1
[2026-07-27 13:22:14][INFO][orchestrator] [DRIZZLE] 输出: F:\Astro dev\Astro CS Normalization Database\engineering\evidence\P07-002\output\batch_C004.hiss
[hp_drizzle_api] hp_drizzle_run: 开始 (nside=2048, nested=1, pixfrac=1.0000, output=F:\Astro dev\Astro CS Normalization Database\engineering\evidence\P07-002\output\batch_C004.hiss)
[hp_drizzle_api] hp_drizzle_run: data 块 4096x4096 float32
[hp_drizzle_api] hp_drizzle_run: WCS CRVAL=(11.789754,-20.741702) CRPIX=(2048.500,2048.500) CD=[3.891e-06,2.687e-04,-2.686e-04,4.000e-06]
[hp_drizzle_api] hp_drizzle_run: SIP A_ORDER=3 B_ORDER=3 AP_ORDER=3 BP_ORDER=3
[hp_drizzle_api] hp_drizzle_run: 无 snr_model 块, 使用 nullptr (snr=1.0)
[wcs_sip] WCS 初始化: CRVAL=(11.789754, -20.741702)°, CRPIX=(2048.500, 2048.500), CD=[3.891e-06, 2.687e-04; -2.686e-04, 4.000e-06], det=7.220e-08
[wcs_sip] SIP: A/B order=3, AP/BP order=3
[drizzle_engine] HEALPix: nside=2048 nested=1 npix=50331648 res=103.06"
[drizzle_engine] 完成: 16777216 源像素 → 1575 HEALPix 像素, 耗时 15.791s
[hp_drizzle_api] hp_drizzle_run: Drizzle 完成 (16777216 源像素 → 1575 HEALPix 像素, 耗时 15.791s)
[hp_drizzle_api] hp_drizzle_run: 写入 .hiss (filter=Lum, exptime=600.0, date=2025-08-16T03:35:06, fits_meta=15)
[drizzle_engine] 写入 1575 个 HEALPix 像素到 F:\Astro dev\Astro CS Normalization Database\engineering\evidence\P07-002\output\batch_C004.hiss
[drizzle_engine] hiss_write: meta_json=714 bytes, has_snr=false
[hio] hiss_write: path=F:\Astro dev\Astro CS Normalization Database\engineering\evidence\P07-002\output\batch_C004.hiss nside=2048 nested=1 n_pix=1575 has_snr=0
[hio] hiss_write: JSON 头 770 -> 538 字节 (zstd level=5, snr_format=0)
[hio] hiss_write: 写入完成: F:\Astro dev\Astro CS Normalization Database\engineering\evidence\P07-002\output\batch_C004.hiss (has_snr=0)
[drizzle_engine] 写入成功: F:\Astro dev\Astro CS Normalization Database\engineering\evidence\P07-002\output\batch_C004.hiss (1575 像素)
[hp_drizzle_api] hp_drizzle_run: .hiss 已写入 F:\Astro dev\Astro CS Normalization Database\engineering\evidence\P07-002\output\batch_C004.hiss
[2026-07-27 13:22:30][INFO][orchestrator] [DRIZZLE] 完成: n_healpix=1575 n_source=16777216 耗时=15.790885s
[2026-07-27 13:22:30][INFO][orchestrator] [15.831249s] DRIZZLE 完成
[2026-07-27 13:22:30][DEBUG][PIPELINE] frame_destroy: ok
[2026-07-27 13:22:30][INFO][orchestrator] ========== stage1 完成 (成功) ==========
[2026-07-27 13:22:30][INFO][orchestrator] [PLATESOLVE] 释放环境资源
[2026-07-27 13:22:30][INFO][SDET] StarDetector destroyed
[2026-07-27 13:22:30][INFO][orchestrator] 析构完成
[dll_loader] 卸载所有模块
[dll_loader] 卸载模块 CALIBRATE
[dll_loader] 卸载模块 PLATESOLVE
[dll_loader] 卸载模块 PSF
[dll_loader] 卸载模块 PHOTOMETRIC
[dll_loader] 卸载模块 SNR
[dll_loader] 卸载模块 DRIZZLE
[dll_loader] 卸载模块 GRADIENT_SPHERE
[dll_loader] 卸载模块 AIO
