[2026-07-27 13:22:51][INFO][logger] 日志系统初始化完成 (log_dir=lib/orchestrator/logs, level=INFO)
[2026-07-27 13:22:51][INFO][orchestrator] 初始化编排器 (骨架版本)
[2026-07-27 13:22:51][INFO][orchestrator] 可用线程数: 16
[2026-07-27 13:22:51][INFO][orchestrator] 加载配置: F:\Astro dev\Astro CS Normalization Database\engineering\evidence\P07-002\configs\stage1_config_T3.json
[2026-07-27 13:22:51][INFO][orchestrator] 配置文件大小: 1963 字节
[2026-07-27 13:22:51][INFO][orchestrator] 检查点目录: output\.checkpoint
[2026-07-27 13:22:51][INFO][orchestrator] 日志级别设置为: INFO
[2026-07-27 13:22:51][INFO][orchestrator] 配置线程数: 0 (0=自动检测)
[2026-07-27 13:22:51][INFO][orchestrator] 配置 Gaia 数据目录: GaiaDR3SP
[2026-07-27 13:22:51][INFO][orchestrator] 配置加载完成 (P03-002: log_level/threads/gaia_data_dir 已解析)
[2026-07-27 13:22:51][INFO][orchestrator] ========== stage1: 单帧预处理 (FITS -> .hiss) ==========
[2026-07-27 13:22:51][INFO][orchestrator] 输入 FITS: F:\Astro dev\Astro CS Normalization Database\testdata\NGC83_cluster_T3_Flying_Dutchman\lights\NGC90_2025wwk_T3_flying_dutchman-20251011@020846-600S-Red.fts
[2026-07-27 13:22:51][INFO][orchestrator] 输出 .hiss: F:\Astro dev\Astro CS Normalization Database\engineering\evidence\P07-002\output\batch_C006.hiss
[2026-07-27 13:22:51][INFO][orchestrator] 配置 JSON: {
  "_comment": "P05-002 stage1 config for T3 (4096x4096) frames - NGC55/NGC83_cluster",
  "project_root": ".",
  "gaia_data_dir": "GaiaDR3SP",
  "calibration_dir": "testdata/T3 calibration files",
  "output_root": "engineering/evidence/P05-002/hiss",
  "stages": [
    "read_fits",
    "calibrate",
    "platesolve",
    "psf",
    "photometric",
    "snr",
    "drizzle"
  ],
  "frame": {
    "id": "T3_canonical",
    "light_path": "",
    "filter": "",
    "qe_curve": "GSENSE2020BSI"
  },
  "calibration": {
    "_comment": "P03-001: master_*_path 为空时从 calibration_dir + 帧尺寸/曝光/滤镜 自动推导",
    "master_bias_path": "",
    "master_dark_path": "",
    "master_flat_path": "",
    "require_size_match": true,
    "require_exposure_match": true,
    "exposure_tolerance_s": 0.5,
    "require_temperature_match": false,
    "temperature_tolerance_c": 1.0,
    "allow_no_calibration": false,
    "dark_optimization": 0,
    "dark_scale_factor": 1.0
  },
  "platesolve": {
    "_comment": "P03-002: initial_ra/dec 为空时从 FITS header OBJCTRA/DEC 读取",
    "initial_ra": "",
    "initial_dec": "",
    "focal_length": 0.0,
    "pixel_size": 0.0,
    "max_stars": 2000,
    "log_dir": "lib/plate_solve/logs"
  },
  "psf": {
    "_comment": "P03-002: PSF 拟合参数",
    "fit_radius": 8,
    "max_iter": 100,
    "tolerance": 1.0e-6,
    "max_stars": 2000
  },
  "photometric": {
    "_comment": "P03-002: 测光校准参数 (mag_max 内部自适应迭代)",
    "mag_min": 6.0,
    "mag_max": 16.0,
    "fov_radius_deg": 0.0,
    "filters_json": "lib/photometric_calib/data/response_curves/filters.json",
    "qe_curves_json": "lib/photometric_calib/data/response_curves/qe_curves.json"
  },
  "drizzle": {
    "_comment": "P03-002: Drizzle 参数 (pixfrac=1.0 避免缝隙)",
    "nside_strategy": "1x_to_2x_drizzle",
    "nside_override": 0,
    "pixfrac": 1.0,
    "nested": true
  },
  "log_level": "INFO",
  "threads": 0
}

[2026-07-27 13:22:51][INFO][orchestrator] P04-004: 取消/超时标志已重置
[2026-07-27 13:22:51][INFO][orchestrator] 自动推导项目根目录: F:\Astro dev\Astro CS Normalization Database
[2026-07-27 13:22:51][INFO][orchestrator] 初始化 DLL 加载 (lib_base_dir=F:\Astro dev\Astro CS Normalization Database)
[dll_loader] 开始加载所有模块 (lib_base_dir=F:\Astro dev\Astro CS Normalization Database)
[dll_loader] 设置运行时 DLL 搜索路径: C:\msys64\mingw64\bin
[dll_loader] 加载模块 AIO: F:\Astro dev\Astro CS Normalization Database/lib/astro_image_io/astro_image_io.dll
[dll_loader] 模块 AIO 加载成功 (handle=0x7fff5c190000)
[dll_loader] 预加载 astro_image_io.dll (依赖前置) handle=0x7fff5c190000
[dll_loader] 加载模块 CALIBRATE: F:\Astro dev\Astro CS Normalization Database/lib/calibration/astro_calibration.dll
[dll_loader] 模块 CALIBRATE 加载成功 (handle=0x7ff8021b0000)
[dll_loader] 加载模块 PLATESOLVE: F:\Astro dev\Astro CS Normalization Database/lib/plate_solve/cpp/ipv/ipv_solver.dll
[dll_loader] 模块 PLATESOLVE 加载成功 (handle=0x7fff67fc0000)
[dll_loader] 加载模块 PSF: F:\Astro dev\Astro CS Normalization Database/lib/dynamic_psf/dynamic_psf.dll
[dll_loader] 模块 PSF 加载成功 (handle=0x7ff85ada0000)
[dll_loader] 预加载 gaia_client.dll (依赖前置) handle=0x7ff8a7e90000
[dll_loader] 加载模块 PHOTOMETRIC: F:\Astro dev\Astro CS Normalization Database/lib/photometric_calib/cpp/photometric_calib.dll
[dll_loader] 模块 PHOTOMETRIC 加载成功 (handle=0x7fff63ef0000)
[dll_loader] 加载模块 SNR: F:\Astro dev\Astro CS Normalization Database/lib/snr_estimator/cpp/snr_estimator.dll
[dll_loader] 模块 SNR 加载成功 (handle=0x7fff5e860000)
[dll_loader] 加载模块 DRIZZLE: F:\Astro dev\Astro CS Normalization Database/lib/healpix_db/healpix_drizzle/healpix_drizzle.dll
[dll_loader] 模块 DRIZZLE 加载成功 (handle=0x7fff5be40000)
[dll_loader] 加载模块 GRADIENT_SPHERE: F:\Astro dev\Astro CS Normalization Database/lib/healpix_db/healpix_stack/healpix_stack.dll
[dll_loader] 模块 GRADIENT_SPHERE 加载成功 (handle=0x7fff5b130000)
[dll_loader] 加载模块 STACK: F:\Astro dev\Astro CS Normalization Database/lib/healpix_db/healpix_stack/healpix_stack.dll
[dll_loader] 模块 STACK 加载成功 (handle=0x7fff5b130000)
[dll_loader] 全部模块加载成功
[2026-07-27 13:22:51][INFO][orchestrator] 全部 9 个模块加载成功
[2026-07-27 13:22:51][INFO][orchestrator]   AIO 版本: unknown
[2026-07-27 13:22:51][INFO][orchestrator]   CALIBRATE 版本: Astro Calibration C++ v1.0.0
[2026-07-27 13:22:51][INFO][orchestrator]   PLATESOLVE 版本: unknown
[2026-07-27 13:22:51][INFO][orchestrator]   PSF 版本: unknown
[2026-07-27 13:22:51][INFO][orchestrator]   PHOTOMETRIC 版本: unknown
[2026-07-27 13:22:51][INFO][orchestrator]   SNR 版本: unknown
[2026-07-27 13:22:51][INFO][orchestrator]   DRIZZLE 版本: unknown
[2026-07-27 13:22:51][INFO][orchestrator]   GRADIENT_SPHERE 版本: unknown
[2026-07-27 13:22:51][INFO][orchestrator]   STACK 版本: unknown
[dll_loader] CALIBRATE 线程数设置为 16
[2026-07-27 13:22:51][INFO][orchestrator] CALIBRATE 线程数: 16
[2026-07-27 13:22:51][DEBUG][PIPELINE] frame_create: ok
[2026-07-27 13:22:51][INFO][orchestrator] ---------- stage1 阶段: READ_FITS ----------
[2026-07-27 13:22:51][INFO][orchestrator] [READ_FITS] 开始: F:\Astro dev\Astro CS Normalization Database\testdata\NGC83_cluster_T3_Flying_Dutchman\lights\NGC90_2025wwk_T3_flying_dutchman-20251011@020846-600S-Red.fts
[2026-07-27 13:22:51][INFO][FITS] Reading: F:\Astro dev\Astro CS Normalization Database\testdata\NGC83_cluster_T3_Flying_Dutchman\lights\NGC90_2025wwk_T3_flying_dutchman-20251011@020846-600S-Red.fts
[2026-07-27 13:22:51][INFO][FITS] Header: BITPIX=16 NAXIS=2 NAXIS1=4096 NAXIS2=4096 NAXIS3=0 BSCALE=1.0 BZERO=32768.0 keywords=119
[2026-07-27 13:22:51][INFO][FITS] Applying BSCALE=1.000000 BZERO=32768.000000
[2026-07-27 13:22:51][INFO][FITS] Read OK: 4096x4096 1ch BITPIX=16
[2026-07-27 13:22:51][INFO][API] aio_read_fits: 0.195 s
[2026-07-27 13:22:51][INFO][orchestrator] [READ_FITS] 图像尺寸: 4096x4096
[2026-07-27 13:22:51][DEBUG][PIPELINE] add_block: 'data' type=0 count=16777216 (67108864 bytes)
[2026-07-27 13:22:51][INFO][orchestrator] [READ_FITS] FITS 关键字数: 119
[2026-07-27 13:22:51][INFO][orchestrator] [READ_FITS] 完成
[2026-07-27 13:22:51][INFO][orchestrator] [0.211252s] READ_FITS 完成
[2026-07-27 13:22:51][INFO][orchestrator] ---------- stage1 阶段: CALIBRATE ----------
[2026-07-27 13:22:51][INFO][orchestrator] [CALIBRATE] 开始
[2026-07-27 13:22:51][INFO][orchestrator] [CALIBRATE] 图像: 4096x4096 (16777216 像素)
[2026-07-27 13:22:51][INFO][orchestrator] [CALIBRATE] 帧元数据: EXPTIME=600.000000s, FILTER='Red', CCD-TEMP=-20.000000C
[2026-07-27 13:22:51][INFO][orchestrator] [CALIBRATE] calibration_dir: F:\Astro dev\Astro CS Normalization Database\testdata/T3 calibration files
[2026-07-27 13:22:51][INFO][orchestrator] [CALIBRATE] 自动推导 master_bias_path: F:\Astro dev\Astro CS Normalization Database\testdata/T3 calibration files\masterBias_BIN-1_4096x4096.xisf
[2026-07-27 13:22:51][INFO][orchestrator] [CALIBRATE] 自动推导 master_dark_path: F:\Astro dev\Astro CS Normalization Database\testdata/T3 calibration files\masterDark_BIN-1_4096x4096_EXPOSURE-600.00s.xisf
[2026-07-27 13:22:51][INFO][orchestrator] [CALIBRATE] 自动推导 master_flat_path: F:\Astro dev\Astro CS Normalization Database\testdata/T3 calibration files\masterFlat_BIN-1_4096x4096_FILTER-Red_mono.xisf
[2026-07-27 13:22:51][INFO][XISF] Reading: F:\Astro dev\Astro CS Normalization Database\testdata/T3 calibration files\masterBias_BIN-1_4096x4096.xisf
[2026-07-27 13:22:51][INFO][XISF] XML header length: 20702 bytes
[2026-07-27 13:22:51][INFO][XISF] Image: 4096x4096x1 fmt=Float32 byteOrder= offset=24576 size=67108864
[2026-07-27 13:22:51][INFO][XISF] Byte order: file= system=little swap=0
[2026-07-27 13:22:51][INFO][XISF] Read OK: 4096x4096 1ch fmt=Float32 keywords=197
[2026-07-27 13:22:51][INFO][API] aio_read_xisf: 0.039 s
[2026-07-27 13:22:51][INFO][orchestrator] [CALIBRATE] 加载 Master: F:\Astro dev\Astro CS Normalization Database\testdata/T3 calibration files\masterBias_BIN-1_4096x4096.xisf (4096x4096)
[2026-07-27 13:22:51][INFO][XISF] Reading: F:\Astro dev\Astro CS Normalization Database\testdata/T3 calibration files\masterDark_BIN-1_4096x4096_EXPOSURE-600.00s.xisf
[2026-07-27 13:22:51][INFO][XISF] XML header length: 20514 bytes
[2026-07-27 13:22:51][INFO][XISF] Image: 4096x4096x1 fmt=Float32 byteOrder= offset=24576 size=67108864
[2026-07-27 13:22:51][INFO][XISF] Byte order: file= system=little swap=0
[2026-07-27 13:22:51][INFO][XISF] Read OK: 4096x4096 1ch fmt=Float32 keywords=196
[2026-07-27 13:22:51][INFO][API] aio_read_xisf: 0.039 s
[2026-07-27 13:22:51][INFO][orchestrator] [CALIBRATE] 加载 Master: F:\Astro dev\Astro CS Normalization Database\testdata/T3 calibration files\masterDark_BIN-1_4096x4096_EXPOSURE-600.00s.xisf (4096x4096)
[2026-07-27 13:22:51][INFO][XISF] Reading: F:\Astro dev\Astro CS Normalization Database\testdata/T3 calibration files\masterFlat_BIN-1_4096x4096_FILTER-Red_mono.xisf
[2026-07-27 13:22:51][INFO][XISF] XML header length: 20746 bytes
[2026-07-27 13:22:51][INFO][XISF] Image: 4096x4096x1 fmt=Float32 byteOrder= offset=24576 size=67108864
[2026-07-27 13:22:51][INFO][XISF] Byte order: file= system=little swap=0
[2026-07-27 13:22:51][INFO][XISF] Read OK: 4096x4096 1ch fmt=Float32 keywords=196
[2026-07-27 13:22:51][INFO][API] aio_read_xisf: 0.038 s
[2026-07-27 13:22:51][INFO][orchestrator] [CALIBRATE] 加载 Master: F:\Astro dev\Astro CS Normalization Database\testdata/T3 calibration files\masterFlat_BIN-1_4096x4096_FILTER-Red_mono.xisf (4096x4096)
[2026-07-27 13:22:51][INFO][orchestrator] [CALIBRATE] master_dark 曝光时间匹配: dark=600.000000s vs frame=600.000000s (diff=0.000000s)
[2026-07-27 13:22:51][INFO][orchestrator] [CALIBRATE] 调用 ac_calibrate_frame: dark_opt=0, k_init=1.000000, has_bias=true, has_dark=true, has_flat=true
[2026-07-27 13:22:51][INFO][orchestrator] [CALIBRATE] 校准统计: light_mean=1572.662682 -> out_mean=15726.472000, bias_mean=0.015146, dark_mean=0.015438, flat_mean=0.060763, actual_k=1.000000
[2026-07-27 13:22:51][DEBUG][PIPELINE] remove_block: 'data' removed (n_blocks=1)
[2026-07-27 13:22:51][DEBUG][PIPELINE] add_block_move: 'data' type=0 count=16777216 (moved ptr=000001e1b28a7040)
[2026-07-27 13:22:51][INFO][orchestrator] [CALIBRATE] cal_stats 已写入 (CALIBRATION_STATUS=APPLIED)
[2026-07-27 13:22:51][INFO][orchestrator] [CALIBRATE] 完成 (实际应用 Bias/Dark/Flat)
[2026-07-27 13:22:51][INFO][orchestrator] [0.531891s] CALIBRATE 完成
[2026-07-27 13:22:51][INFO][orchestrator] ---------- stage1 阶段: PLATESOLVE ----------
[2026-07-27 13:22:51][INFO][orchestrator] [PLATESOLVE] 开始
[2026-07-27 13:22:51][INFO][orchestrator] [PLATESOLVE] 初始化环境 (gaia_client + star_detector + ipv_solver)
[2026-07-27 13:22:51][INFO][orchestrator] [PLATESOLVE] gaia_client.dll 加载成功
[2026-07-27 13:22:51][INFO][orchestrator] [PLATESOLVE] star_detector.dll 加载成功
[2026-07-27 13:22:51][INFO][orchestrator] [PLATESOLVE] Gaia 数据目录: F:\Astro dev\Astro CS Normalization Database\GaiaDR3SP (来自 config)
[2026-07-27 13:22:51][INFO][orchestrator] [PLATESOLVE] GaiaClient 创建成功 (data_dir=F:\Astro dev\Astro CS Normalization Database\GaiaDR3SP)
[2026-07-27 13:22:51][INFO][SDET] StarDetector created (fitRadius=0, fwhmClipSigma=3.0, maxAxisRatio=2.0)
[2026-07-27 13:22:51][INFO][orchestrator] [PLATESOLVE] StarDetector 创建成功 (fitRadius=0 自动, maxStars=2000)
[2026-07-27 13:22:51][INFO][orchestrator] [PLATESOLVE] IPVSolver 创建成功, 已注入 Gaia + StarDetector 句柄
[2026-07-27 13:22:51][INFO][orchestrator] [PLATESOLVE] 环境初始化完成
[2026-07-27 13:22:51][INFO][orchestrator] [PLATESOLVE] 图像: 4096x4096
[2026-07-27 13:22:51][INFO][orchestrator] [PLATESOLVE] 初始指向: OBJCTRA='00 21 29.00' -> ra0=5.370833deg, OBJCTDEC='+22 26 28.0' -> dec0=22.441111deg
[2026-07-27 13:22:51][INFO][orchestrator] [PLATESOLVE] 焦距=1933.600000mm, 像素尺寸=9.000000um
[2026-07-27 13:22:51][INFO][orchestrator] [PLATESOLVE] 调用 ipv_solve_from_memory_with_callback (路径B callback 导出) ...
[2026-07-27 13:22:51][INFO] ==== IPVSolver::solve_from_memory_with_callback 开始 (P02-002 路径 B) ====
[2026-07-27 13:22:51][INFO]   pixels=4096x4096 (内存数据)
[2026-07-27 13:22:51][INFO]   ra0=5.370833 deg, dec0=22.441111 deg
[2026-07-27 13:22:51][INFO]   focal_length=1933.600 mm, pixel_size=9.000 um
[2026-07-27 13:22:51][INFO]   callback=ENABLED
[2026-07-27 13:22:51][INFO] === ipv_select_from_memory_with_callback 启动 (路径 B) ===
[2026-07-27 13:22:51][INFO] ipv_select: 依赖 DLL 全部加载成功
[2026-07-27 13:22:51][INFO] Step 1: 使用内存像素数据 4096×4096
[2026-07-27 13:22:51][INFO] Step 2: 星点检测 (sdet_detect_ex)
[2026-07-27 13:22:51][INFO][SDET] sdet_detect_ex start: 4096x4096
[2026-07-27 13:22:51][DEBUG][SDET] [1] uint16→float: 16.8 ms
[2026-07-27 13:22:52][DEBUG][SDET] [2] Gaussian YvV smooth (sigma=2.0): 153.2 ms
[2026-07-27 13:22:52][INFO][SDET] peaker: median=15639.0000 bgnoise=226.3688 threshold=16770.8438 (median+5*bgnoise)
[2026-07-27 13:22:52][DEBUG][SDET] [3] Threshold: 314.4 ms
[2026-07-27 13:22:52][INFO][SDET] peaker: bg=15639.0 maxi=65535.0 norm=65535.0 dynrange=49896.0 minsatlevel=34927.2 satrange=4989.6 s_factor=3.7169 locthreshold=1131.8440
[2026-07-27 13:22:52][DEBUG][SDET] [4] peaker: 22.3 ms (969 candidates, full peaker 7-step)
[2026-07-27 13:22:52][INFO][SDET] Candidates: 969
[2026-07-27 13:22:52][INFO][SDET] Peaker stages: pass_threshold=110137 pass_localmax=3231 pass_count3=1155 pass_boundary=1155 | cond_meanhigh=234 cond_platform=494 sat_both=144 nonsat=1011
[2026-07-27 13:22:52][INFO][SDET] Auto fitRadius: med_pixels=67 fwhm_est=4.02 auto_radius=12 actual=12
[2026-07-27 13:22:52][INFO][SDET] Task6 candidates sorted by mag_est (desc): maxstars=2000 candidates=969
[2026-07-27 13:22:52][DEBUG][SDET] [6] Moffat4 fit: 96.7 ms (954/969 OK)
[2026-07-27 13:22:52][INFO][SDET] Moffat4 fit: 954/969 OK
[2026-07-27 13:22:52][INFO][SDET] === Fit statistics by pixel count ===
[2026-07-27 13:22:52][INFO][SDET]   px[5-9]: total=7 ok=6(85.7%) invalid=0 noconv=1 iterlimit=0
[2026-07-27 13:22:52][INFO][SDET]   px[10-19]: total=75 ok=72(96.0%) invalid=0 noconv=3 iterlimit=0
[2026-07-27 13:22:52][INFO][SDET]   px[20-49]: total=256 ok=252(98.4%) invalid=0 noconv=4 iterlimit=0
[2026-07-27 13:22:52][INFO][SDET]   px[50-99]: total=289 ok=285(98.6%) invalid=0 noconv=4 iterlimit=0
[2026-07-27 13:22:52][INFO][SDET]   px[100-299]: total=298 ok=295(99.0%) invalid=0 noconv=3 iterlimit=0
[2026-07-27 13:22:52][DEBUG][SDET] [7] FWHM stats: 2.4 ms (med=3.0785 mad=0.1926)
[2026-07-27 13:22:52][INFO][SDET] FWHM stats: med=3.0785 mad=0.1926 (from 954 fitted stars)
[2026-07-27 13:22:52][DEBUG][SDET] [8] Build normal stars: 1.5 ms (916 stars, fit_fail=15 fwhm=0 round=6 reject=32)
[2026-07-27 13:22:52][INFO][SDET] Normal stars: 916 (fit_fail=15 fwhm=0 roundness=6 reject=32)
[2026-07-27 13:22:52][DEBUG][SDET] [9] Saturated star detection skipped (V4.52: use A>dynrange from peaker): 0.6 ms
[2026-07-27 13:22:52][DEBUG][SDET] [10a] Dedup: 0.6 ms
[2026-07-27 13:22:52][DEBUG][SDET] [10b] Sort: 0.2 ms
[2026-07-27 13:22:52][INFO][SDET] After dedup+sort: 916 stars (saturated=232 normal=684)
[2026-07-27 13:22:52][INFO][SDET] sdet_detect_ex done: 916 stars (sat=232 normal=684), 0.609 s
[2026-07-27 13:22:52][INFO]   检测到星点: 916 颗 (饱和 232, 正常 684)
[2026-07-27 13:22:52][INFO] Step 2.5: 调用 callback 导出 detections (路径 B)
[2026-07-27 13:22:52][INFO]   callback 完成, 源缓冲区已由 callback 复制
[2026-07-27 13:22:52][INFO] Step 3: 图像侧选星
[2026-07-27 13:22:52][INFO] 选星: 按 mag(box积分) 升序取前 60 颗 (含饱和 60 颗)
[2026-07-27 13:22:52][INFO]   U 向量组: 60×2 (s0=0.9601"/px)
[2026-07-27 13:22:52][INFO] Step 4: FOV/密度计算
[2026-07-27 13:22:52][INFO] FOV计算: s0=0.9601"/px, FOV_diag=1.5448°, query_r=0.8496°, img_area=1.19321°², query_area=2.26790°², rho_img=50.28, rho_target=75.43, n_target=60
[2026-07-27 13:22:52][INFO] Step 5: V4.9 密度公式估算极限星等 (替代迭代)
[2026-07-27 13:22:52][INFO] 密度估算极限星等: G=11.057 (n_required=60, area=2.2679°², rho_target=26.46/°²)
[2026-07-27 13:22:52][INFO] Step 6: 用 m_lim=11.057 查询 Gaia 星表
[2026-07-27 13:22:52][WARN] V4.9 补救查询 1: Gaia 返回 39 < n_target=60, 放宽到 m=12.057
[2026-07-27 13:22:52][INFO] Step 7: Gnomonic 投影 + FOV 过滤
[2026-07-27 13:22:52][INFO]   W 向量组: 44×2 (FOV 内 44, 取最亮 44, gaia_ra/dec 已保存)
[2026-07-27 13:22:52][INFO] === ipv_select_from_memory_with_callback 完成 (路径 B) ===
[2026-07-27 13:22:52][INFO] === triangle_match 开始: N_U=60, N_W=44, n_A0=60, n_B0=60, tol=0.0020, s0=0.9601 ===
[2026-07-27 13:22:52][INFO] triangle_match: stage=0 nA=60 nB=60 超过实际星数, 停止扩充
[2026-07-27 13:22:52][INFO] triangle_match_single: n_A=60, n_B=44, tol=0.0020, s0=0.9601, scale=[0.8680,1.3020]
[2026-07-27 13:22:52][DEBUG] stars_to_triangles: N=60, expected=34220, valid=34220, skipped_degenerate=0 (并行, 16 线程)
[2026-07-27 13:22:52][DEBUG] stars_to_triangles: prune_triangle_array ba>0.9 剪枝: before=34220, after=25046, pruned=9174
[2026-07-27 13:22:52][DEBUG] stars_to_triangles: N=44, expected=13244, valid=13244, skipped_degenerate=0 (并行, 16 线程)
[2026-07-27 13:22:52][DEBUG] stars_to_triangles: prune_triangle_array ba>0.9 剪枝: before=13244, after=9675, pruned=3569
[2026-07-27 13:22:52][INFO] make_vote_matrix: n_A=25046, n_B=9675, matched_triangles=19555, vote_matrix=60x44, scale_rejected=19149 (range=[0.8680,1.3020]) [并行 16 线程]
[2026-07-27 13:22:52][INFO] top_vote_getters: 矩阵=60x44, 候选对数(vote>=2)=2586, top_n=60
[2026-07-27 13:22:52][INFO] top_vote_getters: V4.25 去重后 top_pairs=44, 去重剔除=2542
[2026-07-27 13:22:52][INFO]   [调试] top[0]: u=22 w=26, votes=689
[2026-07-27 13:22:52][INFO]   [调试] top[1]: u=42 w=43, votes=688
[2026-07-27 13:22:52][INFO]   [调试] top[2]: u=0 w=0, votes=674
[2026-07-27 13:22:52][INFO]   [调试] top[3]: u=35 w=41, votes=658
[2026-07-27 13:22:52][INFO]   [调试] top[4]: u=21 w=22, votes=652
[2026-07-27 13:22:52][INFO]   [调试] top[5]: u=4 w=5, votes=643
[2026-07-27 13:22:52][INFO]   [调试] top[6]: u=24 w=19, votes=641
[2026-07-27 13:22:52][INFO]   [调试] top[7]: u=10 w=10, votes=638
[2026-07-27 13:22:52][INFO]   [调试] top[8]: u=15 w=14, votes=630
[2026-07-27 13:22:52][INFO]   [调试] top[9]: u=25 w=24, votes=629
[2026-07-27 13:22:52][INFO] triangle_match_single 完成: tri_A=25046, tri_B=9675, vote_matrix=60x44, max_vote=689, 候选对数(vote>=2)=2586, top_pairs=44
[2026-07-27 13:22:52][INFO] === triangle_match 结束: tri_A=25046, tri_B=9675, top_pairs=44, max_vote=689, success=1 ===
[2026-07-27 13:22:52][INFO] [P02-002] n_target=60, max_vote=689, threshold=2
[2026-07-27 13:22:52][INFO]   [阶段] triangle_match (n=60): 36.00 ms, max_vote=689, top_pairs=44, success=1
[2026-07-27 13:22:52][INFO]   [阶段] triangle_match: 36.53 ms, n_target_used=60
[2026-07-27 13:22:52][INFO]   N_U=60, N_W=44, s0=0.9601 arcsec/px, img=4096x4096, fov_diag=1.5448 deg
[2026-07-27 13:22:52][INFO] iter_trans_solve: U=60, W=44, initial_pairs=44, tol=5.00, order=3
[2026-07-27 13:22:52][DEBUG] calc_trans_general: order=3, n_pairs=20, 拟合成功
[2026-07-27 13:22:52][INFO] iter_trans_inner: 初始拟合完成, 初始工作集=20, order=3
[2026-07-27 13:22:52][INFO]   [调试] 初始 TRANS: x00=2.3974 y00=-0.2539, x10=-0.007085 x01=-0.957492 y10=-0.958731 y01=0.006077
[2026-07-27 13:22:52][INFO]   [调试] 初始对[0]: u=22 w=26, U=(296.19,-88.89), W=(85.67,-284.79), pred=(85.43,-284.75), dist=0.2440" (dx=-0.24 dy=0.04)
[2026-07-27 13:22:52][INFO]   [调试] 初始对[1]: u=42 w=43, U=(624.01,-347.45), W=(330.39,-600.74), pred=(330.68,-600.42), dist=0.4305" (dx=0.29 dy=0.32)
[2026-07-27 13:22:52][INFO]   [调试] 初始对[2]: u=0 w=0, U=(243.47,-1326.72), W=(1268.39,-239.93), pred=(1268.48,-240.22), dist=0.3058" (dx=0.09 dy=-0.29)
[2026-07-27 13:22:52][INFO]   [调试] 初始对[3]: u=35 w=41, U=(1955.15,551.58), W=(-537.70,-1863.97), pred=(-537.76,-1863.64), dist=0.3345" (dx=-0.05 dy=0.33)
[2026-07-27 13:22:52][INFO]   [调试] 初始对[4]: u=21 w=22, U=(1184.70,-932.54), W=(886.03,-1139.84), pred=(886.25,-1139.85), dist=0.2209" (dx=0.22 dy=-0.01)
[2026-07-27 13:22:52][INFO]   [调试] 初始对[5]: u=4 w=5, U=(982.06,-1214.53), W=(1157.12,-947.64), pred=(1156.83,-947.27), dist=0.4760" (dx=-0.30 dy=0.37)
[2026-07-27 13:22:52][INFO] iter_trans_inner: V4.23 工作集扩展 20->44 (nr=nbright)
[2026-07-27 13:22:52][DEBUG] iter 0: 绝对剔除 nr=44→43, nb=1
[2026-07-27 13:22:52][INFO] iter 0: V4.28 tol 预过滤 43→36 (tol=5.00", 剔除中等错配 7 对)
[2026-07-27 13:22:52][DEBUG] iter 0: sigma(35%)=0.093538 角秒²
[2026-07-27 13:22:52][DEBUG] iter 0: 相对剔除 nr=28, nb=16, rel_thresh=0.935382
[2026-07-27 13:22:52][DEBUG] calc_trans_general: order=3, n_pairs=28, 拟合成功
[2026-07-27 13:22:52][INFO] iter_trans_inner: 完成, nr=28, sig=0.0616, rms=0.2832, iters=1, success=1
[2026-07-27 13:22:52][INFO] iter_trans_solve: 第一轮 iter_trans 成功, inliers=28, rms=0.2832
[2026-07-27 13:22:52][INFO] at_match_lists: U=60, W=44, tol=5.00", U→W单向=36, W→U单向=36, 双向=36, 去重后=36
[2026-07-27 13:22:52][DEBUG] calc_trans_general: order=3, n_pairs=36, 拟合成功
[2026-07-27 13:22:52][INFO] at_recalc_trans: 二轮 sigma-clip (thresh=1.012", 剔除=1, 保留=35)
[2026-07-27 13:22:52][DEBUG] calc_trans_general: order=3, n_pairs=35, 拟合成功
[2026-07-27 13:22:52][INFO] at_recalc_trans: 二轮完成, n=35, sig=0.0487, sx=0.2048, sy=0.1131, rms=0.2340
[2026-07-27 13:22:52][INFO] at_recalc_trans: n=35, order=3, sig=0.0487, sx=0.2048, sy=0.1131, rms=0.2340
[2026-07-27 13:22:52][INFO] iter_trans_solve: 第一轮 refit 成功, inliers=35, rms=0.2340
[2026-07-27 13:22:52][INFO] at_match_lists: U=60, W=44, tol=5.00", U→W单向=43, W→U单向=43, 双向=43, 去重后=43
[2026-07-27 13:22:52][DEBUG] calc_trans_general: order=3, n_pairs=43, 拟合成功
[2026-07-27 13:22:52][INFO] at_recalc_trans: 二轮 sigma-clip (thresh=0.947", 剔除=1, 保留=42)
[2026-07-27 13:22:52][DEBUG] calc_trans_general: order=3, n_pairs=42, 拟合成功
[2026-07-27 13:22:52][INFO] at_recalc_trans: 二轮完成, n=42, sig=0.0586, sx=0.2323, sy=0.1206, rms=0.2618
[2026-07-27 13:22:52][INFO] at_recalc_trans: n=42, order=3, sig=0.0586, sx=0.2323, sy=0.1206, rms=0.2618
[2026-07-27 13:22:52][INFO] iter_trans_solve: 第二轮 refit 成功, inliers=42, rms=0.2618
[2026-07-27 13:22:52][INFO]   [阶段] iter_trans_solve: 10.67 ms, n_inliers=42, rms=0.2618, iters=3, success=1
[2026-07-27 13:22:52][INFO]   [诊断] iterative_reproject 入口: U.size=60, gaia_ra.size=44, gaia_dec.size=44, initial_inliers.size=42, s0=0.9601, img=4096x4096
[2026-07-27 13:22:52][INFO] iterative_reproject: 开始 (N_W=44, n_inliers=42, s0=0.9601"/px, max_iter=5, conv_thresh=0.0100")
[2026-07-27 13:22:52][INFO]   iter 0: ra_cur=5.370833 dec_cur=22.441111, xi_center=2.4777" eta_center=-0.1785", conv=2.4841" (thresh=0.0100")
[2026-07-27 13:22:52][INFO]   iter 0: 新中心 ra=5.371578 dec=22.441062 (Δra=0.000745° Δdec=-0.000050°)
[2026-07-27 13:22:52][DEBUG] calc_trans_general: order=3, n_pairs=42, 拟合成功
[2026-07-27 13:22:52][INFO] at_recalc_trans: n=42, order=3, sig=0.0586, sx=0.2323, sy=0.1206, rms=0.2617
[2026-07-27 13:22:52][INFO]   iter 0: at_recalc_trans 成功, n=42, sig=0.0586, rms=0.2617, x00=-0.0000 y00=-0.0000 (asec)
[2026-07-27 13:22:52][INFO]   iter 1: 收敛 (TRANS 常数项 = 0.0000" < 0.0100")
[2026-07-27 13:22:52][INFO] iterative_reproject: 完成 (收敛), ra=5.370833→5.371578 dec=22.441111→22.441062, n_matched=42 (固定), iters=1, conv=0.0000"
[2026-07-27 13:22:52][INFO]   [阶段] iterative_reproject: 3.35 ms, success=1, ra=5.370833→5.371578, dec=22.441111→22.441062, n_matched=42, iters=1, conv=0.0000"
[2026-07-27 13:22:52][INFO] at_match_lists: U=60, W=44, tol=5.00", U→W单向=43, W→U单向=43, 双向=43, 去重后=43
[2026-07-27 13:22:52][INFO]   [阶段] hi_order_rematch iter 0: n_matched=43 (min=10, order=3)
[2026-07-27 13:22:52][DEBUG] calc_trans_general: order=3, n_pairs=43, 拟合成功
[2026-07-27 13:22:52][INFO] at_recalc_trans: 二轮 sigma-clip (thresh=0.947", 剔除=1, 保留=42)
[2026-07-27 13:22:52][DEBUG] calc_trans_general: order=3, n_pairs=42, 拟合成功
[2026-07-27 13:22:52][INFO] at_recalc_trans: 二轮完成, n=42, sig=0.0586, sx=0.2323, sy=0.1206, rms=0.2617
[2026-07-27 13:22:52][INFO] at_recalc_trans: n=42, order=3, sig=0.0586, sx=0.2323, sy=0.1206, rms=0.2617
[2026-07-27 13:22:52][INFO] at_match_lists: U=60, W=44, tol=5.00", U→W单向=43, W→U单向=43, 双向=43, 去重后=43
[2026-07-27 13:22:52][DEBUG] calc_trans_general: order=3, n_pairs=43, 拟合成功
[2026-07-27 13:22:52][INFO] at_recalc_trans: 二轮 sigma-clip (thresh=0.947", 剔除=1, 保留=42)
[2026-07-27 13:22:52][DEBUG] calc_trans_general: order=3, n_pairs=42, 拟合成功
[2026-07-27 13:22:52][INFO] at_recalc_trans: 二轮完成, n=42, sig=0.0586, sx=0.2323, sy=0.1206, rms=0.2617
[2026-07-27 13:22:52][INFO] at_recalc_trans: n=42, order=3, sig=0.0586, sx=0.2323, sy=0.1206, rms=0.2617
[2026-07-27 13:22:52][INFO]   [阶段] hi_order_rematch iter 1: 收敛 (dn=0, drms=0.0000)
[2026-07-27 13:22:52][INFO]   [阶段] hi_order_rematch: 3.94 ms, n_matched=43, trans.order=3
[2026-07-27 13:22:52][INFO] ==== robust_refine_wcs 开始 (V4.30) ====
  U_full=916, mag_full=916, gaia=44
  ra0=5.371578, dec0=22.441062, s0=0.9601"/px, fov=1.5448°, img=4096x4096
  initial_rms=0.0586", trans.order=3
[2026-07-27 13:22:52][INFO]   [robust_refine] 网格采样: FOV=1.545°, G_short=3, N_long=3, n_cells=9, quota=20, narrow_all=0, N_full=916
[2026-07-27 13:22:52][INFO]   [robust_refine] 网格采样完成: 选中 180 颗 (上限 300, 下限 100)
[2026-07-27 13:22:52][INFO]   [robust_refine] NN 匹配: U=180, W=44, tol=1.000", Lowe通过=42, 双向=42
[2026-07-27 13:22:52][INFO]   [robust_refine] baseline: initial_rms=0.0586" (60星), U_pool RMS=0.2617" (180 星, matched=42)
[2026-07-27 13:22:52][INFO]   [robust_refine] NN 匹配: U=180, W=44, tol=1.000", Lowe通过=42, 双向=42
[2026-07-27 13:22:52][INFO]   [robust_refine] iter 0: tol=1.000", matched=42, rms=0.2617"→0.2676", cd_Δ=0.4204%, damp=0.00e+00
[2026-07-27 13:22:52][INFO]   [robust_refine] NN 匹配: U=180, W=44, tol=0.500", Lowe通过=38, 双向=38
[2026-07-27 13:22:52][INFO]   [robust_refine] iter 1: tol=0.500", matched=38, rms=0.2676"→0.2136", cd_Δ=0.7853%, damp=0.00e+00
[2026-07-27 13:22:52][INFO]   [robust_refine] NN 匹配: U=180, W=44, tol=0.500", Lowe通过=37, 双向=37
[2026-07-27 13:22:52][INFO]   [robust_refine] 空间一致性: 1/37 可疑 (K=8, σ=0.043")
[2026-07-27 13:22:52][INFO]   [robust_refine] iter 2: tol=0.500", matched=37, rms=0.2136"→0.2024", cd_Δ=0.6800%, damp=0.00e+00
[2026-07-27 13:22:52][INFO]   [robust_refine] NN 匹配: U=180, W=44, tol=0.300", Lowe通过=32, 双向=32
[2026-07-27 13:22:52][INFO]   [robust_refine] 空间一致性: 2/32 可疑 (K=8, σ=0.045")
[2026-07-27 13:22:52][INFO]   [robust_refine] iter 3: tol=0.300", matched=32, rms=0.2024"→0.1269", cd_Δ=0.3637%, damp=0.00e+00
[2026-07-27 13:22:52][INFO]   [robust_refine] NN 匹配: U=180, W=44, tol=0.300", Lowe通过=32, 双向=32
[2026-07-27 13:22:52][INFO]   [robust_refine] 空间一致性: 3/32 可疑 (K=8, σ=0.033")
[2026-07-27 13:22:52][INFO]   [robust_refine] iter 4: tol=0.300", matched=32, rms=0.1269"→0.1291", cd_Δ=0.3046%, damp=0.00e+00
[2026-07-27 13:22:52][INFO]   [robust_refine] NN 匹配: U=180, W=44, tol=0.300", Lowe通过=31, 双向=31
[2026-07-27 13:22:52][INFO]   [robust_refine] 空间一致性: 2/31 可疑 (K=8, σ=0.021")
[2026-07-27 13:22:52][INFO]   [robust_refine] iter 5: tol=0.300", matched=31, rms=0.1291"→0.1186", cd_Δ=0.0634%, damp=0.00e+00
[2026-07-27 13:22:52][INFO]   [robust_refine] NN 匹配: U=180, W=44, tol=0.300", Lowe通过=30, 双向=30
[2026-07-27 13:22:52][INFO]   [robust_refine] 空间一致性: 1/30 可疑 (K=8, σ=0.022")
[2026-07-27 13:22:52][INFO]   [robust_refine] iter 6: tol=0.300", matched=30, rms=0.1186"→0.1087", cd_Δ=0.0990%, damp=0.00e+00
[2026-07-27 13:22:52][INFO]   [robust_refine] NN 匹配: U=180, W=44, tol=0.300", Lowe通过=31, 双向=31
[2026-07-27 13:22:52][INFO]   [robust_refine] 空间一致性: 2/31 可疑 (K=8, σ=0.018")
[2026-07-27 13:22:52][INFO]   [robust_refine] iter 7: tol=0.300", matched=31, rms=0.1087"→0.1187", cd_Δ=0.1060%, damp=0.00e+00
[2026-07-27 13:22:52][INFO]   [robust_refine] NN 匹配: U=180, W=44, tol=0.300", Lowe通过=30, 双向=30
[2026-07-27 13:22:52][INFO]   [robust_refine] 空间一致性: 1/30 可疑 (K=8, σ=0.021")
[2026-07-27 13:22:52][INFO]   [robust_refine] iter 8: tol=0.300", matched=30, rms=0.1187"→0.1087", cd_Δ=0.0995%, damp=0.00e+00
[2026-07-27 13:22:52][INFO]   [robust_refine] NN 匹配: U=180, W=44, tol=0.300", Lowe通过=31, 双向=31
[2026-07-27 13:22:52][INFO]   [robust_refine] 空间一致性: 2/31 可疑 (K=8, σ=0.018")
[2026-07-27 13:22:52][INFO]   [robust_refine] iter 9: tol=0.300", matched=31, rms=0.1087"→0.1188", cd_Δ=0.0917%, damp=0.00e+00
[2026-07-27 13:22:52][INFO]   [robust_refine] 达到最大迭代次数 10
[2026-07-27 13:22:52][INFO] ==== robust_refine_wcs 成功 ====
  iter=10, matched=31, rms=0.1188" (0.1237 px), cd_Δ=0.7853%, pool=180
[2026-07-27 13:22:52][INFO]   [阶段] robust_refine: 成功, n_matched=31, rms=0.1188", iter=10, pool=180, cd_Δ=0.7853%
[2026-07-27 13:22:52][INFO]   [阶段] robust_refine: 12.94 ms
[2026-07-27 13:22:52][INFO]   [诊断] extract_wcs_sip 入口: trans.order=3, trans.valid=1, ra0=5.371578, dec0=22.441062, img=4096x4096, s0=0.9601, U.size=916, W.size=44, matched.size=31
[2026-07-27 13:22:52][INFO]   [V4.22] 清零 trans.x00/y00 (saved: x00=0.1389, y00=0.0675)
[2026-07-27 13:22:52][INFO] extract_wcs_sip: SIP A/B 解析公式成功, order=3
[2026-07-27 13:22:52][INFO] extract_wcs_sip: SIP AP/BP 网格反变换成功, ap_order=3, n_inv_coef=10, n_grid=49
[2026-07-27 13:22:52][INFO] extract_wcs_sip: CD=[-1.966915e-06 2.662898e-04; -2.663551e-04 -1.836410e-06], CRVAL=(5.371578, 22.441062), CRPIX=(2048.5, 2048.5), ctype=[RA---TAN-SIP, DEC--TAN-SIP], n_pairs=31, rms_px=0.1237, rms_arcsec=0.1188, trans_order=3, sip_order=3, ap_order=3
[2026-07-27 13:22:52][INFO]   [阶段] extract_wcs_sip: 2.24 ms, success=1, n_pairs=31, rms_px=0.124, rms_arcsec=0.119, trans_order=3, sip_order=3
[2026-07-27 13:22:52][INFO]   最终: n_pairs=31, rms_px=0.124, rms_arcsec=0.119, trans_order=3, sip_order=3, success=1
[2026-07-27 13:22:52][INFO] ==== IPVSolver::solve_from_memory_with_callback 完成 (P02-002 路径 B) ====
[2026-07-27 13:22:52][INFO][orchestrator] [PLATESOLVE] callback 导出: n_detected=916, copied=true, wcs_result.n_detected=0
[2026-07-27 13:22:52][INFO][orchestrator] [PLATESOLVE] 求解成功: rms=0.118804arcsec, n_pairs=31, n_detected=0, n_catalog=0, trans_order=3
[2026-07-27 13:22:52][INFO][orchestrator] [PLATESOLVE] WCS 已写入: CTYPE1=RA---TAN-SIP, CRVAL=(5.371578, 22.441062), CRPIX=(2048.500000, 2048.500000)
[2026-07-27 13:22:52][INFO][orchestrator] [PLATESOLVE] SIP 已写入: order=3, ap_order=3
[2026-07-27 13:22:52][DEBUG][PIPELINE] add_block: 'star_det' type=0 count=3664 (14656 bytes)
[2026-07-27 13:22:52][INFO][orchestrator] [PLATESOLVE] star_det 块已写入 (路径B): 916 颗星
[2026-07-27 13:22:52][INFO][orchestrator] [PLATESOLVE] 完成
[2026-07-27 13:22:52][INFO][orchestrator] [0.750122s] PLATESOLVE 完成
[2026-07-27 13:22:52][INFO][orchestrator] ---------- stage1 阶段: PSF ----------
[2026-07-27 13:22:52][INFO][orchestrator] [PSF] 开始
[2026-07-27 13:22:52][INFO][orchestrator] [PSF] 图像: 4096x4096
[2026-07-27 13:22:52][INFO][orchestrator] [PSF] star_det: 916 颗星
[2026-07-27 13:22:52][INFO][orchestrator] [PSF] 调用 dpsf_fit_batch (fitRadius=8, maxIter=100, tol=1.0e-06) ...
[2026-07-27 13:22:52][WARN][DPSF] Invalid fit params: finite=1 A=0.00 sx=5.5899 sy=5.6427
[2026-07-27 13:22:52][WARN][DPSF] Background constraint violated: B=8431.5842 bkg0=17254.0000 ratio=0.5113
[2026-07-27 13:22:52][WARN][DPSF] Background constraint violated: B=5910.0460 bkg0=18784.0000 ratio=0.6854
[2026-07-27 13:22:52][WARN][DPSF] Background constraint violated: B=5002.7428 bkg0=18059.0000 ratio=0.7230
[2026-07-27 13:22:52][WARN][DPSF] Background constraint violated: B=6753.8695 bkg0=17659.0000 ratio=0.6175
[2026-07-27 13:22:52][WARN][DPSF] Background constraint violated: B=5279.0955 bkg0=17494.0000 ratio=0.6982
[2026-07-27 13:22:52][WARN][DPSF] Background constraint violated: B=8442.1966 bkg0=17769.0000 ratio=0.5249
[2026-07-27 13:22:52][WARN][DPSF] FWHM exceeds rect: fwhm_x=223.66 fwhm_y=538.06 rect=17x17
[2026-07-27 13:22:52][WARN][DPSF] FWHM exceeds rect: fwhm_x=23.30 fwhm_y=19.29 rect=17x17
[2026-07-27 13:22:52][WARN][DPSF] FWHM exceeds rect: fwhm_x=21.09 fwhm_y=26.05 rect=17x17
[2026-07-27 13:22:52][WARN][DPSF] FWHM exceeds rect: fwhm_x=18.16 fwhm_y=5.44 rect=17x17
[2026-07-27 13:22:52][WARN][DPSF] Background constraint violated: B=34746.7839 bkg0=21499.0000 ratio=0.6162
[2026-07-27 13:22:52][WARN][DPSF] Background constraint violated: B=-8222.9229 bkg0=21039.0000 ratio=1.3908
[2026-07-27 13:22:52][WARN][DPSF] Background constraint violated: B=4956.6797 bkg0=18299.0000 ratio=0.7291
[2026-07-27 13:22:52][WARN][DPSF] Invalid fit params: finite=1 A=52194.33 sx=0.3000 sy=2.7106
[2026-07-27 13:22:52][INFO][orchestrator] [PSF] 拟合完成: 900/916 成功 (98%)
[2026-07-27 13:22:52][DEBUG][PIPELINE] add_block: 'psf' type=1 count=8244 (65952 bytes)
[2026-07-27 13:22:52][INFO][orchestrator] [PSF] 完成: 916 颗星, 900 成功
[2026-07-27 13:22:52][INFO][orchestrator] [0.152160s] PSF 完成
[2026-07-27 13:22:52][INFO][orchestrator] ---------- stage1 阶段: PHOTOMETRIC ----------
[2026-07-27 13:22:52][INFO][orchestrator] [PHOTOMETRIC] 开始
[2026-07-27 13:22:52][INFO][orchestrator] [PHOTOMETRIC] 图像: 4096x4096
[2026-07-27 13:22:52][INFO][orchestrator] [PHOTOMETRIC] psf: 916 颗星
[2026-07-27 13:22:52][INFO][orchestrator] [PHOTOMETRIC] FILTER='Red' -> 'Baader R'
[2026-07-27 13:22:52][INFO][orchestrator] [PHOTOMETRIC] filters_json: F:\Astro dev\Astro CS Normalization Database\lib/photometric_calib/data/response_curves/filters.json
[2026-07-27 13:22:52][INFO][orchestrator] [PHOTOMETRIC] 滤光片: 73 点
[2026-07-27 13:22:52][INFO][orchestrator] [PHOTOMETRIC] qe_curves_json: F:\Astro dev\Astro CS Normalization Database\lib/photometric_calib/data/response_curves/qe_curves.json
[2026-07-27 13:22:52][INFO][orchestrator] [PHOTOMETRIC] QE 曲线 'GSENSE2020BSI': 447 点
[2026-07-27 13:22:52][INFO][orchestrator] [PHOTOMETRIC] spectrum_wl: 343 点
[2026-07-27 13:22:52][INFO][orchestrator] [PHOTOMETRIC] FOV 半径: 0.925646deg
[2026-07-27 13:22:52][INFO][orchestrator] [PHOTOMETRIC] 调用 pc_calibrate_simple_with_gaia (mag_min=6.0, mag_max=16.0, fov=0.926deg) ...
[pc_api] ====== pc_calibrate_simple_with_gaia 开始 ======
[pc_api] OpenMP线程数: 16
[INFO] 锥形搜索: ra=5.3716 dec=22.4411 r=0.926 mag_min=6.0 (自适应迭代 mag_max, 不缩小半径)
[INFO] 自适应星等查询: mag_max=12.0
[INFO] 自适应星等查询: mag_max=12.0, n_gaia=105
[INFO] 自适应星等查询: mag_max=13.0
[INFO] 自适应星等查询: mag_max=13.0, n_gaia=211
[INFO] 自适应星等查询: mag_max=14.0
[INFO] 自适应星等查询: mag_max=14.0, n_gaia=410
[INFO] 自适应星等查询: mag_max=15.0
[INFO] 自适应星等查询: mag_max=15.0, n_gaia=817
[INFO] 自适应星等查询: mag_max=16.0
[INFO] 自适应星等查询: mag_max=16.0, n_gaia=1374
[INFO] 自适应星等查询完成: mag_max=16.0, n_gaia=1374
[pc_api] 搜索到 1374 颗光谱星, 光谱点数=343 (wl_start=336, wl_step=2)
[INFO] [spec_int] prepare_filter_cache: 滤光片 73 点 + QE 447 点 -> 光谱 343 点, 范围 F[572.0,716.0] Q[204.0,1096.0] nm
[INFO] 滤光片/QE 预处理完成: filter=73 点, qe=447 点 -> 光谱 343 点
[pc_api] F_syn 并行计算完成: 1374/1374 颗有效
[wcs_transform] 初始化: CRVAL=(5.371578,22.441062), CRPIX=(2048.500,2048.500), CD=[-1.967e-06,2.663e-04;-2.664e-04,-1.836e-06], det=7.093e-08, sip_order=3
[INFO] [star_matcher] 初始化: KD-tree + IRLS/Tukey 清洗 (GAP-013)
[INFO] [star_matcher] PSF有效星: 900 / 916, Gaia星: 1374, 匹配半径: 2.00 px
[INFO] [star_matcher] KD-tree 匹配完成: 1 对
[INFO] [star_matcher] cleanAndScale: 输入 1 颗, 星等容忍 3.00 mag
[INFO] [star_matcher] 星等一致性: 通过 1, 拒绝 0 (median_delta=-28.8750, tol=3.00 mag)
[INFO] [star_matcher] IRLS 初始: location=4.377432, MAD=0.000000, S=0.000000
[INFO] [star_matcher] IRLS: S=0 (所有 r 相同), 跳过迭代
[INFO] [star_matcher] 亮度比例一致性:
[INFO]   - 输入匹配: 1
[INFO]   - 星等一致性通过: 1 (拒绝 0)
[INFO]   - IRLS inliers: 1 (outliers: 0)
[INFO]   - location(r) = 4.377432 (dex), scale = 10^(-location) = 4.193418e-05
[INFO]   - MAD(r) = 0.000000, S = 0.000000, sigma_residual = 0.000000
[INFO]   - r_inliers 范围: [4.377432, 4.377432] (spread 0.000000 dex = 0.000 mag)
[INFO] [star_matcher] 清洗完成: 保留 1, 排除 0 (无效/星等不一致/IRLS离群)
[pc_api] 匹配+清洗完成: 1 颗, scale=4.193418e-05, sigma_residual=0.000000
[image_corrector] 图像校正: 4096x4096, scale=4.193418e-05, 并行16线程
[image_corrector] 校正完成
[pc_api] ====== pc_calibrate_simple_with_gaia 完成: n_matched=1, scale=4.193418e-05, sigma_residual=0.000000 ======
[2026-07-27 13:22:52][INFO][orchestrator] [PHOTOMETRIC] 完成: n_matched=1, scale=0.000042, sigma_residual=0.000000
[2026-07-27 13:22:52][DEBUG][PIPELINE] remove_block: 'data' removed (n_blocks=4)
[2026-07-27 13:22:52][DEBUG][PIPELINE] add_block_move: 'data' type=0 count=16777216 (moved ptr=000001e184c7b040)
[2026-07-27 13:22:52][INFO][orchestrator] [PHOTOMETRIC] photo_stats 已写入
[2026-07-27 13:22:52][INFO][orchestrator] [0.040504s] PHOTOMETRIC 完成
[2026-07-27 13:22:52][INFO][orchestrator] ---------- stage1 阶段: SNR ----------
[2026-07-27 13:22:52][INFO][orchestrator] [SNR] 开始
[2026-07-27 13:22:52][INFO][orchestrator] [SNR] SIP 前向系数加载: A_ORDER=3 B_ORDER=3 (P03-004 WCS+SIP 一致性)
[2026-07-27 13:22:52][INFO][orchestrator] [SNR] n_stars=916 sigma_residual=0.000000 CRVAL=(5.371578,22.441062) CRPIX=(2048.500000,2048.500000) SIP(a_order=3, b_order=3)
[snr_model] degenerate: sigma_residual=0 <= 0
[2026-07-27 13:22:52][WARN][orchestrator] [SNR] sigma_residual<=0, 降级跳过 snr_model 块
[2026-07-27 13:22:52][INFO][orchestrator] [0.000257s] SNR 完成
[2026-07-27 13:22:52][INFO][orchestrator] ---------- stage1 阶段: DRIZZLE ----------
[2026-07-27 13:22:52][INFO][orchestrator] [DRIZZLE] 开始
[2026-07-27 13:22:52][INFO][orchestrator] [NSIDE] 自适应: pixel_scale=0.959"/px, strategy=1x_to_2x_drizzle, nside=2048
[2026-07-27 13:22:52][INFO][orchestrator] [DRIZZLE] nside=2048 (strategy=1x_to_2x_drizzle, override=0, cd11=-0.000002 cd12=0.000266), pixfrac=1.000, nested=1
[2026-07-27 13:22:52][INFO][orchestrator] [DRIZZLE] 输出: F:\Astro dev\Astro CS Normalization Database\engineering\evidence\P07-002\output\batch_C006.hiss
[hp_drizzle_api] hp_drizzle_run: 开始 (nside=2048, nested=1, pixfrac=1.0000, output=F:\Astro dev\Astro CS Normalization Database\engineering\evidence\P07-002\output\batch_C006.hiss)
[hp_drizzle_api] hp_drizzle_run: data 块 4096x4096 float32
[hp_drizzle_api] hp_drizzle_run: WCS CRVAL=(5.371578,22.441062) CRPIX=(2048.500,2048.500) CD=[-1.967e-06,2.663e-04,-2.664e-04,-1.836e-06]
[hp_drizzle_api] hp_drizzle_run: SIP A_ORDER=3 B_ORDER=3 AP_ORDER=3 BP_ORDER=3
[hp_drizzle_api] hp_drizzle_run: 无 snr_model 块, 使用 nullptr (snr=1.0)
[wcs_sip] WCS 初始化: CRVAL=(5.371578, 22.441062)°, CRPIX=(2048.500, 2048.500), CD=[-1.967e-06, 2.663e-04; -2.664e-04, -1.836e-06], det=7.093e-08
[wcs_sip] SIP: A/B order=3, AP/BP order=3
[drizzle_engine] HEALPix: nside=2048 nested=1 npix=50331648 res=103.06"
[drizzle_engine] 完成: 16777216 源像素 → 1561 HEALPix 像素, 耗时 14.987s
[hp_drizzle_api] hp_drizzle_run: Drizzle 完成 (16777216 源像素 → 1561 HEALPix 像素, 耗时 14.987s)
[hp_drizzle_api] hp_drizzle_run: 写入 .hiss (filter=Red, exptime=600.0, date=2025-10-11T02:08:54, fits_meta=15)
[drizzle_engine] 写入 1561 个 HEALPix 像素到 F:\Astro dev\Astro CS Normalization Database\engineering\evidence\P07-002\output\batch_C006.hiss
[drizzle_engine] hiss_write: meta_json=721 bytes, has_snr=false
[hio] hiss_write: path=F:\Astro dev\Astro CS Normalization Database\engineering\evidence\P07-002\output\batch_C006.hiss nside=2048 nested=1 n_pix=1561 has_snr=0
[hio] hiss_write: JSON 头 777 -> 542 字节 (zstd level=5, snr_format=0)
[hio] hiss_write: 写入完成: F:\Astro dev\Astro CS Normalization Database\engineering\evidence\P07-002\output\batch_C006.hiss (has_snr=0)
[drizzle_engine] 写入成功: F:\Astro dev\Astro CS Normalization Database\engineering\evidence\P07-002\output\batch_C006.hiss (1561 像素)
[hp_drizzle_api] hp_drizzle_run: .hiss 已写入 F:\Astro dev\Astro CS Normalization Database\engineering\evidence\P07-002\output\batch_C006.hiss
[2026-07-27 13:23:07][INFO][orchestrator] [DRIZZLE] 完成: n_healpix=1561 n_source=16777216 耗时=14.987177s
[2026-07-27 13:23:07][INFO][orchestrator] [15.042366s] DRIZZLE 完成
[2026-07-27 13:23:07][DEBUG][PIPELINE] frame_destroy: ok
[2026-07-27 13:23:07][INFO][orchestrator] ========== stage1 完成 (成功) ==========
[2026-07-27 13:23:07][INFO][orchestrator] [PLATESOLVE] 释放环境资源
[2026-07-27 13:23:07][INFO][SDET] StarDetector destroyed
[2026-07-27 13:23:07][INFO][orchestrator] 析构完成
[dll_loader] 卸载所有模块
[dll_loader] 卸载模块 CALIBRATE
[dll_loader] 卸载模块 PLATESOLVE
[dll_loader] 卸载模块 PSF
[dll_loader] 卸载模块 PHOTOMETRIC
[dll_loader] 卸载模块 SNR
[dll_loader] 卸载模块 DRIZZLE
[dll_loader] 卸载模块 GRADIENT_SPHERE
[dll_loader] 卸载模块 AIO
