[2026-07-27 13:23:10][INFO][logger] 日志系统初始化完成 (log_dir=lib/orchestrator/logs, level=INFO)
[2026-07-27 13:23:10][INFO][orchestrator] 初始化编排器 (骨架版本)
[2026-07-27 13:23:10][INFO][orchestrator] 可用线程数: 16
[2026-07-27 13:23:10][INFO][orchestrator] 加载配置: F:\Astro dev\Astro CS Normalization Database\engineering\evidence\P07-002\configs\stage1_config_T4.json
[2026-07-27 13:23:10][INFO][orchestrator] 配置文件大小: 1972 字节
[2026-07-27 13:23:10][INFO][orchestrator] 检查点目录: output\.checkpoint
[2026-07-27 13:23:10][INFO][orchestrator] 日志级别设置为: INFO
[2026-07-27 13:23:10][INFO][orchestrator] 配置线程数: 0 (0=自动检测)
[2026-07-27 13:23:10][INFO][orchestrator] 配置 Gaia 数据目录: GaiaDR3SP
[2026-07-27 13:23:10][INFO][orchestrator] 配置加载完成 (P03-002: log_level/threads/gaia_data_dir 已解析)
[2026-07-27 13:23:10][INFO][orchestrator] ========== stage1: 单帧预处理 (FITS -> .hiss) ==========
[2026-07-27 13:23:10][INFO][orchestrator] 输入 FITS: F:\Astro dev\Astro CS Normalization Database\testdata\Victory_Nebula_T4_Flying_Dutchman\lights\Victory_Nebula_mosaic1_flying_dutchman-20250204@035646-180S-Lum.fts
[2026-07-27 13:23:10][INFO][orchestrator] 输出 .hiss: F:\Astro dev\Astro CS Normalization Database\engineering\evidence\P07-002\output\batch_C007.hiss
[2026-07-27 13:23:10][INFO][orchestrator] 配置 JSON: {
  "_comment": "P05-002 stage1 config for T4 (4500x3600) frames - Galaxy_Center/Victory_Nebula",
  "project_root": ".",
  "gaia_data_dir": "GaiaDR3SP",
  "calibration_dir": "testdata/T4 calibration files",
  "output_root": "engineering/evidence/P05-002/hiss",
  "stages": [
    "read_fits",
    "calibrate",
    "platesolve",
    "psf",
    "photometric",
    "snr",
    "drizzle"
  ],
  "frame": {
    "id": "T4_canonical",
    "light_path": "",
    "filter": "",
    "qe_curve": "GSENSE2020BSI"
  },
  "calibration": {
    "_comment": "P03-001: master_*_path 为空时从 calibration_dir + 帧尺寸/曝光/滤镜 自动推导",
    "master_bias_path": "",
    "master_dark_path": "",
    "master_flat_path": "",
    "require_size_match": true,
    "require_exposure_match": true,
    "exposure_tolerance_s": 0.5,
    "require_temperature_match": false,
    "temperature_tolerance_c": 1.0,
    "allow_no_calibration": false,
    "dark_optimization": 0,
    "dark_scale_factor": 1.0
  },
  "platesolve": {
    "_comment": "P03-002: initial_ra/dec 为空时从 FITS header OBJCTRA/DEC 读取",
    "initial_ra": "",
    "initial_dec": "",
    "focal_length": 0.0,
    "pixel_size": 0.0,
    "max_stars": 2000,
    "log_dir": "lib/plate_solve/logs"
  },
  "psf": {
    "_comment": "P03-002: PSF 拟合参数",
    "fit_radius": 8,
    "max_iter": 100,
    "tolerance": 1.0e-6,
    "max_stars": 2000
  },
  "photometric": {
    "_comment": "P03-002: 测光校准参数 (mag_max 内部自适应迭代)",
    "mag_min": 6.0,
    "mag_max": 16.0,
    "fov_radius_deg": 0.0,
    "filters_json": "lib/photometric_calib/data/response_curves/filters.json",
    "qe_curves_json": "lib/photometric_calib/data/response_curves/qe_curves.json"
  },
  "drizzle": {
    "_comment": "P03-002: Drizzle 参数 (pixfrac=1.0 避免缝隙)",
    "nside_strategy": "1x_to_2x_drizzle",
    "nside_override": 0,
    "pixfrac": 1.0,
    "nested": true
  },
  "log_level": "INFO",
  "threads": 0
}

[2026-07-27 13:23:10][INFO][orchestrator] P04-004: 取消/超时标志已重置
[2026-07-27 13:23:10][INFO][orchestrator] 自动推导项目根目录: F:\Astro dev\Astro CS Normalization Database
[2026-07-27 13:23:10][INFO][orchestrator] 初始化 DLL 加载 (lib_base_dir=F:\Astro dev\Astro CS Normalization Database)
[dll_loader] 开始加载所有模块 (lib_base_dir=F:\Astro dev\Astro CS Normalization Database)
[dll_loader] 设置运行时 DLL 搜索路径: C:\msys64\mingw64\bin
[dll_loader] 加载模块 AIO: F:\Astro dev\Astro CS Normalization Database/lib/astro_image_io/astro_image_io.dll
[dll_loader] 模块 AIO 加载成功 (handle=0x7fff68040000)
[dll_loader] 预加载 astro_image_io.dll (依赖前置) handle=0x7fff68040000
[dll_loader] 加载模块 CALIBRATE: F:\Astro dev\Astro CS Normalization Database/lib/calibration/astro_calibration.dll
[dll_loader] 模块 CALIBRATE 加载成功 (handle=0x7ff8021b0000)
[dll_loader] 加载模块 PLATESOLVE: F:\Astro dev\Astro CS Normalization Database/lib/plate_solve/cpp/ipv/ipv_solver.dll
[dll_loader] 模块 PLATESOLVE 加载成功 (handle=0x7fff63ec0000)
[dll_loader] 加载模块 PSF: F:\Astro dev\Astro CS Normalization Database/lib/dynamic_psf/dynamic_psf.dll
[dll_loader] 模块 PSF 加载成功 (handle=0x7ff85ada0000)
[dll_loader] 预加载 gaia_client.dll (依赖前置) handle=0x7ff8a7e90000
[dll_loader] 加载模块 PHOTOMETRIC: F:\Astro dev\Astro CS Normalization Database/lib/photometric_calib/cpp/photometric_calib.dll
[dll_loader] 模块 PHOTOMETRIC 加载成功 (handle=0x7fff5e850000)
[dll_loader] 加载模块 SNR: F:\Astro dev\Astro CS Normalization Database/lib/snr_estimator/cpp/snr_estimator.dll
[dll_loader] 模块 SNR 加载成功 (handle=0x7fff5bfc0000)
[dll_loader] 加载模块 DRIZZLE: F:\Astro dev\Astro CS Normalization Database/lib/healpix_db/healpix_drizzle/healpix_drizzle.dll
[dll_loader] 模块 DRIZZLE 加载成功 (handle=0x7fff5bf00000)
[dll_loader] 加载模块 GRADIENT_SPHERE: F:\Astro dev\Astro CS Normalization Database/lib/healpix_db/healpix_stack/healpix_stack.dll
[dll_loader] 模块 GRADIENT_SPHERE 加载成功 (handle=0x7fff5be10000)
[dll_loader] 加载模块 STACK: F:\Astro dev\Astro CS Normalization Database/lib/healpix_db/healpix_stack/healpix_stack.dll
[dll_loader] 模块 STACK 加载成功 (handle=0x7fff5be10000)
[dll_loader] 全部模块加载成功
[2026-07-27 13:23:10][INFO][orchestrator] 全部 9 个模块加载成功
[2026-07-27 13:23:10][INFO][orchestrator]   AIO 版本: unknown
[2026-07-27 13:23:10][INFO][orchestrator]   CALIBRATE 版本: Astro Calibration C++ v1.0.0
[2026-07-27 13:23:10][INFO][orchestrator]   PLATESOLVE 版本: unknown
[2026-07-27 13:23:10][INFO][orchestrator]   PSF 版本: unknown
[2026-07-27 13:23:10][INFO][orchestrator]   PHOTOMETRIC 版本: unknown
[2026-07-27 13:23:10][INFO][orchestrator]   SNR 版本: unknown
[2026-07-27 13:23:10][INFO][orchestrator]   DRIZZLE 版本: unknown
[2026-07-27 13:23:10][INFO][orchestrator]   GRADIENT_SPHERE 版本: unknown
[2026-07-27 13:23:10][INFO][orchestrator]   STACK 版本: unknown
[dll_loader] CALIBRATE 线程数设置为 16
[2026-07-27 13:23:10][INFO][orchestrator] CALIBRATE 线程数: 16
[2026-07-27 13:23:10][DEBUG][PIPELINE] frame_create: ok
[2026-07-27 13:23:10][INFO][orchestrator] ---------- stage1 阶段: READ_FITS ----------
[2026-07-27 13:23:10][INFO][orchestrator] [READ_FITS] 开始: F:\Astro dev\Astro CS Normalization Database\testdata\Victory_Nebula_T4_Flying_Dutchman\lights\Victory_Nebula_mosaic1_flying_dutchman-20250204@035646-180S-Lum.fts
[2026-07-27 13:23:10][INFO][FITS] Reading: F:\Astro dev\Astro CS Normalization Database\testdata\Victory_Nebula_T4_Flying_Dutchman\lights\Victory_Nebula_mosaic1_flying_dutchman-20250204@035646-180S-Lum.fts
[2026-07-27 13:23:10][INFO][FITS] Header: BITPIX=16 NAXIS=2 NAXIS1=4500 NAXIS2=3600 NAXIS3=0 BSCALE=1.0 BZERO=32768.0 keywords=68
[2026-07-27 13:23:10][INFO][FITS] Applying BSCALE=1.000000 BZERO=32768.000000
[2026-07-27 13:23:10][INFO][FITS] Read OK: 4500x3600 1ch BITPIX=16
[2026-07-27 13:23:10][INFO][API] aio_read_fits: 0.034 s
[2026-07-27 13:23:10][INFO][orchestrator] [READ_FITS] 图像尺寸: 4500x3600
[2026-07-27 13:23:10][DEBUG][PIPELINE] add_block: 'data' type=0 count=16200000 (64800000 bytes)
[2026-07-27 13:23:10][INFO][orchestrator] [READ_FITS] FITS 关键字数: 68
[2026-07-27 13:23:10][INFO][orchestrator] [READ_FITS] 完成
[2026-07-27 13:23:10][INFO][orchestrator] [0.045795s] READ_FITS 完成
[2026-07-27 13:23:10][INFO][orchestrator] ---------- stage1 阶段: CALIBRATE ----------
[2026-07-27 13:23:10][INFO][orchestrator] [CALIBRATE] 开始
[2026-07-27 13:23:10][INFO][orchestrator] [CALIBRATE] 图像: 4500x3600 (16200000 像素)
[2026-07-27 13:23:10][INFO][orchestrator] [CALIBRATE] 帧元数据: EXPTIME=180.000000s, FILTER='Lum', CCD-TEMP=-20.000000C
[2026-07-27 13:23:10][INFO][orchestrator] [CALIBRATE] calibration_dir: F:\Astro dev\Astro CS Normalization Database\testdata/T4 calibration files
[2026-07-27 13:23:10][INFO][orchestrator] [CALIBRATE] 自动推导 master_bias_path: F:\Astro dev\Astro CS Normalization Database\testdata/T4 calibration files\masterBias_BIN-1_4500x3600.xisf
[2026-07-27 13:23:10][INFO][orchestrator] [CALIBRATE] 自动推导 master_dark_path: F:\Astro dev\Astro CS Normalization Database\testdata/T4 calibration files\masterDark_BIN-1_4500x3600_EXPOSURE-180.00s.xisf
[2026-07-27 13:23:10][INFO][orchestrator] [CALIBRATE] 自动推导 master_flat_path: F:\Astro dev\Astro CS Normalization Database\testdata/T4 calibration files\masterFlat_BIN-1_4500x3600_FILTER-Lum_mono.xisf
[2026-07-27 13:23:10][INFO][XISF] Reading: F:\Astro dev\Astro CS Normalization Database\testdata/T4 calibration files\masterBias_BIN-1_4500x3600.xisf
[2026-07-27 13:23:10][INFO][XISF] XML header length: 47448 bytes
[2026-07-27 13:23:10][INFO][XISF] Image: 4500x3600x1 fmt=Float32 byteOrder= offset=49152 size=64800000
[2026-07-27 13:23:10][INFO][XISF] Byte order: file= system=little swap=0
[2026-07-27 13:23:10][INFO][XISF] Read OK: 4500x3600 1ch fmt=Float32 keywords=492
[2026-07-27 13:23:10][INFO][API] aio_read_xisf: 0.036 s
[2026-07-27 13:23:10][INFO][orchestrator] [CALIBRATE] 加载 Master: F:\Astro dev\Astro CS Normalization Database\testdata/T4 calibration files\masterBias_BIN-1_4500x3600.xisf (4500x3600)
[2026-07-27 13:23:10][INFO][XISF] Reading: F:\Astro dev\Astro CS Normalization Database\testdata/T4 calibration files\masterDark_BIN-1_4500x3600_EXPOSURE-180.00s.xisf
[2026-07-27 13:23:10][INFO][XISF] XML header length: 19932 bytes
[2026-07-27 13:23:10][INFO][XISF] Image: 4500x3600x1 fmt=Float32 byteOrder= offset=20480 size=64800000
[2026-07-27 13:23:10][INFO][XISF] Byte order: file= system=little swap=0
[2026-07-27 13:23:10][INFO][XISF] Read OK: 4500x3600 1ch fmt=Float32 keywords=192
[2026-07-27 13:23:10][INFO][API] aio_read_xisf: 0.037 s
[2026-07-27 13:23:10][INFO][orchestrator] [CALIBRATE] 加载 Master: F:\Astro dev\Astro CS Normalization Database\testdata/T4 calibration files\masterDark_BIN-1_4500x3600_EXPOSURE-180.00s.xisf (4500x3600)
[2026-07-27 13:23:10][WARN][orchestrator] [CALIBRATE] Master 文件不存在: F:\Astro dev\Astro CS Normalization Database\testdata/T4 calibration files\masterFlat_BIN-1_4500x3600_FILTER-Lum_mono.xisf
[2026-07-27 13:23:10][INFO][orchestrator] [CALIBRATE] master_dark 曝光时间匹配: dark=180.000000s vs frame=180.000000s (diff=0.000000s)
[2026-07-27 13:23:10][INFO][orchestrator] [CALIBRATE] 调用 ac_calibrate_frame: dark_opt=0, k_init=1.000000, has_bias=true, has_dark=true, has_flat=false
[2026-07-27 13:23:10][INFO][orchestrator] [CALIBRATE] 校准统计: light_mean=1994.492376 -> out_mean=1994.475601, bias_mean=0.013990, dark_mean=0.016775, flat_mean=0.000000, actual_k=1.000000
[2026-07-27 13:23:10][DEBUG][PIPELINE] remove_block: 'data' removed (n_blocks=1)
[2026-07-27 13:23:10][DEBUG][PIPELINE] add_block_move: 'data' type=0 count=16200000 (moved ptr=0000021f1011e040)
[2026-07-27 13:23:10][INFO][orchestrator] [CALIBRATE] cal_stats 已写入 (CALIBRATION_STATUS=APPLIED)
[2026-07-27 13:23:10][INFO][orchestrator] [CALIBRATE] 完成 (实际应用 Bias/Dark/Flat)
[2026-07-27 13:23:10][INFO][orchestrator] [0.431257s] CALIBRATE 完成
[2026-07-27 13:23:10][INFO][orchestrator] ---------- stage1 阶段: PLATESOLVE ----------
[2026-07-27 13:23:10][INFO][orchestrator] [PLATESOLVE] 开始
[2026-07-27 13:23:10][INFO][orchestrator] [PLATESOLVE] 初始化环境 (gaia_client + star_detector + ipv_solver)
[2026-07-27 13:23:10][INFO][orchestrator] [PLATESOLVE] gaia_client.dll 加载成功
[2026-07-27 13:23:10][INFO][orchestrator] [PLATESOLVE] star_detector.dll 加载成功
[2026-07-27 13:23:10][INFO][orchestrator] [PLATESOLVE] Gaia 数据目录: F:\Astro dev\Astro CS Normalization Database\GaiaDR3SP (来自 config)
[2026-07-27 13:23:10][INFO][orchestrator] [PLATESOLVE] GaiaClient 创建成功 (data_dir=F:\Astro dev\Astro CS Normalization Database\GaiaDR3SP)
[2026-07-27 13:23:10][INFO][SDET] StarDetector created (fitRadius=0, fwhmClipSigma=3.0, maxAxisRatio=2.0)
[2026-07-27 13:23:10][INFO][orchestrator] [PLATESOLVE] StarDetector 创建成功 (fitRadius=0 自动, maxStars=2000)
[2026-07-27 13:23:10][INFO][orchestrator] [PLATESOLVE] IPVSolver 创建成功, 已注入 Gaia + StarDetector 句柄
[2026-07-27 13:23:10][INFO][orchestrator] [PLATESOLVE] 环境初始化完成
[2026-07-27 13:23:10][INFO][orchestrator] [PLATESOLVE] 图像: 4500x3600
[2026-07-27 13:23:10][INFO][orchestrator] [PLATESOLVE] 初始指向: OBJCTRA='12 30 00.00' -> ra0=187.500000deg, OBJCTDEC='-78 51 00.0' -> dec0=-78.850000deg
[2026-07-27 13:23:10][INFO][orchestrator] [PLATESOLVE] 焦距=200.000000mm, 像素尺寸=6.000000um
[2026-07-27 13:23:10][INFO][orchestrator] [PLATESOLVE] 调用 ipv_solve_from_memory_with_callback (路径B callback 导出) ...
[2026-07-27 13:23:10][INFO] ==== IPVSolver::solve_from_memory_with_callback 开始 (P02-002 路径 B) ====
[2026-07-27 13:23:10][INFO]   pixels=4500x3600 (内存数据)
[2026-07-27 13:23:10][INFO]   ra0=187.500000 deg, dec0=-78.850000 deg
[2026-07-27 13:23:10][INFO]   focal_length=200.000 mm, pixel_size=6.000 um
[2026-07-27 13:23:10][INFO]   callback=ENABLED
[2026-07-27 13:23:10][INFO] === ipv_select_from_memory_with_callback 启动 (路径 B) ===
[2026-07-27 13:23:10][INFO] ipv_select: 依赖 DLL 全部加载成功
[2026-07-27 13:23:10][INFO] Step 1: 使用内存像素数据 4500×3600
[2026-07-27 13:23:10][INFO] Step 2: 星点检测 (sdet_detect_ex)
[2026-07-27 13:23:10][INFO][SDET] sdet_detect_ex start: 4500x3600
[2026-07-27 13:23:10][DEBUG][SDET] [1] uint16→float: 16.3 ms
[2026-07-27 13:23:10][DEBUG][SDET] [2] Gaussian YvV smooth (sigma=2.0): 65.8 ms
[2026-07-27 13:23:11][INFO][SDET] peaker: median=1906.0000 bgnoise=49.5990 threshold=2153.9951 (median+5*bgnoise)
[2026-07-27 13:23:11][DEBUG][SDET] [3] Threshold: 321.8 ms
[2026-07-27 13:23:11][INFO][SDET] peaker: bg=1906.0 maxi=65534.0 norm=65535.0 dynrange=63628.0 minsatlevel=44539.6 satrange=6362.8 s_factor=3.7169 locthreshold=247.9952
[2026-07-27 13:23:11][DEBUG][SDET] [4] peaker: 71.1 ms (17338 candidates, full peaker 7-step)
[2026-07-27 13:23:11][INFO][SDET] Candidates: 17338
[2026-07-27 13:23:11][INFO][SDET] Peaker stages: pass_threshold=969581 pass_localmax=24071 pass_count3=23909 pass_boundary=23909 | cond_meanhigh=166 cond_platform=13493 sat_both=30 nonsat=23879
[2026-07-27 13:23:11][INFO][SDET] Auto fitRadius: med_pixels=42 fwhm_est=3.18 auto_radius=9 actual=9
[2026-07-27 13:23:11][INFO][SDET] Task6 candidates sorted by mag_est (desc): maxstars=2000 candidates=17338
[2026-07-27 13:23:12][DEBUG][SDET] [6] Moffat4 fit: 1016.1 ms (17144/17338 OK)
[2026-07-27 13:23:12][INFO][SDET] Moffat4 fit: 17144/17338 OK
[2026-07-27 13:23:12][INFO][SDET] === Fit statistics by pixel count ===
[2026-07-27 13:23:12][INFO][SDET]   px[5-9]: total=328 ok=320(97.6%) invalid=0 noconv=8 iterlimit=0
[2026-07-27 13:23:12][INFO][SDET]   px[10-19]: total=2316 ok=2281(98.5%) invalid=0 noconv=35 iterlimit=0
[2026-07-27 13:23:12][INFO][SDET]   px[20-49]: total=6768 ok=6683(98.7%) invalid=0 noconv=85 iterlimit=0
[2026-07-27 13:23:12][INFO][SDET]   px[50-99]: total=5437 ok=5396(99.2%) invalid=0 noconv=41 iterlimit=0
[2026-07-27 13:23:12][INFO][SDET]   px[100-299]: total=1714 ok=1705(99.5%) invalid=0 noconv=9 iterlimit=0
[2026-07-27 13:23:12][DEBUG][SDET] [7] FWHM stats: 3.2 ms (med=1.4600 mad=0.2893)
[2026-07-27 13:23:12][INFO][SDET] FWHM stats: med=1.4600 mad=0.2893 (from 17144 fitted stars)
[2026-07-27 13:23:12][DEBUG][SDET] [8] Build normal stars: 12.8 ms (16326 stars, fit_fail=194 fwhm=0 round=624 reject=194)
[2026-07-27 13:23:12][INFO][SDET] Normal stars: 16326 (fit_fail=194 fwhm=0 roundness=624 reject=194)
[2026-07-27 13:23:12][DEBUG][SDET] [9] Saturated star detection skipped (V4.52: use A>dynrange from peaker): 0.7 ms
[2026-07-27 13:23:12][DEBUG][SDET] [10a] Dedup: 5.2 ms
[2026-07-27 13:23:12][DEBUG][SDET] [10b] Sort: 1.4 ms
[2026-07-27 13:23:12][INFO][SDET] After dedup+sort: 16326 stars (saturated=1403 normal=14923)
[2026-07-27 13:23:12][INFO][SDET] sdet_detect_ex done: 2000 stars (sat=1403 normal=14923), 1.515 s
[2026-07-27 13:23:12][INFO]   检测到星点: 2000 颗 (饱和 1375, 正常 625)
[2026-07-27 13:23:12][INFO] Step 2.5: 调用 callback 导出 detections (路径 B)
[2026-07-27 13:23:12][INFO]   callback 完成, 源缓冲区已由 callback 复制
[2026-07-27 13:23:12][INFO] Step 3: 图像侧选星
[2026-07-27 13:23:12][INFO] 选星: 按 mag(box积分) 升序取前 60 颗 (含饱和 59 颗)
[2026-07-27 13:23:12][INFO]   U 向量组: 60×2 (s0=6.1879"/px)
[2026-07-27 13:23:12][INFO] Step 4: FOV/密度计算
[2026-07-27 13:23:12][INFO] FOV计算: s0=6.1879"/px, FOV_diag=9.9056°, query_r=5.4481°, img_area=47.86341°², query_area=93.24654°², rho_img=1.25, rho_target=1.88, n_target=60
[2026-07-27 13:23:12][INFO] Step 5: V4.9 密度公式估算极限星等 (替代迭代)
[2026-07-27 13:23:12][INFO] 密度估算极限星等: G=9.815 (n_required=60, area=93.2465°², rho_target=0.64/°²)
[2026-07-27 13:23:12][INFO] Step 6: 用 m_lim=9.815 查询 Gaia 星表
[2026-07-27 13:23:24][INFO] Step 7: Gnomonic 投影 + FOV 过滤
[2026-07-27 13:23:24][INFO]   W 向量组: 60×2 (FOV 内 441, 取最亮 60, gaia_ra/dec 已保存)
[2026-07-27 13:23:24][INFO] === ipv_select_from_memory_with_callback 完成 (路径 B) ===
[2026-07-27 13:23:24][INFO] === triangle_match 开始: N_U=60, N_W=60, n_A0=60, n_B0=60, tol=0.0020, s0=6.1879 ===
[2026-07-27 13:23:24][INFO] triangle_match: stage=0, nA=60, nB=60
[2026-07-27 13:23:24][INFO] triangle_match_single: n_A=60, n_B=60, tol=0.0020, s0=6.1879, scale=[0.1347,0.2020]
[2026-07-27 13:23:24][DEBUG] stars_to_triangles: N=60, expected=34220, valid=34220, skipped_degenerate=0 (并行, 16 线程)
[2026-07-27 13:23:24][DEBUG] stars_to_triangles: prune_triangle_array ba>0.9 剪枝: before=34220, after=25485, pruned=8735
[2026-07-27 13:23:24][DEBUG] stars_to_triangles: N=60, expected=34220, valid=34220, skipped_degenerate=0 (并行, 16 线程)
[2026-07-27 13:23:24][DEBUG] stars_to_triangles: prune_triangle_array ba>0.9 剪枝: before=34220, after=25040, pruned=9180
[2026-07-27 13:23:25][INFO] make_vote_matrix: n_A=25485, n_B=25040, matched_triangles=37220, vote_matrix=60x60, scale_rejected=54404 (range=[0.1347,0.2020]) [并行 16 线程]
[2026-07-27 13:23:25][INFO] top_vote_getters: 矩阵=60x60, 候选对数(vote>=2)=3597, top_n=60
[2026-07-27 13:23:25][INFO] top_vote_getters: V4.25 去重后 top_pairs=60, 去重剔除=1353
[2026-07-27 13:23:25][INFO]   [调试] top[0]: u=14 w=39, votes=698
[2026-07-27 13:23:25][INFO]   [调试] top[1]: u=25 w=37, votes=698
[2026-07-27 13:23:25][INFO]   [调试] top[2]: u=30 w=34, votes=696
[2026-07-27 13:23:25][INFO]   [调试] top[3]: u=0 w=0, votes=695
[2026-07-27 13:23:25][INFO]   [调试] top[4]: u=22 w=26, votes=694
[2026-07-27 13:23:25][INFO]   [调试] top[5]: u=34 w=32, votes=684
[2026-07-27 13:23:25][INFO]   [调试] top[6]: u=4 w=5, votes=672
[2026-07-27 13:23:25][INFO]   [调试] top[7]: u=2 w=2, votes=663
[2026-07-27 13:23:25][INFO]   [调试] top[8]: u=54 w=47, votes=662
[2026-07-27 13:23:25][INFO]   [调试] top[9]: u=13 w=42, votes=661
[2026-07-27 13:23:25][INFO] triangle_match_single 完成: tri_A=25485, tri_B=25040, vote_matrix=60x60, max_vote=698, 候选对数(vote>=2)=3597, top_pairs=60
[2026-07-27 13:23:25][INFO] triangle_match: stage=0 成功 (max_vote=698 >= 3), 停止自适应
[2026-07-27 13:23:25][INFO] === triangle_match 结束: tri_A=25485, tri_B=25040, top_pairs=60, max_vote=698, success=1 ===
[2026-07-27 13:23:25][INFO] [P02-002] n_target=60, max_vote=698, threshold=2
[2026-07-27 13:23:25][INFO]   [阶段] triangle_match (n=60): 107.43 ms, max_vote=698, top_pairs=60, success=1
[2026-07-27 13:23:25][INFO]   [阶段] triangle_match: 108.22 ms, n_target_used=60
[2026-07-27 13:23:25][INFO]   N_U=60, N_W=60, s0=6.1879 arcsec/px, img=4500x3600, fov_diag=9.9056 deg
[2026-07-27 13:23:25][INFO] iter_trans_solve: U=60, W=60, initial_pairs=60, tol=5.00, order=3
[2026-07-27 13:23:25][DEBUG] calc_trans_general: order=3, n_pairs=20, 拟合成功
[2026-07-27 13:23:25][INFO] iter_trans_inner: 初始拟合完成, 初始工作集=20, order=3
[2026-07-27 13:23:25][INFO]   [调试] 初始 TRANS: x00=32.0986 y00=118.4840, x10=-6.305949 x01=-0.130036 y10=-0.128819 y01=6.305237
[2026-07-27 13:23:25][INFO]   [调试] 初始对[0]: u=14 w=39, U=(-2154.28,-1630.59), W=(13784.22,-9850.87), pred=(13784.11,-9850.82), dist=0.1237" (dx=-0.12 dy=0.04)
[2026-07-27 13:23:25][INFO]   [调试] 初始对[1]: u=25 w=37, U=(228.08,-370.06), W=(-1358.10,-2244.07), pred=(-1357.74,-2243.93), dist=0.3853" (dx=0.36 dy=0.14)
[2026-07-27 13:23:25][INFO]   [调试] 初始对[2]: u=30 w=34, U=(642.05,25.06), W=(-4020.05,194.59), pred=(-4019.36,193.94), dist=0.9470" (dx=0.69 dy=-0.65)
[2026-07-27 13:23:25][INFO]   [调试] 初始对[3]: u=0 w=0, U=(319.61,-283.90), W=(-1944.97,-1712.51), pred=(-1946.14,-1712.55), dist=1.1645" (dx=-1.16 dy=-0.04)
[2026-07-27 13:23:25][INFO]   [调试] 初始对[4]: u=22 w=26, U=(-41.83,-553.28), W=(368.30,-3363.86), pred=(368.06,-3363.91), dist=0.2538" (dx=-0.25 dy=-0.05)
[2026-07-27 13:23:25][INFO]   [调试] 初始对[5]: u=34 w=32, U=(-716.84,394.01), W=(4499.72,2694.64), pred=(4500.36,2694.67), dist=0.6494" (dx=0.65 dy=0.03)
[2026-07-27 13:23:25][INFO] iter_trans_inner: V4.23 工作集扩展 20->60 (nr=nbright)
[2026-07-27 13:23:25][DEBUG] iter 0: 绝对剔除 nr=60→41, nb=19
[2026-07-27 13:23:25][DEBUG] iter 0: sigma(35%)=0.292319 角秒²
[2026-07-27 13:23:25][DEBUG] iter 0: 相对剔除 nr=31, nb=29, rel_thresh=2.923185
[2026-07-27 13:23:25][DEBUG] calc_trans_general: order=3, n_pairs=31, 拟合成功
[2026-07-27 13:23:25][INFO] iter_trans_inner: 完成, nr=31, sig=0.6029, rms=0.6879, iters=1, success=1
[2026-07-27 13:23:25][INFO] iter_trans_solve: 第一轮 iter_trans 成功, inliers=31, rms=0.6879
[2026-07-27 13:23:25][INFO] at_match_lists: U=60, W=60, tol=5.00", U→W单向=41, W→U单向=41, 双向=41, 去重后=41
[2026-07-27 13:23:25][DEBUG] calc_trans_general: order=3, n_pairs=41, 拟合成功
[2026-07-27 13:23:25][INFO] at_recalc_trans: 二轮 sigma-clip (thresh=2.828", 剔除=1, 保留=40)
[2026-07-27 13:23:25][DEBUG] calc_trans_general: order=3, n_pairs=40, 拟合成功
[2026-07-27 13:23:25][INFO] at_recalc_trans: 二轮完成, n=40, sig=0.5678, sx=0.6360, sy=0.3723, rms=0.7370
[2026-07-27 13:23:25][INFO] at_recalc_trans: n=40, order=3, sig=0.5678, sx=0.6360, sy=0.3723, rms=0.7370
[2026-07-27 13:23:25][INFO] iter_trans_solve: 第一轮 refit 成功, inliers=40, rms=0.7370
[2026-07-27 13:23:25][INFO] at_match_lists: U=60, W=60, tol=5.00", U→W单向=41, W→U单向=41, 双向=41, 去重后=41
[2026-07-27 13:23:25][DEBUG] calc_trans_general: order=3, n_pairs=41, 拟合成功
[2026-07-27 13:23:25][INFO] at_recalc_trans: 二轮 sigma-clip (thresh=2.828", 剔除=1, 保留=40)
[2026-07-27 13:23:25][DEBUG] calc_trans_general: order=3, n_pairs=40, 拟合成功
[2026-07-27 13:23:25][INFO] at_recalc_trans: 二轮完成, n=40, sig=0.5678, sx=0.6360, sy=0.3723, rms=0.7370
[2026-07-27 13:23:25][INFO] at_recalc_trans: n=40, order=3, sig=0.5678, sx=0.6360, sy=0.3723, rms=0.7370
[2026-07-27 13:23:25][INFO] iter_trans_solve: 第二轮 refit 成功, inliers=40, rms=0.7370
[2026-07-27 13:23:25][INFO]   [阶段] iter_trans_solve: 14.49 ms, n_inliers=40, rms=0.7370, iters=3, success=1
[2026-07-27 13:23:25][INFO]   [诊断] iterative_reproject 入口: U.size=60, gaia_ra.size=60, gaia_dec.size=60, initial_inliers.size=40, s0=6.1879, img=4500x3600
[2026-07-27 13:23:25][INFO] iterative_reproject: 开始 (N_W=60, n_inliers=40, s0=6.1879"/px, max_iter=5, conv_thresh=0.0100")
[2026-07-27 13:23:25][INFO]   iter 0: ra_cur=187.500000 dec_cur=-78.850000, xi_center=32.0487" eta_center=118.7820", conv=123.0296" (thresh=0.0100")
[2026-07-27 13:23:25][INFO]   iter 0: 新中心 ra=187.545902 dec=-78.817001 (Δra=0.045902° Δdec=0.032999°)
[2026-07-27 13:23:25][DEBUG] calc_trans_general: order=3, n_pairs=40, 拟合成功
[2026-07-27 13:23:25][INFO] at_recalc_trans: n=40, order=3, sig=0.5680, sx=0.6360, sy=0.3722, rms=0.7370
[2026-07-27 13:23:25][INFO]   iter 0: at_recalc_trans 成功, n=40, sig=0.5680, rms=0.7370, x00=-0.0001 y00=-0.0002 (asec)
[2026-07-27 13:23:25][INFO]   iter 1: 收敛 (TRANS 常数项 = 0.0002" < 0.0100")
[2026-07-27 13:23:25][INFO] iterative_reproject: 完成 (收敛), ra=187.500000→187.545902 dec=-78.850000→-78.817001, n_matched=40 (固定), iters=1, conv=0.0002"
[2026-07-27 13:23:25][INFO]   [阶段] iterative_reproject: 5.37 ms, success=1, ra=187.500000→187.545902, dec=-78.850000→-78.817001, n_matched=40, iters=1, conv=0.0002"
[2026-07-27 13:23:25][INFO] at_match_lists: U=60, W=60, tol=5.00", U→W单向=41, W→U单向=41, 双向=41, 去重后=41
[2026-07-27 13:23:25][INFO]   [阶段] hi_order_rematch iter 0: n_matched=41 (min=10, order=3)
[2026-07-27 13:23:25][DEBUG] calc_trans_general: order=3, n_pairs=41, 拟合成功
[2026-07-27 13:23:25][INFO] at_recalc_trans: 二轮 sigma-clip (thresh=2.829", 剔除=1, 保留=40)
[2026-07-27 13:23:25][DEBUG] calc_trans_general: order=3, n_pairs=40, 拟合成功
[2026-07-27 13:23:25][INFO] at_recalc_trans: 二轮完成, n=40, sig=0.5680, sx=0.6360, sy=0.3722, rms=0.7370
[2026-07-27 13:23:25][INFO] at_recalc_trans: n=40, order=3, sig=0.5680, sx=0.6360, sy=0.3722, rms=0.7370
[2026-07-27 13:23:25][INFO] at_match_lists: U=60, W=60, tol=5.00", U→W单向=41, W→U单向=41, 双向=41, 去重后=41
[2026-07-27 13:23:25][DEBUG] calc_trans_general: order=3, n_pairs=41, 拟合成功
[2026-07-27 13:23:25][INFO] at_recalc_trans: 二轮 sigma-clip (thresh=2.829", 剔除=1, 保留=40)
[2026-07-27 13:23:25][DEBUG] calc_trans_general: order=3, n_pairs=40, 拟合成功
[2026-07-27 13:23:25][INFO] at_recalc_trans: 二轮完成, n=40, sig=0.5680, sx=0.6360, sy=0.3722, rms=0.7370
[2026-07-27 13:23:25][INFO] at_recalc_trans: n=40, order=3, sig=0.5680, sx=0.6360, sy=0.3722, rms=0.7370
[2026-07-27 13:23:25][INFO]   [阶段] hi_order_rematch iter 1: 收敛 (dn=0, drms=0.0000)
[2026-07-27 13:23:25][INFO]   [阶段] hi_order_rematch: 6.52 ms, n_matched=41, trans.order=3
[2026-07-27 13:23:25][INFO] ==== robust_refine_wcs 开始 (V4.30) ====
  U_full=2000, mag_full=2000, gaia=60
  ra0=187.545902, dec0=-78.817001, s0=6.1879"/px, fov=9.9056°, img=4500x3600
  initial_rms=0.5680", trans.order=3
[2026-07-27 13:23:25][INFO]   [robust_refine] 网格采样: FOV=9.906°, G_short=4, N_long=5, n_cells=20, quota=9, narrow_all=0, N_full=2000
[2026-07-27 13:23:25][INFO]   [robust_refine] 网格采样完成: 选中 180 颗 (上限 300, 下限 100)
[2026-07-27 13:23:25][INFO]   [robust_refine] NN 匹配: U=180, W=60, tol=1.136", Lowe通过=38, 双向=38
[2026-07-27 13:23:25][INFO]   [robust_refine] baseline: initial_rms=0.5680" (60星), U_pool RMS=0.5934" (180 星, matched=38)
[2026-07-27 13:23:25][INFO]   [robust_refine] NN 匹配: U=180, W=60, tol=1.187", Lowe通过=40, 双向=40
[2026-07-27 13:23:25][INFO]   [robust_refine] 空间一致性: 1/40 可疑 (K=8, σ=0.415")
[2026-07-27 13:23:25][INFO]   [robust_refine] iter 0: tol=1.187", matched=40, rms=0.5934"→0.6089", cd_Δ=0.0867%, damp=0.00e+00
[2026-07-27 13:23:25][INFO]   [robust_refine] NN 匹配: U=180, W=60, tol=0.913", Lowe通过=36, 双向=36
[2026-07-27 13:23:25][INFO]   [robust_refine] iter 1: tol=0.913", matched=36, rms=0.6089"→0.4816", cd_Δ=0.0257%, damp=0.00e+00
[2026-07-27 13:23:25][INFO]   [robust_refine] NN 匹配: U=180, W=60, tol=0.722", Lowe通过=31, 双向=31
[2026-07-27 13:23:25][INFO]   [robust_refine] iter 2: tol=0.722", matched=31, rms=0.4816"→0.3788", cd_Δ=0.1538%, damp=0.00e+00
[2026-07-27 13:23:25][INFO]   [robust_refine] NN 匹配: U=180, W=60, tol=0.379", Lowe通过=17, 双向=17
[2026-07-27 13:23:25][WARN]   [robust_refine] iter 3: matched=17 < 30, 回退
[2026-07-27 13:23:25][INFO] ==== robust_refine_wcs 成功 ====
  iter=3, matched=31, rms=0.3788" (0.0612 px), cd_Δ=0.1538%, pool=180
[2026-07-27 13:23:25][INFO]   [阶段] robust_refine: 成功, n_matched=31, rms=0.3788", iter=3, pool=180, cd_Δ=0.1538%
[2026-07-27 13:23:25][INFO]   [阶段] robust_refine: 9.16 ms
[2026-07-27 13:23:25][INFO]   [诊断] extract_wcs_sip 入口: trans.order=3, trans.valid=1, ra0=187.545902, dec0=-78.817001, img=4500x3600, s0=6.1879, U.size=2000, W.size=60, matched.size=31
[2026-07-27 13:23:25][INFO]   [V4.22] 清零 trans.x00/y00 (saved: x00=-0.4519, y00=-0.1526)
[2026-07-27 13:23:25][INFO] extract_wcs_sip: SIP A/B 解析公式成功, order=3
[2026-07-27 13:23:25][INFO] extract_wcs_sip: SIP AP/BP 网格反变换成功, ap_order=3, n_inv_coef=10, n_grid=49
[2026-07-27 13:23:25][INFO] extract_wcs_sip: CD=[-1.751638e-03 3.773252e-05; -3.718054e-05 -1.751411e-03], CRVAL=(187.545902, -78.817001), CRPIX=(2250.5, 1800.5), ctype=[RA---TAN-SIP, DEC--TAN-SIP], n_pairs=31, rms_px=0.0612, rms_arcsec=0.3788, trans_order=3, sip_order=3, ap_order=3
[2026-07-27 13:23:25][INFO]   [阶段] extract_wcs_sip: 3.40 ms, success=1, n_pairs=31, rms_px=0.061, rms_arcsec=0.379, trans_order=3, sip_order=3
[2026-07-27 13:23:25][INFO]   最终: n_pairs=31, rms_px=0.061, rms_arcsec=0.379, trans_order=3, sip_order=3, success=1
[2026-07-27 13:23:25][INFO] ==== IPVSolver::solve_from_memory_with_callback 完成 (P02-002 路径 B) ====
[2026-07-27 13:23:25][INFO][orchestrator] [PLATESOLVE] callback 导出: n_detected=2000, copied=true, wcs_result.n_detected=0
[2026-07-27 13:23:25][INFO][orchestrator] [PLATESOLVE] 求解成功: rms=0.378761arcsec, n_pairs=31, n_detected=0, n_catalog=0, trans_order=3
[2026-07-27 13:23:25][INFO][orchestrator] [PLATESOLVE] WCS 已写入: CTYPE1=RA---TAN-SIP, CRVAL=(187.545902, -78.817001), CRPIX=(2250.500000, 1800.500000)
[2026-07-27 13:23:25][INFO][orchestrator] [PLATESOLVE] SIP 已写入: order=3, ap_order=3
[2026-07-27 13:23:25][DEBUG][PIPELINE] add_block: 'star_det' type=0 count=8000 (32000 bytes)
[2026-07-27 13:23:25][INFO][orchestrator] [PLATESOLVE] star_det 块已写入 (路径B): 2000 颗星
[2026-07-27 13:23:25][INFO][orchestrator] [PLATESOLVE] 完成
[2026-07-27 13:23:25][INFO][orchestrator] [14.579611s] PLATESOLVE 完成
[2026-07-27 13:23:25][INFO][orchestrator] ---------- stage1 阶段: PSF ----------
[2026-07-27 13:23:25][INFO][orchestrator] [PSF] 开始
[2026-07-27 13:23:25][INFO][orchestrator] [PSF] 图像: 4500x3600
[2026-07-27 13:23:25][INFO][orchestrator] [PSF] star_det: 2000 颗星
[2026-07-27 13:23:25][INFO][orchestrator] [PSF] 调用 dpsf_fit_batch (fitRadius=8, maxIter=100, tol=1.0e-06) ...
[2026-07-27 13:23:25][WARN][DPSF] Background constraint violated: B=544.4073 bkg0=3612.0000 ratio=0.8493
[2026-07-27 13:23:25][WARN][DPSF] Background constraint violated: B=355.9520 bkg0=3495.0000 ratio=0.8982
[2026-07-27 13:23:25][WARN][DPSF] Background constraint violated: B=960.5100 bkg0=2358.5000 ratio=0.5927
[2026-07-27 13:23:25][WARN][DPSF] Background constraint violated: B=1105.1146 bkg0=2382.0000 ratio=0.5361
[2026-07-27 13:23:25][WARN][DPSF] Background constraint violated: B=3815.9707 bkg0=2534.0000 ratio=0.5059
[2026-07-27 13:23:25][WARN][DPSF] Background constraint violated: B=-1411.3402 bkg0=5080.5000 ratio=1.2778
[2026-07-27 13:23:25][WARN][DPSF] Background constraint violated: B=220.1812 bkg0=2365.0000 ratio=0.9069
[2026-07-27 13:23:25][WARN][DPSF] Background constraint violated: B=622.3313 bkg0=2657.0000 ratio=0.7658
[2026-07-27 13:23:25][WARN][DPSF] Background constraint violated: B=981.3033 bkg0=2308.5000 ratio=0.5749
[2026-07-27 13:23:25][WARN][DPSF] Background constraint violated: B=3403.0526 bkg0=1979.0000 ratio=0.7196
[2026-07-27 13:23:25][WARN][DPSF] Background constraint violated: B=3022.6825 bkg0=1953.0000 ratio=0.5477
[2026-07-27 13:23:25][WARN][DPSF] Background constraint violated: B=3136.0599 bkg0=1960.0000 ratio=0.6000
[2026-07-27 13:23:25][WARN][DPSF] Background constraint violated: B=3657.0892 bkg0=1942.0000 ratio=0.8832
[2026-07-27 13:23:25][WARN][DPSF] Background constraint violated: B=3335.1732 bkg0=1928.5000 ratio=0.7294
[2026-07-27 13:23:25][WARN][DPSF] Background constraint violated: B=2942.8123 bkg0=1932.0000 ratio=0.5232
[2026-07-27 13:23:25][WARN][DPSF] Background constraint violated: B=3029.5212 bkg0=1925.0000 ratio=0.5738
[2026-07-27 13:23:25][WARN][DPSF] Background constraint violated: B=2968.5185 bkg0=1938.0000 ratio=0.5317
[2026-07-27 13:23:25][WARN][DPSF] Background constraint violated: B=2938.7994 bkg0=1921.0000 ratio=0.5298
[2026-07-27 13:23:25][WARN][DPSF] Background constraint violated: B=3053.6845 bkg0=1912.0000 ratio=0.5971
[2026-07-27 13:23:25][WARN][DPSF] Background constraint violated: B=3295.4570 bkg0=1893.0000 ratio=0.7409
[2026-07-27 13:23:25][WARN][DPSF] Background constraint violated: B=3199.2779 bkg0=1915.5000 ratio=0.6702
[2026-07-27 13:23:25][WARN][DPSF] Background constraint violated: B=2895.9686 bkg0=1826.0000 ratio=0.5860
[2026-07-27 13:23:25][WARN][DPSF] Background constraint violated: B=2963.2777 bkg0=1928.0000 ratio=0.5370
[2026-07-27 13:23:25][WARN][DPSF] Background constraint violated: B=3187.8221 bkg0=1899.5000 ratio=0.6782
[2026-07-27 13:23:25][WARN][DPSF] Background constraint violated: B=2940.4180 bkg0=1934.0000 ratio=0.5204
[2026-07-27 13:23:25][WARN][DPSF] Background constraint violated: B=3317.4090 bkg0=1911.5000 ratio=0.7355
[2026-07-27 13:23:25][INFO][orchestrator] [PSF] 拟合完成: 1948/2000 成功 (97%)
[2026-07-27 13:23:25][DEBUG][PIPELINE] add_block: 'psf' type=1 count=18000 (144000 bytes)
[2026-07-27 13:23:25][INFO][orchestrator] [PSF] 完成: 2000 颗星, 1948 成功
[2026-07-27 13:23:25][INFO][orchestrator] [0.453301s] PSF 完成
[2026-07-27 13:23:25][INFO][orchestrator] ---------- stage1 阶段: PHOTOMETRIC ----------
[2026-07-27 13:23:25][INFO][orchestrator] [PHOTOMETRIC] 开始
[2026-07-27 13:23:25][INFO][orchestrator] [PHOTOMETRIC] 图像: 4500x3600
[2026-07-27 13:23:25][INFO][orchestrator] [PHOTOMETRIC] psf: 2000 颗星
[2026-07-27 13:23:25][INFO][orchestrator] [PHOTOMETRIC] FILTER='Lum' -> 'Baader UV/IR Cut / L CMOS Optimized'
[2026-07-27 13:23:25][INFO][orchestrator] [PHOTOMETRIC] filters_json: F:\Astro dev\Astro CS Normalization Database\lib/photometric_calib/data/response_curves/filters.json
[2026-07-27 13:23:25][INFO][orchestrator] [PHOTOMETRIC] 滤光片: 7 点
[2026-07-27 13:23:25][INFO][orchestrator] [PHOTOMETRIC] qe_curves_json: F:\Astro dev\Astro CS Normalization Database\lib/photometric_calib/data/response_curves/qe_curves.json
[2026-07-27 13:23:25][INFO][orchestrator] [PHOTOMETRIC] QE 曲线 'GSENSE2020BSI': 447 点
[2026-07-27 13:23:25][INFO][orchestrator] [PHOTOMETRIC] spectrum_wl: 343 点
[2026-07-27 13:23:25][INFO][orchestrator] [PHOTOMETRIC] FOV 半径: 6.057607deg
[2026-07-27 13:23:25][INFO][orchestrator] [PHOTOMETRIC] 调用 pc_calibrate_simple_with_gaia (mag_min=6.0, mag_max=16.0, fov=6.058deg) ...
[pc_api] ====== pc_calibrate_simple_with_gaia 开始 ======
[pc_api] OpenMP线程数: 16
[INFO] 锥形搜索: ra=187.5459 dec=-78.8170 r=6.058 mag_min=6.0 (自适应迭代 mag_max, 不缩小半径)
[INFO] 自适应星等查询: mag_max=12.0
[INFO] 自适应星等查询: mag_max=12.0, n_gaia=10197
[INFO] 自适应星等查询完成: mag_max=12.0, n_gaia=10197
[pc_api] 搜索到 10197 颗光谱星, 光谱点数=343 (wl_start=336, wl_step=2)
[INFO] [spec_int] prepare_filter_cache: 滤光片 7 点 + QE 447 点 -> 光谱 343 点, 范围 F[300.0,800.0] Q[204.0,1096.0] nm
[INFO] 滤光片/QE 预处理完成: filter=7 点, qe=447 点 -> 光谱 343 点
[pc_api] F_syn 并行计算完成: 9981/10197 颗有效
[wcs_transform] 初始化: CRVAL=(187.545902,-78.817001), CRPIX=(2250.500,1800.500), CD=[-1.752e-03,3.773e-05;-3.718e-05,-1.751e-03], det=3.069e-06, sip_order=3
[INFO] [star_matcher] 初始化: KD-tree + IRLS/Tukey 清洗 (GAP-013)
[INFO] [star_matcher] PSF有效星: 1948 / 2000, Gaia星: 10197, 匹配半径: 2.00 px
[INFO] [star_matcher] KD-tree 匹配完成: 0 对
[INFO] [star_matcher] cleanAndScale: 输入 0 颗, 星等容忍 3.00 mag
[pc_api] 匹配+清洗完成: 0 颗, scale=1.000000e+00, sigma_residual=0.000000
[image_corrector] 图像校正: 4500x3600, scale=1.000000e+00, 并行16线程
[image_corrector] 校正完成
[pc_api] ====== pc_calibrate_simple_with_gaia 完成: n_matched=0, scale=1.000000e+00, sigma_residual=0.000000 ======
[2026-07-27 13:23:26][INFO][orchestrator] [PHOTOMETRIC] 完成: n_matched=0, scale=1.000000, sigma_residual=0.000000
[2026-07-27 13:23:26][DEBUG][PIPELINE] remove_block: 'data' removed (n_blocks=4)
[2026-07-27 13:23:26][DEBUG][PIPELINE] add_block_move: 'data' type=0 count=16200000 (moved ptr=000002330daf9040)
[2026-07-27 13:23:26][INFO][orchestrator] [PHOTOMETRIC] photo_stats 已写入
[2026-07-27 13:23:26][INFO][orchestrator] [0.780269s] PHOTOMETRIC 完成
[2026-07-27 13:23:26][INFO][orchestrator] ---------- stage1 阶段: SNR ----------
[2026-07-27 13:23:26][INFO][orchestrator] [SNR] 开始
[2026-07-27 13:23:26][INFO][orchestrator] [SNR] SIP 前向系数加载: A_ORDER=3 B_ORDER=3 (P03-004 WCS+SIP 一致性)
[2026-07-27 13:23:26][INFO][orchestrator] [SNR] n_stars=2000 sigma_residual=0.000000 CRVAL=(187.545902,-78.817001) CRPIX=(2250.500000,1800.500000) SIP(a_order=3, b_order=3)
[snr_model] degenerate: sigma_residual=0 <= 0
[2026-07-27 13:23:26][WARN][orchestrator] [SNR] sigma_residual<=0, 降级跳过 snr_model 块
[2026-07-27 13:23:26][INFO][orchestrator] [0.000416s] SNR 完成
[2026-07-27 13:23:26][INFO][orchestrator] ---------- stage1 阶段: DRIZZLE ----------
[2026-07-27 13:23:26][INFO][orchestrator] [DRIZZLE] 开始
[2026-07-27 13:23:26][INFO][orchestrator] [NSIDE] 自适应: pixel_scale=6.307"/px, strategy=1x_to_2x_drizzle, nside=512
[2026-07-27 13:23:26][INFO][orchestrator] [DRIZZLE] nside=512 (strategy=1x_to_2x_drizzle, override=0, cd11=-0.001752 cd12=0.000038), pixfrac=1.000, nested=1
[2026-07-27 13:23:26][INFO][orchestrator] [DRIZZLE] 输出: F:\Astro dev\Astro CS Normalization Database\engineering\evidence\P07-002\output\batch_C007.hiss
[hp_drizzle_api] hp_drizzle_run: 开始 (nside=512, nested=1, pixfrac=1.0000, output=F:\Astro dev\Astro CS Normalization Database\engineering\evidence\P07-002\output\batch_C007.hiss)
[hp_drizzle_api] hp_drizzle_run: data 块 4500x3600 float32
[hp_drizzle_api] hp_drizzle_run: WCS CRVAL=(187.545902,-78.817001) CRPIX=(2250.500,1800.500) CD=[-1.752e-03,3.773e-05,-3.718e-05,-1.751e-03]
[hp_drizzle_api] hp_drizzle_run: SIP A_ORDER=3 B_ORDER=3 AP_ORDER=3 BP_ORDER=3
[hp_drizzle_api] hp_drizzle_run: 无 snr_model 块, 使用 nullptr (snr=1.0)
[wcs_sip] WCS 初始化: CRVAL=(187.545902, -78.817001)°, CRPIX=(2250.500, 1800.500), CD=[-1.752e-03, 3.773e-05; -3.718e-05, -1.751e-03], det=3.069e-06
[wcs_sip] SIP: A/B order=3, AP/BP order=3
[drizzle_engine] HEALPix: nside=512 nested=1 npix=3145728 res=412.26"
[drizzle_engine] 完成: 16200000 源像素 → 3927 HEALPix 像素, 耗时 13.667s
[hp_drizzle_api] hp_drizzle_run: Drizzle 完成 (16200000 源像素 → 3927 HEALPix 像素, 耗时 13.667s)
[hp_drizzle_api] hp_drizzle_run: 写入 .hiss (filter=Lum, exptime=180.0, date=2025-02-04T03:57:02, fits_meta=15)
[drizzle_engine] 写入 3927 个 HEALPix 像素到 F:\Astro dev\Astro CS Normalization Database\engineering\evidence\P07-002\output\batch_C007.hiss
[drizzle_engine] hiss_write: meta_json=741 bytes, has_snr=false
[hio] hiss_write: path=F:\Astro dev\Astro CS Normalization Database\engineering\evidence\P07-002\output\batch_C007.hiss nside=512 nested=1 n_pix=3927 has_snr=0
[hio] hiss_write: JSON 头 796 -> 555 字节 (zstd level=5, snr_format=0)
[hio] hiss_write: 写入完成: F:\Astro dev\Astro CS Normalization Database\engineering\evidence\P07-002\output\batch_C007.hiss (has_snr=0)
[drizzle_engine] 写入成功: F:\Astro dev\Astro CS Normalization Database\engineering\evidence\P07-002\output\batch_C007.hiss (3927 像素)
[hp_drizzle_api] hp_drizzle_run: .hiss 已写入 F:\Astro dev\Astro CS Normalization Database\engineering\evidence\P07-002\output\batch_C007.hiss
[2026-07-27 13:23:40][INFO][orchestrator] [DRIZZLE] 完成: n_healpix=3927 n_source=16200000 耗时=13.667310s
[2026-07-27 13:23:40][INFO][orchestrator] [13.722057s] DRIZZLE 完成
[2026-07-27 13:23:40][DEBUG][PIPELINE] frame_destroy: ok
[2026-07-27 13:23:40][INFO][orchestrator] ========== stage1 完成 (成功) ==========
[2026-07-27 13:23:40][INFO][orchestrator] [PLATESOLVE] 释放环境资源
[2026-07-27 13:23:40][INFO][SDET] StarDetector destroyed
[2026-07-27 13:24:17][INFO][orchestrator] 析构完成
[dll_loader] 卸载所有模块
[dll_loader] 卸载模块 CALIBRATE
[dll_loader] 卸载模块 PLATESOLVE
[dll_loader] 卸载模块 PSF
[dll_loader] 卸载模块 PHOTOMETRIC
[dll_loader] 卸载模块 SNR
[dll_loader] 卸载模块 DRIZZLE
[dll_loader] 卸载模块 GRADIENT_SPHERE
[dll_loader] 卸载模块 AIO
