[2026-07-25 23:16:57][INFO][logger] 日志系统初始化完成 (log_dir=lib/orchestrator/logs, level=INFO)
[2026-07-25 23:16:57][INFO][orchestrator] 初始化编排器 (骨架版本)
[2026-07-25 23:16:57][INFO][orchestrator] 可用线程数: 16
[2026-07-25 23:16:57][INFO][orchestrator] 加载配置: engineering\evidence\P05-003\configs\allow_no_calib_config.json
[2026-07-25 23:16:57][INFO][orchestrator] 配置文件大小: 1608 字节
[2026-07-25 23:16:57][INFO][orchestrator] 检查点目录: output\.checkpoint
[2026-07-25 23:16:57][INFO][orchestrator] 日志级别设置为: INFO
[2026-07-25 23:16:57][INFO][orchestrator] 配置线程数: 0 (0=自动检测)
[2026-07-25 23:16:57][INFO][orchestrator] 配置 Gaia 数据目录: GaiaDR3SP
[2026-07-25 23:16:57][INFO][orchestrator] 配置加载完成 (P03-002: log_level/threads/gaia_data_dir 已解析)
[2026-07-25 23:16:57][INFO][cli] 日志级别设置为: INFO
[2026-07-25 23:16:57][INFO][orchestrator] ========== stage1: 单帧预处理 (FITS -> .hiss) ==========
[2026-07-25 23:16:57][INFO][orchestrator] 输入 FITS: engineering\evidence\P05-003\fixtures\tiny_10x10.fits
[2026-07-25 23:16:57][INFO][orchestrator] 输出 .hiss: engineering\evidence\P05-003\hiss\s1_4_2_tiny_image.hiss
[2026-07-25 23:16:57][INFO][orchestrator] 配置 JSON: {
  "_comment": "P05-003 allow_no_calibration=true: 用于 black/tiny image 测试, 跳过校准直达 platesolve",
  "project_root": ".",
  "gaia_data_dir": "GaiaDR3SP",
  "calibration_dir": "testdata/T3 calibration files",
  "output_root": "engineering/evidence/P05-003/hiss",
  "stages": [
    "read_fits",
    "calibrate",
    "platesolve",
    "psf",
    "photometric",
    "snr",
    "drizzle"
  ],
  "frame": {
    "id": "P05003_allow_no_calib",
    "light_path": "",
    "filter": "",
    "qe_curve": "GSENSE2020BSI"
  },
  "calibration": {
    "master_bias_path": "",
    "master_dark_path": "",
    "master_flat_path": "",
    "require_size_match": true,
    "require_exposure_match": false,
    "exposure_tolerance_s": 0.5,
    "require_temperature_match": false,
    "temperature_tolerance_c": 1.0,
    "allow_no_calibration": true,
    "dark_optimization": 0,
    "dark_scale_factor": 1.0
  },
  "platesolve": {
    "initial_ra": "",
    "initial_dec": "",
    "focal_length": 0.0,
    "pixel_size": 0.0,
    "max_stars": 2000,
    "log_dir": "lib/plate_solve/logs"
  },
  "psf": {
    "fit_radius": 8,
    "max_iter": 100,
    "tolerance": 1.0e-6,
    "max_stars": 2000
  },
  "photometric": {
    "mag_min": 6.0,
    "mag_max": 16.0,
    "fov_radius_deg": 0.0,
    "filters_json": "lib/photometric_calib/data/response_curves/filters.json",
    "qe_curves_json": "lib/photometric_calib/data/response_curves/qe_curves.json"
  },
  "drizzle": {
    "nside_strategy": "1x_to_2x_drizzle",
    "nside_override": 0,
    "pixfrac": 1.0,
    "nested": true
  },
  "log_level": "INFO",
  "threads": 0
}

[2026-07-25 23:16:57][INFO][orchestrator] P04-004: 取消/超时标志已重置
[2026-07-25 23:16:57][INFO][orchestrator] 自动推导项目根目录: F:\Astro dev\Astro CS Normalization Database
[2026-07-25 23:16:57][INFO][orchestrator] 初始化 DLL 加载 (lib_base_dir=F:\Astro dev\Astro CS Normalization Database)
[dll_loader] 开始加载所有模块 (lib_base_dir=F:\Astro dev\Astro CS Normalization Database)
[dll_loader] 设置运行时 DLL 搜索路径: C:\msys64\mingw64\bin
[dll_loader] 加载模块 AIO: F:\Astro dev\Astro CS Normalization Database/lib/astro_image_io/astro_image_io.dll
[dll_loader] 模块 AIO 加载成功 (handle=0x7ffdbce00000)
[dll_loader] 预加载 astro_image_io.dll (依赖前置) handle=0x7ffdbce00000
[dll_loader] 加载模块 CALIBRATE: F:\Astro dev\Astro CS Normalization Database/lib/calibration/astro_calibration.dll
[dll_loader] 模块 CALIBRATE 加载成功 (handle=0x7ffdbd6f0000)
[dll_loader] 加载模块 PLATESOLVE: F:\Astro dev\Astro CS Normalization Database/lib/plate_solve/cpp/ipv/ipv_solver.dll
[dll_loader] 模块 PLATESOLVE 加载成功 (handle=0x7ffd8c600000)
[dll_loader] 加载模块 PSF: F:\Astro dev\Astro CS Normalization Database/lib/dynamic_psf/dynamic_psf.dll
[dll_loader] 模块 PSF 加载成功 (handle=0x7ffdbd460000)
[dll_loader] 预加载 gaia_client.dll (依赖前置) handle=0x7ffdbd6a0000
[dll_loader] 加载模块 PHOTOMETRIC: F:\Astro dev\Astro CS Normalization Database/lib/photometric_calib/cpp/photometric_calib.dll
[dll_loader] 模块 PHOTOMETRIC 加载成功 (handle=0x7ffdb2650000)
[dll_loader] 加载模块 SNR: F:\Astro dev\Astro CS Normalization Database/lib/snr_estimator/cpp/snr_estimator.dll
[dll_loader] 模块 SNR 加载成功 (handle=0x7ffda8150000)
[dll_loader] 加载模块 DRIZZLE: F:\Astro dev\Astro CS Normalization Database/lib/healpix_db/healpix_drizzle/healpix_drizzle.dll
[dll_loader] 模块 DRIZZLE 加载成功 (handle=0x7ffd8ca60000)
[dll_loader] 加载模块 GRADIENT_SPHERE: F:\Astro dev\Astro CS Normalization Database/lib/healpix_db/healpix_stack/healpix_stack.dll
[dll_loader] 模块 GRADIENT_SPHERE 加载成功 (handle=0x7ffd8b9a0000)
[dll_loader] 加载模块 STACK: F:\Astro dev\Astro CS Normalization Database/lib/healpix_db/healpix_stack/healpix_stack.dll
[dll_loader] 模块 STACK 加载成功 (handle=0x7ffd8b9a0000)
[dll_loader] 全部模块加载成功
[2026-07-25 23:16:57][INFO][orchestrator] 全部 9 个模块加载成功
[2026-07-25 23:16:57][INFO][orchestrator]   AIO 版本: unknown
[2026-07-25 23:16:57][INFO][orchestrator]   CALIBRATE 版本: Astro Calibration C++ v1.0.0
[2026-07-25 23:16:57][INFO][orchestrator]   PLATESOLVE 版本: unknown
[2026-07-25 23:16:57][INFO][orchestrator]   PSF 版本: unknown
[2026-07-25 23:16:57][INFO][orchestrator]   PHOTOMETRIC 版本: unknown
[2026-07-25 23:16:57][INFO][orchestrator]   SNR 版本: unknown
[2026-07-25 23:16:57][INFO][orchestrator]   DRIZZLE 版本: unknown
[2026-07-25 23:16:57][INFO][orchestrator]   GRADIENT_SPHERE 版本: unknown
[2026-07-25 23:16:57][INFO][orchestrator]   STACK 版本: unknown
[dll_loader] CALIBRATE 线程数设置为 16
[2026-07-25 23:16:57][INFO][orchestrator] CALIBRATE 线程数: 16
[2026-07-25 23:16:57][DEBUG][PIPELINE] frame_create: ok
[2026-07-25 23:16:57][INFO][orchestrator] ---------- stage1 阶段: READ_FITS ----------
[2026-07-25 23:16:57][INFO][orchestrator] [READ_FITS] 开始: engineering\evidence\P05-003\fixtures\tiny_10x10.fits
[2026-07-25 23:16:57][INFO][FITS] Reading: engineering\evidence\P05-003\fixtures\tiny_10x10.fits
[2026-07-25 23:16:57][INFO][FITS] Header: BITPIX=16 NAXIS=2 NAXIS1=10 NAXIS2=10 NAXIS3=0 BSCALE=1.0 BZERO=32768.0 keywords=23
[2026-07-25 23:16:57][INFO][FITS] Applying BSCALE=1.000000 BZERO=32768.000000
[2026-07-25 23:16:57][INFO][FITS] Read OK: 10x10 1ch BITPIX=16
[2026-07-25 23:16:57][INFO][API] aio_read_fits: 0.109 s
[2026-07-25 23:16:57][INFO][orchestrator] [READ_FITS] 图像尺寸: 10x10
[2026-07-25 23:16:57][DEBUG][PIPELINE] add_block: 'data' type=0 count=100 (400 bytes)
[2026-07-25 23:16:57][INFO][orchestrator] [READ_FITS] FITS 关键字数: 23
[2026-07-25 23:16:57][INFO][orchestrator] [READ_FITS] 完成
[2026-07-25 23:16:57][INFO][orchestrator] [0.153805s] READ_FITS 完成
[2026-07-25 23:16:57][INFO][orchestrator] ---------- stage1 阶段: CALIBRATE ----------
[2026-07-25 23:16:57][INFO][orchestrator] [CALIBRATE] 开始
[2026-07-25 23:16:57][INFO][orchestrator] [CALIBRATE] 图像: 10x10 (100 像素)
[2026-07-25 23:16:57][INFO][orchestrator] [CALIBRATE] 帧元数据: EXPTIME=600.000000s, FILTER='Red', CCD-TEMP=-20.000000C
[2026-07-25 23:16:57][INFO][orchestrator] [CALIBRATE] calibration_dir: F:\Astro dev\Astro CS Normalization Database\testdata/T3 calibration files
[2026-07-25 23:16:57][INFO][orchestrator] [CALIBRATE] 自动推导 master_bias_path: F:\Astro dev\Astro CS Normalization Database\testdata/T3 calibration files\masterBias_BIN-1_10x10.xisf
[2026-07-25 23:16:57][INFO][orchestrator] [CALIBRATE] 自动推导 master_dark_path: F:\Astro dev\Astro CS Normalization Database\testdata/T3 calibration files\masterDark_BIN-1_10x10_EXPOSURE-600.00s.xisf
[2026-07-25 23:16:57][INFO][orchestrator] [CALIBRATE] 自动推导 master_flat_path: F:\Astro dev\Astro CS Normalization Database\testdata/T3 calibration files\masterFlat_BIN-1_10x10_FILTER-Red_mono.xisf
[2026-07-25 23:16:57][WARN][orchestrator] [CALIBRATE] Master 文件不存在: F:\Astro dev\Astro CS Normalization Database\testdata/T3 calibration files\masterBias_BIN-1_10x10.xisf
[2026-07-25 23:16:57][WARN][orchestrator] [CALIBRATE] Master 文件不存在: F:\Astro dev\Astro CS Normalization Database\testdata/T3 calibration files\masterDark_BIN-1_10x10_EXPOSURE-600.00s.xisf
[2026-07-25 23:16:57][WARN][orchestrator] [CALIBRATE] Master 文件不存在: F:\Astro dev\Astro CS Normalization Database\testdata/T3 calibration files\masterFlat_BIN-1_10x10_FILTER-Red_mono.xisf
[2026-07-25 23:16:57][WARN][orchestrator] [CALIBRATE] 无校准退化模式 (allow_no_calibration=true)
[2026-07-25 23:16:57][INFO][orchestrator] [CALIBRATE] 调用 ac_calibrate_frame: dark_opt=0, k_init=1.000000, has_bias=false, has_dark=false, has_flat=false
[2026-07-25 23:16:57][INFO][orchestrator] [CALIBRATE] 校准统计: light_mean=746.960000 -> out_mean=746.960000, bias_mean=0.000000, dark_mean=0.000000, flat_mean=0.000000, actual_k=1.000000
[2026-07-25 23:16:57][DEBUG][PIPELINE] remove_block: 'data' removed (n_blocks=1)
[2026-07-25 23:16:57][DEBUG][PIPELINE] add_block_move: 'data' type=0 count=100 (moved ptr=0000018936a9da80)
[2026-07-25 23:16:57][INFO][orchestrator] [CALIBRATE] cal_stats 已写入 (CALIBRATION_STATUS=DEGENERATED)
[2026-07-25 23:16:57][INFO][orchestrator] [CALIBRATE] 完成 (实际应用 Bias/Dark/Flat)
[2026-07-25 23:16:57][INFO][orchestrator] [0.070430s] CALIBRATE 完成
[2026-07-25 23:16:57][INFO][orchestrator] ---------- stage1 阶段: PLATESOLVE ----------
[2026-07-25 23:16:57][INFO][orchestrator] [PLATESOLVE] 开始
[2026-07-25 23:16:57][INFO][orchestrator] [PLATESOLVE] 初始化环境 (gaia_client + star_detector + ipv_solver)
[2026-07-25 23:16:57][INFO][orchestrator] [PLATESOLVE] gaia_client.dll 加载成功
[2026-07-25 23:16:57][INFO][orchestrator] [PLATESOLVE] star_detector.dll 加载成功
[2026-07-25 23:16:57][INFO][orchestrator] [PLATESOLVE] Gaia 数据目录: F:\Astro dev\Astro CS Normalization Database\GaiaDR3SP (来自 config)
[2026-07-25 23:16:57][INFO][orchestrator] [PLATESOLVE] GaiaClient 创建成功 (data_dir=F:\Astro dev\Astro CS Normalization Database\GaiaDR3SP)
[2026-07-25 23:16:57][INFO][SDET] StarDetector created (fitRadius=0, fwhmClipSigma=3.0, maxAxisRatio=2.0)
[2026-07-25 23:16:57][INFO][orchestrator] [PLATESOLVE] StarDetector 创建成功 (fitRadius=0 自动, maxStars=2000)
[2026-07-25 23:16:57][INFO][orchestrator] [PLATESOLVE] IPVSolver 创建成功, 已注入 Gaia + StarDetector 句柄
[2026-07-25 23:16:57][INFO][orchestrator] [PLATESOLVE] 环境初始化完成
[2026-07-25 23:16:57][INFO][orchestrator] [PLATESOLVE] 图像: 10x10
[2026-07-25 23:16:57][INFO][orchestrator] [PLATESOLVE] 初始指向: OBJCTRA='05 30 00' -> ra0=82.500000deg, OBJCTDEC='-30 00 00' -> dec0=-30.000000deg
[2026-07-25 23:16:57][INFO][orchestrator] [PLATESOLVE] 焦距=0.000000mm, 像素尺寸=0.000000um
[2026-07-25 23:16:57][INFO][orchestrator] [PLATESOLVE] 调用 ipv_solve_from_memory_with_callback (路径B callback 导出) ...
[2026-07-25 23:16:57][INFO] ==== IPVSolver::solve_from_memory_with_callback 开始 (P02-002 路径 B) ====
[2026-07-25 23:16:57][INFO]   pixels=10x10 (内存数据)
[2026-07-25 23:16:57][INFO]   ra0=82.500000 deg, dec0=-30.000000 deg
[2026-07-25 23:16:57][INFO]   focal_length=0.000 mm, pixel_size=0.000 um
[2026-07-25 23:16:57][INFO]   callback=ENABLED
[2026-07-25 23:16:57][ERROR] ipv_select_from_memory_with_callback: focal_length_mm 非法
[2026-07-25 23:16:57][ERROR] ipv_select_from_memory_with_callback 失败, 终止求解
[2026-07-25 23:16:57][INFO][orchestrator] [PLATESOLVE] callback 导出: n_detected=0, copied=false, wcs_result.n_detected=0
[2026-07-25 23:16:57][ERROR][orchestrator] [PLATESOLVE] 求解失败: ret=0
[2026-07-25 23:16:57][INFO][orchestrator] [0.261968s] PLATESOLVE 失败
[2026-07-25 23:16:57][DEBUG][PIPELINE] frame_destroy: ok
[2026-07-25 23:16:57][INFO][orchestrator] P04-004: 原子性清理 - stage1 失败/取消/超时, 删除部分输出
[2026-07-25 23:16:57][INFO][orchestrator] ========== stage1 失败 ==========
[2026-07-25 23:16:57][INFO][orchestrator] [PLATESOLVE] 释放环境资源
[2026-07-25 23:16:57][INFO][SDET] StarDetector destroyed
[2026-07-25 23:16:57][INFO][orchestrator] 析构完成
[dll_loader] 卸载所有模块
[dll_loader] 卸载模块 CALIBRATE
[dll_loader] 卸载模块 PLATESOLVE
[dll_loader] 卸载模块 PSF
[dll_loader] 卸载模块 PHOTOMETRIC
[dll_loader] 卸载模块 SNR
[dll_loader] 卸载模块 DRIZZLE
[dll_loader] 卸载模块 GRADIENT_SPHERE
[dll_loader] 卸载模块 AIO
