=== IPV Plate Solve Log ===
[2026-07-25 12:45:21][INFO] === triangle_match 开始: N_U=60, N_W=60, n_A0=60, n_B0=60, tol=0.0020, s0=6.1879 ===
[2026-07-25 12:45:21][INFO] triangle_match: stage=0, nA=60, nB=60
[2026-07-25 12:45:21][INFO] triangle_match_single: n_A=60, n_B=60, tol=0.0020, s0=6.1879, scale=[0.1347,0.2020]
[2026-07-25 12:45:21][DEBUG] stars_to_triangles: N=60, expected=34220, valid=34220, skipped_degenerate=0 (并行, 16 线程)
[2026-07-25 12:45:21][DEBUG] stars_to_triangles: prune_triangle_array ba>0.9 剪枝: before=34220, after=24546, pruned=9674
[2026-07-25 12:45:21][DEBUG] stars_to_triangles: N=60, expected=34220, valid=34220, skipped_degenerate=0 (并行, 16 线程)
[2026-07-25 12:45:21][DEBUG] stars_to_triangles: prune_triangle_array ba>0.9 剪枝: before=34220, after=25292, pruned=8928
[2026-07-25 12:45:21][INFO] make_vote_matrix: n_A=24546, n_B=25292, matched_triangles=36900, vote_matrix=60x60, scale_rejected=51631 (range=[0.1347,0.2020]) [并行 16 线程]
[2026-07-25 12:45:21][INFO] top_vote_getters: 矩阵=60x60, 候选对数(vote>=2)=3595, top_n=60
[2026-07-25 12:45:21][INFO] top_vote_getters: V4.25 去重后 top_pairs=60, 去重剔除=2117
[2026-07-25 12:45:21][INFO]   [调试] top[0]: u=46 w=35, votes=686
[2026-07-25 12:45:21][INFO]   [调试] top[1]: u=50 w=46, votes=674
[2026-07-25 12:45:21][INFO]   [调试] top[2]: u=30 w=10, votes=662
[2026-07-25 12:45:21][INFO]   [调试] top[3]: u=43 w=34, votes=659
[2026-07-25 12:45:21][INFO]   [调试] top[4]: u=7 w=2, votes=650
[2026-07-25 12:45:21][INFO]   [调试] top[5]: u=32 w=33, votes=640
[2026-07-25 12:45:21][INFO]   [调试] top[6]: u=39 w=16, votes=634
[2026-07-25 12:45:21][INFO]   [调试] top[7]: u=20 w=9, votes=624
[2026-07-25 12:45:21][INFO]   [调试] top[8]: u=25 w=6, votes=620
[2026-07-25 12:45:21][INFO]   [调试] top[9]: u=53 w=53, votes=619
[2026-07-25 12:45:21][INFO] triangle_match_single 完成: tri_A=24546, tri_B=25292, vote_matrix=60x60, max_vote=686, 候选对数(vote>=2)=3595, top_pairs=60
[2026-07-25 12:45:21][INFO] triangle_match: stage=0 成功 (max_vote=686 >= 3), 停止自适应
[2026-07-25 12:45:21][INFO] === triangle_match 结束: tri_A=24546, tri_B=25292, top_pairs=60, max_vote=686, success=1 ===
