=== COMMAND ===
f:\Astro dev\Astro CS Normalization Database\lib\orchestrator\cpp\orchestrator.exe stage1 --frame f:\Astro dev\Astro CS Normalization Database\testdata\Galaxy_Center_T4\lights\panel1\Galaxy_Center_mosaic1_T4_flying_dutchman-20250703@061318-300S-H-alpha.fts --output f:\Astro dev\Astro CS Normalization Database\engineering_v1.3\evidence\P12-004\raw_logs\T4_HA_Galaxy_Center\T4_HA_Galaxy_Center.hiss --gaia-data GaiaDR3SP --filter H-alpha --config f:\Astro dev\Astro CS Normalization Database\lib\orchestrator\configs\stage1_config.json --log-level INFO

=== EXIT CODE ===
1

=== STDOUT ===
{
  "success": false,
  "frame_name": "f:\\Astro dev\\Astro CS Normalization Database\\testdata\\Galaxy_Center_T4\\lights\\panel1\\Galaxy_Center_mosaic1_T4_flying_dutchman-20250703@061318-300S-H-alpha.fts",
  "timings": [
    {"stage": "CALIBRATE", "name": "READ_FITS", "duration_sec": 0.182415, "success": true},
    {"stage": "CALIBRATE", "name": "CALIBRATE", "duration_sec": 0.902548, "success": true},
    {"stage": "CALIBRATE", "name": "PLATESOLVE", "duration_sec": 1.85443, "success": true},
    {"stage": "CALIBRATE", "name": "PSF", "duration_sec": 0.518205, "success": true},
    {"stage": "CALIBRATE", "name": "PHOTOMETRIC", "duration_sec": 0.001036, "success": false}
  ],
  "wcs_fields": {},
  "photo_stats": {},
  "output_ahpx_path": "",
  "error_msg": "[PHOTOMETRIC] 加载滤光片曲线失败"
}

=== STDERR ===
[2026-07-28 22:31:58][INFO][cli] stage1 gaia-data: GaiaDR3SP
[2026-07-28 22:31:58][INFO][cli] stage1 filter: H-alpha
[2026-07-28 22:31:58][INFO][logger] 日志系统初始化完成 (log_dir=lib/orchestrator/logs, level=INFO)
[2026-07-28 22:31:58][INFO][orchestrator] 初始化编排器 (骨架版本)
[2026-07-28 22:31:58][INFO][orchestrator] 可用线程数: 16
[2026-07-28 22:31:58][INFO][orchestrator] 加载配置: f:\Astro dev\Astro CS Normalization Database\lib\orchestrator\configs\stage1_config.json
[2026-07-28 22:31:58][INFO][orchestrator] 配置文件大小: 2233 字节
[2026-07-28 22:31:58][INFO][orchestrator] 检查点目录: output\.checkpoint
[2026-07-28 22:31:58][INFO][orchestrator] 日志级别设置为: INFO
[2026-07-28 22:31:58][INFO][orchestrator] 配置线程数: 0 (0=自动检测)
[2026-07-28 22:31:58][INFO][orchestrator] 配置 Gaia 数据目录: GaiaDR3SP
[2026-07-28 22:31:58][INFO][orchestrator] 配置加载完成 (P03-002: log_level/threads/gaia_data_dir 已解析)
[2026-07-28 22:31:58][INFO][cli] 日志级别设置为: INFO
[2026-07-28 22:31:58][INFO][orchestrator] ========== stage1: 单帧预处理 (FITS -> .hiss) ==========
[2026-07-28 22:31:58][INFO][orchestrator] 输入 FITS: f:\Astro dev\Astro CS Normalization Database\testdata\Galaxy_Center_T4\lights\panel1\Galaxy_Center_mosaic1_T4_flying_dutchman-20250703@061318-300S-H-alpha.fts
[2026-07-28 22:31:58][INFO][orchestrator] 输出 .hiss: f:\Astro dev\Astro CS Normalization Database\engineering_v1.3\evidence\P12-004\raw_logs\T4_HA_Galaxy_Center\T4_HA_Galaxy_Center.hiss
[2026-07-28 22:31:58][INFO][orchestrator] 配置 JSON: {
  "_comment": "stage1 配置文件模板 (spec §2.3.3) - 单帧预处理 FITS -> .hiss, stage 0-6 (2026-07-18 归档 GRADIENT_2D; 2026-07-25 P03-002 扩展参数追踪)",
  "project_root": ".",
  "gaia_data_dir": "GaiaDR3SP",
  "calibration_dir": "testdata/T4 calibration files",
  "output_root": "output",
  "stages": [
    "read_fits",
    "calibrate",
    "platesolve",
    "psf",
    "photometric",
    "snr",
    "drizzle"
  ],
  "frame": {
    "id": "panel1_Red",
    "light_path": "",
    "filter": "Red",
    "qe_curve": "GSENSE2020BSI"
  },
  "calibration": {
    "_comment": "P03-001: 校准输入接线配置。master_*_path 为空时从 calibration_dir 自动推导",
    "master_bias_path": "",
    "master_dark_path": "",
    "master_flat_path": "",
    "require_size_match": true,
    "require_exposure_match": true,
    "exposure_tolerance_s": 0.5,
    "require_temperature_match": false,
    "temperature_tolerance_c": 1.0,
    "allow_no_calibration": false,
    "dark_optimization": 0,
    "dark_scale_factor": 1.0
  },
  "platesolve": {
    "_comment": "P03-002: PlateSolve 参数。initial_ra/dec 为空时从 FITS header OBJCTRA/DEC 读取; focal_length/pixel_size 为 0 时从 FITS header 读取",
    "initial_ra": "",
    "initial_dec": "",
    "focal_length": 0.0,
    "pixel_size": 0.0,
    "max_stars": 2000,
    "log_dir": "lib/plate_solve/logs"
  },
  "psf": {
    "_comment": "P03-002: PSF 拟合参数。fit_radius=0 表示自动; max_stars=0 表示不限制",
    "fit_radius": 8,
    "max_iter": 100,
    "tolerance": 1.0e-6,
    "max_stars": 2000
  },
  "photometric": {
    "_comment": "P03-002: 测光校准参数。mag_max 内部会自适应迭代 (2000-10000 星范围)",
    "mag_min": 6.0,
    "mag_max": 16.0,
    "fov_radius_deg": 0.0,
    "filters_json": "lib/photometric_calib/data/response_curves/filters.json",
    "qe_curves_json": "lib/photometric_calib/data/response_curves/qe_curves.json"
  },
  "drizzle": {
    "_comment": "P03-002: Drizzle 参数。nside_strategy=1x_to_2x_drizzle 自适应; pixfrac 默认 1.0 避免缝隙",
    "nside_strategy": "1x_to_2x_drizzle",
    "nside_override": 0,
    "pixfrac": 1.0,
    "nested": true
  },
  "log_level": "INFO",
  "threads": 0
}

[2026-07-28 22:31:58][INFO][orchestrator] P04-004: 取消/超时标志已重置
[2026-07-28 22:31:58][INFO][orchestrator] 自动推导项目根目录: f:\Astro dev\Astro CS Normalization Database
[2026-07-28 22:31:58][INFO][orchestrator] 初始化 DLL 加载 (lib_base_dir=f:\Astro dev\Astro CS Normalization Database)
[dll_loader] 开始加载所有模块 (lib_base_dir=f:\Astro dev\Astro CS Normalization Database)
[dll_loader] 设置运行时 DLL 搜索路径: C:\msys64\mingw64\bin
[dll_loader] 加载模块 AIO: f:\Astro dev\Astro CS Normalization Database/lib/astro_image_io/astro_image_io.dll
[dll_loader] 模块 AIO 加载成功 (handle=0x7fffd8ce0000)
[dll_loader] 预加载 astro_image_io.dll (依赖前置) handle=0x7fffd8ce0000
[dll_loader] 加载模块 CALIBRATE: f:\Astro dev\Astro CS Normalization Database/lib/calibration/astro_calibration.dll
[dll_loader] 模块 CALIBRATE 加载成功 (handle=0x7fffe45b0000)
[dll_loader] 加载模块 PLATESOLVE: f:\Astro dev\Astro CS Normalization Database/lib/plate_solve/cpp/ipv/ipv_solver.dll
[dll_loader] 模块 PLATESOLVE 加载成功 (handle=0x7fffd98a0000)
[dll_loader] 加载模块 PSF: f:\Astro dev\Astro CS Normalization Database/lib/dynamic_psf/dynamic_psf.dll
[dll_loader] 模块 PSF 加载成功 (handle=0x7fffe6590000)
[dll_loader] 预加载 gaia_client.dll (依赖前置) handle=0x7fffe6460000
[dll_loader] 加载模块 PHOTOMETRIC: f:\Astro dev\Astro CS Normalization Database/lib/photometric_calib/cpp/photometric_calib.dll
[dll_loader] 模块 PHOTOMETRIC 加载成功 (handle=0x7fffd8940000)
[dll_loader] 加载模块 SNR: f:\Astro dev\Astro CS Normalization Database/lib/snr_estimator/cpp/snr_estimator.dll
[dll_loader] 模块 SNR 加载成功 (handle=0x7fffdc710000)
[dll_loader] 加载模块 DRIZZLE: f:\Astro dev\Astro CS Normalization Database/lib/healpix_db/healpix_drizzle/healpix_drizzle.dll
[dll_loader] 模块 DRIZZLE 加载成功 (handle=0x7fffd50b0000)
[dll_loader] 加载模块 GRADIENT_SPHERE: f:\Astro dev\Astro CS Normalization Database/lib/healpix_db/healpix_stack/healpix_stack.dll
[dll_loader] 模块 GRADIENT_SPHERE 加载成功 (handle=0x7fffd2360000)
[dll_loader] 加载模块 STACK: f:\Astro dev\Astro CS Normalization Database/lib/healpix_db/healpix_stack/healpix_stack.dll
[dll_loader] 模块 STACK 加载成功 (handle=0x7fffd2360000)
[dll_loader] 全部模块加载成功
[2026-07-28 22:31:58][INFO][orchestrator] 全部 9 个模块加载成功
[2026-07-28 22:31:58][INFO][orchestrator]   AIO 版本: unknown
[2026-07-28 22:31:58][INFO][orchestrator]   CALIBRATE 版本: Astro Calibration C++ v1.0.0
[2026-07-28 22:31:58][INFO][orchestrator]   PLATESOLVE 版本: unknown
[2026-07-28 22:31:58][INFO][orchestrator]   PSF 版本: unknown
[2026-07-28 22:31:58][INFO][orchestrator]   PHOTOMETRIC 版本: unknown
[2026-07-28 22:31:58][INFO][orchestrator]   SNR 版本: unknown
[2026-07-28 22:31:58][INFO][orchestrator]   DRIZZLE 版本: unknown
[2026-07-28 22:31:58][INFO][orchestrator]   GRADIENT_SPHERE 版本: unknown
[2026-07-28 22:31:58][INFO][orchestrator]   STACK 版本: unknown
[dll_loader] CALIBRATE 线程数设置为 16
[2026-07-28 22:31:58][INFO][orchestrator] CALIBRATE 线程数: 16
[2026-07-28 22:31:58][DEBUG][PIPELINE] frame_create: ok
[2026-07-28 22:31:58][INFO][orchestrator] ---------- stage1 阶段: READ_FITS ----------
[2026-07-28 22:31:58][INFO][orchestrator] [READ_FITS] 开始: f:\Astro dev\Astro CS Normalization Database\testdata\Galaxy_Center_T4\lights\panel1\Galaxy_Center_mosaic1_T4_flying_dutchman-20250703@061318-300S-H-alpha.fts
[2026-07-28 22:31:58][INFO][FITS] Reading: f:\Astro dev\Astro CS Normalization Database\testdata\Galaxy_Center_T4\lights\panel1\Galaxy_Center_mosaic1_T4_flying_dutchman-20250703@061318-300S-H-alpha.fts
[2026-07-28 22:31:58][INFO][FITS] Header: BITPIX=16 NAXIS=2 NAXIS1=4500 NAXIS2=3600 NAXIS3=0 BSCALE=1.0 BZERO=32768.0 keywords=124
[2026-07-28 22:31:58][INFO][FITS] Applying BSCALE=1.000000 BZERO=32768.000000
[2026-07-28 22:31:58][INFO][FITS] Read OK: 4500x3600 1ch BITPIX=16
[2026-07-28 22:31:58][INFO][API] aio_read_fits: 0.170 s
[2026-07-28 22:31:58][INFO][orchestrator] [READ_FITS] 图像尺寸: 4500x3600
[2026-07-28 22:31:58][DEBUG][PIPELINE] add_block: 'data' type=0 count=16200000 (64800000 bytes)
[2026-07-28 22:31:58][INFO][orchestrator] [READ_FITS] FITS 关键字数: 124
[2026-07-28 22:31:58][INFO][orchestrator] [READ_FITS] 完成
[2026-07-28 22:31:58][INFO][orchestrator] [0.182415s] READ_FITS 完成
[2026-07-28 22:31:58][INFO][orchestrator] ---------- stage1 阶段: CALIBRATE ----------
[2026-07-28 22:31:58][INFO][orchestrator] [CALIBRATE] 开始
[2026-07-28 22:31:58][INFO][orchestrator] [CALIBRATE] 图像: 4500x3600 (16200000 像素)
[2026-07-28 22:31:58][INFO][orchestrator] [CALIBRATE] 帧元数据: EXPTIME=300.000000s, FILTER='H-alpha', CCD-TEMP=-20.000000C
[2026-07-28 22:31:58][INFO][orchestrator] [CALIBRATE] calibration_dir: f:\Astro dev\Astro CS Normalization Database\testdata/T4 calibration files
[2026-07-28 22:31:58][INFO][orchestrator] [CALIBRATE] 自动推导 master_bias_path: f:\Astro dev\Astro CS Normalization Database\testdata/T4 calibration files\masterBias_BIN-1_4500x3600.xisf
[2026-07-28 22:31:58][INFO][orchestrator] [CALIBRATE] 自动推导 master_dark_path: f:\Astro dev\Astro CS Normalization Database\testdata/T4 calibration files\masterDark_BIN-1_4500x3600_EXPOSURE-300.00s.xisf
[2026-07-28 22:31:58][INFO][orchestrator] [CALIBRATE] 自动推导 master_flat_path: f:\Astro dev\Astro CS Normalization Database\testdata/T4 calibration files\masterFlat_BIN-1_4500x3600_FILTER-H-alpha_mono.xisf
[2026-07-28 22:31:58][INFO][XISF] Reading: f:\Astro dev\Astro CS Normalization Database\testdata/T4 calibration files\masterBias_BIN-1_4500x3600.xisf
[2026-07-28 22:31:58][INFO][XISF] XML header length: 47448 bytes
[2026-07-28 22:31:58][INFO][XISF] Image: 4500x3600x1 fmt=Float32 byteOrder= offset=49152 size=64800000
[2026-07-28 22:31:58][INFO][XISF] Byte order: file= system=little swap=0
[2026-07-28 22:31:58][INFO][XISF] Read OK: 4500x3600 1ch fmt=Float32 keywords=492
[2026-07-28 22:31:58][INFO][API] aio_read_xisf: 0.040 s
[2026-07-28 22:31:58][INFO][orchestrator] [CALIBRATE] 加载 Master: f:\Astro dev\Astro CS Normalization Database\testdata/T4 calibration files\masterBias_BIN-1_4500x3600.xisf (4500x3600)
[2026-07-28 22:31:58][INFO][XISF] Reading: f:\Astro dev\Astro CS Normalization Database\testdata/T4 calibration files\masterDark_BIN-1_4500x3600_EXPOSURE-300.00s.xisf
[2026-07-28 22:31:58][INFO][XISF] XML header length: 19931 bytes
[2026-07-28 22:31:58][INFO][XISF] Image: 4500x3600x1 fmt=Float32 byteOrder= offset=20480 size=64800000
[2026-07-28 22:31:59][INFO][XISF] Byte order: file= system=little swap=0
[2026-07-28 22:31:59][INFO][XISF] Read OK: 4500x3600 1ch fmt=Float32 keywords=192
[2026-07-28 22:31:59][INFO][API] aio_read_xisf: 0.302 s
[2026-07-28 22:31:59][INFO][orchestrator] [CALIBRATE] 加载 Master: f:\Astro dev\Astro CS Normalization Database\testdata/T4 calibration files\masterDark_BIN-1_4500x3600_EXPOSURE-300.00s.xisf (4500x3600)
[2026-07-28 22:31:59][INFO][XISF] Reading: f:\Astro dev\Astro CS Normalization Database\testdata/T4 calibration files\masterFlat_BIN-1_4500x3600_FILTER-H-alpha_mono.xisf
[2026-07-28 22:31:59][INFO][XISF] XML header length: 20992 bytes
[2026-07-28 22:31:59][INFO][XISF] Image: 4500x3600x1 fmt=Float32 byteOrder= offset=24576 size=64800000
[2026-07-28 22:31:59][INFO][XISF] Byte order: file= system=little swap=0
[2026-07-28 22:31:59][INFO][XISF] Read OK: 4500x3600 1ch fmt=Float32 keywords=198
[2026-07-28 22:31:59][INFO][API] aio_read_xisf: 0.191 s
[2026-07-28 22:31:59][INFO][orchestrator] [CALIBRATE] 加载 Master: f:\Astro dev\Astro CS Normalization Database\testdata/T4 calibration files\masterFlat_BIN-1_4500x3600_FILTER-H-alpha_mono.xisf (4500x3600)
[2026-07-28 22:31:59][INFO][orchestrator] [CALIBRATE] master_dark 曝光时间匹配: dark=300.000000s vs frame=300.000000s (diff=0.000000s)
[2026-07-28 22:31:59][INFO][orchestrator] [CALIBRATE] 调用 ac_calibrate_frame: dark_opt=0, k_init=1.000000, has_bias=true, has_dark=true, has_flat=true
[2026-07-28 22:31:59][INFO][orchestrator] [CALIBRATE] 校准统计: light_mean=1248.882820 -> out_mean=3551.495490, bias_mean=0.013990, dark_mean=0.017557, flat_mean=0.353223, actual_k=1.000000
[2026-07-28 22:31:59][DEBUG][PIPELINE] remove_block: 'data' removed (n_blocks=1)
[2026-07-28 22:31:59][DEBUG][PIPELINE] add_block_move: 'data' type=0 count=16200000 (moved ptr=0000021ed0d0d040)
[2026-07-28 22:31:59][INFO][orchestrator] [CALIBRATE] cal_stats 已写入 (CALIBRATION_STATUS=APPLIED)
[2026-07-28 22:31:59][INFO][orchestrator] [CALIBRATE] 完成 (实际应用 Bias/Dark/Flat)
[2026-07-28 22:31:59][INFO][orchestrator] [0.902548s] CALIBRATE 完成
[2026-07-28 22:31:59][INFO][orchestrator] ---------- stage1 阶段: PLATESOLVE ----------
[2026-07-28 22:31:59][INFO][orchestrator] [PLATESOLVE] 开始
[2026-07-28 22:31:59][INFO][orchestrator] [PLATESOLVE] 初始化环境 (gaia_client + star_detector + ipv_solver)
[2026-07-28 22:31:59][INFO][orchestrator] [PLATESOLVE] gaia_client.dll 加载成功
[2026-07-28 22:31:59][INFO][orchestrator] [PLATESOLVE] star_detector.dll 加载成功
[2026-07-28 22:31:59][INFO][orchestrator] [PLATESOLVE] Gaia 数据目录: f:\Astro dev\Astro CS Normalization Database\GaiaDR3SP (来自 config)
[2026-07-28 22:31:59][INFO][orchestrator] [PLATESOLVE] GaiaClient 创建成功 (data_dir=f:\Astro dev\Astro CS Normalization Database\GaiaDR3SP)
[2026-07-28 22:31:59][INFO][SDET] StarDetector created (fitRadius=0, fwhmClipSigma=3.0, maxAxisRatio=2.0)
[2026-07-28 22:31:59][INFO][orchestrator] [PLATESOLVE] StarDetector 创建成功 (fitRadius=0 自动, maxStars=2000)
[2026-07-28 22:31:59][INFO][orchestrator] [PLATESOLVE] IPVSolver 创建成功, 已注入 Gaia + StarDetector 句柄
[2026-07-28 22:31:59][INFO][orchestrator] [PLATESOLVE] 环境初始化完成
[2026-07-28 22:31:59][INFO][orchestrator] [PLATESOLVE] 图像: 4500x3600
[2026-07-28 22:31:59][INFO][orchestrator] [PLATESOLVE] 初始指向: OBJCTRA='18 11 14.00' -> ra0=272.808333deg, OBJCTDEC='-13 10 37.0' -> dec0=-13.176944deg
[2026-07-28 22:31:59][INFO][orchestrator] [PLATESOLVE] 焦距=200.000000mm, 像素尺寸=6.000000um
[2026-07-28 22:31:59][INFO][orchestrator] [PLATESOLVE] 调用 ipv_solve_from_memory_with_callback (INTERNAL_DETECTION_SHARED_EXPORT callback 导出) ...
[2026-07-28 22:31:59][INFO] ==== IPVSolver::solve_from_memory_with_callback 开始 (INTERNAL_DETECTION_SHARED_EXPORT) ====
[2026-07-28 22:31:59][INFO]   pixels=4500x3600 (内存数据)
[2026-07-28 22:31:59][INFO]   ra0=272.808333 deg, dec0=-13.176944 deg
[2026-07-28 22:31:59][INFO]   focal_length=200.000 mm, pixel_size=6.000 um
[2026-07-28 22:31:59][INFO]   callback=ENABLED
[2026-07-28 22:31:59][INFO] === ipv_select_from_memory_with_callback 启动 (INTERNAL_DETECTION_SHARED_EXPORT) ===
[2026-07-28 22:31:59][INFO] ipv_select: 依赖 DLL 全部加载成功
[2026-07-28 22:31:59][INFO] Step 1: 使用内存像素数据 4500×3600
[2026-07-28 22:31:59][INFO] Step 2: 星点检测 (sdet_detect_ex)
[2026-07-28 22:31:59][INFO][SDET] sdet_detect_ex start: 4500x3600
[2026-07-28 22:31:59][DEBUG][SDET] [1] uint16→float: 17.7 ms
[2026-07-28 22:31:59][DEBUG][SDET] [2] Gaussian YvV smooth (sigma=2.0): 68.2 ms
[2026-07-28 22:32:00][INFO][SDET] peaker: median=3460.0000 bgnoise=71.0315 threshold=3815.1572 (median+5*bgnoise)
[2026-07-28 22:32:00][DEBUG][SDET] [3] Threshold: 335.6 ms
[2026-07-28 22:32:00][INFO][SDET] peaker: bg=3460.0 maxi=65535.0 norm=65535.0 dynrange=62075.0 minsatlevel=43452.5 satrange=6207.5 s_factor=3.7169 locthreshold=355.1574
[2026-07-28 22:32:00][DEBUG][SDET] [4] peaker: 79.2 ms (5913 candidates, full peaker 7-step)
[2026-07-28 22:32:00][INFO][SDET] Candidates: 5913
[2026-07-28 22:32:00][INFO][SDET] Peaker stages: pass_threshold=2297275 pass_localmax=19018 pass_count3=18157 pass_boundary=18157 | cond_meanhigh=40 cond_platform=13275 sat_both=4 nonsat=18153
[2026-07-28 22:32:00][INFO][SDET] Auto fitRadius: med_pixels=62 fwhm_est=3.86 auto_radius=11 actual=11
[2026-07-28 22:32:00][INFO][SDET] Task6 candidates sorted by mag_est (desc): maxstars=2000 candidates=5913
[2026-07-28 22:32:00][DEBUG][SDET] [6] Moffat4 fit: 377.7 ms (5760/5913 OK)
[2026-07-28 22:32:00][INFO][SDET] Moffat4 fit: 5760/5913 OK
[2026-07-28 22:32:00][INFO][SDET] === Fit statistics by pixel count ===
[2026-07-28 22:32:00][INFO][SDET]   px[5-9]: total=175 ok=172(98.3%) invalid=0 noconv=3 iterlimit=0
[2026-07-28 22:32:00][INFO][SDET]   px[10-19]: total=484 ok=477(98.6%) invalid=0 noconv=7 iterlimit=0
[2026-07-28 22:32:00][INFO][SDET]   px[20-49]: total=1521 ok=1506(99.0%) invalid=0 noconv=15 iterlimit=0
[2026-07-28 22:32:00][INFO][SDET]   px[50-99]: total=1535 ok=1500(97.7%) invalid=0 noconv=35 iterlimit=0
[2026-07-28 22:32:00][INFO][SDET]   px[100-299]: total=1867 ok=1779(95.3%) invalid=0 noconv=88 iterlimit=0
[2026-07-28 22:32:00][DEBUG][SDET] [7] FWHM stats: 1.8 ms (med=1.4522 mad=0.2134)
[2026-07-28 22:32:00][INFO][SDET] FWHM stats: med=1.4522 mad=0.2134 (from 5760 fitted stars)
[2026-07-28 22:32:00][DEBUG][SDET] [8] Build normal stars: 5.2 ms (5601 stars, fit_fail=153 fwhm=0 round=98 reject=61)
[2026-07-28 22:32:00][INFO][SDET] Normal stars: 5601 (fit_fail=153 fwhm=0 roundness=98 reject=61)
[2026-07-28 22:32:00][DEBUG][SDET] [9] Saturated star detection skipped (V4.52: use A>dynrange from peaker): 0.5 ms
[2026-07-28 22:32:00][DEBUG][SDET] [10a] Dedup: 1.9 ms
[2026-07-28 22:32:00][DEBUG][SDET] [10b] Sort: 0.5 ms
[2026-07-28 22:32:00][INFO][SDET] After dedup+sort: 5601 stars (saturated=299 normal=5302)
[2026-07-28 22:32:00][INFO][SDET] sdet_detect_ex done: 2000 stars (sat=299 normal=5302), 0.889 s
[2026-07-28 22:32:00][INFO]   检测到星点: 2000 颗 (饱和 299, 正常 1701)
[2026-07-28 22:32:00][INFO] Step 2.5: 调用 callback 导出 detections (INTERNAL_DETECTION_SHARED_EXPORT)
[2026-07-28 22:32:00][INFO]   callback 完成, 源缓冲区已由 callback 复制
[2026-07-28 22:32:00][INFO] Step 3: 图像侧选星
[2026-07-28 22:32:00][INFO] 选星: 按 mag(box积分) 升序取前 60 颗 (含饱和 58 颗)
[2026-07-28 22:32:00][INFO]   U 向量组: 60×2 (s0=6.1879"/px)
[2026-07-28 22:32:00][INFO] Step 4: FOV/密度计算
[2026-07-28 22:32:00][INFO] FOV计算: s0=6.1879"/px, FOV_diag=9.9056°, query_r=5.4481°, img_area=47.86341°², query_area=93.24654°², rho_img=1.25, rho_target=1.88, n_target=60
[2026-07-28 22:32:00][INFO] Step 5: V4.9 密度公式估算极限星等 (替代迭代)
[2026-07-28 22:32:00][INFO] 密度估算极限星等: G=9.815 (n_required=60, area=93.2465°², rho_target=0.64/°²)
[2026-07-28 22:32:00][INFO] Step 6: 用 m_lim=9.815 查询 Gaia 星表
[2026-07-28 22:32:01][INFO] Step 7: Gnomonic 投影 + FOV 过滤
[2026-07-28 22:32:01][INFO]   W 向量组: 60×2 (FOV 内 600, 取最亮 60, gaia_ra/dec 已保存)
[2026-07-28 22:32:01][INFO] === ipv_select_from_memory_with_callback 完成 (INTERNAL_DETECTION_SHARED_EXPORT) ===
[2026-07-28 22:32:01][INFO] === triangle_match 开始: N_U=60, N_W=60, n_A0=60, n_B0=60, tol=0.0020, s0=6.1879 ===
[2026-07-28 22:32:01][INFO] triangle_match: stage=0, nA=60, nB=60
[2026-07-28 22:32:01][INFO] triangle_match_single: n_A=60, n_B=60, tol=0.0020, s0=6.1879, scale=[0.1347,0.2020]
[2026-07-28 22:32:01][DEBUG] stars_to_triangles: N=60, expected=34220, valid=34220, skipped_degenerate=0 (并行, 16 线程)
[2026-07-28 22:32:01][DEBUG] stars_to_triangles: prune_triangle_array ba>0.9 剪枝: before=34220, after=24515, pruned=9705
[2026-07-28 22:32:01][DEBUG] stars_to_triangles: N=60, expected=34220, valid=34220, skipped_degenerate=0 (并行, 16 线程)
[2026-07-28 22:32:01][DEBUG] stars_to_triangles: prune_triangle_array ba>0.9 剪枝: before=34220, after=25292, pruned=8928
[2026-07-28 22:32:01][INFO] make_vote_matrix: n_A=24515, n_B=25292, matched_triangles=36648, vote_matrix=60x60, scale_rejected=52192 (range=[0.1347,0.2020]) [并行 16 线程]
[2026-07-28 22:32:01][INFO] top_vote_getters: 矩阵=60x60, 候选对数(vote>=2)=3591, top_n=60
[2026-07-28 22:32:01][INFO] top_vote_getters: V4.25 去重后 top_pairs=60, 去重剔除=2903
[2026-07-28 22:32:01][INFO]   [调试] top[0]: u=42 w=46, votes=654
[2026-07-28 22:32:01][INFO]   [调试] top[1]: u=46 w=35, votes=652
[2026-07-28 22:32:01][INFO]   [调试] top[2]: u=33 w=34, votes=635
[2026-07-28 22:32:01][INFO]   [调试] top[3]: u=24 w=10, votes=634
[2026-07-28 22:32:01][INFO]   [调试] top[4]: u=57 w=37, votes=631
[2026-07-28 22:32:01][INFO]   [调试] top[5]: u=52 w=36, votes=617
[2026-07-28 22:32:01][INFO]   [调试] top[6]: u=8 w=2, votes=613
[2026-07-28 22:32:01][INFO]   [调试] top[7]: u=23 w=33, votes=608
[2026-07-28 22:32:01][INFO]   [调试] top[8]: u=6 w=14, votes=607
[2026-07-28 22:32:01][INFO]   [调试] top[9]: u=37 w=53, votes=604
[2026-07-28 22:32:01][INFO] triangle_match_single 完成: tri_A=24515, tri_B=25292, vote_matrix=60x60, max_vote=654, 候选对数(vote>=2)=3591, top_pairs=60
[2026-07-28 22:32:01][INFO] triangle_match: stage=0 成功 (max_vote=654 >= 3), 停止自适应
[2026-07-28 22:32:01][INFO] === triangle_match 结束: tri_A=24515, tri_B=25292, top_pairs=60, max_vote=654, success=1 ===
[2026-07-28 22:32:01][INFO] [P02-002] n_target=60, max_vote=654, threshold=2
[2026-07-28 22:32:01][INFO]   [阶段] triangle_match (n=60): 78.98 ms, max_vote=654, top_pairs=60, success=1
[2026-07-28 22:32:01][INFO]   [阶段] triangle_match: 79.35 ms, n_target_used=60
[2026-07-28 22:32:01][INFO]   N_U=60, N_W=60, s0=6.1879 arcsec/px, img=4500x3600, fov_diag=9.9056 deg
[2026-07-28 22:32:01][INFO] iter_trans_solve: U=60, W=60, initial_pairs=60, tol=5.00, order=3
[2026-07-28 22:32:01][DEBUG] calc_trans_general: order=3, n_pairs=20, 拟合成功
[2026-07-28 22:32:01][INFO] iter_trans_inner: 初始拟合完成, 初始工作集=20, order=3
[2026-07-28 22:32:01][INFO]   [调试] 初始 TRANS: x00=243.2796 y00=93.7556, x10=6.307314 x01=-0.002933 y10=-0.004366 y01=-6.307803
[2026-07-28 22:32:01][INFO]   [调试] 初始对[0]: u=42 w=46, U=(1830.81,-1558.08), W=(11763.89,9889.95), pred=(11763.93,9889.99), dist=0.0602" (dx=0.04 dy=0.05)
[2026-07-28 22:32:01][INFO]   [调试] 初始对[1]: u=46 w=35, U=(-75.80,902.59), W=(-237.49,-5597.51), pred=(-237.83,-5597.61), dist=0.3515" (dx=-0.34 dy=-0.10)
[2026-07-28 22:32:01][INFO]   [调试] 初始对[2]: u=33 w=34, U=(-506.80,651.81), W=(-2954.57,-4014.49), pred=(-2954.46,-4014.07), dist=0.4392" (dx=0.11 dy=0.42)
[2026-07-28 22:32:01][INFO]   [调试] 初始对[3]: u=24 w=10, U=(1028.35,226.42), W=(6725.94,-1338.46), pred=(6726.25,-1338.53), dist=0.3211" (dx=0.31 dy=-0.07)
[2026-07-28 22:32:01][INFO]   [调试] 初始对[4]: u=57 w=37, U=(-765.42,600.51), W=(-4584.56,-3689.30), pred=(-4584.17,-3688.75), dist=0.6721" (dx=0.39 dy=0.55)
[2026-07-28 22:32:01][INFO]   [调试] 初始对[5]: u=52 w=36, U=(-903.36,1225.97), W=(-5452.89,-7626.09), pred=(-5453.43,-7626.81), dist=0.8932" (dx=-0.53 dy=-0.72)
[2026-07-28 22:32:01][INFO] iter_trans_inner: V4.23 工作集扩展 20->60 (nr=nbright)
[2026-07-28 22:32:01][DEBUG] iter 0: 绝对剔除 nr=60→40, nb=20
[2026-07-28 22:32:01][DEBUG] iter 0: sigma(35%)=0.128505 角秒²
[2026-07-28 22:32:01][DEBUG] iter 0: 相对剔除 nr=35, nb=25, rel_thresh=1.285053
[2026-07-28 22:32:01][DEBUG] calc_trans_general: order=3, n_pairs=35, 拟合成功
[2026-07-28 22:32:01][INFO] iter_trans_inner: 完成, nr=35, sig=0.1947, rms=0.4277, iters=1, success=1
[2026-07-28 22:32:01][INFO] iter_trans_solve: 第一轮 iter_trans 成功, inliers=35, rms=0.4277
[2026-07-28 22:32:01][INFO] at_match_lists: U=60, W=60, tol=5.00", U→W单向=40, W→U单向=40, 双向=40, 去重后=40
[2026-07-28 22:32:01][DEBUG] calc_trans_general: order=3, n_pairs=40, 拟合成功
[2026-07-28 22:32:01][INFO] at_recalc_trans: n=40, order=3, sig=0.2623, sx=0.3275, sy=0.3390, rms=0.4713
[2026-07-28 22:32:01][INFO] iter_trans_solve: 第一轮 refit 成功, inliers=40, rms=0.4713
[2026-07-28 22:32:01][INFO] at_match_lists: U=60, W=60, tol=5.00", U→W单向=40, W→U单向=40, 双向=40, 去重后=40
[2026-07-28 22:32:01][DEBUG] calc_trans_general: order=3, n_pairs=40, 拟合成功
[2026-07-28 22:32:01][INFO] at_recalc_trans: n=40, order=3, sig=0.2623, sx=0.3275, sy=0.3390, rms=0.4713
[2026-07-28 22:32:01][INFO] iter_trans_solve: 第二轮 refit 成功, inliers=40, rms=0.4713
[2026-07-28 22:32:01][INFO]   [阶段] iter_trans_solve: 4.57 ms, n_inliers=40, rms=0.4713, iters=3, success=1
[2026-07-28 22:32:01][INFO]   [诊断] iterative_reproject 入口: U.size=60, gaia_ra.size=60, gaia_dec.size=60, initial_inliers.size=40, s0=6.1879, img=4500x3600
[2026-07-28 22:32:01][INFO] iterative_reproject: 开始 (N_W=60, n_inliers=40, s0=6.1879"/px, max_iter=5, conv_thresh=0.0100")
[2026-07-28 22:32:01][INFO]   iter 0: ra_cur=272.808333 dec_cur=-13.176944, xi_center=243.2393" eta_center=93.6525", conv=260.6456" (thresh=0.0100")
[2026-07-28 22:32:01][INFO]   iter 0: 新中心 ra=272.877719 dec=-13.150921 (Δra=0.069386° Δdec=0.026024°)
[2026-07-28 22:32:01][DEBUG] calc_trans_general: order=3, n_pairs=40, 拟合成功
[2026-07-28 22:32:01][INFO] at_recalc_trans: n=40, order=3, sig=0.2625, sx=0.3277, sy=0.3391, rms=0.4715
[2026-07-28 22:32:01][INFO]   iter 0: at_recalc_trans 成功, n=40, sig=0.2625, rms=0.4715, x00=-0.0010 y00=-0.0007 (asec)
[2026-07-28 22:32:01][INFO]   iter 1: 收敛 (TRANS 常数项 = 0.0012" < 0.0100")
[2026-07-28 22:32:01][INFO] iterative_reproject: 完成 (收敛), ra=272.808333→272.877719 dec=-13.176944→-13.150921, n_matched=40 (固定), iters=1, conv=0.0012"
[2026-07-28 22:32:01][INFO]   [阶段] iterative_reproject: 2.07 ms, success=1, ra=272.808333→272.877719, dec=-13.176944→-13.150921, n_matched=40, iters=1, conv=0.0012"
[2026-07-28 22:32:01][INFO] at_match_lists: U=60, W=60, tol=5.00", U→W单向=40, W→U单向=40, 双向=40, 去重后=40
[2026-07-28 22:32:01][INFO]   [阶段] hi_order_rematch iter 0: n_matched=40 (min=10, order=3)
[2026-07-28 22:32:01][DEBUG] calc_trans_general: order=3, n_pairs=40, 拟合成功
[2026-07-28 22:32:01][INFO] at_recalc_trans: n=40, order=3, sig=0.2625, sx=0.3277, sy=0.3391, rms=0.4715
[2026-07-28 22:32:01][INFO] at_match_lists: U=60, W=60, tol=5.00", U→W单向=40, W→U单向=40, 双向=40, 去重后=40
[2026-07-28 22:32:01][DEBUG] calc_trans_general: order=3, n_pairs=40, 拟合成功
[2026-07-28 22:32:01][INFO] at_recalc_trans: n=40, order=3, sig=0.2625, sx=0.3277, sy=0.3391, rms=0.4715
[2026-07-28 22:32:01][INFO]   [阶段] hi_order_rematch iter 1: 收敛 (dn=0, drms=0.0000)
[2026-07-28 22:32:01][INFO]   [阶段] hi_order_rematch: 1.39 ms, n_matched=40, trans.order=3
[2026-07-28 22:32:01][INFO] ==== robust_refine_wcs 开始 (V4.30) ====
  U_full=2000, mag_full=2000, gaia=60
  ra0=272.877719, dec0=-13.150921, s0=6.1879"/px, fov=9.9056°, img=4500x3600
  initial_rms=0.2625", trans.order=3
[2026-07-28 22:32:01][INFO]   [robust_refine] 网格采样: FOV=9.906°, G_short=4, N_long=5, n_cells=20, quota=9, narrow_all=0, N_full=2000
[2026-07-28 22:32:01][INFO]   [robust_refine] 网格采样完成: 选中 180 颗 (上限 300, 下限 100)
[2026-07-28 22:32:01][INFO]   [robust_refine] NN 匹配: U=180, W=60, tol=1.000", Lowe通过=54, 双向=54
[2026-07-28 22:32:01][INFO]   [robust_refine] baseline: initial_rms=0.2625" (60星), U_pool RMS=0.4976" (180 星, matched=54)
[2026-07-28 22:32:01][INFO]   [robust_refine] NN 匹配: U=180, W=60, tol=1.000", Lowe通过=54, 双向=54
[2026-07-28 22:32:01][INFO]   [robust_refine] iter 0: tol=1.000", matched=54, rms=0.4976"→0.4774", cd_Δ=0.2860%, damp=0.00e+00
[2026-07-28 22:32:01][INFO]   [robust_refine] NN 匹配: U=180, W=60, tol=0.716", Lowe通过=47, 双向=47
[2026-07-28 22:32:01][INFO]   [robust_refine] iter 1: tol=0.716", matched=47, rms=0.4774"→0.3731", cd_Δ=4.0052%, damp=0.00e+00
[2026-07-28 22:32:01][INFO]   [robust_refine] NN 匹配: U=180, W=60, tol=0.560", Lowe通过=42, 双向=42
[2026-07-28 22:32:01][INFO]   [robust_refine] iter 2: tol=0.560", matched=42, rms=0.3731"→0.3220", cd_Δ=3.4436%, damp=1.00e+06
[2026-07-28 22:32:01][INFO]   [robust_refine] NN 匹配: U=180, W=60, tol=0.322", Lowe通过=22, 双向=22
[2026-07-28 22:32:01][WARN]   [robust_refine] iter 3: matched=22 < 30, 回退
[2026-07-28 22:32:01][INFO] ==== robust_refine_wcs 成功 ====
  iter=3, matched=42, rms=0.3220" (0.0520 px), cd_Δ=4.0052%, pool=180
[2026-07-28 22:32:01][INFO]   [阶段] robust_refine: 成功, n_matched=42, rms=0.3220", iter=3, pool=180, cd_Δ=4.0052%
[2026-07-28 22:32:01][INFO]   [阶段] robust_refine: 3.97 ms
[2026-07-28 22:32:01][INFO]   [诊断] extract_wcs_sip 入口: trans.order=3, trans.valid=1, ra0=272.877719, dec0=-13.150921, img=4500x3600, s0=6.1879, U.size=2000, W.size=60, matched.size=42
[2026-07-28 22:32:01][INFO]   [V4.22] 清零 trans.x00/y00 (saved: x00=0.1460, y00=0.0374)
[2026-07-28 22:32:01][INFO] extract_wcs_sip: SIP A/B 解析公式成功, order=3
[2026-07-28 22:32:01][INFO] extract_wcs_sip: SIP AP/BP 网格反变换成功, ap_order=3, n_inv_coef=10, n_grid=49
[2026-07-28 22:32:01][INFO] extract_wcs_sip: CD=[1.751851e-03 4.621320e-07; -7.002450e-07 1.752233e-03], CRVAL=(272.877719, -13.150921), CRPIX=(2250.5, 1800.5), ctype=[RA---TAN-SIP, DEC--TAN-SIP], n_pairs=42, rms_px=0.0520, rms_arcsec=0.3220, trans_order=3, sip_order=3, ap_order=3
[2026-07-28 22:32:01][INFO]   [阶段] extract_wcs_sip: 1.34 ms, success=1, n_pairs=42, rms_px=0.052, rms_arcsec=0.322, trans_order=3, sip_order=3
[2026-07-28 22:32:01][INFO]   最终: n_pairs=42, rms_px=0.052, rms_arcsec=0.322, trans_order=3, sip_order=3, success=1
[2026-07-28 22:32:01][INFO]   [cache_last_inliers_] 缓存 42 对 inliers (robust=1, s0=6.1879", U_snap.size=2000, gaia.size=60, trans.order=3, ra0=272.877719, dec0=-13.150921)
[2026-07-28 22:32:01][INFO] ==== IPVSolver::solve_from_memory_with_callback 完成 (INTERNAL_DETECTION_SHARED_EXPORT) ====
[2026-07-28 22:32:01][INFO][orchestrator] [PLATESOLVE] callback 导出: n_detected=2000, copied=true, wcs_result.n_detected=0
[2026-07-28 22:32:01][INFO][orchestrator] [PLATESOLVE] 求解成功: rms=0.321967arcsec, n_pairs=42, n_detected=0, n_catalog=0, trans_order=3
[2026-07-28 22:32:01][INFO][orchestrator] [PLATESOLVE] WCS 已写入: CTYPE1=RA---TAN-SIP, CRVAL=(272.877719, -13.150921), CRPIX=(2250.500000, 1800.500000)
[2026-07-28 22:32:01][INFO][orchestrator] [PLATESOLVE] SIP 已写入: order=3, ap_order=3
[2026-07-28 22:32:01][DEBUG][PIPELINE] add_block: 'star_det' type=0 count=8000 (32000 bytes)
[2026-07-28 22:32:01][INFO][orchestrator] [PLATESOLVE] star_det 块已写入 (INTERNAL_DETECTION_SHARED_EXPORT): 2000 颗星
[2026-07-28 22:32:01][INFO][orchestrator] [PLATESOLVE] 完成
[2026-07-28 22:32:01][INFO][orchestrator] [1.854428s] PLATESOLVE 完成
[2026-07-28 22:32:01][INFO][orchestrator] ---------- stage1 阶段: PSF ----------
[2026-07-28 22:32:01][INFO][orchestrator] [PSF] 开始
[2026-07-28 22:32:01][INFO][orchestrator] [PSF] 图像: 4500x3600
[2026-07-28 22:32:01][INFO][orchestrator] [PSF] star_det: 2000 颗星
[2026-07-28 22:32:01][INFO][orchestrator] [PSF] 调用 dpsf_fit_batch (fitRadius=8, maxIter=100, tol=1.0e-06) ...
[2026-07-28 22:32:01][WARN][DPSF] Invalid fit params: finite=1 A=25373.38 sx=0.3000 sy=2.4875
[2026-07-28 22:32:01][WARN][DPSF] Background constraint violated: B=7716.5055 bkg0=4616.0000 ratio=0.6717
[2026-07-28 22:32:01][WARN][DPSF] Invalid fit params: finite=1 A=59642.46 sx=0.3000 sy=1.3596
[2026-07-28 22:32:01][WARN][DPSF] Invalid fit params: finite=1 A=22346.44 sx=0.3000 sy=2.2857
[2026-07-28 22:32:01][WARN][DPSF] Invalid fit params: finite=1 A=14426.05 sx=0.3000 sy=2.2238
[2026-07-28 22:32:02][INFO][orchestrator] [PSF] 拟合完成: 1946/2000 成功 (97%)
[2026-07-28 22:32:02][DEBUG][PIPELINE] add_block: 'psf' type=1 count=18000 (144000 bytes)
[2026-07-28 22:32:02][INFO][orchestrator] [PSF] 完成: 2000 颗星, 1946 成功
[2026-07-28 22:32:02][INFO][orchestrator] [0.518205s] PSF 完成
[2026-07-28 22:32:02][INFO][orchestrator] ---------- stage1 阶段: PHOTOMETRIC ----------
[2026-07-28 22:32:02][INFO][orchestrator] [PHOTOMETRIC] 开始
[2026-07-28 22:32:02][INFO][orchestrator] [PHOTOMETRIC] 图像: 4500x3600
[2026-07-28 22:32:02][INFO][orchestrator] [PHOTOMETRIC] psf: 2000 颗星
[2026-07-28 22:32:02][INFO][orchestrator] [PHOTOMETRIC] FILTER='H-alpha' -> 'H-alpha'
[2026-07-28 22:32:02][INFO][orchestrator] [PHOTOMETRIC] filters_json: f:\Astro dev\Astro CS Normalization Database\lib/photometric_calib/data/response_curves/filters.json
[2026-07-28 22:32:02][ERROR][orchestrator] 滤光片 'H-alpha' 未在 filters.json 中找到
[2026-07-28 22:32:02][ERROR][orchestrator] [PHOTOMETRIC] 加载滤光片曲线失败
[2026-07-28 22:32:02][INFO][orchestrator] [0.001036s] PHOTOMETRIC 失败
[2026-07-28 22:32:02][DEBUG][PIPELINE] frame_destroy: ok
[2026-07-28 22:32:02][INFO][orchestrator] P04-004: 原子性清理 - stage1 失败/取消/超时, 删除部分输出
[2026-07-28 22:32:02][INFO][orchestrator] ========== stage1 失败 ==========
[2026-07-28 22:32:02][INFO][orchestrator] [PLATESOLVE] 释放环境资源
[2026-07-28 22:32:02][INFO][SDET] StarDetector destroyed
[2026-07-28 22:32:02][INFO][orchestrator] 析构完成
[dll_loader] 卸载所有模块
[dll_loader] 卸载模块 CALIBRATE
[dll_loader] 卸载模块 PLATESOLVE
[dll_loader] 卸载模块 PSF
[dll_loader] 卸载模块 PHOTOMETRIC
[dll_loader] 卸载模块 SNR
[dll_loader] 卸载模块 DRIZZLE
[dll_loader] 卸载模块 GRADIENT_SPHERE
[dll_loader] 卸载模块 AIO
