=== COMMAND ===
f:\Astro dev\Astro CS Normalization Database\lib\orchestrator\cpp\orchestrator.exe stage1 --frame f:\Astro dev\Astro CS Normalization Database\testdata\LDN43_T2_flying_dutchman\lights\LDN43_LRGBH_flying_dutchman-20250503@032713-1200S-Red.fts --output f:\Astro dev\Astro CS Normalization Database\engineering_v1.3\evidence\P12-004\raw_logs\T2_RED_LDN43\T2_RED_LDN43.hiss --gaia-data GaiaDR3SP --filter Red --config f:\Astro dev\Astro CS Normalization Database\engineering_v1.3\evidence\P12-004\scripts\stage1_config_T2.json --log-level INFO

=== EXIT CODE ===
0

=== STDOUT ===
{
  "success": true,
  "frame_name": "f:\\Astro dev\\Astro CS Normalization Database\\testdata\\LDN43_T2_flying_dutchman\\lights\\LDN43_LRGBH_flying_dutchman-20250503@032713-1200S-Red.fts",
  "timings": [
    {"stage": "CALIBRATE", "name": "READ_FITS", "duration_sec": 0.199249, "success": true},
    {"stage": "CALIBRATE", "name": "CALIBRATE", "duration_sec": 1.28473, "success": true},
    {"stage": "CALIBRATE", "name": "PLATESOLVE", "duration_sec": 1.02929, "success": true},
    {"stage": "CALIBRATE", "name": "PSF", "duration_sec": 0.283182, "success": true},
    {"stage": "CALIBRATE", "name": "PHOTOMETRIC", "duration_sec": 0.0466754, "success": true},
    {"stage": "CALIBRATE", "name": "SNR", "duration_sec": 0.0016772, "success": true},
    {"stage": "CALIBRATE", "name": "DRIZZLE", "duration_sec": 26.2793, "success": true}
  ],
  "wcs_fields": {},
  "photo_stats": {"FIT_USED": "1093", "GAIA_IN_FRAME": "1210", "MATCH_DIST_MAX": "1.915388", "MATCH_DIST_MEDIAN": "0.473225", "MATCH_DIST_P90": "0.820881", "N_MATCHED": "1093", "PSF_TOTAL": "2000", "PSF_VALID": "1949", "REJECTED_AMBIGUOUS": "0", "REJECTED_DISTANCE": "838", "REJECTED_QUALITY": "18", "ROBUST_ITERATIONS": "8", "R_MAX": "5.107712", "R_MEDIAN": "4.792691", "R_P90": "4.917643", "SCALE_FACTOR": "0.000016", "SIGMA_RESIDUAL": "0.065141", "SPATIAL_CANDIDATES": "1111", "SPECTRUM_ROWS_TOTAL": "2996", "STATUS": "OK", "UNIQUE_MATCHES": "1111", "VALID_FSYN": "2996"},
  "output_ahpx_path": "f:\\Astro dev\\Astro CS Normalization Database\\engineering_v1.3\\evidence\\P12-004\\raw_logs\\T2_RED_LDN43\\T2_RED_LDN43.hiss",
  "error_msg": ""
}

=== STDERR ===
[2026-07-28 23:09:17][INFO][cli] stage1 gaia-data: GaiaDR3SP
[2026-07-28 23:09:17][INFO][cli] stage1 filter: Red
[2026-07-28 23:09:17][INFO][logger] 日志系统初始化完成 (log_dir=lib/orchestrator/logs, level=INFO)
[2026-07-28 23:09:17][INFO][orchestrator] 初始化编排器 (骨架版本)
[2026-07-28 23:09:17][INFO][orchestrator] 可用线程数: 16
[2026-07-28 23:09:17][INFO][orchestrator] 加载配置: f:\Astro dev\Astro CS Normalization Database\engineering_v1.3\evidence\P12-004\scripts\stage1_config_T2.json
[2026-07-28 23:09:17][INFO][orchestrator] 配置文件大小: 2299 字节
[2026-07-28 23:09:17][INFO][orchestrator] 检查点目录: output\.checkpoint
[2026-07-28 23:09:17][INFO][orchestrator] 日志级别设置为: INFO
[2026-07-28 23:09:17][INFO][orchestrator] 配置线程数: 0 (0=自动检测)
[2026-07-28 23:09:17][INFO][orchestrator] 配置 Gaia 数据目录: GaiaDR3SP
[2026-07-28 23:09:17][INFO][orchestrator] 配置加载完成 (P03-002: log_level/threads/gaia_data_dir 已解析)
[2026-07-28 23:09:17][INFO][cli] 日志级别设置为: INFO
[2026-07-28 23:09:17][INFO][orchestrator] ========== stage1: 单帧预处理 (FITS -> .hiss) ==========
[2026-07-28 23:09:17][INFO][orchestrator] 输入 FITS: f:\Astro dev\Astro CS Normalization Database\testdata\LDN43_T2_flying_dutchman\lights\LDN43_LRGBH_flying_dutchman-20250503@032713-1200S-Red.fts
[2026-07-28 23:09:17][INFO][orchestrator] 输出 .hiss: f:\Astro dev\Astro CS Normalization Database\engineering_v1.3\evidence\P12-004\raw_logs\T2_RED_LDN43\T2_RED_LDN43.hiss
[2026-07-28 23:09:17][INFO][orchestrator] 配置 JSON: {

  "_comment": "stage1 配置文件模板 (spec §2.3.3) - 单帧预处理 FITS -> .hiss, stage 0-6 (2026-07-18 归档 GRADIENT_2D; 2026-07-25 P03-002 扩展参数追踪)",

  "project_root": ".",

  "gaia_data_dir": "GaiaDR3SP",

  "calibration_dir": "testdata/T2 calibration files",

  "output_root": "output",

  "stages": [

    "read_fits",

    "calibrate",

    "platesolve",

    "psf",

    "photometric",

    "snr",

    "drizzle"

  ],

  "frame": {

    "id": "panel1_Red",

    "light_path": "",

    "filter": "Red",

    "qe_curve": "GSENSE2020BSI"

  },

  "calibration": {

    "_comment": "P03-001: 校准输入接线配置。master_*_path 为空时从 calibration_dir 自动推导",

    "master_bias_path": "",

    "master_dark_path": "",

    "master_flat_path": "",

    "require_size_match": true,

    "require_exposure_match": true,

    "exposure_tolerance_s": 0.5,

    "require_temperature_match": false,

    "temperature_tolerance_c": 1.0,

    "allow_no_calibration": false,

    "dark_optimization": 0,

    "dark_scale_factor": 1.0

  },

  "platesolve": {

    "_comment": "P03-002: PlateSolve 参数。initial_ra/dec 为空时从 FITS header OBJCTRA/DEC 读取; focal_length/pixel_size 为 0 时从 FITS header 读取",

    "initial_ra": "",

    "initial_dec": "",

    "focal_length": 0.0,

    "pixel_size": 0.0,

    "max_stars": 2000,

    "log_dir": "lib/plate_solve/logs"

  },

  "psf": {

    "_comment": "P03-002: PSF 拟合参数。fit_radius=0 表示自动; max_stars=0 表示不限制",

    "fit_radius": 8,

    "max_iter": 100,

    "tolerance": 1e-06,

    "max_stars": 2000

  },

  "photometric": {

    "_comment": "P03-002: 测光校准参数。mag_max 内部会自适应迭代 (2000-10000 星范围)",

    "mag_min": 6.0,

    "mag_max": 16.0,

    "fov_radius_deg": 0.0,

    "filters_json": "lib/photometric_calib/data/response_curves/filters.json",

    "qe_curves_json": "lib/photometric_calib/data/response_curves/qe_curves.json"

  },

  "drizzle": {

    "_comment": "P03-002: Drizzle 参数。nside_strategy=1x_to_2x_drizzle 自适应; pixfrac 默认 1.0 避免缝隙",

    "nside_strategy": "1x_to_2x_drizzle",

    "nside_override": 0,

    "pixfrac": 1.0,

    "nested": true

  },

  "log_level": "INFO",

  "threads": 0

}
[2026-07-28 23:09:17][INFO][orchestrator] P04-004: 取消/超时标志已重置
[2026-07-28 23:09:17][INFO][orchestrator] 自动推导项目根目录: f:\Astro dev\Astro CS Normalization Database
[2026-07-28 23:09:17][INFO][orchestrator] 初始化 DLL 加载 (lib_base_dir=f:\Astro dev\Astro CS Normalization Database)
[dll_loader] 开始加载所有模块 (lib_base_dir=f:\Astro dev\Astro CS Normalization Database)
[dll_loader] 设置运行时 DLL 搜索路径: C:\msys64\mingw64\bin
[dll_loader] 加载模块 AIO: f:\Astro dev\Astro CS Normalization Database/lib/astro_image_io/astro_image_io.dll
[dll_loader] 模块 AIO 加载成功 (handle=0x7fffd8ce0000)
[dll_loader] 预加载 astro_image_io.dll (依赖前置) handle=0x7fffd8ce0000
[dll_loader] 加载模块 CALIBRATE: f:\Astro dev\Astro CS Normalization Database/lib/calibration/astro_calibration.dll
[dll_loader] 模块 CALIBRATE 加载成功 (handle=0x7fffe5710000)
[dll_loader] 加载模块 PLATESOLVE: f:\Astro dev\Astro CS Normalization Database/lib/plate_solve/cpp/ipv/ipv_solver.dll
[dll_loader] 模块 PLATESOLVE 加载成功 (handle=0x7fffe4570000)
[dll_loader] 加载模块 PSF: f:\Astro dev\Astro CS Normalization Database/lib/dynamic_psf/dynamic_psf.dll
[dll_loader] 模块 PSF 加载成功 (handle=0x7fffe5ee0000)
[dll_loader] 预加载 gaia_client.dll (依赖前置) handle=0x7fffe6460000
[dll_loader] 加载模块 PHOTOMETRIC: f:\Astro dev\Astro CS Normalization Database/lib/photometric_calib/cpp/photometric_calib.dll
[dll_loader] 模块 PHOTOMETRIC 加载成功 (handle=0x7fffddc70000)
[dll_loader] 加载模块 SNR: f:\Astro dev\Astro CS Normalization Database/lib/snr_estimator/cpp/snr_estimator.dll
[dll_loader] 模块 SNR 加载成功 (handle=0x7fffdc710000)
[dll_loader] 加载模块 DRIZZLE: f:\Astro dev\Astro CS Normalization Database/lib/healpix_db/healpix_drizzle/healpix_drizzle.dll
[dll_loader] 模块 DRIZZLE 加载成功 (handle=0x7fffd98d0000)
[dll_loader] 加载模块 GRADIENT_SPHERE: f:\Astro dev\Astro CS Normalization Database/lib/healpix_db/healpix_stack/healpix_stack.dll
[dll_loader] 模块 GRADIENT_SPHERE 加载成功 (handle=0x7fffd8910000)
[dll_loader] 加载模块 STACK: f:\Astro dev\Astro CS Normalization Database/lib/healpix_db/healpix_stack/healpix_stack.dll
[dll_loader] 模块 STACK 加载成功 (handle=0x7fffd8910000)
[dll_loader] 全部模块加载成功
[2026-07-28 23:09:17][INFO][orchestrator] 全部 9 个模块加载成功
[2026-07-28 23:09:17][INFO][orchestrator]   AIO 版本: unknown
[2026-07-28 23:09:17][INFO][orchestrator]   CALIBRATE 版本: Astro Calibration C++ v1.0.0
[2026-07-28 23:09:17][INFO][orchestrator]   PLATESOLVE 版本: unknown
[2026-07-28 23:09:17][INFO][orchestrator]   PSF 版本: unknown
[2026-07-28 23:09:17][INFO][orchestrator]   PHOTOMETRIC 版本: unknown
[2026-07-28 23:09:17][INFO][orchestrator]   SNR 版本: unknown
[2026-07-28 23:09:17][INFO][orchestrator]   DRIZZLE 版本: unknown
[2026-07-28 23:09:17][INFO][orchestrator]   GRADIENT_SPHERE 版本: unknown
[2026-07-28 23:09:17][INFO][orchestrator]   STACK 版本: unknown
[dll_loader] CALIBRATE 线程数设置为 16
[2026-07-28 23:09:17][INFO][orchestrator] CALIBRATE 线程数: 16
[2026-07-28 23:09:17][DEBUG][PIPELINE] frame_create: ok
[2026-07-28 23:09:17][INFO][orchestrator] ---------- stage1 阶段: READ_FITS ----------
[2026-07-28 23:09:17][INFO][orchestrator] [READ_FITS] 开始: f:\Astro dev\Astro CS Normalization Database\testdata\LDN43_T2_flying_dutchman\lights\LDN43_LRGBH_flying_dutchman-20250503@032713-1200S-Red.fts
[2026-07-28 23:09:17][INFO][FITS] Reading: f:\Astro dev\Astro CS Normalization Database\testdata\LDN43_T2_flying_dutchman\lights\LDN43_LRGBH_flying_dutchman-20250503@032713-1200S-Red.fts
[2026-07-28 23:09:17][INFO][FITS] Header: BITPIX=16 NAXIS=2 NAXIS1=4096 NAXIS2=4096 NAXIS3=0 BSCALE=1.0 BZERO=32768.0 keywords=162
[2026-07-28 23:09:17][INFO][FITS] Applying BSCALE=1.000000 BZERO=32768.000000
[2026-07-28 23:09:17][INFO][FITS] Read OK: 4096x4096 1ch BITPIX=16
[2026-07-28 23:09:17][INFO][API] aio_read_fits: 0.186 s
[2026-07-28 23:09:17][INFO][orchestrator] [READ_FITS] 图像尺寸: 4096x4096
[2026-07-28 23:09:17][DEBUG][PIPELINE] add_block: 'data' type=0 count=16777216 (67108864 bytes)
[2026-07-28 23:09:17][INFO][orchestrator] [READ_FITS] FITS 关键字数: 162
[2026-07-28 23:09:17][INFO][orchestrator] [READ_FITS] 完成
[2026-07-28 23:09:17][INFO][orchestrator] [0.199249s] READ_FITS 完成
[2026-07-28 23:09:17][INFO][orchestrator] ---------- stage1 阶段: CALIBRATE ----------
[2026-07-28 23:09:17][INFO][orchestrator] [CALIBRATE] 开始
[2026-07-28 23:09:17][INFO][orchestrator] [CALIBRATE] 图像: 4096x4096 (16777216 像素)
[2026-07-28 23:09:17][INFO][orchestrator] [CALIBRATE] 帧元数据: EXPTIME=1200.000000s, FILTER='Red', CCD-TEMP=-20.000000C
[2026-07-28 23:09:17][INFO][orchestrator] [CALIBRATE] calibration_dir: f:\Astro dev\Astro CS Normalization Database\testdata/T2 calibration files
[2026-07-28 23:09:17][INFO][orchestrator] [CALIBRATE] 自动推导 master_bias_path: f:\Astro dev\Astro CS Normalization Database\testdata/T2 calibration files\masterBias_BIN-1_4096x4096.xisf
[2026-07-28 23:09:17][INFO][orchestrator] [CALIBRATE] 自动推导 master_dark_path: f:\Astro dev\Astro CS Normalization Database\testdata/T2 calibration files\masterDark_BIN-1_4096x4096_EXPOSURE-1200.00s.xisf
[2026-07-28 23:09:17][INFO][orchestrator] [CALIBRATE] 自动推导 master_flat_path: f:\Astro dev\Astro CS Normalization Database\testdata/T2 calibration files\masterFlat_BIN-1_4096x4096_FILTER-Red_mono.xisf
[2026-07-28 23:09:17][INFO][XISF] Reading: f:\Astro dev\Astro CS Normalization Database\testdata/T2 calibration files\masterBias_BIN-1_4096x4096.xisf
[2026-07-28 23:09:17][INFO][XISF] XML header length: 20661 bytes
[2026-07-28 23:09:17][INFO][XISF] Image: 4096x4096x1 fmt=Float32 byteOrder= offset=24576 size=67108864
[2026-07-28 23:09:18][INFO][XISF] Byte order: file= system=little swap=0
[2026-07-28 23:09:18][INFO][XISF] Read OK: 4096x4096 1ch fmt=Float32 keywords=197
[2026-07-28 23:09:18][INFO][API] aio_read_xisf: 0.318 s
[2026-07-28 23:09:18][INFO][orchestrator] [CALIBRATE] 加载 Master: f:\Astro dev\Astro CS Normalization Database\testdata/T2 calibration files\masterBias_BIN-1_4096x4096.xisf (4096x4096)
[2026-07-28 23:09:18][INFO][XISF] Reading: f:\Astro dev\Astro CS Normalization Database\testdata/T2 calibration files\masterDark_BIN-1_4096x4096_EXPOSURE-1200.00s.xisf
[2026-07-28 23:09:18][INFO][XISF] XML header length: 19944 bytes
[2026-07-28 23:09:18][INFO][XISF] Image: 4096x4096x1 fmt=Float32 byteOrder= offset=20480 size=67108864
[2026-07-28 23:09:18][INFO][XISF] Byte order: file= system=little swap=0
[2026-07-28 23:09:18][INFO][XISF] Read OK: 4096x4096 1ch fmt=Float32 keywords=192
[2026-07-28 23:09:18][INFO][API] aio_read_xisf: 0.355 s
[2026-07-28 23:09:18][INFO][orchestrator] [CALIBRATE] 加载 Master: f:\Astro dev\Astro CS Normalization Database\testdata/T2 calibration files\masterDark_BIN-1_4096x4096_EXPOSURE-1200.00s.xisf (4096x4096)
[2026-07-28 23:09:18][INFO][XISF] Reading: f:\Astro dev\Astro CS Normalization Database\testdata/T2 calibration files\masterFlat_BIN-1_4096x4096_FILTER-Red_mono.xisf
[2026-07-28 23:09:18][INFO][XISF] XML header length: 20705 bytes
[2026-07-28 23:09:18][INFO][XISF] Image: 4096x4096x1 fmt=Float32 byteOrder= offset=24576 size=67108864
[2026-07-28 23:09:18][INFO][XISF] Byte order: file= system=little swap=0
[2026-07-28 23:09:18][INFO][XISF] Read OK: 4096x4096 1ch fmt=Float32 keywords=196
[2026-07-28 23:09:18][INFO][API] aio_read_xisf: 0.173 s
[2026-07-28 23:09:18][INFO][orchestrator] [CALIBRATE] 加载 Master: f:\Astro dev\Astro CS Normalization Database\testdata/T2 calibration files\masterFlat_BIN-1_4096x4096_FILTER-Red_mono.xisf (4096x4096)
[2026-07-28 23:09:18][INFO][orchestrator] [CALIBRATE] master_dark 曝光时间匹配: dark=1200.000000s vs frame=1200.000000s (diff=0.000000s)
[2026-07-28 23:09:18][INFO][orchestrator] [CALIBRATE] 调用 ac_calibrate_frame: dark_opt=0, k_init=1.000000, has_bias=true, has_dark=true, has_flat=true
[2026-07-28 23:09:19][INFO][orchestrator] [CALIBRATE] 校准统计: light_mean=2345.862189 -> out_mean=11463.777640, bias_mean=0.015291, dark_mean=0.015599, flat_mean=0.204795, actual_k=1.000000
[2026-07-28 23:09:19][DEBUG][PIPELINE] remove_block: 'data' removed (n_blocks=1)
[2026-07-28 23:09:19][DEBUG][PIPELINE] add_block_move: 'data' type=0 count=16777216 (moved ptr=0000024600009040)
[2026-07-28 23:09:19][INFO][orchestrator] [CALIBRATE] cal_stats 已写入 (CALIBRATION_STATUS=APPLIED)
[2026-07-28 23:09:19][INFO][orchestrator] [CALIBRATE] 完成 (实际应用 Bias/Dark/Flat)
[2026-07-28 23:09:19][INFO][orchestrator] [1.284734s] CALIBRATE 完成
[2026-07-28 23:09:19][INFO][orchestrator] ---------- stage1 阶段: PLATESOLVE ----------
[2026-07-28 23:09:19][INFO][orchestrator] [PLATESOLVE] 开始
[2026-07-28 23:09:19][INFO][orchestrator] [PLATESOLVE] 初始化环境 (gaia_client + star_detector + ipv_solver)
[2026-07-28 23:09:19][INFO][orchestrator] [PLATESOLVE] gaia_client.dll 加载成功
[2026-07-28 23:09:19][INFO][orchestrator] [PLATESOLVE] star_detector.dll 加载成功
[2026-07-28 23:09:19][INFO][orchestrator] [PLATESOLVE] Gaia 数据目录: f:\Astro dev\Astro CS Normalization Database\GaiaDR3SP (来自 config)
[2026-07-28 23:09:19][INFO][orchestrator] [PLATESOLVE] GaiaClient 创建成功 (data_dir=f:\Astro dev\Astro CS Normalization Database\GaiaDR3SP)
[2026-07-28 23:09:19][INFO][SDET] StarDetector created (fitRadius=0, fwhmClipSigma=3.0, maxAxisRatio=2.0)
[2026-07-28 23:09:19][INFO][orchestrator] [PLATESOLVE] StarDetector 创建成功 (fitRadius=0 自动, maxStars=2000)
[2026-07-28 23:09:19][INFO][orchestrator] [PLATESOLVE] IPVSolver 创建成功, 已注入 Gaia + StarDetector 句柄
[2026-07-28 23:09:19][INFO][orchestrator] [PLATESOLVE] 环境初始化完成
[2026-07-28 23:09:19][INFO][orchestrator] [PLATESOLVE] 图像: 4096x4096
[2026-07-28 23:09:19][INFO][orchestrator] [PLATESOLVE] 初始指向: OBJCTRA='16 34 26.00' -> ra0=248.608333deg, OBJCTDEC='-15 45 35.0' -> dec0=-15.759722deg
[2026-07-28 23:09:19][INFO][orchestrator] [PLATESOLVE] 焦距=1917.500000mm, 像素尺寸=9.000000um
[2026-07-28 23:09:19][INFO][orchestrator] [PLATESOLVE] 调用 ipv_solve_from_memory_with_callback (INTERNAL_DETECTION_SHARED_EXPORT callback 导出) ...
[2026-07-28 23:09:19][INFO] ==== IPVSolver::solve_from_memory_with_callback 开始 (INTERNAL_DETECTION_SHARED_EXPORT) ====
[2026-07-28 23:09:19][INFO]   pixels=4096x4096 (内存数据)
[2026-07-28 23:09:19][INFO]   ra0=248.608333 deg, dec0=-15.759722 deg
[2026-07-28 23:09:19][INFO]   focal_length=1917.500 mm, pixel_size=9.000 um
[2026-07-28 23:09:19][INFO]   callback=ENABLED
[2026-07-28 23:09:19][INFO] === ipv_select_from_memory_with_callback 启动 (INTERNAL_DETECTION_SHARED_EXPORT) ===
[2026-07-28 23:09:19][INFO] ipv_select: 依赖 DLL 全部加载成功
[2026-07-28 23:09:19][INFO] Step 1: 使用内存像素数据 4096×4096
[2026-07-28 23:09:19][INFO] Step 2: 星点检测 (sdet_detect_ex)
[2026-07-28 23:09:19][INFO][SDET] sdet_detect_ex start: 4096x4096
[2026-07-28 23:09:19][DEBUG][SDET] [1] uint16→float: 19.2 ms
[2026-07-28 23:09:19][DEBUG][SDET] [2] Gaussian YvV smooth (sigma=2.0): 140.3 ms
[2026-07-28 23:09:19][INFO][SDET] peaker: median=11208.0000 bgnoise=165.5971 threshold=12035.9854 (median+5*bgnoise)
[2026-07-28 23:09:19][DEBUG][SDET] [3] Threshold: 282.9 ms
[2026-07-28 23:09:19][INFO][SDET] peaker: bg=11208.0 maxi=65535.0 norm=65535.0 dynrange=54327.0 minsatlevel=38028.9 satrange=5432.7 s_factor=3.7169 locthreshold=827.9857
[2026-07-28 23:09:19][DEBUG][SDET] [4] peaker: 39.1 ms (5628 candidates, full peaker 7-step)
[2026-07-28 23:09:19][INFO][SDET] Candidates: 5628
[2026-07-28 23:09:19][INFO][SDET] Peaker stages: pass_threshold=682439 pass_localmax=10170 pass_count3=7818 pass_boundary=7818 | cond_meanhigh=635 cond_platform=5127 sat_both=357 nonsat=7461
[2026-07-28 23:09:19][INFO][SDET] Auto fitRadius: med_pixels=59 fwhm_est=3.77 auto_radius=11 actual=11
[2026-07-28 23:09:19][INFO][SDET] Task6 candidates sorted by mag_est (desc): maxstars=2000 candidates=5628
[2026-07-28 23:09:20][DEBUG][SDET] [6] Moffat4 fit: 400.4 ms (5546/5628 OK)
[2026-07-28 23:09:20][INFO][SDET] Moffat4 fit: 5546/5628 OK
[2026-07-28 23:09:20][INFO][SDET] === Fit statistics by pixel count ===
[2026-07-28 23:09:20][INFO][SDET]   px[5-9]: total=147 ok=144(98.0%) invalid=0 noconv=3 iterlimit=0
[2026-07-28 23:09:20][INFO][SDET]   px[10-19]: total=481 ok=472(98.1%) invalid=0 noconv=9 iterlimit=0
[2026-07-28 23:09:20][INFO][SDET]   px[20-49]: total=1574 ok=1539(97.8%) invalid=0 noconv=35 iterlimit=0
[2026-07-28 23:09:20][INFO][SDET]   px[50-99]: total=1636 ok=1620(99.0%) invalid=0 noconv=16 iterlimit=0
[2026-07-28 23:09:20][INFO][SDET]   px[100-299]: total=1523 ok=1509(99.1%) invalid=0 noconv=14 iterlimit=0
[2026-07-28 23:09:20][DEBUG][SDET] [7] FWHM stats: 1.9 ms (med=3.1989 mad=0.3248)
[2026-07-28 23:09:20][INFO][SDET] FWHM stats: med=3.1989 mad=0.3248 (from 5546 fitted stars)
[2026-07-28 23:09:20][DEBUG][SDET] [8] Build normal stars: 5.6 ms (5073 stars, fit_fail=82 fwhm=0 round=76 reject=397)
[2026-07-28 23:09:20][INFO][SDET] Normal stars: 5073 (fit_fail=82 fwhm=0 roundness=76 reject=397)
[2026-07-28 23:09:20][DEBUG][SDET] [9] Saturated star detection skipped (V4.52: use A>dynrange from peaker): 0.4 ms
[2026-07-28 23:09:20][DEBUG][SDET] [10a] Dedup: 1.7 ms
[2026-07-28 23:09:20][DEBUG][SDET] [10b] Sort: 0.4 ms
[2026-07-28 23:09:20][INFO][SDET] After dedup+sort: 5073 stars (saturated=639 normal=4434)
[2026-07-28 23:09:20][INFO][SDET] sdet_detect_ex done: 2000 stars (sat=639 normal=4434), 0.892 s
[2026-07-28 23:09:20][INFO]   检测到星点: 2000 颗 (饱和 638, 正常 1362)
[2026-07-28 23:09:20][INFO] Step 2.5: 调用 callback 导出 detections (INTERNAL_DETECTION_SHARED_EXPORT)
[2026-07-28 23:09:20][INFO]   callback 完成, 源缓冲区已由 callback 复制
[2026-07-28 23:09:20][INFO] Step 3: 图像侧选星
[2026-07-28 23:09:20][INFO] 选星: 按 mag(box积分) 升序取前 60 颗 (含饱和 59 颗)
[2026-07-28 23:09:20][INFO]   U 向量组: 60×2 (s0=0.9681"/px)
[2026-07-28 23:09:20][INFO] Step 4: FOV/密度计算
[2026-07-28 23:09:20][INFO] FOV计算: s0=0.9681"/px, FOV_diag=1.5578°, query_r=0.8568°, img_area=1.21333°², query_area=2.30614°², rho_img=49.45, rho_target=74.18, n_target=60
[2026-07-28 23:09:20][INFO] Step 5: V4.9 密度公式估算极限星等 (替代迭代)
[2026-07-28 23:09:20][INFO] 密度估算极限星等: G=11.051 (n_required=60, area=2.3061°², rho_target=26.02/°²)
[2026-07-28 23:09:20][INFO] Step 6: 用 m_lim=11.051 查询 Gaia 星表
[2026-07-28 23:09:20][WARN] V4.9 补救查询 1: Gaia 返回 36 < n_target=60, 放宽到 m=12.051
[2026-07-28 23:09:20][INFO] Step 7: Gnomonic 投影 + FOV 过滤
[2026-07-28 23:09:20][INFO]   W 向量组: 44×2 (FOV 内 44, 取最亮 44, gaia_ra/dec 已保存)
[2026-07-28 23:09:20][INFO] === ipv_select_from_memory_with_callback 完成 (INTERNAL_DETECTION_SHARED_EXPORT) ===
[2026-07-28 23:09:20][INFO] === triangle_match 开始: N_U=60, N_W=44, n_A0=60, n_B0=60, tol=0.0020, s0=0.9681 ===
[2026-07-28 23:09:20][INFO] triangle_match: stage=0 nA=60 nB=60 超过实际星数, 停止扩充
[2026-07-28 23:09:20][INFO] triangle_match_single: n_A=60, n_B=44, tol=0.0020, s0=0.9681, scale=[0.8608,1.2912]
[2026-07-28 23:09:20][DEBUG] stars_to_triangles: N=60, expected=34220, valid=34220, skipped_degenerate=0 (并行, 16 线程)
[2026-07-28 23:09:20][DEBUG] stars_to_triangles: prune_triangle_array ba>0.9 剪枝: before=34220, after=24334, pruned=9886
[2026-07-28 23:09:20][DEBUG] stars_to_triangles: N=44, expected=13244, valid=13244, skipped_degenerate=0 (并行, 16 线程)
[2026-07-28 23:09:20][DEBUG] stars_to_triangles: prune_triangle_array ba>0.9 剪枝: before=13244, after=9418, pruned=3826
[2026-07-28 23:09:20][INFO] make_vote_matrix: n_A=24334, n_B=9418, matched_triangles=18496, vote_matrix=60x44, scale_rejected=16041 (range=[0.8608,1.2912]) [并行 16 线程]
[2026-07-28 23:09:20][INFO] top_vote_getters: 矩阵=60x44, 候选对数(vote>=2)=2612, top_n=60
[2026-07-28 23:09:20][INFO] top_vote_getters: V4.25 去重后 top_pairs=44, 去重剔除=2568
[2026-07-28 23:09:20][INFO]   [调试] top[0]: u=26 w=26, votes=646
[2026-07-28 23:09:20][INFO]   [调试] top[1]: u=33 w=32, votes=631
[2026-07-28 23:09:20][INFO]   [调试] top[2]: u=10 w=9, votes=624
[2026-07-28 23:09:20][INFO]   [调试] top[3]: u=3 w=4, votes=621
[2026-07-28 23:09:20][INFO]   [调试] top[4]: u=12 w=12, votes=618
[2026-07-28 23:09:20][INFO]   [调试] top[5]: u=13 w=15, votes=606
[2026-07-28 23:09:20][INFO]   [调试] top[6]: u=27 w=28, votes=601
[2026-07-28 23:09:20][INFO]   [调试] top[7]: u=4 w=5, votes=596
[2026-07-28 23:09:20][INFO]   [调试] top[8]: u=23 w=24, votes=592
[2026-07-28 23:09:20][INFO]   [调试] top[9]: u=28 w=31, votes=590
[2026-07-28 23:09:20][INFO] triangle_match_single 完成: tri_A=24334, tri_B=9418, vote_matrix=60x44, max_vote=646, 候选对数(vote>=2)=2612, top_pairs=44
[2026-07-28 23:09:20][INFO] === triangle_match 结束: tri_A=24334, tri_B=9418, top_pairs=44, max_vote=646, success=1 ===
[2026-07-28 23:09:20][INFO] [P02-002] n_target=60, max_vote=646, threshold=2
[2026-07-28 23:09:20][INFO]   [阶段] triangle_match (n=60): 41.04 ms, max_vote=646, top_pairs=44, success=1
[2026-07-28 23:09:20][INFO]   [阶段] triangle_match: 41.74 ms, n_target_used=60
[2026-07-28 23:09:20][INFO]   N_U=60, N_W=44, s0=0.9681 arcsec/px, img=4096x4096, fov_diag=1.5578 deg
[2026-07-28 23:09:20][INFO] iter_trans_solve: U=60, W=44, initial_pairs=44, tol=5.00, order=3
[2026-07-28 23:09:20][DEBUG] calc_trans_general: order=3, n_pairs=20, 拟合成功
[2026-07-28 23:09:20][INFO] iter_trans_inner: 初始拟合完成, 初始工作集=20, order=3
[2026-07-28 23:09:20][INFO]   [调试] 初始 TRANS: x00=4.5520 y00=2.1484, x10=0.011521 x01=-0.967073 y10=-0.966697 y01=-0.011608
[2026-07-28 23:09:20][INFO]   [调试] 初始对[0]: u=26 w=26, U=(682.66,-304.58), W=(306.79,-654.10), pred=(306.83,-653.95), dist=0.1599" (dx=0.04 dy=0.15)
[2026-07-28 23:09:20][INFO]   [调试] 初始对[1]: u=33 w=32, U=(816.92,330.14), W=(-305.05,-790.81), pred=(-305.07,-790.89), dist=0.0835" (dx=-0.01 dy=-0.08)
[2026-07-28 23:09:20][INFO]   [调试] 初始对[2]: u=10 w=9, U=(447.78,-736.80), W=(721.84,-421.67), pred=(721.72,-421.88), dist=0.2412" (dx=-0.12 dy=-0.21)
[2026-07-28 23:09:20][INFO]   [调试] 初始对[3]: u=3 w=4, U=(-1743.59,680.87), W=(-671.15,1673.44), pred=(-671.24,1673.32), dist=0.1533" (dx=-0.09 dy=-0.13)
[2026-07-28 23:09:20][INFO]   [调试] 初始对[4]: u=12 w=12, U=(-174.54,-1877.74), W=(1811.82,192.23), pred=(1811.55,191.92), dist=0.4107" (dx=-0.27 dy=-0.31)
[2026-07-28 23:09:20][INFO]   [调试] 初始对[5]: u=13 w=15, U=(1911.99,615.78), W=(-566.47,-1846.52), pred=(-566.38,-1846.51), dist=0.1003" (dx=0.10 dy=0.02)
[2026-07-28 23:09:20][INFO] iter_trans_inner: V4.23 工作集扩展 20->44 (nr=nbright)
[2026-07-28 23:09:20][DEBUG] iter 0: 绝对剔除 nr=44→43, nb=1
[2026-07-28 23:09:20][DEBUG] iter 0: sigma(35%)=0.010056 角秒²
[2026-07-28 23:09:20][DEBUG] iter 0: 相对剔除 nr=30, nb=14, rel_thresh=0.100561
[2026-07-28 23:09:20][DEBUG] calc_trans_general: order=3, n_pairs=30, 拟合成功
[2026-07-28 23:09:20][INFO] iter_trans_inner: 完成, nr=30, sig=0.0126, rms=0.1161, iters=1, success=1
[2026-07-28 23:09:20][INFO] iter_trans_solve: 第一轮 iter_trans 成功, inliers=30, rms=0.1161
[2026-07-28 23:09:20][INFO] at_match_lists: U=60, W=44, tol=5.00", U→W单向=43, W→U单向=43, 双向=43, 去重后=43
[2026-07-28 23:09:20][DEBUG] calc_trans_general: order=3, n_pairs=43, 拟合成功
[2026-07-28 23:09:20][INFO] at_recalc_trans: 二轮 sigma-clip (thresh=0.801", 剔除=2, 保留=41)
[2026-07-28 23:09:20][DEBUG] calc_trans_general: order=3, n_pairs=41, 拟合成功
[2026-07-28 23:09:20][INFO] at_recalc_trans: 二轮完成, n=41, sig=0.0454, sx=0.1575, sy=0.1356, rms=0.2545
[2026-07-28 23:09:20][INFO] at_recalc_trans: n=41, order=3, sig=0.0454, sx=0.1575, sy=0.1356, rms=0.2545
[2026-07-28 23:09:20][INFO] iter_trans_solve: 第一轮 refit 成功, inliers=41, rms=0.2545
[2026-07-28 23:09:20][INFO] at_match_lists: U=60, W=44, tol=5.00", U→W单向=43, W→U单向=43, 双向=43, 去重后=43
[2026-07-28 23:09:20][DEBUG] calc_trans_general: order=3, n_pairs=43, 拟合成功
[2026-07-28 23:09:20][INFO] at_recalc_trans: 二轮 sigma-clip (thresh=0.801", 剔除=2, 保留=41)
[2026-07-28 23:09:20][DEBUG] calc_trans_general: order=3, n_pairs=41, 拟合成功
[2026-07-28 23:09:20][INFO] at_recalc_trans: 二轮完成, n=41, sig=0.0454, sx=0.1575, sy=0.1356, rms=0.2545
[2026-07-28 23:09:20][INFO] at_recalc_trans: n=41, order=3, sig=0.0454, sx=0.1575, sy=0.1356, rms=0.2545
[2026-07-28 23:09:20][INFO] iter_trans_solve: 第二轮 refit 成功, inliers=41, rms=0.2545
[2026-07-28 23:09:20][INFO]   [阶段] iter_trans_solve: 8.01 ms, n_inliers=41, rms=0.2545, iters=3, success=1
[2026-07-28 23:09:20][INFO]   [诊断] iterative_reproject 入口: U.size=60, gaia_ra.size=44, gaia_dec.size=44, initial_inliers.size=41, s0=0.9681, img=4096x4096
[2026-07-28 23:09:20][INFO] iterative_reproject: 开始 (N_W=44, n_inliers=41, s0=0.9681"/px, max_iter=5, conv_thresh=0.0100")
[2026-07-28 23:09:20][INFO]   iter 0: ra_cur=248.608333 dec_cur=-15.759722, xi_center=4.5813" eta_center=2.1302", conv=5.0523" (thresh=0.0100")
[2026-07-28 23:09:20][INFO]   iter 0: 新中心 ra=248.609656 dec=-15.759130 (Δra=0.001322° Δdec=0.000592°)
[2026-07-28 23:09:20][DEBUG] calc_trans_general: order=3, n_pairs=41, 拟合成功
[2026-07-28 23:09:20][INFO] at_recalc_trans: 二轮 sigma-clip (thresh=0.639", 剔除=1, 保留=40)
[2026-07-28 23:09:20][DEBUG] calc_trans_general: order=3, n_pairs=40, 拟合成功
[2026-07-28 23:09:20][INFO] at_recalc_trans: 二轮完成, n=40, sig=0.0341, sx=0.1236, sy=0.1362, rms=0.2172
[2026-07-28 23:09:20][INFO] at_recalc_trans: n=40, order=3, sig=0.0341, sx=0.1236, sy=0.1362, rms=0.2172
[2026-07-28 23:09:20][INFO]   iter 0: at_recalc_trans 成功, n=40, sig=0.0341, rms=0.2172, x00=0.0080 y00=0.0007 (asec)
[2026-07-28 23:09:20][INFO]   iter 1: 收敛 (TRANS 常数项 = 0.0080" < 0.0100")
[2026-07-28 23:09:20][INFO] iterative_reproject: 完成 (收敛), ra=248.608333→248.609656 dec=-15.759722→-15.759130, n_matched=41 (固定), iters=1, conv=0.0080"
[2026-07-28 23:09:20][INFO]   [阶段] iterative_reproject: 3.17 ms, success=1, ra=248.608333→248.609656, dec=-15.759722→-15.759130, n_matched=41, iters=1, conv=0.0080"
[2026-07-28 23:09:20][INFO] at_match_lists: U=60, W=44, tol=5.00", U→W单向=43, W→U单向=43, 双向=43, 去重后=43
[2026-07-28 23:09:20][INFO]   [阶段] hi_order_rematch iter 0: n_matched=43 (min=10, order=3)
[2026-07-28 23:09:20][DEBUG] calc_trans_general: order=3, n_pairs=43, 拟合成功
[2026-07-28 23:09:20][INFO] at_recalc_trans: 二轮 sigma-clip (thresh=0.801", 剔除=2, 保留=41)
[2026-07-28 23:09:20][DEBUG] calc_trans_general: order=3, n_pairs=41, 拟合成功
[2026-07-28 23:09:20][INFO] at_recalc_trans: 二轮完成, n=41, sig=0.0454, sx=0.1575, sy=0.1356, rms=0.2545
[2026-07-28 23:09:20][INFO] at_recalc_trans: n=41, order=3, sig=0.0454, sx=0.1575, sy=0.1356, rms=0.2545
[2026-07-28 23:09:20][INFO] at_match_lists: U=60, W=44, tol=5.00", U→W单向=43, W→U单向=43, 双向=43, 去重后=43
[2026-07-28 23:09:20][DEBUG] calc_trans_general: order=3, n_pairs=43, 拟合成功
[2026-07-28 23:09:20][INFO] at_recalc_trans: 二轮 sigma-clip (thresh=0.801", 剔除=2, 保留=41)
[2026-07-28 23:09:20][DEBUG] calc_trans_general: order=3, n_pairs=41, 拟合成功
[2026-07-28 23:09:20][INFO] at_recalc_trans: 二轮完成, n=41, sig=0.0454, sx=0.1575, sy=0.1356, rms=0.2545
[2026-07-28 23:09:20][INFO] at_recalc_trans: n=41, order=3, sig=0.0454, sx=0.1575, sy=0.1356, rms=0.2545
[2026-07-28 23:09:20][INFO]   [阶段] hi_order_rematch iter 1: 收敛 (dn=0, drms=0.0000)
[2026-07-28 23:09:20][INFO]   [阶段] hi_order_rematch: 2.02 ms, n_matched=43, trans.order=3
[2026-07-28 23:09:20][INFO] ==== robust_refine_wcs 开始 (V4.30) ====
  U_full=2000, mag_full=2000, gaia=44
  ra0=248.609656, dec0=-15.759130, s0=0.9681"/px, fov=1.5578°, img=4096x4096
  initial_rms=0.0454", trans.order=3
[2026-07-28 23:09:20][INFO]   [robust_refine] 网格采样: FOV=1.558°, G_short=3, N_long=3, n_cells=9, quota=20, narrow_all=0, N_full=2000
[2026-07-28 23:09:20][INFO]   [robust_refine] 网格采样完成: 选中 180 颗 (上限 300, 下限 100)
[2026-07-28 23:09:20][INFO]   [robust_refine] NN 匹配: U=180, W=44, tol=1.000", Lowe通过=41, 双向=41
[2026-07-28 23:09:20][INFO]   [robust_refine] baseline: initial_rms=0.0454" (60星), U_pool RMS=0.2545" (180 星, matched=41)
[2026-07-28 23:09:20][INFO]   [robust_refine] NN 匹配: U=180, W=44, tol=1.000", Lowe通过=41, 双向=41
[2026-07-28 23:09:20][INFO]   [robust_refine] 空间一致性: 3/41 可疑 (K=8, σ=0.083")
[2026-07-28 23:09:20][INFO]   [robust_refine] iter 0: tol=1.000", matched=41, rms=0.2545"→0.2716", cd_Δ=0.2890%, damp=0.00e+00
[2026-07-28 23:09:20][INFO]   [robust_refine] NN 匹配: U=180, W=44, tol=0.500", Lowe通过=37, 双向=37
[2026-07-28 23:09:20][INFO]   [robust_refine] iter 1: tol=0.500", matched=37, rms=0.2716"→0.1414", cd_Δ=0.0315%, damp=0.00e+00
[2026-07-28 23:09:20][INFO]   [robust_refine] NN 匹配: U=180, W=44, tol=0.500", Lowe通过=37, 双向=37
[2026-07-28 23:09:20][INFO]   [robust_refine] iter 2: tol=0.500", matched=37, rms=0.1414"→0.1438", cd_Δ=0.0173%, damp=0.00e+00
[2026-07-28 23:09:20][INFO]   [robust_refine] NN 匹配: U=180, W=44, tol=0.300", Lowe通过=35, 双向=35
[2026-07-28 23:09:20][INFO]   [robust_refine] 空间一致性: 2/35 可疑 (K=8, σ=0.111")
[2026-07-28 23:09:20][INFO]   [robust_refine] iter 3: tol=0.300", matched=35, rms=0.1438"→0.1211", cd_Δ=0.1062%, damp=0.00e+00
[2026-07-28 23:09:20][INFO]   [robust_refine] NN 匹配: U=180, W=44, tol=0.300", Lowe通过=34, 双向=34
[2026-07-28 23:09:20][INFO]   [robust_refine] 空间一致性: 2/34 可疑 (K=8, σ=0.108")
[2026-07-28 23:09:20][INFO]   [robust_refine] iter 4: tol=0.300", matched=34, rms=0.1211"→0.1132", cd_Δ=0.1560%, damp=0.00e+00
[2026-07-28 23:09:20][INFO]   [robust_refine] NN 匹配: U=180, W=44, tol=0.300", Lowe通过=34, 双向=34
[2026-07-28 23:09:20][INFO]   [robust_refine] 空间一致性: 2/34 可疑 (K=8, σ=0.105")
[2026-07-28 23:09:20][INFO]   [robust_refine] iter 5: tol=0.300", matched=34, rms=0.1132"→0.1141", cd_Δ=0.0254%, damp=0.00e+00
[2026-07-28 23:09:20][INFO]   [robust_refine] NN 匹配: U=180, W=44, tol=0.300", Lowe通过=34, 双向=34
[2026-07-28 23:09:20][INFO]   [robust_refine] 空间一致性: 2/34 可疑 (K=8, σ=0.104")
[2026-07-28 23:09:20][INFO]   [robust_refine] iter 6: tol=0.300", matched=34, rms=0.1141"→0.1146", cd_Δ=0.0123%, damp=0.00e+00
[2026-07-28 23:09:20][INFO]   [robust_refine] NN 匹配: U=180, W=44, tol=0.300", Lowe通过=33, 双向=33
[2026-07-28 23:09:20][INFO]   [robust_refine] 空间一致性: 1/33 可疑 (K=8, σ=0.103")
[2026-07-28 23:09:20][INFO]   [robust_refine] iter 7: tol=0.300", matched=33, rms=0.1146"→0.1047", cd_Δ=0.0125%, damp=0.00e+00
[2026-07-28 23:09:20][INFO]   [robust_refine] NN 匹配: U=180, W=44, tol=0.300", Lowe通过=33, 双向=33
[2026-07-28 23:09:20][INFO]   [robust_refine] 空间一致性: 1/33 可疑 (K=8, σ=0.102")
[2026-07-28 23:09:20][INFO]   [robust_refine] iter 8: tol=0.300", matched=33, rms=0.1047"→0.1061", cd_Δ=0.0142%, damp=0.00e+00
[2026-07-28 23:09:20][INFO]   [robust_refine] NN 匹配: U=180, W=44, tol=0.300", Lowe通过=34, 双向=34
[2026-07-28 23:09:20][INFO]   [robust_refine] 空间一致性: 2/34 可疑 (K=8, σ=0.101")
[2026-07-28 23:09:20][INFO]   [robust_refine] iter 9: tol=0.300", matched=34, rms=0.1061"→0.1170", cd_Δ=0.0089%, damp=0.00e+00
[2026-07-28 23:09:20][INFO]   [robust_refine] 达到最大迭代次数 10
[2026-07-28 23:09:20][INFO] ==== robust_refine_wcs 成功 ====
  iter=10, matched=34, rms=0.1170" (0.1209 px), cd_Δ=0.2890%, pool=180
[2026-07-28 23:09:20][INFO]   [阶段] robust_refine: 成功, n_matched=34, rms=0.1170", iter=10, pool=180, cd_Δ=0.2890%
[2026-07-28 23:09:20][INFO]   [阶段] robust_refine: 6.69 ms
[2026-07-28 23:09:20][INFO]   [诊断] extract_wcs_sip 入口: trans.order=3, trans.valid=1, ra0=248.609656, dec0=-15.759130, img=4096x4096, s0=0.9681, U.size=2000, W.size=44, matched.size=34
[2026-07-28 23:09:20][INFO]   [V4.22] 清零 trans.x00/y00 (saved: x00=0.0288, y00=-0.1165)
[2026-07-28 23:09:20][INFO] extract_wcs_sip: SIP A/B 解析公式成功, order=3
[2026-07-28 23:09:20][INFO] extract_wcs_sip: SIP AP/BP 网格反变换成功, ap_order=3, n_inv_coef=10, n_grid=49
[2026-07-28 23:09:20][INFO] extract_wcs_sip: CD=[3.197785e-06 2.685986e-04; -2.685776e-04 3.264409e-06], CRVAL=(248.609656, -15.759130), CRPIX=(2048.5, 2048.5), ctype=[RA---TAN-SIP, DEC--TAN-SIP], n_pairs=34, rms_px=0.1209, rms_arcsec=0.1170, trans_order=3, sip_order=3, ap_order=3
[2026-07-28 23:09:20][INFO]   [阶段] extract_wcs_sip: 1.07 ms, success=1, n_pairs=34, rms_px=0.121, rms_arcsec=0.117, trans_order=3, sip_order=3
[2026-07-28 23:09:20][INFO]   最终: n_pairs=34, rms_px=0.121, rms_arcsec=0.117, trans_order=3, sip_order=3, success=1
[2026-07-28 23:09:20][INFO]   [cache_last_inliers_] 缓存 34 对 inliers (robust=1, s0=0.9681", U_snap.size=2000, gaia.size=44, trans.order=3, ra0=248.609656, dec0=-15.759130)
[2026-07-28 23:09:20][INFO] ==== IPVSolver::solve_from_memory_with_callback 完成 (INTERNAL_DETECTION_SHARED_EXPORT) ====
[2026-07-28 23:09:20][INFO][orchestrator] [PLATESOLVE] callback 导出: n_detected=2000, copied=true, wcs_result.n_detected=0
[2026-07-28 23:09:20][INFO][orchestrator] [PLATESOLVE] 求解成功: rms=0.117038arcsec, n_pairs=34, n_detected=0, n_catalog=0, trans_order=3
[2026-07-28 23:09:20][INFO][orchestrator] [PLATESOLVE] WCS 已写入: CTYPE1=RA---TAN-SIP, CRVAL=(248.609656, -15.759130), CRPIX=(2048.500000, 2048.500000)
[2026-07-28 23:09:20][INFO][orchestrator] [PLATESOLVE] SIP 已写入: order=3, ap_order=3
[2026-07-28 23:09:20][DEBUG][PIPELINE] add_block: 'star_det' type=0 count=8000 (32000 bytes)
[2026-07-28 23:09:20][INFO][orchestrator] [PLATESOLVE] star_det 块已写入 (INTERNAL_DETECTION_SHARED_EXPORT): 2000 颗星
[2026-07-28 23:09:20][INFO][orchestrator] [PLATESOLVE] 完成
[2026-07-28 23:09:20][INFO][orchestrator] [1.029295s] PLATESOLVE 完成
[2026-07-28 23:09:20][INFO][orchestrator] ---------- stage1 阶段: PSF ----------
[2026-07-28 23:09:20][INFO][orchestrator] [PSF] 开始
[2026-07-28 23:09:20][INFO][orchestrator] [PSF] 图像: 4096x4096
[2026-07-28 23:09:20][INFO][orchestrator] [PSF] star_det: 2000 颗星
[2026-07-28 23:09:20][INFO][orchestrator] [PSF] 调用 dpsf_fit_batch (fitRadius=8, maxIter=100, tol=1.0e-06) ...
[2026-07-28 23:09:20][WARN][DPSF] Amplitude <= 0: A=0.00 max=65535.00 bkg=65535.00
[2026-07-28 23:09:20][WARN][DPSF] Invalid fit params: finite=1 A=0.00 sx=4.9001 sy=4.9040
[2026-07-28 23:09:20][WARN][DPSF] FWHM exceeds rect: fwhm_x=1.31 fwhm_y=357.69 rect=17x17
[2026-07-28 23:09:20][WARN][DPSF] FWHM exceeds rect: fwhm_x=2711.74 fwhm_y=38.48 rect=17x17
[2026-07-28 23:09:20][WARN][DPSF] FWHM exceeds rect: fwhm_x=7.56 fwhm_y=185.68 rect=17x17
[2026-07-28 23:09:20][WARN][DPSF] FWHM exceeds rect: fwhm_x=1344.07 fwhm_y=127.90 rect=17x17
[2026-07-28 23:09:20][WARN][DPSF] Invalid fit params: finite=1 A=0.00 sx=6.5225 sy=6.5308
[2026-07-28 23:09:20][WARN][DPSF] Invalid fit params: finite=1 A=0.00 sx=5.8018 sy=5.7920
[2026-07-28 23:09:20][WARN][DPSF] FWHM exceeds rect: fwhm_x=420.11 fwhm_y=22.56 rect=17x17
[2026-07-28 23:09:20][WARN][DPSF] FWHM exceeds rect: fwhm_x=19.19 fwhm_y=20.04 rect=17x17
[2026-07-28 23:09:20][WARN][DPSF] Background constraint violated: B=-7295.7297 bkg0=16080.5000 ratio=1.4537
[2026-07-28 23:09:20][WARN][DPSF] FWHM exceeds rect: fwhm_x=26.83 fwhm_y=27.51 rect=17x17
[2026-07-28 23:09:20][WARN][DPSF] Background constraint violated: B=-9052.7525 bkg0=17313.0000 ratio=1.5229
[2026-07-28 23:09:20][WARN][DPSF] FWHM exceeds rect: fwhm_x=24.83 fwhm_y=209.21 rect=17x17
[2026-07-28 23:09:20][WARN][DPSF] Background constraint violated: B=-7389.8042 bkg0=16559.0000 ratio=1.4463
[2026-07-28 23:09:20][WARN][DPSF] Background constraint violated: B=-2168.3056 bkg0=15312.5000 ratio=1.1416
[2026-07-28 23:09:20][WARN][DPSF] Background constraint violated: B=-6502.2504 bkg0=16295.5000 ratio=1.3990
[2026-07-28 23:09:20][WARN][DPSF] Background constraint violated: B=-2532.5199 bkg0=14759.0000 ratio=1.1716
[2026-07-28 23:09:20][WARN][DPSF] Background constraint violated: B=-683.9726 bkg0=14853.0000 ratio=1.0460
[2026-07-28 23:09:20][WARN][DPSF] Background constraint violated: B=-7409.9973 bkg0=16362.0000 ratio=1.4529
[2026-07-28 23:09:20][WARN][DPSF] Background constraint violated: B=-5053.0737 bkg0=17561.0000 ratio=1.2877
[2026-07-28 23:09:20][WARN][DPSF] Background constraint violated: B=-3612.4306 bkg0=15902.5000 ratio=1.2272
[2026-07-28 23:09:20][WARN][DPSF] Background constraint violated: B=-7840.1984 bkg0=16452.0000 ratio=1.4765
[2026-07-28 23:09:20][WARN][DPSF] Background constraint violated: B=-1985.1496 bkg0=15252.0000 ratio=1.1302
[2026-07-28 23:09:20][WARN][DPSF] Background constraint violated: B=-243.7292 bkg0=14481.0000 ratio=1.0168
[2026-07-28 23:09:20][WARN][DPSF] Background constraint violated: B=602.5151 bkg0=14353.0000 ratio=0.9580
[2026-07-28 23:09:20][WARN][DPSF] FWHM exceeds rect: fwhm_x=88.95 fwhm_y=7.84 rect=17x17
[2026-07-28 23:09:20][WARN][DPSF] Background constraint violated: B=1941.1788 bkg0=14955.5000 ratio=0.8702
[2026-07-28 23:09:20][WARN][DPSF] Background constraint violated: B=1728.2609 bkg0=14121.0000 ratio=0.8776
[2026-07-28 23:09:20][WARN][DPSF] Background constraint violated: B=32458.4020 bkg0=18039.5000 ratio=0.7993
[2026-07-28 23:09:20][WARN][DPSF] Background constraint violated: B=3671.7237 bkg0=13472.0000 ratio=0.7275
[2026-07-28 23:09:20][WARN][DPSF] Background constraint violated: B=2185.7360 bkg0=13686.0000 ratio=0.8403
[2026-07-28 23:09:20][WARN][DPSF] FWHM exceeds rect: fwhm_x=595.30 fwhm_y=771.84 rect=17x17
[2026-07-28 23:09:20][WARN][DPSF] Background constraint violated: B=4796.4664 bkg0=14138.0000 ratio=0.6607
[2026-07-28 23:09:20][WARN][DPSF] Background constraint violated: B=2418.0558 bkg0=13977.5000 ratio=0.8270
[2026-07-28 23:09:20][WARN][DPSF] Background constraint violated: B=4733.1426 bkg0=13665.0000 ratio=0.6536
[2026-07-28 23:09:20][WARN][DPSF] Background constraint violated: B=4202.8891 bkg0=13815.0000 ratio=0.6958
[2026-07-28 23:09:20][WARN][DPSF] Background constraint violated: B=3850.4698 bkg0=13503.0000 ratio=0.7148
[2026-07-28 23:09:20][WARN][DPSF] Background constraint violated: B=2881.1812 bkg0=13938.5000 ratio=0.7933
[2026-07-28 23:09:20][WARN][DPSF] Background constraint violated: B=5730.4549 bkg0=13584.0000 ratio=0.5781
[2026-07-28 23:09:20][WARN][DPSF] FWHM exceeds rect: fwhm_x=6.11 fwhm_y=19.34 rect=17x17
[2026-07-28 23:09:20][WARN][DPSF] Background constraint violated: B=5513.4798 bkg0=13146.5000 ratio=0.5806
[2026-07-28 23:09:20][WARN][DPSF] Background constraint violated: B=5265.5867 bkg0=12779.0000 ratio=0.5880
[2026-07-28 23:09:20][WARN][DPSF] Background constraint violated: B=6544.2678 bkg0=13443.0000 ratio=0.5132
[2026-07-28 23:09:20][WARN][DPSF] Background constraint violated: B=5717.3057 bkg0=12647.0000 ratio=0.5479
[2026-07-28 23:09:20][WARN][DPSF] Background constraint violated: B=6254.3930 bkg0=13035.0000 ratio=0.5202
[2026-07-28 23:09:20][WARN][DPSF] Background constraint violated: B=6053.3611 bkg0=12658.0000 ratio=0.5218
[2026-07-28 23:09:20][WARN][DPSF] Background constraint violated: B=6052.3879 bkg0=13131.0000 ratio=0.5391
[2026-07-28 23:09:20][WARN][DPSF] Background constraint violated: B=6282.8738 bkg0=12955.0000 ratio=0.5150
[2026-07-28 23:09:20][WARN][DPSF] Invalid fit params: finite=1 A=75094.58 sx=0.3000 sy=2.7675
[2026-07-28 23:09:20][INFO][orchestrator] [PSF] 拟合完成: 1949/2000 成功 (97%)
[2026-07-28 23:09:20][DEBUG][PIPELINE] add_block: 'psf' type=1 count=18000 (144000 bytes)
[2026-07-28 23:09:20][INFO][orchestrator] [PSF] 完成: 2000 颗星, 1949 成功
[2026-07-28 23:09:20][INFO][orchestrator] [0.283182s] PSF 完成
[2026-07-28 23:09:20][INFO][orchestrator] ---------- stage1 阶段: PHOTOMETRIC ----------
[2026-07-28 23:09:20][INFO][orchestrator] [PHOTOMETRIC] 开始
[2026-07-28 23:09:20][INFO][orchestrator] [PHOTOMETRIC] 图像: 4096x4096
[2026-07-28 23:09:20][INFO][orchestrator] [PHOTOMETRIC] psf: 2000 颗星
[2026-07-28 23:09:20][INFO][orchestrator] [PHOTOMETRIC] FILTER='Red' -> 'Baader R'
[2026-07-28 23:09:20][INFO][orchestrator] [PHOTOMETRIC] filters_json: f:\Astro dev\Astro CS Normalization Database\lib/photometric_calib/data/response_curves/filters.json
[2026-07-28 23:09:20][INFO][orchestrator] [PHOTOMETRIC] 滤光片: 73 点
[2026-07-28 23:09:20][INFO][orchestrator] [PHOTOMETRIC] qe_curves_json: f:\Astro dev\Astro CS Normalization Database\lib/photometric_calib/data/response_curves/qe_curves.json
[2026-07-28 23:09:20][INFO][orchestrator] [PHOTOMETRIC] QE 曲线 'GSENSE2020BSI': 447 点
[2026-07-28 23:09:20][INFO][orchestrator] [PHOTOMETRIC] spectrum_wl: 343 点
[2026-07-28 23:09:20][INFO][orchestrator] [PHOTOMETRIC] FOV 半径: 0.933565deg
[2026-07-28 23:09:20][INFO][orchestrator] [PHOTOMETRIC] 调用 pc_calibrate_simple_with_gaia (mag_min=6.0, mag_max=16.0, fov=0.934deg) ...
[pc_api] ====== pc_calibrate_simple_with_gaia 开始 ======
[pc_api] OpenMP线程数: 16
[INFO] 锥形搜索: ra=248.6097 dec=-15.7591 r=0.934 mag_min=6.0 (自适应迭代 mag_max, 不缩小半径)
[INFO] 自适应星等查询: mag_max=12.0
[INFO] 自适应星等查询: mag_max=12.0, n_gaia=92
[INFO] 自适应星等查询: mag_max=13.0
[INFO] 自适应星等查询: mag_max=13.0, n_gaia=253
[INFO] 自适应星等查询: mag_max=14.0
[INFO] 自适应星等查询: mag_max=14.0, n_gaia=625
[INFO] 自适应星等查询: mag_max=15.0
[INFO] 自适应星等查询: mag_max=15.0, n_gaia=1375
[INFO] 自适应星等查询: mag_max=16.0
[INFO] 自适应星等查询: mag_max=16.0, n_gaia=2996
[INFO] 自适应星等查询完成: mag_max=16.0, n_gaia=2996
[pc_api] 搜索到 2996 颗光谱星, 光谱点数=343 (wl_start=336, wl_step=2)
[INFO] [spec_int] prepare_filter_cache: 滤光片 73 点 + QE 447 点 -> 光谱 343 点, 范围 F[572.0,716.0] Q[204.0,1096.0] nm
[INFO] 滤光片/QE 预处理完成: filter=73 点, qe=447 点 -> 光谱 343 点
[pc_api] F_syn 并行计算完成: 2996/2996 颗有效
[INFO] [pc_api] P12-001 阶段1: spectrum_rows_total=2996, valid_fsyn=2996
[wcs_transform] 初始化: CRVAL=(248.609656,-15.759130), CRPIX=(2048.500,2048.500), CD=[3.198e-06,2.686e-04;-2.686e-04,3.264e-06], det=7.215e-08, sip_order=3
[INFO] [star_matcher] 初始化: KD-tree + IRLS/Tukey 清洗 (GAP-013)
[INFO] [star_matcher] P12-001 阶段2: gaia_projected_in_frame=1210 / 2996
[INFO] [star_matcher] P12-001 阶段3: psf_total=2000, psf_valid=1949
[INFO] [star_matcher] PSF有效星: 1949 / 2000, Gaia星: 2996, 匹配半径: 2.00 px
[INFO] [star_matcher] P12-002 正向匹配 (PSF→Gaia): 1111 / 1949 命中
[INFO] [star_matcher] P12-002 反向匹配 (Gaia→PSF): 1111 / 2996 命中
[INFO] [star_matcher] P12-002 阶段4/5/6: spatial_candidates=1111 (正向命中), unique_matches=1111 (双向唯一), rejected_ambiguous=0 (非互为最近邻), rejected_distance=838 (距离超阈值)
[INFO] [star_matcher] P12-001 阶段8: match_distance median=0.4732 p90=0.8209 max=1.9154 px
[INFO] [star_matcher] P12-002 KD-tree 双向匹配完成: 1111 对 (正向 1111, 歧义 0)
[INFO] [star_matcher] cleanAndScale: 输入 1111 颗, 星等容忍 3.00 mag
[INFO] [star_matcher] 星等一致性: 通过 1110, 拒绝 1 (median_delta=-29.8288, tol=3.00 mag)
[INFO] [star_matcher] IRLS 初始: location=4.792866, MAD=0.044389, S=0.065811
[INFO] [star_matcher] IRLS 收敛于迭代 7: location=4.799768
[INFO] [star_matcher] 亮度比例一致性:
[INFO]   - 输入匹配: 1111
[INFO]   - 星等一致性通过: 1110 (拒绝 1)
[INFO]   - IRLS inliers: 1093 (outliers: 17)
[INFO]   - location(r) = 4.799768 (dex), scale = 10^(-location) = 1.585741e-05
[INFO]   - MAD(r) = 0.044389, S = 0.065811, sigma_residual = 0.065141
[INFO]   - r_inliers 范围: [4.499597, 5.107712] (spread 0.608115 dex = 1.520 mag)
[INFO] [star_matcher] 清洗完成: 保留 1093, 排除 18 (无效/星等不一致/IRLS离群)
[INFO] [star_matcher] P12-001 阶段6/7/8: rejected_quality=18 (invalid=0 + mag=1 + irls=17), fit_used=1093, robust_iterations=8, scale=1.585741e-05, sigma=0.065141
[INFO] [star_matcher] P12-001 阶段8: r_inliers median=4.792691 p90=4.917643 max=5.107712 dex
[pc_api] 匹配+清洗完成: 1093 颗, scale=1.585741e-05, sigma_residual=0.065141
[image_corrector] 图像校正: 4096x4096, scale=1.585741e-05, 并行16线程
[image_corrector] 校正完成
[pc_api] ====== pc_calibrate_simple_with_gaia 完成: n_matched=1093, scale=1.585741e-05, sigma_residual=0.065141 ======
[2026-07-28 23:09:20][INFO][orchestrator] [PHOTOMETRIC] 完成: n_matched=1093, scale=0.000016, sigma_residual=0.065141
[2026-07-28 23:09:20][DEBUG][PIPELINE] remove_block: 'data' removed (n_blocks=4)
[2026-07-28 23:09:20][DEBUG][PIPELINE] add_block_move: 'data' type=0 count=16777216 (moved ptr=0000024608e8b040)
[2026-07-28 23:09:20][INFO][orchestrator] [PHOTOMETRIC] photometry_report.json 已生成: f:\Astro dev\Astro CS Normalization Database\engineering_v1.3\evidence\P12-004\raw_logs\T2_RED_LDN43\photometry_report.json
[2026-07-28 23:09:20][INFO][orchestrator] [PHOTOMETRIC] photo_stats 已写入 (含 17 个诊断字段)
[2026-07-28 23:09:20][INFO][orchestrator] [0.046675s] PHOTOMETRIC 完成
[2026-07-28 23:09:20][INFO][orchestrator] ---------- stage1 阶段: SNR ----------
[2026-07-28 23:09:20][INFO][orchestrator] [SNR] 开始
[2026-07-28 23:09:20][INFO][orchestrator] [SNR] SIP 前向系数加载: A_ORDER=3 B_ORDER=3 (P03-004 WCS+SIP 一致性)
[2026-07-28 23:09:20][INFO][orchestrator] [SNR] n_stars=2000 sigma_residual=0.065141 CRVAL=(248.609656,-15.759130) CRPIX=(2048.500000,2048.500000) SIP(a_order=3, b_order=3)
[snr_model] SNR_phot = 6.666973
[snr_model] PSF stars: total=2000 valid=1930 skipped=70 (status=51 A<=B=19 mad<=0=0)
[snr_model] median(SNR_psf) = 83.022337
[snr_model] WCS+SIP: a_order=3 b_order=3 (前向 SIP 启用, 与 drizzle WcsSip.pixelToSky 一致)
[snr_model] ctrl_point[0]: ra=249.128081 dec=-15.933795 snr_psf=0.1449 (src px x=2724.99 y=3903.02)
[snr_model] ctrl_point[1]: ra=248.391859 dec=-15.649265 snr_psf=24.6240 (src px x=1629.03 y=1271.02)
[snr_model] ctrl_point[2]: ra=249.169581 dec=-15.764152 snr_psf=22.9599 (src px x=2093.01 y=4062.01)
[snr_model] done: n_points=1930, snr_phot=6.666973, median=83.022337, power=2.0
[2026-07-28 23:09:20][INFO][orchestrator] [SNR] 提取稀疏控制点: n_points=1930, snr_phot=6.666973, median_snr=83.022337, idw_power=2.000000
[2026-07-28 23:09:20][DEBUG][PIPELINE] add_block_move: 'snr_model' type=6 count=38628 (moved ptr=0000024608945a70)
[2026-07-28 23:09:20][INFO][orchestrator] [SNR] 完成 (snr_model 块已写入, payload=38628B)
[2026-07-28 23:09:20][INFO][orchestrator] [0.001677s] SNR 完成
[2026-07-28 23:09:20][INFO][orchestrator] ---------- stage1 阶段: DRIZZLE ----------
[2026-07-28 23:09:20][INFO][orchestrator] [DRIZZLE] 开始
[2026-07-28 23:09:20][INFO][orchestrator] [NSIDE] 自适应: pixel_scale=0.967"/px, strategy=1x_to_2x_drizzle, nside=2048
[2026-07-28 23:09:20][INFO][orchestrator] [DRIZZLE] nside=2048 (strategy=1x_to_2x_drizzle, override=0, cd11=0.000003 cd12=0.000269), pixfrac=1.000, nested=1
[2026-07-28 23:09:20][INFO][orchestrator] [DRIZZLE] 输出: f:\Astro dev\Astro CS Normalization Database\engineering_v1.3\evidence\P12-004\raw_logs\T2_RED_LDN43\T2_RED_LDN43.hiss
[hp_drizzle_api] hp_drizzle_run: 开始 (nside=2048, nested=1, pixfrac=1.0000, output=f:\Astro dev\Astro CS Normalization Database\engineering_v1.3\evidence\P12-004\raw_logs\T2_RED_LDN43\T2_RED_LDN43.hiss)
[hp_drizzle_api] hp_drizzle_run: data 块 4096x4096 float32
[hp_drizzle_api] hp_drizzle_run: WCS CRVAL=(248.609656,-15.759130) CRPIX=(2048.500,2048.500) CD=[3.198e-06,2.686e-04,-2.686e-04,3.264e-06]
[hp_drizzle_api] hp_drizzle_run: SIP A_ORDER=3 B_ORDER=3 AP_ORDER=3 BP_ORDER=3
[hp_drizzle_api] hp_drizzle_run: snr_model 块加载: n_points=1930, snr_phot=6.6670, median_snr=83.0223, idw_power=2.00
[snr_evaluator] build 成功: 1930 控制点 (有效 1930/1930), snr_phot=6.6670, median_snr=83.0223, idw_power=2.00
[wcs_sip] WCS 初始化: CRVAL=(248.609656, -15.759130)°, CRPIX=(2048.500, 2048.500), CD=[3.198e-06, 2.686e-04; -2.686e-04, 3.264e-06], det=7.215e-08
[wcs_sip] SIP: A/B order=3, AP/BP order=3
[hp_drizzle_api] hp_drizzle_run: SNR 重建完成 (16777216 像素)
[wcs_sip] WCS 初始化: CRVAL=(248.609656, -15.759130)°, CRPIX=(2048.500, 2048.500), CD=[3.198e-06, 2.686e-04; -2.686e-04, 3.264e-06], det=7.215e-08
[wcs_sip] SIP: A/B order=3, AP/BP order=3
[drizzle_engine] HEALPix: nside=2048 nested=1 npix=50331648 res=103.06"
[drizzle_engine] 完成: 16777216 源像素 → 1573 HEALPix 像素, 耗时 15.988s
[hp_drizzle_api] hp_drizzle_run: Drizzle 完成 (16777216 源像素 → 1573 HEALPix 像素, 耗时 15.988s)
[hp_drizzle_api] hp_drizzle_run: 写入 .hiss (filter=Red, exptime=1200.0, date=2025-05-03T03:27:21, fits_meta=15)
[drizzle_engine] 写入 1573 个 HEALPix 像素到 f:\Astro dev\Astro CS Normalization Database\engineering_v1.3\evidence\P12-004\raw_logs\T2_RED_LDN43\T2_RED_LDN43.hiss
[drizzle_engine] hiss_write_snr_model: meta_json=718 bytes, n_points=1930
[hio] hiss_write_snr_model: path=f:\Astro dev\Astro CS Normalization Database\engineering_v1.3\evidence\P12-004\raw_logs\T2_RED_LDN43\T2_RED_LDN43.hiss nside=2048 n_pix=1573 has_snr=1 n_points=1930
[hio] hiss_write_snr_model: 写入完成: f:\Astro dev\Astro CS Normalization Database\engineering_v1.3\evidence\P12-004\raw_logs\T2_RED_LDN43\T2_RED_LDN43.hiss (has_snr=1 n_points=1930)
[drizzle_engine] 写入成功: f:\Astro dev\Astro CS Normalization Database\engineering_v1.3\evidence\P12-004\raw_logs\T2_RED_LDN43\T2_RED_LDN43.hiss (1573 像素)
[hp_drizzle_api] hp_drizzle_run: .hiss 已写入 f:\Astro dev\Astro CS Normalization Database\engineering_v1.3\evidence\P12-004\raw_logs\T2_RED_LDN43\T2_RED_LDN43.hiss
[2026-07-28 23:09:46][INFO][orchestrator] [DRIZZLE] 完成: n_healpix=1573 n_source=16777216 耗时=15.987693s
[2026-07-28 23:09:46][INFO][orchestrator] [26.279262s] DRIZZLE 完成
[2026-07-28 23:09:46][DEBUG][PIPELINE] frame_destroy: ok
[2026-07-28 23:09:46][INFO][orchestrator] ========== stage1 完成 (成功) ==========
[2026-07-28 23:09:46][INFO][orchestrator] [PLATESOLVE] 释放环境资源
[2026-07-28 23:09:46][INFO][SDET] StarDetector destroyed
[2026-07-28 23:09:46][INFO][orchestrator] 析构完成
[dll_loader] 卸载所有模块
[dll_loader] 卸载模块 CALIBRATE
[dll_loader] 卸载模块 PLATESOLVE
[dll_loader] 卸载模块 PSF
[dll_loader] 卸载模块 PHOTOMETRIC
[dll_loader] 卸载模块 SNR
[dll_loader] 卸载模块 DRIZZLE
[dll_loader] 卸载模块 GRADIENT_SPHERE
[dll_loader] 卸载模块 AIO
