[2026-07-27 11:11:35][INFO][logger] 日志系统初始化完成 (log_dir=lib/orchestrator/logs, level=INFO)
[2026-07-27 11:11:35][INFO][orchestrator] 初始化编排器 (骨架版本)
[2026-07-27 11:11:35][INFO][orchestrator] 可用线程数: 16
[2026-07-27 11:11:35][INFO][orchestrator] 加载配置: engineering/evidence/P06-002/configs/stage2_config_t1_baseline.json
[2026-07-27 11:11:35][INFO][orchestrator] 配置文件大小: 687 字节
[2026-07-27 11:11:35][INFO][orchestrator] 检查点目录: output\.checkpoint
[2026-07-27 11:11:35][INFO][orchestrator] 日志级别设置为: INFO
[2026-07-27 11:11:35][INFO][orchestrator] 配置线程数: 0 (0=自动检测)
[2026-07-27 11:11:35][INFO][orchestrator] 配置加载完成 (P03-002: log_level/threads/gaia_data_dir 已解析)
[2026-07-27 11:11:35][INFO][cli] 日志级别设置为: DEBUG
[2026-07-27 11:11:35][INFO][orchestrator] ========== stage2: 多帧合并 (.hiss -> .hcsd) ==========
[2026-07-27 11:11:35][INFO][orchestrator] 输入 .hiss 目录: lib/orchestrator/cpp/output_hiss_dir
[2026-07-27 11:11:35][INFO][orchestrator] 输出 .hcsd: engineering/evidence/P06-002/T1_baseline/output/T1_baseline.hcsd
[2026-07-27 11:11:35][INFO][orchestrator] 配置 JSON: {
  "_comment": "P06-002 T1 baseline 复现配置 (无梯度校正, 与 P00-003 一致, DEBUG 日志)",
  "frames_dir": "output/hiss_output/",
  "output_hcsd": "output/stacked.hcsd",
  "stages": [
    "gradient_sphere",
    "stack"
  ],
  "stack": {
    "sigma_clip_method": "winsorized",
    "sigma_clip_sigma": 3.0,
    "sigma_clip_max_iter": 5,
    "winsorize_low_pct": 0.05,
    "winsorize_high_pct": 0.95,
    "weighting": "snr_squared",
    "mosaic_fov_ra": 0.0,
    "mosaic_fov_dec": 0.0,
    "mosaic_fov_radius_deg": 0.0
  },
  "gradient_sphere": {
    "gaia_data_dir": "",
    "gradient_max_iter": 10,
    "gradient_lambda": 1.0e-4
  },
  "log_level": "DEBUG",
  "threads": 0
}

[2026-07-27 11:11:35][INFO][orchestrator] P04-004: 取消/超时标志已重置
[2026-07-27 11:11:35][INFO][orchestrator] 发现 2 个 .hiss 文件
[2026-07-27 11:11:35][INFO][orchestrator] 自动推导项目根目录: F:\Astro dev\Astro CS Normalization Database
[2026-07-27 11:11:35][INFO][orchestrator] 初始化 DLL 加载 (lib_base_dir=F:\Astro dev\Astro CS Normalization Database)
[dll_loader] 开始加载所有模块 (lib_base_dir=F:\Astro dev\Astro CS Normalization Database)
[dll_loader] 设置运行时 DLL 搜索路径: C:\msys64\mingw64\bin
[dll_loader] 加载模块 AIO: F:\Astro dev\Astro CS Normalization Database/lib/astro_image_io/astro_image_io.dll
[dll_loader] 模块 AIO 加载成功 (handle=0x7ff888700000)
[dll_loader] 预加载 astro_image_io.dll (依赖前置) handle=0x7ff888700000
[dll_loader] 加载模块 CALIBRATE: F:\Astro dev\Astro CS Normalization Database/lib/calibration/astro_calibration.dll
[dll_loader] 模块 CALIBRATE 加载成功 (handle=0x7ff8e84a0000)
[dll_loader] 加载模块 PLATESOLVE: F:\Astro dev\Astro CS Normalization Database/lib/plate_solve/cpp/ipv/ipv_solver.dll
[dll_loader] 模块 PLATESOLVE 加载成功 (handle=0x7ff8e79a0000)
[dll_loader] 加载模块 PSF: F:\Astro dev\Astro CS Normalization Database/lib/dynamic_psf/dynamic_psf.dll
[dll_loader] 模块 PSF 加载成功 (handle=0x7ff8da850000)
[dll_loader] 预加载 gaia_client.dll (依赖前置) handle=0x7ff8d40e0000
[dll_loader] 加载模块 PHOTOMETRIC: F:\Astro dev\Astro CS Normalization Database/lib/photometric_calib/cpp/photometric_calib.dll
[dll_loader] 模块 PHOTOMETRIC 加载成功 (handle=0x7ff8c4420000)
[dll_loader] 加载模块 SNR: F:\Astro dev\Astro CS Normalization Database/lib/snr_estimator/cpp/snr_estimator.dll
[dll_loader] 模块 SNR 加载成功 (handle=0x7ff8d4030000)
[dll_loader] 加载模块 DRIZZLE: F:\Astro dev\Astro CS Normalization Database/lib/healpix_db/healpix_drizzle/healpix_drizzle.dll
[dll_loader] 模块 DRIZZLE 加载成功 (handle=0x7ff8a8120000)
[dll_loader] 加载模块 GRADIENT_SPHERE: F:\Astro dev\Astro CS Normalization Database/lib/healpix_db/healpix_stack/healpix_stack.dll
[dll_loader] 模块 GRADIENT_SPHERE 加载成功 (handle=0x7ff888610000)
[dll_loader] 加载模块 STACK: F:\Astro dev\Astro CS Normalization Database/lib/healpix_db/healpix_stack/healpix_stack.dll
[dll_loader] 模块 STACK 加载成功 (handle=0x7ff888610000)
[dll_loader] 全部模块加载成功
[2026-07-27 11:11:35][INFO][orchestrator] 全部 9 个模块加载成功
[2026-07-27 11:11:35][INFO][orchestrator]   AIO 版本: unknown
[2026-07-27 11:11:35][INFO][orchestrator]   CALIBRATE 版本: Astro Calibration C++ v1.0.0
[2026-07-27 11:11:35][INFO][orchestrator]   PLATESOLVE 版本: unknown
[2026-07-27 11:11:35][INFO][orchestrator]   PSF 版本: unknown
[2026-07-27 11:11:35][INFO][orchestrator]   PHOTOMETRIC 版本: unknown
[2026-07-27 11:11:35][INFO][orchestrator]   SNR 版本: unknown
[2026-07-27 11:11:35][INFO][orchestrator]   DRIZZLE 版本: unknown
[2026-07-27 11:11:35][INFO][orchestrator]   GRADIENT_SPHERE 版本: unknown
[2026-07-27 11:11:35][INFO][orchestrator]   STACK 版本: unknown
[dll_loader] CALIBRATE 线程数设置为 16
[2026-07-27 11:11:35][INFO][orchestrator] CALIBRATE 线程数: 16
[2026-07-27 11:11:35][INFO][orchestrator] ---------- stage2 阶段: GRADIENT_SPHERE ----------
[2026-07-27 11:11:35][INFO][orchestrator] [GRADIENT_SPHERE] 开始
[2026-07-27 11:11:35][INFO][orchestrator] [GRADIENT_SPHERE] 帧数: 2 输出: engineering/evidence/P06-002/T1_baseline/output/T1_baseline.hcsd sigma_clip=winsorized sigma=3.000000 max_iter=5
[2026-07-27 11:11:35][INFO][orchestrator] [GRADIENT_SPHERE] gradient_max_iter=10 gradient_lambda=0.000100 gaia_data_dir=(null, 跳过星拒绝)
[hp_stack_gradient_corrected] 开始: 2 帧 → engineering/evidence/P06-002/T1_baseline/output/T1_baseline.hcsd (sigma=3.00, max_iter=5, grad_iter=10, grad_lambda=1.0e-04, sigma_clip=winsorized, winsor_low=0.05, winsor_high=0.95)
[hp_stack_gradient_corrected] === 阶段1: 球面背景采样 ===
[gradient_sampler] gaia_client_create_ex 失败: 
[hp_stack_gradient_corrected] 采样失败 (rc=2, rows=0), 回退到无梯度校正模式
[hp_stack_hiss] 开始堆叠: 2 帧 → engineering/evidence/P06-002/T1_baseline/output/T1_baseline.hcsd (sigma=3.00, max_iter=5)
[hio] hiss_read: nside=32768 nested=1 n_pix=15406480 has_snr=0 snr_format=0
[hio] hiss_read: 读取完成: lib/orchestrator/cpp/output_hiss_dir\frame1.hiss (has_snr=0 snr_format=0)
[hp_stack_hiss] 帧 0: lib/orchestrator/cpp/output_hiss_dir\frame1.hiss (nside=32768, n_pix=15406480, has_snr=0)
[hio] hiss_read: nside=32768 nested=1 n_pix=15407202 has_snr=0 snr_format=0
[hio] hiss_read: 读取完成: lib/orchestrator/cpp/output_hiss_dir\frame2.hiss (has_snr=0 snr_format=0)
[hp_stack_hiss] 帧 1: lib/orchestrator/cpp/output_hiss_dir\frame2.hiss (nside=32768, n_pix=15407202, has_snr=0)
[hp_stack_hiss] 第一遍扫描完成: 15522966 唯一像素, nside=32768
[hio] hiss_read: nside=32768 nested=1 n_pix=15406480 has_snr=0 snr_format=0
[hio] hiss_read: 读取完成: lib/orchestrator/cpp/output_hiss_dir\frame1.hiss (has_snr=0 snr_format=0)
[hio] hiss_read: nside=32768 nested=1 n_pix=15407202 has_snr=0 snr_format=0
[hio] hiss_read: 读取完成: lib/orchestrator/cpp/output_hiss_dir\frame2.hiss (has_snr=0 snr_format=0)
[hp_stack_hiss] 第二遍累加完成 (SNR² 加权)
[hio] hiss_read: nside=32768 nested=1 n_pix=15406480 has_snr=0 snr_format=0
[hio] hiss_read: 读取完成: lib/orchestrator/cpp/output_hiss_dir\frame1.hiss (has_snr=0 snr_format=0)
[hio] hiss_read: nside=32768 nested=1 n_pix=15407202 has_snr=0 snr_format=0
[hio] hiss_read: 读取完成: lib/orchestrator/cpp/output_hiss_dir\frame2.hiss (has_snr=0 snr_format=0)
[hio] hiss_read: nside=32768 nested=1 n_pix=15406480 has_snr=0 snr_format=0
[hio] hiss_read: 读取完成: lib/orchestrator/cpp/output_hiss_dir\frame1.hiss (has_snr=0 snr_format=0)
[hio] hiss_read: nside=32768 nested=1 n_pix=15407202 has_snr=0 snr_format=0
[hio] hiss_read: 读取完成: lib/orchestrator/cpp/output_hiss_dir\frame2.hiss (has_snr=0 snr_format=0)
[hp_stack_hiss] sigma-clip 迭代 0: 剔除 0 个离群值 (SNR² 加权)
[hp_stack_hiss] 迭代 0 无剔除, 提前收敛
[hp_stack_hiss] 输出 15522966 像素, mean_pixel_count=1.9850
[hio] hcsd_write: path=engineering/evidence/P06-002/T1_baseline/output/T1_baseline.hcsd nside=32768 nested=1 n_pix=15522966
[hio] hcsd_write: 子叶位移 shift=18 (nside=32768)
[hio] hcsd_write: 非空子叶 78 / 49152
[hio] hcsd_write: 写入完成: engineering/evidence/P06-002/T1_baseline/output/T1_baseline.hcsd
[hp_stack_hiss] 完成: engineering/evidence/P06-002/T1_baseline/output/T1_baseline.hcsd (15522966 像素, 2 帧)
[2026-07-27 11:11:42][INFO][orchestrator] [GRADIENT_SPHERE] 完成
[2026-07-27 11:11:42][INFO][orchestrator] [7.479680s] GRADIENT_SPHERE 完成
[2026-07-27 11:11:42][INFO][orchestrator] ---------- stage2 阶段: STACK ----------
[2026-07-27 11:11:42][INFO][orchestrator] [STACK] 开始
[2026-07-27 11:11:42][INFO][orchestrator] [STACK] 跳过 (骨架): .hcsd 已由 GRADIENT_SPHERE 生成
[2026-07-27 11:11:42][INFO][orchestrator] [0.000038s] STACK 完成
[2026-07-27 11:11:42][INFO][orchestrator] ========== stage2 完成 (成功) ==========
[2026-07-27 11:11:42][INFO][orchestrator] 析构完成
[dll_loader] 卸载所有模块
[dll_loader] 卸载模块 CALIBRATE
[dll_loader] 卸载模块 PLATESOLVE
[dll_loader] 卸载模块 PSF
[dll_loader] 卸载模块 PHOTOMETRIC
[dll_loader] 卸载模块 SNR
[dll_loader] 卸载模块 DRIZZLE
[dll_loader] 卸载模块 GRADIENT_SPHERE
[dll_loader] 卸载模块 AIO
