=== COMMAND ===
f:\Astro dev\Astro CS Normalization Database\lib\orchestrator\cpp\orchestrator.exe stage1 --frame f:\Astro dev\Astro CS Normalization Database\testdata\NGC1727_T2_flying_dutchman\lights\NGC1727_RGBHO_T2_flying_dutchman-20251031@075259-1800S-OIII.fts --output f:\Astro dev\Astro CS Normalization Database\engineering_v1.3\evidence\P12-004\raw_logs\T2_OIII_NGC1727\T2_OIII_NGC1727.hiss --gaia-data GaiaDR3SP --filter OIII --config f:\Astro dev\Astro CS Normalization Database\engineering_v1.3\evidence\P12-004\scripts\stage1_config_T2.json --log-level INFO

=== EXIT CODE ===
0

=== STDOUT ===
{
  "success": true,
  "frame_name": "f:\\Astro dev\\Astro CS Normalization Database\\testdata\\NGC1727_T2_flying_dutchman\\lights\\NGC1727_RGBHO_T2_flying_dutchman-20251031@075259-1800S-OIII.fts",
  "timings": [
    {"stage": "CALIBRATE", "name": "READ_FITS", "duration_sec": 0.0530637, "success": true},
    {"stage": "CALIBRATE", "name": "CALIBRATE", "duration_sec": 0.856328, "success": true},
    {"stage": "CALIBRATE", "name": "PLATESOLVE", "duration_sec": 18.5473, "success": true},
    {"stage": "CALIBRATE", "name": "PSF", "duration_sec": 0.319755, "success": true},
    {"stage": "CALIBRATE", "name": "PHOTOMETRIC", "duration_sec": 5.59616, "success": true},
    {"stage": "CALIBRATE", "name": "SNR", "duration_sec": 0.0017245, "success": true},
    {"stage": "CALIBRATE", "name": "DRIZZLE", "duration_sec": 24.3879, "success": true}
  ],
  "wcs_fields": {},
  "photo_stats": {"FIT_USED": "1099", "GAIA_IN_FRAME": "1333", "MATCH_DIST_MAX": "1.784936", "MATCH_DIST_MEDIAN": "0.426558", "MATCH_DIST_P90": "0.721192", "N_MATCHED": "1099", "PSF_TOTAL": "2000", "PSF_VALID": "1961", "REJECTED_AMBIGUOUS": "0", "REJECTED_DISTANCE": "862", "REJECTED_QUALITY": "0", "ROBUST_ITERATIONS": "6", "R_MAX": "6.261534", "R_MEDIAN": "5.214438", "R_P90": "5.582486", "SCALE_FACTOR": "0.000006", "SIGMA_RESIDUAL": "0.366620", "SPATIAL_CANDIDATES": "1099", "SPECTRUM_ROWS_TOTAL": "2486", "STATUS": "OK", "UNIQUE_MATCHES": "1099", "VALID_FSYN": "2486"},
  "output_ahpx_path": "f:\\Astro dev\\Astro CS Normalization Database\\engineering_v1.3\\evidence\\P12-004\\raw_logs\\T2_OIII_NGC1727\\T2_OIII_NGC1727.hiss",
  "error_msg": ""
}

=== STDERR ===
[2026-07-28 23:11:13][INFO][cli] stage1 gaia-data: GaiaDR3SP
[2026-07-28 23:11:13][INFO][cli] stage1 filter: OIII
[2026-07-28 23:11:13][INFO][logger] 日志系统初始化完成 (log_dir=lib/orchestrator/logs, level=INFO)
[2026-07-28 23:11:13][INFO][orchestrator] 初始化编排器 (骨架版本)
[2026-07-28 23:11:13][INFO][orchestrator] 可用线程数: 16
[2026-07-28 23:11:13][INFO][orchestrator] 加载配置: f:\Astro dev\Astro CS Normalization Database\engineering_v1.3\evidence\P12-004\scripts\stage1_config_T2.json
[2026-07-28 23:11:13][INFO][orchestrator] 配置文件大小: 2299 字节
[2026-07-28 23:11:13][INFO][orchestrator] 检查点目录: output\.checkpoint
[2026-07-28 23:11:13][INFO][orchestrator] 日志级别设置为: INFO
[2026-07-28 23:11:13][INFO][orchestrator] 配置线程数: 0 (0=自动检测)
[2026-07-28 23:11:13][INFO][orchestrator] 配置 Gaia 数据目录: GaiaDR3SP
[2026-07-28 23:11:13][INFO][orchestrator] 配置加载完成 (P03-002: log_level/threads/gaia_data_dir 已解析)
[2026-07-28 23:11:13][INFO][cli] 日志级别设置为: INFO
[2026-07-28 23:11:13][INFO][orchestrator] ========== stage1: 单帧预处理 (FITS -> .hiss) ==========
[2026-07-28 23:11:13][INFO][orchestrator] 输入 FITS: f:\Astro dev\Astro CS Normalization Database\testdata\NGC1727_T2_flying_dutchman\lights\NGC1727_RGBHO_T2_flying_dutchman-20251031@075259-1800S-OIII.fts
[2026-07-28 23:11:13][INFO][orchestrator] 输出 .hiss: f:\Astro dev\Astro CS Normalization Database\engineering_v1.3\evidence\P12-004\raw_logs\T2_OIII_NGC1727\T2_OIII_NGC1727.hiss
[2026-07-28 23:11:13][INFO][orchestrator] 配置 JSON: {

  "_comment": "stage1 配置文件模板 (spec §2.3.3) - 单帧预处理 FITS -> .hiss, stage 0-6 (2026-07-18 归档 GRADIENT_2D; 2026-07-25 P03-002 扩展参数追踪)",

  "project_root": ".",

  "gaia_data_dir": "GaiaDR3SP",

  "calibration_dir": "testdata/T2 calibration files",

  "output_root": "output",

  "stages": [

    "read_fits",

    "calibrate",

    "platesolve",

    "psf",

    "photometric",

    "snr",

    "drizzle"

  ],

  "frame": {

    "id": "panel1_Red",

    "light_path": "",

    "filter": "Red",

    "qe_curve": "GSENSE2020BSI"

  },

  "calibration": {

    "_comment": "P03-001: 校准输入接线配置。master_*_path 为空时从 calibration_dir 自动推导",

    "master_bias_path": "",

    "master_dark_path": "",

    "master_flat_path": "",

    "require_size_match": true,

    "require_exposure_match": true,

    "exposure_tolerance_s": 0.5,

    "require_temperature_match": false,

    "temperature_tolerance_c": 1.0,

    "allow_no_calibration": false,

    "dark_optimization": 0,

    "dark_scale_factor": 1.0

  },

  "platesolve": {

    "_comment": "P03-002: PlateSolve 参数。initial_ra/dec 为空时从 FITS header OBJCTRA/DEC 读取; focal_length/pixel_size 为 0 时从 FITS header 读取",

    "initial_ra": "",

    "initial_dec": "",

    "focal_length": 0.0,

    "pixel_size": 0.0,

    "max_stars": 2000,

    "log_dir": "lib/plate_solve/logs"

  },

  "psf": {

    "_comment": "P03-002: PSF 拟合参数。fit_radius=0 表示自动; max_stars=0 表示不限制",

    "fit_radius": 8,

    "max_iter": 100,

    "tolerance": 1e-06,

    "max_stars": 2000

  },

  "photometric": {

    "_comment": "P03-002: 测光校准参数。mag_max 内部会自适应迭代 (2000-10000 星范围)",

    "mag_min": 6.0,

    "mag_max": 16.0,

    "fov_radius_deg": 0.0,

    "filters_json": "lib/photometric_calib/data/response_curves/filters.json",

    "qe_curves_json": "lib/photometric_calib/data/response_curves/qe_curves.json"

  },

  "drizzle": {

    "_comment": "P03-002: Drizzle 参数。nside_strategy=1x_to_2x_drizzle 自适应; pixfrac 默认 1.0 避免缝隙",

    "nside_strategy": "1x_to_2x_drizzle",

    "nside_override": 0,

    "pixfrac": 1.0,

    "nested": true

  },

  "log_level": "INFO",

  "threads": 0

}
[2026-07-28 23:11:13][INFO][orchestrator] P04-004: 取消/超时标志已重置
[2026-07-28 23:11:13][INFO][orchestrator] 自动推导项目根目录: f:\Astro dev\Astro CS Normalization Database
[2026-07-28 23:11:13][INFO][orchestrator] 初始化 DLL 加载 (lib_base_dir=f:\Astro dev\Astro CS Normalization Database)
[dll_loader] 开始加载所有模块 (lib_base_dir=f:\Astro dev\Astro CS Normalization Database)
[dll_loader] 设置运行时 DLL 搜索路径: C:\msys64\mingw64\bin
[dll_loader] 加载模块 AIO: f:\Astro dev\Astro CS Normalization Database/lib/astro_image_io/astro_image_io.dll
[dll_loader] 模块 AIO 加载成功 (handle=0x7fffd8ce0000)
[dll_loader] 预加载 astro_image_io.dll (依赖前置) handle=0x7fffd8ce0000
[dll_loader] 加载模块 CALIBRATE: f:\Astro dev\Astro CS Normalization Database/lib/calibration/astro_calibration.dll
[dll_loader] 模块 CALIBRATE 加载成功 (handle=0x7fffe5710000)
[dll_loader] 加载模块 PLATESOLVE: f:\Astro dev\Astro CS Normalization Database/lib/plate_solve/cpp/ipv/ipv_solver.dll
[dll_loader] 模块 PLATESOLVE 加载成功 (handle=0x7fffe4570000)
[dll_loader] 加载模块 PSF: f:\Astro dev\Astro CS Normalization Database/lib/dynamic_psf/dynamic_psf.dll
[dll_loader] 模块 PSF 加载成功 (handle=0x7fffe5ee0000)
[dll_loader] 预加载 gaia_client.dll (依赖前置) handle=0x7fffe6460000
[dll_loader] 加载模块 PHOTOMETRIC: f:\Astro dev\Astro CS Normalization Database/lib/photometric_calib/cpp/photometric_calib.dll
[dll_loader] 模块 PHOTOMETRIC 加载成功 (handle=0x7fffddc70000)
[dll_loader] 加载模块 SNR: f:\Astro dev\Astro CS Normalization Database/lib/snr_estimator/cpp/snr_estimator.dll
[dll_loader] 模块 SNR 加载成功 (handle=0x7fffdc710000)
[dll_loader] 加载模块 DRIZZLE: f:\Astro dev\Astro CS Normalization Database/lib/healpix_db/healpix_drizzle/healpix_drizzle.dll
[dll_loader] 模块 DRIZZLE 加载成功 (handle=0x7fffd98d0000)
[dll_loader] 加载模块 GRADIENT_SPHERE: f:\Astro dev\Astro CS Normalization Database/lib/healpix_db/healpix_stack/healpix_stack.dll
[dll_loader] 模块 GRADIENT_SPHERE 加载成功 (handle=0x7fffd8910000)
[dll_loader] 加载模块 STACK: f:\Astro dev\Astro CS Normalization Database/lib/healpix_db/healpix_stack/healpix_stack.dll
[dll_loader] 模块 STACK 加载成功 (handle=0x7fffd8910000)
[dll_loader] 全部模块加载成功
[2026-07-28 23:11:13][INFO][orchestrator] 全部 9 个模块加载成功
[2026-07-28 23:11:13][INFO][orchestrator]   AIO 版本: unknown
[2026-07-28 23:11:13][INFO][orchestrator]   CALIBRATE 版本: Astro Calibration C++ v1.0.0
[2026-07-28 23:11:13][INFO][orchestrator]   PLATESOLVE 版本: unknown
[2026-07-28 23:11:13][INFO][orchestrator]   PSF 版本: unknown
[2026-07-28 23:11:13][INFO][orchestrator]   PHOTOMETRIC 版本: unknown
[2026-07-28 23:11:13][INFO][orchestrator]   SNR 版本: unknown
[2026-07-28 23:11:13][INFO][orchestrator]   DRIZZLE 版本: unknown
[2026-07-28 23:11:13][INFO][orchestrator]   GRADIENT_SPHERE 版本: unknown
[2026-07-28 23:11:13][INFO][orchestrator]   STACK 版本: unknown
[dll_loader] CALIBRATE 线程数设置为 16
[2026-07-28 23:11:13][INFO][orchestrator] CALIBRATE 线程数: 16
[2026-07-28 23:11:13][DEBUG][PIPELINE] frame_create: ok
[2026-07-28 23:11:13][INFO][orchestrator] ---------- stage1 阶段: READ_FITS ----------
[2026-07-28 23:11:13][INFO][orchestrator] [READ_FITS] 开始: f:\Astro dev\Astro CS Normalization Database\testdata\NGC1727_T2_flying_dutchman\lights\NGC1727_RGBHO_T2_flying_dutchman-20251031@075259-1800S-OIII.fts
[2026-07-28 23:11:13][INFO][FITS] Reading: f:\Astro dev\Astro CS Normalization Database\testdata\NGC1727_T2_flying_dutchman\lights\NGC1727_RGBHO_T2_flying_dutchman-20251031@075259-1800S-OIII.fts
[2026-07-28 23:11:13][INFO][FITS] Header: BITPIX=16 NAXIS=2 NAXIS1=4096 NAXIS2=4096 NAXIS3=0 BSCALE=1.0 BZERO=32768.0 keywords=162
[2026-07-28 23:11:13][INFO][FITS] Applying BSCALE=1.000000 BZERO=32768.000000
[2026-07-28 23:11:13][INFO][FITS] Read OK: 4096x4096 1ch BITPIX=16
[2026-07-28 23:11:13][INFO][API] aio_read_fits: 0.039 s
[2026-07-28 23:11:13][INFO][orchestrator] [READ_FITS] 图像尺寸: 4096x4096
[2026-07-28 23:11:13][DEBUG][PIPELINE] add_block: 'data' type=0 count=16777216 (67108864 bytes)
[2026-07-28 23:11:13][INFO][orchestrator] [READ_FITS] FITS 关键字数: 162
[2026-07-28 23:11:13][INFO][orchestrator] [READ_FITS] 完成
[2026-07-28 23:11:13][INFO][orchestrator] [0.053064s] READ_FITS 完成
[2026-07-28 23:11:13][INFO][orchestrator] ---------- stage1 阶段: CALIBRATE ----------
[2026-07-28 23:11:13][INFO][orchestrator] [CALIBRATE] 开始
[2026-07-28 23:11:13][INFO][orchestrator] [CALIBRATE] 图像: 4096x4096 (16777216 像素)
[2026-07-28 23:11:13][INFO][orchestrator] [CALIBRATE] 帧元数据: EXPTIME=1800.000000s, FILTER='OIII', CCD-TEMP=-20.000000C
[2026-07-28 23:11:13][INFO][orchestrator] [CALIBRATE] calibration_dir: f:\Astro dev\Astro CS Normalization Database\testdata/T2 calibration files
[2026-07-28 23:11:13][INFO][orchestrator] [CALIBRATE] 自动推导 master_bias_path: f:\Astro dev\Astro CS Normalization Database\testdata/T2 calibration files\masterBias_BIN-1_4096x4096.xisf
[2026-07-28 23:11:13][INFO][orchestrator] [CALIBRATE] 自动推导 master_dark_path: f:\Astro dev\Astro CS Normalization Database\testdata/T2 calibration files\masterDark_BIN-1_4096x4096_EXPOSURE-1800.00s.xisf
[2026-07-28 23:11:13][INFO][orchestrator] [CALIBRATE] 自动推导 master_flat_path: f:\Astro dev\Astro CS Normalization Database\testdata/T2 calibration files\masterFlat_BIN-1_4096x4096_FILTER-OIII_mono.xisf
[2026-07-28 23:11:13][INFO][XISF] Reading: f:\Astro dev\Astro CS Normalization Database\testdata/T2 calibration files\masterBias_BIN-1_4096x4096.xisf
[2026-07-28 23:11:13][INFO][XISF] XML header length: 20661 bytes
[2026-07-28 23:11:13][INFO][XISF] Image: 4096x4096x1 fmt=Float32 byteOrder= offset=24576 size=67108864
[2026-07-28 23:11:13][INFO][XISF] Byte order: file= system=little swap=0
[2026-07-28 23:11:13][INFO][XISF] Read OK: 4096x4096 1ch fmt=Float32 keywords=197
[2026-07-28 23:11:13][INFO][API] aio_read_xisf: 0.041 s
[2026-07-28 23:11:13][INFO][orchestrator] [CALIBRATE] 加载 Master: f:\Astro dev\Astro CS Normalization Database\testdata/T2 calibration files\masterBias_BIN-1_4096x4096.xisf (4096x4096)
[2026-07-28 23:11:13][INFO][XISF] Reading: f:\Astro dev\Astro CS Normalization Database\testdata/T2 calibration files\masterDark_BIN-1_4096x4096_EXPOSURE-1800.00s.xisf
[2026-07-28 23:11:13][INFO][XISF] XML header length: 11555 bytes
[2026-07-28 23:11:13][INFO][XISF] Image: 4096x4096x1 fmt=Float32 byteOrder= offset=12288 size=67108864
[2026-07-28 23:11:13][INFO][XISF] Byte order: file= system=little swap=0
[2026-07-28 23:11:13][INFO][XISF] Read OK: 4096x4096 1ch fmt=Float32 keywords=101
[2026-07-28 23:11:13][INFO][API] aio_read_xisf: 0.298 s
[2026-07-28 23:11:13][INFO][orchestrator] [CALIBRATE] 加载 Master: f:\Astro dev\Astro CS Normalization Database\testdata/T2 calibration files\masterDark_BIN-1_4096x4096_EXPOSURE-1800.00s.xisf (4096x4096)
[2026-07-28 23:11:13][INFO][XISF] Reading: f:\Astro dev\Astro CS Normalization Database\testdata/T2 calibration files\masterFlat_BIN-1_4096x4096_FILTER-OIII_mono.xisf
[2026-07-28 23:11:13][INFO][XISF] XML header length: 20707 bytes
[2026-07-28 23:11:13][INFO][XISF] Image: 4096x4096x1 fmt=Float32 byteOrder= offset=24576 size=67108864
[2026-07-28 23:11:13][INFO][XISF] Byte order: file= system=little swap=0
[2026-07-28 23:11:13][INFO][XISF] Read OK: 4096x4096 1ch fmt=Float32 keywords=196
[2026-07-28 23:11:13][INFO][API] aio_read_xisf: 0.184 s
[2026-07-28 23:11:13][INFO][orchestrator] [CALIBRATE] 加载 Master: f:\Astro dev\Astro CS Normalization Database\testdata/T2 calibration files\masterFlat_BIN-1_4096x4096_FILTER-OIII_mono.xisf (4096x4096)
[2026-07-28 23:11:13][INFO][orchestrator] [CALIBRATE] master_dark 曝光时间匹配: dark=1800.000000s vs frame=1800.000000s (diff=0.000000s)
[2026-07-28 23:11:13][INFO][orchestrator] [CALIBRATE] 调用 ac_calibrate_frame: dark_opt=0, k_init=1.000000, has_bias=true, has_dark=true, has_flat=true
[2026-07-28 23:11:13][INFO][orchestrator] [CALIBRATE] 校准统计: light_mean=1140.166262 -> out_mean=4233.470445, bias_mean=0.015291, dark_mean=0.014854, flat_mean=0.269581, actual_k=1.000000
[2026-07-28 23:11:13][DEBUG][PIPELINE] remove_block: 'data' removed (n_blocks=1)
[2026-07-28 23:11:13][DEBUG][PIPELINE] add_block_move: 'data' type=0 count=16777216 (moved ptr=0000017e21989040)
[2026-07-28 23:11:13][INFO][orchestrator] [CALIBRATE] cal_stats 已写入 (CALIBRATION_STATUS=APPLIED)
[2026-07-28 23:11:13][INFO][orchestrator] [CALIBRATE] 完成 (实际应用 Bias/Dark/Flat)
[2026-07-28 23:11:13][INFO][orchestrator] [0.856328s] CALIBRATE 完成
[2026-07-28 23:11:13][INFO][orchestrator] ---------- stage1 阶段: PLATESOLVE ----------
[2026-07-28 23:11:13][INFO][orchestrator] [PLATESOLVE] 开始
[2026-07-28 23:11:13][INFO][orchestrator] [PLATESOLVE] 初始化环境 (gaia_client + star_detector + ipv_solver)
[2026-07-28 23:11:13][INFO][orchestrator] [PLATESOLVE] gaia_client.dll 加载成功
[2026-07-28 23:11:13][INFO][orchestrator] [PLATESOLVE] star_detector.dll 加载成功
[2026-07-28 23:11:13][INFO][orchestrator] [PLATESOLVE] Gaia 数据目录: f:\Astro dev\Astro CS Normalization Database\GaiaDR3SP (来自 config)
[2026-07-28 23:11:13][INFO][orchestrator] [PLATESOLVE] GaiaClient 创建成功 (data_dir=f:\Astro dev\Astro CS Normalization Database\GaiaDR3SP)
[2026-07-28 23:11:13][INFO][SDET] StarDetector created (fitRadius=0, fwhmClipSigma=3.0, maxAxisRatio=2.0)
[2026-07-28 23:11:13][INFO][orchestrator] [PLATESOLVE] StarDetector 创建成功 (fitRadius=0 自动, maxStars=2000)
[2026-07-28 23:11:13][INFO][orchestrator] [PLATESOLVE] IPVSolver 创建成功, 已注入 Gaia + StarDetector 句柄
[2026-07-28 23:11:13][INFO][orchestrator] [PLATESOLVE] 环境初始化完成
[2026-07-28 23:11:13][INFO][orchestrator] [PLATESOLVE] 图像: 4096x4096
[2026-07-28 23:11:13][INFO][orchestrator] [PLATESOLVE] 初始指向: OBJCTRA='04 52 22.00' -> ra0=73.091667deg, OBJCTDEC='-69 35 23.0' -> dec0=-69.589722deg
[2026-07-28 23:11:13][INFO][orchestrator] [PLATESOLVE] 焦距=1917.500000mm, 像素尺寸=9.000000um
[2026-07-28 23:11:13][INFO][orchestrator] [PLATESOLVE] 调用 ipv_solve_from_memory_with_callback (INTERNAL_DETECTION_SHARED_EXPORT callback 导出) ...
[2026-07-28 23:11:13][INFO] ==== IPVSolver::solve_from_memory_with_callback 开始 (INTERNAL_DETECTION_SHARED_EXPORT) ====
[2026-07-28 23:11:13][INFO]   pixels=4096x4096 (内存数据)
[2026-07-28 23:11:13][INFO]   ra0=73.091667 deg, dec0=-69.589722 deg
[2026-07-28 23:11:13][INFO]   focal_length=1917.500 mm, pixel_size=9.000 um
[2026-07-28 23:11:13][INFO]   callback=ENABLED
[2026-07-28 23:11:13][INFO] === ipv_select_from_memory_with_callback 启动 (INTERNAL_DETECTION_SHARED_EXPORT) ===
[2026-07-28 23:11:13][INFO] ipv_select: 依赖 DLL 全部加载成功
[2026-07-28 23:11:13][INFO] Step 1: 使用内存像素数据 4096×4096
[2026-07-28 23:11:13][INFO] Step 2: 星点检测 (sdet_detect_ex)
[2026-07-28 23:11:13][INFO][SDET] sdet_detect_ex start: 4096x4096
[2026-07-28 23:11:14][DEBUG][SDET] [1] uint16→float: 17.8 ms
[2026-07-28 23:11:14][DEBUG][SDET] [2] Gaussian YvV smooth (sigma=2.0): 146.1 ms
[2026-07-28 23:11:14][INFO][SDET] peaker: median=4114.0000 bgnoise=57.5943 threshold=4401.9712 (median+5*bgnoise)
[2026-07-28 23:11:14][DEBUG][SDET] [3] Threshold: 308.3 ms
[2026-07-28 23:11:14][INFO][SDET] peaker: bg=4114.0 maxi=65535.0 norm=65535.0 dynrange=61421.0 minsatlevel=42994.7 satrange=6142.1 s_factor=3.7169 locthreshold=287.9713
[2026-07-28 23:11:14][DEBUG][SDET] [4] peaker: 80.1 ms (8630 candidates, full peaker 7-step)
[2026-07-28 23:11:14][INFO][SDET] Candidates: 8630
[2026-07-28 23:11:14][INFO][SDET] Peaker stages: pass_threshold=2129325 pass_localmax=26765 pass_count3=17164 pass_boundary=17164 | cond_meanhigh=134 cond_platform=14134 sat_both=49 nonsat=17115
[2026-07-28 23:11:14][INFO][SDET] Auto fitRadius: med_pixels=67 fwhm_est=4.02 auto_radius=12 actual=12
[2026-07-28 23:11:14][INFO][SDET] Task6 candidates sorted by mag_est (desc): maxstars=2000 candidates=8630
[2026-07-28 23:11:15][DEBUG][SDET] [6] Moffat4 fit: 673.7 ms (7911/8630 OK)
[2026-07-28 23:11:15][INFO][SDET] Moffat4 fit: 7911/8630 OK
[2026-07-28 23:11:15][INFO][SDET] === Fit statistics by pixel count ===
[2026-07-28 23:11:15][INFO][SDET]   px[5-9]: total=281 ok=268(95.4%) invalid=0 noconv=13 iterlimit=0
[2026-07-28 23:11:15][INFO][SDET]   px[10-19]: total=686 ok=654(95.3%) invalid=0 noconv=32 iterlimit=0
[2026-07-28 23:11:15][INFO][SDET]   px[20-49]: total=1962 ok=1827(93.1%) invalid=0 noconv=135 iterlimit=0
[2026-07-28 23:11:15][INFO][SDET]   px[50-99]: total=2495 ok=2313(92.7%) invalid=1 noconv=181 iterlimit=0
[2026-07-28 23:11:15][INFO][SDET]   px[100-299]: total=2742 ok=2407(87.8%) invalid=1 noconv=334 iterlimit=0
[2026-07-28 23:11:15][DEBUG][SDET] [7] FWHM stats: 3.7 ms (med=2.8017 mad=0.3091)
[2026-07-28 23:11:15][INFO][SDET] FWHM stats: med=2.8017 mad=0.3091 (from 7911 fitted stars)
[2026-07-28 23:11:15][DEBUG][SDET] [8] Build normal stars: 10.0 ms (5818 stars, fit_fail=719 fwhm=0 round=375 reject=1718)
[2026-07-28 23:11:15][INFO][SDET] Normal stars: 5818 (fit_fail=719 fwhm=0 roundness=375 reject=1718)
[2026-07-28 23:11:15][DEBUG][SDET] [9] Saturated star detection skipped (V4.52: use A>dynrange from peaker): 0.5 ms
[2026-07-28 23:11:15][DEBUG][SDET] [10a] Dedup: 2.2 ms
[2026-07-28 23:11:15][DEBUG][SDET] [10b] Sort: 0.5 ms
[2026-07-28 23:11:15][INFO][SDET] After dedup+sort: 5818 stars (saturated=158 normal=5660)
[2026-07-28 23:11:15][INFO][SDET] sdet_detect_ex done: 2000 stars (sat=158 normal=5660), 1.243 s
[2026-07-28 23:11:15][INFO]   检测到星点: 2000 颗 (饱和 157, 正常 1843)
[2026-07-28 23:11:15][INFO] Step 2.5: 调用 callback 导出 detections (INTERNAL_DETECTION_SHARED_EXPORT)
[2026-07-28 23:11:15][INFO]   callback 完成, 源缓冲区已由 callback 复制
[2026-07-28 23:11:15][INFO] Step 3: 图像侧选星
[2026-07-28 23:11:15][INFO] 选星: 按 mag(box积分) 升序取前 60 颗 (含饱和 58 颗)
[2026-07-28 23:11:15][INFO]   U 向量组: 60×2 (s0=0.9681"/px)
[2026-07-28 23:11:15][INFO] Step 4: FOV/密度计算
[2026-07-28 23:11:15][INFO] FOV计算: s0=0.9681"/px, FOV_diag=1.5578°, query_r=0.8568°, img_area=1.21333°², query_area=2.30614°², rho_img=49.45, rho_target=74.18, n_target=60
[2026-07-28 23:11:15][INFO] Step 5: V4.9 密度公式估算极限星等 (替代迭代)
[2026-07-28 23:11:15][INFO] 密度估算极限星等: G=11.051 (n_required=60, area=2.3061°², rho_target=26.02/°²)
[2026-07-28 23:11:15][INFO] Step 6: 用 m_lim=11.051 查询 Gaia 星表
[2026-07-28 23:11:31][WARN] V4.9 补救查询 1: Gaia 返回 51 < n_target=60, 放宽到 m=12.051
[2026-07-28 23:11:32][INFO] Step 7: Gnomonic 投影 + FOV 过滤
[2026-07-28 23:11:32][INFO]   W 向量组: 60×2 (FOV 内 71, 取最亮 60, gaia_ra/dec 已保存)
[2026-07-28 23:11:32][INFO] === ipv_select_from_memory_with_callback 完成 (INTERNAL_DETECTION_SHARED_EXPORT) ===
[2026-07-28 23:11:32][INFO] === triangle_match 开始: N_U=60, N_W=60, n_A0=60, n_B0=60, tol=0.0020, s0=0.9681 ===
[2026-07-28 23:11:32][INFO] triangle_match: stage=0, nA=60, nB=60
[2026-07-28 23:11:32][INFO] triangle_match_single: n_A=60, n_B=60, tol=0.0020, s0=0.9681, scale=[0.8608,1.2912]
[2026-07-28 23:11:32][DEBUG] stars_to_triangles: N=60, expected=34220, valid=34220, skipped_degenerate=0 (并行, 16 线程)
[2026-07-28 23:11:32][DEBUG] stars_to_triangles: prune_triangle_array ba>0.9 剪枝: before=34220, after=25472, pruned=8748
[2026-07-28 23:11:32][DEBUG] stars_to_triangles: N=60, expected=34220, valid=34220, skipped_degenerate=0 (并行, 16 线程)
[2026-07-28 23:11:32][DEBUG] stars_to_triangles: prune_triangle_array ba>0.9 剪枝: before=34220, after=24773, pruned=9447
[2026-07-28 23:11:32][INFO] make_vote_matrix: n_A=25472, n_B=24773, matched_triangles=36526, vote_matrix=60x60, scale_rejected=53463 (range=[0.8608,1.2912]) [并行 16 线程]
[2026-07-28 23:11:32][INFO] top_vote_getters: 矩阵=60x60, 候选对数(vote>=2)=3597, top_n=60
[2026-07-28 23:11:32][INFO] top_vote_getters: V4.25 去重后 top_pairs=60, 去重剔除=2173
[2026-07-28 23:11:32][INFO]   [调试] top[0]: u=3 w=1, votes=707
[2026-07-28 23:11:32][INFO]   [调试] top[1]: u=29 w=25, votes=692
[2026-07-28 23:11:32][INFO]   [调试] top[2]: u=28 w=21, votes=680
[2026-07-28 23:11:32][INFO]   [调试] top[3]: u=32 w=23, votes=671
[2026-07-28 23:11:32][INFO]   [调试] top[4]: u=19 w=20, votes=662
[2026-07-28 23:11:32][INFO]   [调试] top[5]: u=4 w=4, votes=643
[2026-07-28 23:11:32][INFO]   [调试] top[6]: u=7 w=6, votes=632
[2026-07-28 23:11:32][INFO]   [调试] top[7]: u=47 w=31, votes=629
[2026-07-28 23:11:32][INFO]   [调试] top[8]: u=25 w=12, votes=628
[2026-07-28 23:11:32][INFO]   [调试] top[9]: u=22 w=22, votes=623
[2026-07-28 23:11:32][INFO] triangle_match_single 完成: tri_A=25472, tri_B=24773, vote_matrix=60x60, max_vote=707, 候选对数(vote>=2)=3597, top_pairs=60
[2026-07-28 23:11:32][INFO] triangle_match: stage=0 成功 (max_vote=707 >= 3), 停止自适应
[2026-07-28 23:11:32][INFO] === triangle_match 结束: tri_A=25472, tri_B=24773, top_pairs=60, max_vote=707, success=1 ===
[2026-07-28 23:11:32][INFO] [P02-002] n_target=60, max_vote=707, threshold=2
[2026-07-28 23:11:32][INFO]   [阶段] triangle_match (n=60): 75.61 ms, max_vote=707, top_pairs=60, success=1
[2026-07-28 23:11:32][INFO]   [阶段] triangle_match: 75.92 ms, n_target_used=60
[2026-07-28 23:11:32][INFO]   N_U=60, N_W=60, s0=0.9681 arcsec/px, img=4096x4096, fov_diag=1.5578 deg
[2026-07-28 23:11:32][INFO] iter_trans_solve: U=60, W=60, initial_pairs=60, tol=5.00, order=3
[2026-07-28 23:11:32][DEBUG] calc_trans_general: order=3, n_pairs=20, 拟合成功
[2026-07-28 23:11:32][INFO] iter_trans_inner: 初始拟合完成, 初始工作集=20, order=3
[2026-07-28 23:11:32][INFO]   [调试] 初始 TRANS: x00=1.7784 y00=0.6349, x10=-0.025923 x01=0.966422 y10=0.966390 y01=0.026350
[2026-07-28 23:11:32][INFO]   [调试] 初始对[0]: u=3 w=1, U=(691.28,28.36), W=(11.28,669.06), pred=(11.17,669.20), dist=0.1822" (dx=-0.11 dy=0.15)
[2026-07-28 23:11:32][INFO]   [调试] 初始对[1]: u=29 w=25, U=(60.51,-443.14), W=(-427.70,47.80), pred=(-427.96,47.46), dist=0.4304" (dx=-0.26 dy=-0.35)
[2026-07-28 23:11:32][INFO]   [调试] 初始对[2]: u=28 w=21, U=(373.95,627.38), W=(598.13,378.54), pred=(598.13,378.45), dist=0.0963" (dx=-0.01 dy=-0.10)
[2026-07-28 23:11:32][INFO]   [调试] 初始对[3]: u=32 w=23, U=(-1335.54,-1348.47), W=(-1261.64,-1320.24), pred=(-1261.69,-1320.32), dist=0.0939" (dx=-0.05 dy=-0.08)
[2026-07-28 23:11:32][INFO]   [调试] 初始对[4]: u=19 w=20, U=(612.05,-115.53), W=(-125.86,589.07), pred=(-125.78,588.92), dist=0.1713" (dx=0.08 dy=-0.15)
[2026-07-28 23:11:32][INFO]   [调试] 初始对[5]: u=4 w=4, U=(-1774.90,-114.96), W=(-62.78,-1712.06), pred=(-62.78,-1712.05), dist=0.0049" (dx=-0.00 dy=0.00)
[2026-07-28 23:11:32][INFO] iter_trans_inner: V4.23 工作集扩展 20->60 (nr=nbright)
[2026-07-28 23:11:32][DEBUG] iter 0: 绝对剔除 nr=60→44, nb=16
[2026-07-28 23:11:32][DEBUG] iter 0: sigma(35%)=0.021101 角秒²
[2026-07-28 23:11:32][DEBUG] iter 0: 相对剔除 nr=35, nb=25, rel_thresh=0.211014
[2026-07-28 23:11:32][DEBUG] calc_trans_general: order=3, n_pairs=35, 拟合成功
[2026-07-28 23:11:32][INFO] iter_trans_inner: 完成, nr=35, sig=0.0305, rms=0.1691, iters=1, success=1
[2026-07-28 23:11:32][INFO] iter_trans_solve: 第一轮 iter_trans 成功, inliers=35, rms=0.1691
[2026-07-28 23:11:32][INFO] at_match_lists: U=60, W=60, tol=5.00", U→W单向=44, W→U单向=44, 双向=44, 去重后=44
[2026-07-28 23:11:32][DEBUG] calc_trans_general: order=3, n_pairs=44, 拟合成功
[2026-07-28 23:11:32][INFO] at_recalc_trans: 二轮 sigma-clip (thresh=0.562", 剔除=1, 保留=43)
[2026-07-28 23:11:32][DEBUG] calc_trans_general: order=3, n_pairs=43, 拟合成功
[2026-07-28 23:11:32][INFO] at_recalc_trans: 二轮完成, n=43, sig=0.0312, sx=0.0968, sy=0.1583, rms=0.1931
[2026-07-28 23:11:32][INFO] at_recalc_trans: n=43, order=3, sig=0.0312, sx=0.0968, sy=0.1583, rms=0.1931
[2026-07-28 23:11:32][INFO] iter_trans_solve: 第一轮 refit 成功, inliers=43, rms=0.1931
[2026-07-28 23:11:32][INFO] at_match_lists: U=60, W=60, tol=5.00", U→W单向=44, W→U单向=44, 双向=44, 去重后=44
[2026-07-28 23:11:32][DEBUG] calc_trans_general: order=3, n_pairs=44, 拟合成功
[2026-07-28 23:11:32][INFO] at_recalc_trans: 二轮 sigma-clip (thresh=0.562", 剔除=1, 保留=43)
[2026-07-28 23:11:32][DEBUG] calc_trans_general: order=3, n_pairs=43, 拟合成功
[2026-07-28 23:11:32][INFO] at_recalc_trans: 二轮完成, n=43, sig=0.0312, sx=0.0968, sy=0.1583, rms=0.1931
[2026-07-28 23:11:32][INFO] at_recalc_trans: n=43, order=3, sig=0.0312, sx=0.0968, sy=0.1583, rms=0.1931
[2026-07-28 23:11:32][INFO] iter_trans_solve: 第二轮 refit 成功, inliers=43, rms=0.1931
[2026-07-28 23:11:32][INFO]   [阶段] iter_trans_solve: 5.72 ms, n_inliers=43, rms=0.1931, iters=3, success=1
[2026-07-28 23:11:32][INFO]   [诊断] iterative_reproject 入口: U.size=60, gaia_ra.size=60, gaia_dec.size=60, initial_inliers.size=43, s0=0.9681, img=4096x4096
[2026-07-28 23:11:32][INFO] iterative_reproject: 开始 (N_W=60, n_inliers=43, s0=0.9681"/px, max_iter=5, conv_thresh=0.0100")
[2026-07-28 23:11:32][INFO]   iter 0: ra_cur=73.091667 dec_cur=-69.589722, xi_center=1.8456" eta_center=0.5978", conv=1.9400" (thresh=0.0100")
[2026-07-28 23:11:32][INFO]   iter 0: 新中心 ra=73.093137 dec=-69.589556 (Δra=0.001470° Δdec=0.000166°)
[2026-07-28 23:11:32][DEBUG] calc_trans_general: order=3, n_pairs=43, 拟合成功
[2026-07-28 23:11:32][INFO] at_recalc_trans: n=43, order=3, sig=0.0312, sx=0.0968, sy=0.1583, rms=0.1931
[2026-07-28 23:11:32][INFO]   iter 0: at_recalc_trans 成功, n=43, sig=0.0312, rms=0.1931, x00=-0.0000 y00=-0.0000 (asec)
[2026-07-28 23:11:32][INFO]   iter 1: 收敛 (TRANS 常数项 = 0.0000" < 0.0100")
[2026-07-28 23:11:32][INFO] iterative_reproject: 完成 (收敛), ra=73.091667→73.093137 dec=-69.589722→-69.589556, n_matched=43 (固定), iters=1, conv=0.0000"
[2026-07-28 23:11:32][INFO]   [阶段] iterative_reproject: 2.19 ms, success=1, ra=73.091667→73.093137, dec=-69.589722→-69.589556, n_matched=43, iters=1, conv=0.0000"
[2026-07-28 23:11:32][INFO] at_match_lists: U=60, W=60, tol=5.00", U→W单向=44, W→U单向=44, 双向=44, 去重后=44
[2026-07-28 23:11:32][INFO]   [阶段] hi_order_rematch iter 0: n_matched=44 (min=10, order=3)
[2026-07-28 23:11:32][DEBUG] calc_trans_general: order=3, n_pairs=44, 拟合成功
[2026-07-28 23:11:32][INFO] at_recalc_trans: 二轮 sigma-clip (thresh=0.562", 剔除=1, 保留=43)
[2026-07-28 23:11:32][DEBUG] calc_trans_general: order=3, n_pairs=43, 拟合成功
[2026-07-28 23:11:32][INFO] at_recalc_trans: 二轮完成, n=43, sig=0.0312, sx=0.0968, sy=0.1583, rms=0.1931
[2026-07-28 23:11:32][INFO] at_recalc_trans: n=43, order=3, sig=0.0312, sx=0.0968, sy=0.1583, rms=0.1931
[2026-07-28 23:11:32][INFO] at_match_lists: U=60, W=60, tol=5.00", U→W单向=44, W→U单向=44, 双向=44, 去重后=44
[2026-07-28 23:11:32][DEBUG] calc_trans_general: order=3, n_pairs=44, 拟合成功
[2026-07-28 23:11:32][INFO] at_recalc_trans: 二轮 sigma-clip (thresh=0.562", 剔除=1, 保留=43)
[2026-07-28 23:11:32][DEBUG] calc_trans_general: order=3, n_pairs=43, 拟合成功
[2026-07-28 23:11:32][INFO] at_recalc_trans: 二轮完成, n=43, sig=0.0312, sx=0.0968, sy=0.1583, rms=0.1931
[2026-07-28 23:11:32][INFO] at_recalc_trans: n=43, order=3, sig=0.0312, sx=0.0968, sy=0.1583, rms=0.1931
[2026-07-28 23:11:32][INFO]   [阶段] hi_order_rematch iter 1: 收敛 (dn=0, drms=0.0000)
[2026-07-28 23:11:32][INFO]   [阶段] hi_order_rematch: 2.05 ms, n_matched=44, trans.order=3
[2026-07-28 23:11:32][INFO] ==== robust_refine_wcs 开始 (V4.30) ====
  U_full=2000, mag_full=2000, gaia=60
  ra0=73.093137, dec0=-69.589556, s0=0.9681"/px, fov=1.5578°, img=4096x4096
  initial_rms=0.0312", trans.order=3
[2026-07-28 23:11:32][INFO]   [robust_refine] 网格采样: FOV=1.558°, G_short=3, N_long=3, n_cells=9, quota=20, narrow_all=0, N_full=2000
[2026-07-28 23:11:32][INFO]   [robust_refine] 网格采样完成: 选中 180 颗 (上限 300, 下限 100)
[2026-07-28 23:11:32][INFO]   [robust_refine] NN 匹配: U=180, W=60, tol=1.000", Lowe通过=50, 双向=50
[2026-07-28 23:11:32][INFO]   [robust_refine] baseline: initial_rms=0.0312" (60星), U_pool RMS=0.2147" (180 星, matched=50)
[2026-07-28 23:11:32][INFO]   [robust_refine] NN 匹配: U=180, W=60, tol=1.000", Lowe通过=50, 双向=50
[2026-07-28 23:11:32][INFO]   [robust_refine] 空间一致性: 1/50 可疑 (K=8, σ=0.092")
[2026-07-28 23:11:32][INFO]   [robust_refine] iter 0: tol=1.000", matched=50, rms=0.2147"→0.2141", cd_Δ=0.1670%, damp=0.00e+00
[2026-07-28 23:11:32][INFO]   [robust_refine] NN 匹配: U=180, W=60, tol=0.500", Lowe通过=49, 双向=49
[2026-07-28 23:11:32][INFO]   [robust_refine] 空间一致性: 3/49 可疑 (K=8, σ=0.111")
[2026-07-28 23:11:32][INFO]   [robust_refine] iter 1: tol=0.500", matched=49, rms=0.2141"→0.1933", cd_Δ=0.0560%, damp=0.00e+00
[2026-07-28 23:11:32][INFO]   [robust_refine] NN 匹配: U=180, W=60, tol=0.500", Lowe通过=49, 双向=49
[2026-07-28 23:11:32][INFO]   [robust_refine] 空间一致性: 3/49 可疑 (K=8, σ=0.108")
[2026-07-28 23:11:32][INFO]   [robust_refine] iter 2: tol=0.500", matched=49, rms=0.1933"→0.1960", cd_Δ=0.0267%, damp=0.00e+00
[2026-07-28 23:11:32][INFO]   [robust_refine] NN 匹配: U=180, W=60, tol=0.300", Lowe通过=44, 双向=44
[2026-07-28 23:11:32][INFO]   [robust_refine] 空间一致性: 1/44 可疑 (K=8, σ=0.109")
[2026-07-28 23:11:32][INFO]   [robust_refine] iter 3: tol=0.300", matched=44, rms=0.1960"→0.1442", cd_Δ=0.0168%, damp=0.00e+00
[2026-07-28 23:11:32][INFO]   [robust_refine] NN 匹配: U=180, W=60, tol=0.300", Lowe通过=44, 双向=44
[2026-07-28 23:11:32][INFO]   [robust_refine] 空间一致性: 1/44 可疑 (K=8, σ=0.107")
[2026-07-28 23:11:32][INFO]   [robust_refine] iter 4: tol=0.300", matched=44, rms=0.1442"→0.1448", cd_Δ=0.0057%, damp=0.00e+00
[2026-07-28 23:11:32][INFO]   [robust_refine] NN 匹配: U=180, W=60, tol=0.300", Lowe通过=43, 双向=43
[2026-07-28 23:11:32][INFO]   [robust_refine] 空间一致性: 1/43 可疑 (K=8, σ=0.105")
[2026-07-28 23:11:32][INFO]   [robust_refine] iter 5: tol=0.300", matched=43, rms=0.1448"→0.1409", cd_Δ=0.0149%, damp=0.00e+00
[2026-07-28 23:11:32][INFO]   [robust_refine] NN 匹配: U=180, W=60, tol=0.300", Lowe通过=43, 双向=43
[2026-07-28 23:11:32][INFO]   [robust_refine] 空间一致性: 1/43 可疑 (K=8, σ=0.099")
[2026-07-28 23:11:32][INFO]   [robust_refine] iter 6: tol=0.300", matched=43, rms=0.1409"→0.1440", cd_Δ=0.0264%, damp=0.00e+00
[2026-07-28 23:11:32][INFO]   [robust_refine] NN 匹配: U=180, W=60, tol=0.300", Lowe通过=41, 双向=41
[2026-07-28 23:11:32][INFO]   [robust_refine] 空间一致性: 1/41 可疑 (K=8, σ=0.092")
[2026-07-28 23:11:32][INFO]   [robust_refine] iter 7: tol=0.300", matched=41, rms=0.1440"→0.1303", cd_Δ=0.0151%, damp=0.00e+00
[2026-07-28 23:11:32][INFO]   [robust_refine] NN 匹配: U=180, W=60, tol=0.300", Lowe通过=41, 双向=41
[2026-07-28 23:11:32][INFO]   [robust_refine] 空间一致性: 1/41 可疑 (K=8, σ=0.087")
[2026-07-28 23:11:32][INFO]   [robust_refine] iter 8: tol=0.300", matched=41, rms=0.1303"→0.1308", cd_Δ=0.0102%, damp=0.00e+00
[2026-07-28 23:11:32][INFO]   [robust_refine] NN 匹配: U=180, W=60, tol=0.300", Lowe通过=41, 双向=41
[2026-07-28 23:11:32][INFO]   [robust_refine] 空间一致性: 1/41 可疑 (K=8, σ=0.085")
[2026-07-28 23:11:32][INFO]   [robust_refine] iter 9: tol=0.300", matched=41, rms=0.1308"→0.1309", cd_Δ=0.0036%, damp=0.00e+00
[2026-07-28 23:11:32][INFO]   [robust_refine] iter 9: 收敛 (conv_dp=0, conv_rms=1)
[2026-07-28 23:11:32][INFO] ==== robust_refine_wcs 成功 ====
  iter=10, matched=41, rms=0.1309" (0.1352 px), cd_Δ=0.1670%, pool=180
[2026-07-28 23:11:32][INFO]   [阶段] robust_refine: 成功, n_matched=41, rms=0.1309", iter=10, pool=180, cd_Δ=0.1670%
[2026-07-28 23:11:32][INFO]   [阶段] robust_refine: 6.57 ms
[2026-07-28 23:11:32][INFO]   [诊断] extract_wcs_sip 入口: trans.order=3, trans.valid=1, ra0=73.093137, dec0=-69.589556, img=4096x4096, s0=0.9681, U.size=2000, W.size=60, matched.size=41
[2026-07-28 23:11:32][INFO]   [V4.22] 清零 trans.x00/y00 (saved: x00=-0.0486, y00=0.0560)
[2026-07-28 23:11:32][INFO] extract_wcs_sip: SIP A/B 解析公式成功, order=3
[2026-07-28 23:11:32][INFO] extract_wcs_sip: SIP AP/BP 网格反变换成功, ap_order=3, n_inv_coef=10, n_grid=49
[2026-07-28 23:11:32][INFO] extract_wcs_sip: CD=[-7.266784e-06 -2.684760e-04; 2.685061e-04 -7.320227e-06], CRVAL=(73.093137, -69.589556), CRPIX=(2048.5, 2048.5), ctype=[RA---TAN-SIP, DEC--TAN-SIP], n_pairs=41, rms_px=0.1352, rms_arcsec=0.1309, trans_order=3, sip_order=3, ap_order=3
[2026-07-28 23:11:32][INFO]   [阶段] extract_wcs_sip: 0.89 ms, success=1, n_pairs=41, rms_px=0.135, rms_arcsec=0.131, trans_order=3, sip_order=3
[2026-07-28 23:11:32][INFO]   最终: n_pairs=41, rms_px=0.135, rms_arcsec=0.131, trans_order=3, sip_order=3, success=1
[2026-07-28 23:11:32][INFO]   [cache_last_inliers_] 缓存 41 对 inliers (robust=1, s0=0.9681", U_snap.size=2000, gaia.size=60, trans.order=3, ra0=73.093137, dec0=-69.589556)
[2026-07-28 23:11:32][INFO] ==== IPVSolver::solve_from_memory_with_callback 完成 (INTERNAL_DETECTION_SHARED_EXPORT) ====
[2026-07-28 23:11:32][INFO][orchestrator] [PLATESOLVE] callback 导出: n_detected=2000, copied=true, wcs_result.n_detected=0
[2026-07-28 23:11:32][INFO][orchestrator] [PLATESOLVE] 求解成功: rms=0.130856arcsec, n_pairs=41, n_detected=0, n_catalog=0, trans_order=3
[2026-07-28 23:11:32][INFO][orchestrator] [PLATESOLVE] WCS 已写入: CTYPE1=RA---TAN-SIP, CRVAL=(73.093137, -69.589556), CRPIX=(2048.500000, 2048.500000)
[2026-07-28 23:11:32][INFO][orchestrator] [PLATESOLVE] SIP 已写入: order=3, ap_order=3
[2026-07-28 23:11:32][DEBUG][PIPELINE] add_block: 'star_det' type=0 count=8000 (32000 bytes)
[2026-07-28 23:11:32][INFO][orchestrator] [PLATESOLVE] star_det 块已写入 (INTERNAL_DETECTION_SHARED_EXPORT): 2000 颗星
[2026-07-28 23:11:32][INFO][orchestrator] [PLATESOLVE] 完成
[2026-07-28 23:11:32][INFO][orchestrator] [18.547304s] PLATESOLVE 完成
[2026-07-28 23:11:32][INFO][orchestrator] ---------- stage1 阶段: PSF ----------
[2026-07-28 23:11:32][INFO][orchestrator] [PSF] 开始
[2026-07-28 23:11:32][INFO][orchestrator] [PSF] 图像: 4096x4096
[2026-07-28 23:11:32][INFO][orchestrator] [PSF] star_det: 2000 颗星
[2026-07-28 23:11:32][INFO][orchestrator] [PSF] 调用 dpsf_fit_batch (fitRadius=8, maxIter=100, tol=1.0e-06) ...
[2026-07-28 23:11:32][WARN][DPSF] Background constraint violated: B=1934.9756 bkg0=4717.0000 ratio=0.5898
[2026-07-28 23:11:32][WARN][DPSF] Background constraint violated: B=1501.7398 bkg0=5055.0000 ratio=0.7029
[2026-07-28 23:11:32][WARN][DPSF] Background constraint violated: B=1546.3006 bkg0=4894.0000 ratio=0.6840
[2026-07-28 23:11:32][WARN][DPSF] Background constraint violated: B=1212.4620 bkg0=4842.0000 ratio=0.7496
[2026-07-28 23:11:32][WARN][DPSF] Background constraint violated: B=1943.8709 bkg0=4705.5000 ratio=0.5869
[2026-07-28 23:11:32][WARN][DPSF] Background constraint violated: B=2415.4345 bkg0=4890.0000 ratio=0.5060
[2026-07-28 23:11:32][WARN][DPSF] Background constraint violated: B=816.8869 bkg0=6971.5000 ratio=0.8828
[2026-07-28 23:11:32][WARN][DPSF] Background constraint violated: B=-6466.0219 bkg0=7955.0000 ratio=1.8128
[2026-07-28 23:11:32][WARN][DPSF] FWHM exceeds rect: fwhm_x=52.44 fwhm_y=11.05 rect=17x17
[2026-07-28 23:11:32][WARN][DPSF] Background constraint violated: B=-334.5417 bkg0=5175.0000 ratio=1.0646
[2026-07-28 23:11:32][WARN][DPSF] Background constraint violated: B=-15708.9796 bkg0=10148.0000 ratio=2.5480
[2026-07-28 23:11:32][WARN][DPSF] Background constraint violated: B=2487.2794 bkg0=14685.0000 ratio=0.8306
[2026-07-28 23:11:32][WARN][DPSF] FWHM exceeds rect: fwhm_x=14.42 fwhm_y=57.75 rect=17x17
[2026-07-28 23:11:32][WARN][DPSF] FWHM exceeds rect: fwhm_x=17.74 fwhm_y=46.53 rect=17x17
[2026-07-28 23:11:32][WARN][DPSF] FWHM exceeds rect: fwhm_x=24.76 fwhm_y=3.09 rect=17x17
[2026-07-28 23:11:32][WARN][DPSF] Invalid fit params: finite=1 A=3844.90 sx=10.4767 sy=0.3000
[2026-07-28 23:11:32][WARN][DPSF] Invalid fit params: finite=1 A=12698.76 sx=0.3000 sy=2.3593
[2026-07-28 23:11:32][WARN][DPSF] Invalid fit params: finite=1 A=9616.00 sx=0.3000 sy=3.1995
[2026-07-28 23:11:32][WARN][DPSF] Invalid fit params: finite=1 A=11560.41 sx=2.9536 sy=0.3000
[2026-07-28 23:11:32][WARN][DPSF] Invalid fit params: finite=1 A=13254.77 sx=2.5169 sy=0.3000
[2026-07-28 23:11:32][WARN][DPSF] Invalid fit params: finite=1 A=10649.82 sx=0.3000 sy=2.7103
[2026-07-28 23:11:32][INFO][orchestrator] [PSF] 拟合完成: 1961/2000 成功 (98%)
[2026-07-28 23:11:32][DEBUG][PIPELINE] add_block: 'psf' type=1 count=18000 (144000 bytes)
[2026-07-28 23:11:32][INFO][orchestrator] [PSF] 完成: 2000 颗星, 1961 成功
[2026-07-28 23:11:32][INFO][orchestrator] [0.319755s] PSF 完成
[2026-07-28 23:11:32][INFO][orchestrator] ---------- stage1 阶段: PHOTOMETRIC ----------
[2026-07-28 23:11:32][INFO][orchestrator] [PHOTOMETRIC] 开始
[2026-07-28 23:11:32][INFO][orchestrator] [PHOTOMETRIC] 图像: 4096x4096
[2026-07-28 23:11:32][INFO][orchestrator] [PHOTOMETRIC] psf: 2000 颗星
[2026-07-28 23:11:32][INFO][orchestrator] [PHOTOMETRIC] FILTER='OIII' -> 'Baader 8.5nm OIII'
[2026-07-28 23:11:32][INFO][orchestrator] [PHOTOMETRIC] filters_json: f:\Astro dev\Astro CS Normalization Database\lib/photometric_calib/data/response_curves/filters.json
[2026-07-28 23:11:32][INFO][orchestrator] [PHOTOMETRIC] 滤光片: 25 点
[2026-07-28 23:11:32][INFO][orchestrator] [PHOTOMETRIC] qe_curves_json: f:\Astro dev\Astro CS Normalization Database\lib/photometric_calib/data/response_curves/qe_curves.json
[2026-07-28 23:11:32][INFO][orchestrator] [PHOTOMETRIC] QE 曲线 'GSENSE2020BSI': 447 点
[2026-07-28 23:11:32][INFO][orchestrator] [PHOTOMETRIC] spectrum_wl: 343 点
[2026-07-28 23:11:32][INFO][orchestrator] [PHOTOMETRIC] FOV 半径: 0.933504deg
[2026-07-28 23:11:32][INFO][orchestrator] [PHOTOMETRIC] 调用 pc_calibrate_simple_with_gaia (mag_min=6.0, mag_max=16.0, fov=0.934deg) ...
[pc_api] ====== pc_calibrate_simple_with_gaia 开始 ======
[pc_api] OpenMP线程数: 16
[INFO] 锥形搜索: ra=73.0931 dec=-69.5896 r=0.934 mag_min=6.0 (自适应迭代 mag_max, 不缩小半径)
[INFO] 自适应星等查询: mag_max=12.0
[INFO] 自适应星等查询: mag_max=12.0, n_gaia=129
[INFO] 自适应星等查询: mag_max=13.0
[INFO] 自适应星等查询: mag_max=13.0, n_gaia=392
[INFO] 自适应星等查询: mag_max=14.0
[INFO] 自适应星等查询: mag_max=14.0, n_gaia=1025
[INFO] 自适应星等查询: mag_max=15.0
[INFO] 自适应星等查询: mag_max=15.0, n_gaia=2486
[INFO] 自适应星等查询完成: mag_max=15.0, n_gaia=2486
[pc_api] 搜索到 2486 颗光谱星, 光谱点数=343 (wl_start=336, wl_step=2)
[INFO] [spec_int] prepare_filter_cache: 滤光片 25 点 + QE 447 点 -> 光谱 343 点, 范围 F[484.0,518.0] Q[204.0,1096.0] nm
[INFO] 滤光片/QE 预处理完成: filter=25 点, qe=447 点 -> 光谱 343 点
[pc_api] F_syn 并行计算完成: 2486/2486 颗有效
[INFO] [pc_api] P12-001 阶段1: spectrum_rows_total=2486, valid_fsyn=2486
[wcs_transform] 初始化: CRVAL=(73.093137,-69.589556), CRPIX=(2048.500,2048.500), CD=[-7.267e-06,-2.685e-04;2.685e-04,-7.320e-06], det=7.214e-08, sip_order=3
[INFO] [star_matcher] 初始化: KD-tree + IRLS/Tukey 清洗 (GAP-013)
[INFO] [star_matcher] P12-001 阶段2: gaia_projected_in_frame=1333 / 2486
[INFO] [star_matcher] P12-001 阶段3: psf_total=2000, psf_valid=1961
[INFO] [star_matcher] PSF有效星: 1961 / 2000, Gaia星: 2486, 匹配半径: 2.00 px
[INFO] [star_matcher] P12-002 正向匹配 (PSF→Gaia): 1099 / 1961 命中
[INFO] [star_matcher] P12-002 反向匹配 (Gaia→PSF): 1099 / 2486 命中
[INFO] [star_matcher] P12-002 阶段4/5/6: spatial_candidates=1099 (正向命中), unique_matches=1099 (双向唯一), rejected_ambiguous=0 (非互为最近邻), rejected_distance=862 (距离超阈值)
[INFO] [star_matcher] P12-001 阶段8: match_distance median=0.4266 p90=0.7212 max=1.7849 px
[INFO] [star_matcher] P12-002 KD-tree 双向匹配完成: 1099 对 (正向 1099, 歧义 0)
[INFO] [star_matcher] cleanAndScale: 输入 1099 颗, 星等容忍 3.00 mag
[INFO] [star_matcher] 星等一致性: 通过 1099, 拒绝 0 (median_delta=-27.3308, tol=3.00 mag)
[INFO] [star_matcher] IRLS 初始: location=5.214438, MAD=0.236244, S=0.350250
[INFO] [star_matcher] IRLS 收敛于迭代 5: location=5.235209
[INFO] [star_matcher] 亮度比例一致性:
[INFO]   - 输入匹配: 1099
[INFO]   - 星等一致性通过: 1099 (拒绝 0)
[INFO]   - IRLS inliers: 1099 (outliers: 0)
[INFO]   - location(r) = 5.235209 (dex), scale = 10^(-location) = 5.818228e-06
[INFO]   - MAD(r) = 0.236244, S = 0.350250, sigma_residual = 0.366620
[INFO]   - r_inliers 范围: [4.661111, 6.261534] (spread 1.600423 dex = 4.001 mag)
[INFO] [star_matcher] 清洗完成: 保留 1099, 排除 0 (无效/星等不一致/IRLS离群)
[INFO] [star_matcher] P12-001 阶段6/7/8: rejected_quality=0 (invalid=0 + mag=0 + irls=0), fit_used=1099, robust_iterations=6, scale=5.818228e-06, sigma=0.366620
[INFO] [star_matcher] P12-001 阶段8: r_inliers median=5.214438 p90=5.582486 max=6.261534 dex
[pc_api] 匹配+清洗完成: 1099 颗, scale=5.818228e-06, sigma_residual=0.366620
[image_corrector] 图像校正: 4096x4096, scale=5.818228e-06, 并行16线程
[image_corrector] 校正完成
[pc_api] ====== pc_calibrate_simple_with_gaia 完成: n_matched=1099, scale=5.818228e-06, sigma_residual=0.366620 ======
[2026-07-28 23:11:38][INFO][orchestrator] [PHOTOMETRIC] 完成: n_matched=1099, scale=0.000006, sigma_residual=0.366620
[2026-07-28 23:11:38][DEBUG][PIPELINE] remove_block: 'data' removed (n_blocks=4)
[2026-07-28 23:11:38][DEBUG][PIPELINE] add_block_move: 'data' type=0 count=16777216 (moved ptr=000001928033b040)
[2026-07-28 23:11:38][INFO][orchestrator] [PHOTOMETRIC] photometry_report.json 已生成: f:\Astro dev\Astro CS Normalization Database\engineering_v1.3\evidence\P12-004\raw_logs\T2_OIII_NGC1727\photometry_report.json
[2026-07-28 23:11:38][INFO][orchestrator] [PHOTOMETRIC] photo_stats 已写入 (含 17 个诊断字段)
[2026-07-28 23:11:38][INFO][orchestrator] [5.596165s] PHOTOMETRIC 完成
[2026-07-28 23:11:38][INFO][orchestrator] ---------- stage1 阶段: SNR ----------
[2026-07-28 23:11:38][INFO][orchestrator] [SNR] 开始
[2026-07-28 23:11:38][INFO][orchestrator] [SNR] SIP 前向系数加载: A_ORDER=3 B_ORDER=3 (P03-004 WCS+SIP 一致性)
[2026-07-28 23:11:38][INFO][orchestrator] [SNR] n_stars=2000 sigma_residual=0.366620 CRVAL=(73.093137,-69.589556) CRPIX=(2048.500000,2048.500000) SIP(a_order=3, b_order=3)
[snr_model] SNR_phot = 1.184592
[snr_model] PSF stars: total=2000 valid=1940 skipped=60 (status=39 A<=B=21 mad<=0=0)
[snr_model] median(SNR_psf) = 98.806903
[snr_model] WCS+SIP: a_order=3 b_order=3 (前向 SIP 启用, 与 drizzle WcsSip.pixelToSky 一致)
[snr_model] ctrl_point[0]: ra=74.196158 dec=-69.840262 snr_psf=36.7581 (src px x=1059.96 y=654.03)
[snr_model] ctrl_point[1]: ra=72.301944 dec=-69.456464 snr_psf=39.5684 (src px x=2564.90 y=3069.01)
[snr_model] ctrl_point[2]: ra=71.917851 dec=-69.135940 snr_psf=39.3520 (src px x=3772.03 y=3568.08)
[snr_model] done: n_points=1940, snr_phot=1.184592, median=98.806903, power=2.0
[2026-07-28 23:11:38][INFO][orchestrator] [SNR] 提取稀疏控制点: n_points=1940, snr_phot=1.184592, median_snr=98.806903, idw_power=2.000000
[2026-07-28 23:11:38][DEBUG][PIPELINE] add_block_move: 'snr_model' type=6 count=38828 (moved ptr=0000017e0f2c9640)
[2026-07-28 23:11:38][INFO][orchestrator] [SNR] 完成 (snr_model 块已写入, payload=38828B)
[2026-07-28 23:11:38][INFO][orchestrator] [0.001724s] SNR 完成
[2026-07-28 23:11:38][INFO][orchestrator] ---------- stage1 阶段: DRIZZLE ----------
[2026-07-28 23:11:38][INFO][orchestrator] [DRIZZLE] 开始
[2026-07-28 23:11:38][INFO][orchestrator] [NSIDE] 自适应: pixel_scale=0.967"/px, strategy=1x_to_2x_drizzle, nside=2048
[2026-07-28 23:11:38][INFO][orchestrator] [DRIZZLE] nside=2048 (strategy=1x_to_2x_drizzle, override=0, cd11=-0.000007 cd12=-0.000268), pixfrac=1.000, nested=1
[2026-07-28 23:11:38][INFO][orchestrator] [DRIZZLE] 输出: f:\Astro dev\Astro CS Normalization Database\engineering_v1.3\evidence\P12-004\raw_logs\T2_OIII_NGC1727\T2_OIII_NGC1727.hiss
[hp_drizzle_api] hp_drizzle_run: 开始 (nside=2048, nested=1, pixfrac=1.0000, output=f:\Astro dev\Astro CS Normalization Database\engineering_v1.3\evidence\P12-004\raw_logs\T2_OIII_NGC1727\T2_OIII_NGC1727.hiss)
[hp_drizzle_api] hp_drizzle_run: data 块 4096x4096 float32
[hp_drizzle_api] hp_drizzle_run: WCS CRVAL=(73.093137,-69.589556) CRPIX=(2048.500,2048.500) CD=[-7.267e-06,-2.685e-04,2.685e-04,-7.320e-06]
[hp_drizzle_api] hp_drizzle_run: SIP A_ORDER=3 B_ORDER=3 AP_ORDER=3 BP_ORDER=3
[hp_drizzle_api] hp_drizzle_run: snr_model 块加载: n_points=1940, snr_phot=1.1846, median_snr=98.8069, idw_power=2.00
[snr_evaluator] build 成功: 1940 控制点 (有效 1940/1940), snr_phot=1.1846, median_snr=98.8069, idw_power=2.00
[wcs_sip] WCS 初始化: CRVAL=(73.093137, -69.589556)°, CRPIX=(2048.500, 2048.500), CD=[-7.267e-06, -2.685e-04; 2.685e-04, -7.320e-06], det=7.214e-08
[wcs_sip] SIP: A/B order=3, AP/BP order=3
[hp_drizzle_api] hp_drizzle_run: SNR 重建完成 (16777216 像素)
[wcs_sip] WCS 初始化: CRVAL=(73.093137, -69.589556)°, CRPIX=(2048.500, 2048.500), CD=[-7.267e-06, -2.685e-04; 2.685e-04, -7.320e-06], det=7.214e-08
[wcs_sip] SIP: A/B order=3, AP/BP order=3
[drizzle_engine] HEALPix: nside=2048 nested=1 npix=50331648 res=103.06"
[drizzle_engine] 完成: 16777216 源像素 → 1564 HEALPix 像素, 耗时 14.759s
[hp_drizzle_api] hp_drizzle_run: Drizzle 完成 (16777216 源像素 → 1564 HEALPix 像素, 耗时 14.759s)
[hp_drizzle_api] hp_drizzle_run: 写入 .hiss (filter=OIII, exptime=1800.0, date=2025-10-31T07:53:48, fits_meta=15)
[drizzle_engine] 写入 1564 个 HEALPix 像素到 f:\Astro dev\Astro CS Normalization Database\engineering_v1.3\evidence\P12-004\raw_logs\T2_OIII_NGC1727\T2_OIII_NGC1727.hiss
[drizzle_engine] hiss_write_snr_model: meta_json=725 bytes, n_points=1940
[hio] hiss_write_snr_model: path=f:\Astro dev\Astro CS Normalization Database\engineering_v1.3\evidence\P12-004\raw_logs\T2_OIII_NGC1727\T2_OIII_NGC1727.hiss nside=2048 n_pix=1564 has_snr=1 n_points=1940
[hio] hiss_write_snr_model: 写入完成: f:\Astro dev\Astro CS Normalization Database\engineering_v1.3\evidence\P12-004\raw_logs\T2_OIII_NGC1727\T2_OIII_NGC1727.hiss (has_snr=1 n_points=1940)
[drizzle_engine] 写入成功: f:\Astro dev\Astro CS Normalization Database\engineering_v1.3\evidence\P12-004\raw_logs\T2_OIII_NGC1727\T2_OIII_NGC1727.hiss (1564 像素)
[hp_drizzle_api] hp_drizzle_run: .hiss 已写入 f:\Astro dev\Astro CS Normalization Database\engineering_v1.3\evidence\P12-004\raw_logs\T2_OIII_NGC1727\T2_OIII_NGC1727.hiss
[2026-07-28 23:12:02][INFO][orchestrator] [DRIZZLE] 完成: n_healpix=1564 n_source=16777216 耗时=14.758944s
[2026-07-28 23:12:02][INFO][orchestrator] [24.387940s] DRIZZLE 完成
[2026-07-28 23:12:02][DEBUG][PIPELINE] frame_destroy: ok
[2026-07-28 23:12:02][INFO][orchestrator] ========== stage1 完成 (成功) ==========
[2026-07-28 23:12:02][INFO][orchestrator] [PLATESOLVE] 释放环境资源
[2026-07-28 23:12:02][INFO][SDET] StarDetector destroyed
[2026-07-28 23:12:51][INFO][orchestrator] 析构完成
[dll_loader] 卸载所有模块
[dll_loader] 卸载模块 CALIBRATE
[dll_loader] 卸载模块 PLATESOLVE
[dll_loader] 卸载模块 PSF
[dll_loader] 卸载模块 PHOTOMETRIC
[dll_loader] 卸载模块 SNR
[dll_loader] 卸载模块 DRIZZLE
[dll_loader] 卸载模块 GRADIENT_SPHERE
[dll_loader] 卸载模块 AIO
