{
  "ok": true,
  "results": [
    {
      "ok": true,
      "exit_code": 0,
      "stdout": "## main...origin/main\n M engineering_v1.2/control/CURRENT_TASK.md\n M engineering_v1.2/control/MASTER_TASK_REGISTER.csv\n M engineering_v1.2/control/PROJECT_STATE.yaml\n?? engineering_v1.2/evidence/P10-002/raw_logs/commit_run.log\n?? engineering_v1.2/evidence/P10-003/raw_logs/commit_run.log\n?? engineering_v1.2/evidence/P10-004/\n",
      "stderr": "",
      "elapsed_sec": 0.066,
      "cmd": [
        "git",
        "status",
        "--porcelain=v1",
        "-b"
      ],
      "extra": {
        "porcelain": "## main...origin/main\n M engineering_v1.2/control/CURRENT_TASK.md\n M engineering_v1.2/control/MASTER_TASK_REGISTER.csv\n M engineering_v1.2/control/PROJECT_STATE.yaml\n?? engineering_v1.2/evidence/P10-002/raw_logs/commit_run.log\n?? engineering_v1.2/evidence/P10-003/raw_logs/commit_run.log\n?? engineering_v1.2/evidence/P10-004/\n"
      },
      "step": 0,
      "type": "git_status"
    },
    {
      "ok": true,
      "exit_code": 0,
      "stdout": "",
      "stderr": "warning: in the working copy of 'engineering_v1.2/control/MASTER_TASK_REGISTER.csv', CRLF will be replaced by LF the next time Git touches it\nwarning: in the working copy of 'engineering_v1.2/evidence/P10-004/ALIAS_OBSERVATION_REPORT.json', CRLF will be replaced by LF the next time Git touches it\nwarning: in the working copy of 'engineering_v1.2/evidence/P10-004/FILTER_ALIAS_MAP.json', CRLF will be replaced by LF the next time Git touches it\nwarning: in the working copy of 'engineering_v1.2/evidence/P10-004/raw_logs/freeze_filter_alias_map.log', CRLF will be replaced by LF the next time Git touches it\nwarning: in the working copy of 'engineering_v1.2/evidence/P10-004/raw_logs/validate_filter_alias_map.log', CRLF will be replaced by LF the next time Git touches it\nwarning: in the working copy of 'engineering_v1.2/evidence/P10-004/raw_logs/validate_filter_alias_map_result.json', CRLF will be replaced by LF the next time Git touches it\n",
      "elapsed_sec": 0.07,
      "cmd": [
        "git",
        "add",
        "engineering_v1.2/control/MASTER_TASK_REGISTER.csv",
        "engineering_v1.2/control/PROJECT_STATE.yaml",
        "engineering_v1.2/control/CURRENT_TASK.md",
        "engineering_v1.2/evidence/P10-004/"
      ],
      "step": 1,
      "type": "git_add"
    },
    {
      "ok": true,
      "exit_code": 0,
      "stdout": "[main 3919ebc] P10-004: 冻结滤镜规范名和别名 (DONE)\n 16 files changed, 2419 insertions(+), 22 deletions(-)\n create mode 100644 engineering_v1.2/evidence/P10-004/ALIAS_OBSERVATION_REPORT.json\n create mode 100644 engineering_v1.2/evidence/P10-004/EVIDENCE_INDEX.md\n create mode 100644 engineering_v1.2/evidence/P10-004/FILTER_ALIAS_MAP.json\n create mode 100644 engineering_v1.2/evidence/P10-004/REVIEW_REPORT.md\n create mode 100644 engineering_v1.2/evidence/P10-004/TASK_REPORT.md\n create mode 100644 engineering_v1.2/evidence/P10-004/TEST_REPORT.md\n create mode 100644 engineering_v1.2/evidence/P10-004/commit_config.json\n create mode 100644 engineering_v1.2/evidence/P10-004/commit_msg.txt\n create mode 100644 engineering_v1.2/evidence/P10-004/raw_logs/freeze_filter_alias_map.log\n create mode 100644 engineering_v1.2/evidence/P10-004/raw_logs/validate_filter_alias_map.log\n create mode 100644 engineering_v1.2/evidence/P10-004/raw_logs/validate_filter_alias_map_result.json\n create mode 100644 engineering_v1.2/evidence/P10-004/scripts/freeze_filter_alias_map.py\n create mode 100644 engineering_v1.2/evidence/P10-004/scripts/validate_filter_alias_map.py\n",
      "stderr": "",
      "elapsed_sec": 0.093,
      "cmd": [
        "git",
        "commit",
        "-F",
        ".\\engineering_v1.2/evidence/P10-004/commit_msg.txt"
      ],
      "step": 2,
      "type": "git_commit"
    },
    {
      "ok": true,
      "exit_code": 0,
      "stdout": "",
      "stderr": "To https://github.com/fujiaze/Astro-CS-Database.git\n   2005b3c..3919ebc  main -> main\n",
      "elapsed_sec": 4.529,
      "cmd": [
        "git",
        "push",
        "origin",
        "main"
      ],
      "step": 3,
      "type": "git_push"
    },
    {
      "ok": true,
      "exit_code": 0,
      "stdout": "3919ebc P10-004: 冻结滤镜规范名和别名 (DONE)\n2005b3c P10-003: 盘点全部主校准帧 (DONE)\nfb1ad49 P10-002: 建立 T1-T4 设备档案 (DONE)\n",
      "stderr": "",
      "elapsed_sec": 0.027,
      "cmd": [
        "git",
        "log",
        "--oneline",
        "-n",
        "3"
      ],
      "step": 4,
      "type": "git_log"
    }
  ]
}