Internal ctest changing into directory: /home/lighthouse/Astro CS Database/run/temp/build_v61
Test project /home/lighthouse/Astro CS Database/run/temp/build_v61
      Start  1: core_contracts
 1/13 Test  #1: core_contracts ...................   Passed    0.00 sec
      Start  2: core_artifact
 2/13 Test  #2: core_artifact ....................   Passed    0.01 sec
      Start  3: core_module
 3/13 Test  #3: core_module ......................   Passed    0.01 sec
      Start  4: core_pipeline
 4/13 Test  #4: core_pipeline ....................   Passed    0.01 sec
      Start  5: core_context
 5/13 Test  #5: core_context .....................   Passed    0.00 sec
      Start  6: core_scheduler
 6/13 Test  #6: core_scheduler ...................   Passed    0.86 sec
      Start  7: core_checkpoint
 7/13 Test  #7: core_checkpoint ..................   Passed    0.01 sec
      Start  8: core_logging
 8/13 Test  #8: core_logging .....................   Passed    0.01 sec
      Start  9: rt001_abi
 9/13 Test  #9: rt001_abi ........................   Passed    0.01 sec
      Start 10: rt002_budget
10/13 Test #10: rt002_budget .....................   Passed    0.03 sec
      Start 11: rt003_context
11/13 Test #11: rt003_context ....................   Passed    0.01 sec
      Start 12: rt005_registry
12/13 Test #12: rt005_registry ...................   Passed    0.02 sec
      Start 13: rt006_scheduler
13/13 Test #13: rt006_scheduler ..................   Passed    0.10 sec

100% tests passed, 0 tests failed out of 13

Total Test time (real) =   1.08 sec
