=== IPV Plate Solve Log ===
[2026-07-25 12:45:19][INFO] === triangle_match 开始: N_U=60, N_W=60, n_A0=60, n_B0=60, tol=0.0020, s0=6.1879 ===
[2026-07-25 12:45:19][INFO] triangle_match: stage=0, nA=60, nB=60
[2026-07-25 12:45:19][INFO] triangle_match_single: n_A=60, n_B=60, tol=0.0020, s0=6.1879, scale=[0.1347,0.2020]
[2026-07-25 12:45:19][DEBUG] stars_to_triangles: N=60, expected=34220, valid=34220, skipped_degenerate=0 (并行, 16 线程)
[2026-07-25 12:45:19][DEBUG] stars_to_triangles: prune_triangle_array ba>0.9 剪枝: before=34220, after=24653, pruned=9567
[2026-07-25 12:45:19][DEBUG] stars_to_triangles: N=60, expected=34220, valid=34220, skipped_degenerate=0 (并行, 16 线程)
[2026-07-25 12:45:19][DEBUG] stars_to_triangles: prune_triangle_array ba>0.9 剪枝: before=34220, after=25292, pruned=8928
[2026-07-25 12:45:19][INFO] make_vote_matrix: n_A=24653, n_B=25292, matched_triangles=30152, vote_matrix=60x60, scale_rejected=50643 (range=[0.1347,0.2020]) [并行 16 线程]
[2026-07-25 12:45:19][INFO] top_vote_getters: 矩阵=60x60, 候选对数(vote>=2)=3599, top_n=60
[2026-07-25 12:45:19][INFO] top_vote_getters: V4.25 去重后 top_pairs=60, 去重剔除=2474
[2026-07-25 12:45:19][INFO]   [调试] top[0]: u=14 w=16, votes=228
[2026-07-25 12:45:19][INFO]   [调试] top[1]: u=24 w=38, votes=221
[2026-07-25 12:45:19][INFO]   [调试] top[2]: u=53 w=11, votes=216
[2026-07-25 12:45:19][INFO]   [调试] top[3]: u=44 w=23, votes=214
[2026-07-25 12:45:19][INFO]   [调试] top[4]: u=8 w=30, votes=213
[2026-07-25 12:45:19][INFO]   [调试] top[5]: u=25 w=41, votes=211
[2026-07-25 12:45:19][INFO]   [调试] top[6]: u=13 w=5, votes=203
[2026-07-25 12:45:19][INFO]   [调试] top[7]: u=27 w=9, votes=200
[2026-07-25 12:45:19][INFO]   [调试] top[8]: u=28 w=55, votes=196
[2026-07-25 12:45:19][INFO]   [调试] top[9]: u=17 w=43, votes=195
[2026-07-25 12:45:19][INFO] triangle_match_single 完成: tri_A=24653, tri_B=25292, vote_matrix=60x60, max_vote=228, 候选对数(vote>=2)=3599, top_pairs=60
[2026-07-25 12:45:19][INFO] triangle_match: stage=0 成功 (max_vote=228 >= 3), 停止自适应
[2026-07-25 12:45:19][INFO] === triangle_match 结束: tri_A=24653, tri_B=25292, top_pairs=60, max_vote=228, success=1 ===
