{
 "sum_p2": 0.09268408746165036,
 "sum_p2_rel_diff": 0.0,
 "truncation_check": {
  "half12": 0.09268652629737338,
  "half60": 0.09268407518671112,
  "doc_half12": 0.09268653,
  "doc_half60": 0.09268408
 },
 "baseline_rn10_abs_diff": 1.4320209967833009e-07,
 "rn50_abs_diff": 1.735605154040698e-07,
 "rn_scan_formula": [
  {
   "rn_e": 0.0,
   "bias_recomputed": 0.0,
   "bias_repo": 0.0,
   "abs_diff": 0.0
  },
  {
   "rn_e": 2.0,
   "bias_recomputed": 0.009439303736611837,
   "bias_repo": 0.009439,
   "abs_diff": 3.0373661183760725e-07
  },
  {
   "rn_e": 5.0,
   "bias_recomputed": 0.0514993299527895,
   "bias_repo": 0.051499,
   "abs_diff": 3.299527894934373e-07
  },
  {
   "rn_e": 10.0,
   "bias_recomputed": 0.14500914320209968,
   "bias_repo": 0.145009,
   "abs_diff": 1.4320209967833009e-07
  },
  {
   "rn_e": 20.0,
   "bias_recomputed": 0.27702733555712644,
   "bias_repo": 0.277027,
   "abs_diff": 3.3555712641852864e-07
  },
  {
   "rn_e": 50.0,
   "bias_recomputed": 0.38252382643948457,
   "bias_repo": 0.382524,
   "abs_diff": 1.735605154040698e-07
  }
 ],
 "dark_scan": [
  {
   "dark_e": 0.0,
   "bias": 0.14523481648950676,
   "repo": 0.145235,
   "abs_diff": 1.8351049324571989e-07
  },
  {
   "dark_e": 1.0,
   "bias": 0.1447842135188384,
   "repo": 0.144784,
   "abs_diff": 2.1351883841558283e-07
  },
  {
   "dark_e": 10.0,
   "bias": 0.140858370748852,
   "repo": 0.140858,
   "abs_diff": 3.707488519799629e-07
  },
  {
   "dark_e": 100.0,
   "bias": 0.11115046196531231,
   "repo": 0.11115,
   "abs_diff": 4.619653123094647e-07
  },
  {
   "dark_e": 1000.0,
   "bias": 0.03667997589487082,
   "repo": 0.03668,
   "abs_diff": 2.4105129177443008e-08
  }
 ],
 "rn_scan_monte_carlo": [
  {
   "rn_e": 0.0,
   "mc_var_ratio_minus1_doubleweights": 0.0,
   "mc_realized_over_correct_pred": -0.001028801034027027,
   "formula_bias": 0.0
  },
  {
   "rn_e": 2.0,
   "mc_var_ratio_minus1_doubleweights": 0.00041219545839066285,
   "mc_realized_over_correct_pred": 0.008290372207686358,
   "formula_bias": 0.009439303736611837
  },
  {
   "rn_e": 5.0,
   "mc_var_ratio_minus1_doubleweights": 0.0011576056759818876,
   "mc_realized_over_correct_pred": -0.013246241687459137,
   "formula_bias": 0.0514993299527895
  },
  {
   "rn_e": 10.0,
   "mc_var_ratio_minus1_doubleweights": 0.0013592445392491825,
   "mc_realized_over_correct_pred": -0.013490134578420965,
   "formula_bias": 0.14500914320209968
  },
  {
   "rn_e": 20.0,
   "mc_var_ratio_minus1_doubleweights": 0.0029128669199904866,
   "mc_realized_over_correct_pred": 0.005914260525085258,
   "formula_bias": 0.27702733555712644
  },
  {
   "rn_e": 50.0,
   "mc_var_ratio_minus1_doubleweights": -0.00014226633431058122,
   "mc_realized_over_correct_pred": 0.013876131068345288,
   "formula_bias": 0.38252382643948457
  }
 ]
}
