{
 "seed": 20260926,
 "profile": "Moffat4 (1+r^2/2s^2)^-4, sigma = FWHM/K4",
 "rows": [
  {
   "fwhm_px": 30.0,
   "h_rule": 256.0,
   "snr_bias": -1.5719225731070097e-06
  },
  {
   "fwhm_px": 60.0,
   "h_rule": 256.0,
   "snr_bias": 0.00018444633659164822
  },
  {
   "fwhm_px": 120.0,
   "h_rule": 256.0,
   "snr_bias": 0.007422911363493823
  },
  {
   "fwhm_px": 260.0,
   "h_rule": 256.0,
   "snr_bias": 0.16309338447546273
  }
 ],
 "rows_variant_sigma_equals_quote": [
  {
   "s_px": 30.0,
   "h_rule": 256.0,
   "snr_bias": -5.265825326561391e-06
  },
  {
   "s_px": 60.0,
   "h_rule": 256.0,
   "snr_bias": 0.0005829648405113463
  },
  {
   "s_px": 120.0,
   "h_rule": 256.0,
   "snr_bias": 0.019330410250196328
  },
  {
   "s_px": 260.0,
   "h_rule": 256.0,
   "snr_bias": 0.2964234416044178
  }
 ],
 "repo_claims": [
  {
   "fwhm": 60,
   "bias": 4e-06
  },
  {
   "fwhm": 120,
   "bias": 0.00024
  },
  {
   "fwhm": 260,
   "bias": 0.0133
  }
 ],
 "abs_diffs": [
  0.00018044633659164823,
  0.007182911363493823,
  0.14979338447546273
 ],
 "null_bigwindow_metric": {
  "max_abs": 4.945585879490011e-06
 }
}
