{
 "seed": 20260926,
 "r_local_theory": {
  "sigma_true_adu": 7.938372092519343,
  "moffat2p5_F1e5": 15.16398257761684,
  "gauss_F1e5": 5.452665318405429,
  "repo_claim": 17.6,
  "note": "repo claim 17.6 px at F=1e5; exact comparison requires the repo's profile beta and sky level; both log-law variants shown."
 },
 "r_local_scan": {
  "F1e+03": 5.5243152008377505,
  "F1e+04": 9.343699526365347,
  "F1e+05": 15.16398257761684,
  "F1e+06": 24.25378289498862
 },
 "bias_vs_radius_F1e5": [
  {
   "r_mask": 2.0,
   "bias": 0.0044207658473039285,
   "mc_err": 0.0021485445890960485
  },
  {
   "r_mask": 6.0,
   "bias": 0.002059890962498895,
   "mc_err": 0.0012708237051462078
  },
  {
   "r_mask": 10.0,
   "bias": -0.00031918503967559575,
   "mc_err": 0.001662481242487249
  },
  {
   "r_mask": 15.16398257761684,
   "bias": -0.001702695967105261,
   "mc_err": 0.002166129760403181
  },
  {
   "r_mask": 28.0,
   "bias": -0.0006886707837268635,
   "mc_err": 0.0012633963407063839
  },
  {
   "r_mask": 60.0,
   "bias": -0.00022904523337187455,
   "mc_err": 0.0015158487173976914
  }
 ],
 "bias_vs_flux_r10": [
  {
   "F_e": 1000.0,
   "bias": -0.0007892439304985066,
   "mc_err": 0.001718892507555561
  },
  {
   "F_e": 10000.0,
   "bias": -0.0007475918557382083,
   "mc_err": 0.0016946874922983439
  },
  {
   "F_e": 100000.0,
   "bias": -0.00031918503967559575,
   "mc_err": 0.001662481242487249
  },
  {
   "F_e": 1000000.0,
   "bias": 0.006231496184946131,
   "mc_err": 0.0014752904009561031
  }
 ],
 "repo_claims_flux_r10": {
  "F1e3": 0.0002,
  "F1e6": 0.0229,
  "note": "+0.02% -> +2.29% at r=10 px"
 },
 "null_no_source": {
  "bias_r2": -2.2112076634814293e-05,
  "bias_r60": -0.0002383947851684054,
  "difference": 0.0002162827085335911,
  "expected": "~0 within MC error"
 }
}
