=== COMMAND ===
f:\Astro dev\Astro CS Normalization Database\lib\orchestrator\cpp\orchestrator.exe stage1 --frame f:\Astro dev\Astro CS Normalization Database\testdata\LDN43_T2_flying_dutchman\lights\LDN43_LRGBH_flying_dutchman-20250503@042947-1200S-H-alpha.fts --output f:\Astro dev\Astro CS Normalization Database\engineering_v1.3\evidence\P12-004\raw_logs\T2_HA_LDN43\T2_HA_LDN43.hiss --gaia-data GaiaDR3SP --filter H-alpha --config f:\Astro dev\Astro CS Normalization Database\engineering_v1.3\evidence\P12-004\scripts\stage1_config_T2.json --log-level INFO

=== EXIT CODE ===
0

=== STDOUT ===
{
  "success": true,
  "frame_name": "f:\\Astro dev\\Astro CS Normalization Database\\testdata\\LDN43_T2_flying_dutchman\\lights\\LDN43_LRGBH_flying_dutchman-20250503@042947-1200S-H-alpha.fts",
  "timings": [
    {"stage": "CALIBRATE", "name": "READ_FITS", "duration_sec": 0.204434, "success": true},
    {"stage": "CALIBRATE", "name": "CALIBRATE", "duration_sec": 0.654091, "success": true},
    {"stage": "CALIBRATE", "name": "PLATESOLVE", "duration_sec": 0.905906, "success": true},
    {"stage": "CALIBRATE", "name": "PSF", "duration_sec": 0.337979, "success": true},
    {"stage": "CALIBRATE", "name": "PHOTOMETRIC", "duration_sec": 0.0308713, "success": true},
    {"stage": "CALIBRATE", "name": "SNR", "duration_sec": 0.0014092, "success": true},
    {"stage": "CALIBRATE", "name": "DRIZZLE", "duration_sec": 25.4781, "success": true}
  ],
  "wcs_fields": {},
  "photo_stats": {"FIT_USED": "910", "GAIA_IN_FRAME": "1209", "MATCH_DIST_MAX": "1.953509", "MATCH_DIST_MEDIAN": "0.530609", "MATCH_DIST_P90": "0.918091", "N_MATCHED": "910", "PSF_TOTAL": "1386", "PSF_VALID": "1267", "REJECTED_AMBIGUOUS": "0", "REJECTED_DISTANCE": "336", "REJECTED_QUALITY": "21", "ROBUST_ITERATIONS": "7", "R_MAX": "5.359634", "R_MEDIAN": "5.064492", "R_P90": "5.190547", "SCALE_FACTOR": "0.000008", "SIGMA_RESIDUAL": "0.066902", "SPATIAL_CANDIDATES": "931", "SPECTRUM_ROWS_TOTAL": "2995", "STATUS": "OK", "UNIQUE_MATCHES": "931", "VALID_FSYN": "2995"},
  "output_ahpx_path": "f:\\Astro dev\\Astro CS Normalization Database\\engineering_v1.3\\evidence\\P12-004\\raw_logs\\T2_HA_LDN43\\T2_HA_LDN43.hiss",
  "error_msg": ""
}

=== STDERR ===
[2026-07-28 23:10:45][INFO][cli] stage1 gaia-data: GaiaDR3SP
[2026-07-28 23:10:45][INFO][cli] stage1 filter: H-alpha
[2026-07-28 23:10:45][INFO][logger] 日志系统初始化完成 (log_dir=lib/orchestrator/logs, level=INFO)
[2026-07-28 23:10:45][INFO][orchestrator] 初始化编排器 (骨架版本)
[2026-07-28 23:10:45][INFO][orchestrator] 可用线程数: 16
[2026-07-28 23:10:45][INFO][orchestrator] 加载配置: f:\Astro dev\Astro CS Normalization Database\engineering_v1.3\evidence\P12-004\scripts\stage1_config_T2.json
[2026-07-28 23:10:45][INFO][orchestrator] 配置文件大小: 2299 字节
[2026-07-28 23:10:45][INFO][orchestrator] 检查点目录: output\.checkpoint
[2026-07-28 23:10:45][INFO][orchestrator] 日志级别设置为: INFO
[2026-07-28 23:10:45][INFO][orchestrator] 配置线程数: 0 (0=自动检测)
[2026-07-28 23:10:45][INFO][orchestrator] 配置 Gaia 数据目录: GaiaDR3SP
[2026-07-28 23:10:45][INFO][orchestrator] 配置加载完成 (P03-002: log_level/threads/gaia_data_dir 已解析)
[2026-07-28 23:10:45][INFO][cli] 日志级别设置为: INFO
[2026-07-28 23:10:45][INFO][orchestrator] ========== stage1: 单帧预处理 (FITS -> .hiss) ==========
[2026-07-28 23:10:45][INFO][orchestrator] 输入 FITS: f:\Astro dev\Astro CS Normalization Database\testdata\LDN43_T2_flying_dutchman\lights\LDN43_LRGBH_flying_dutchman-20250503@042947-1200S-H-alpha.fts
[2026-07-28 23:10:45][INFO][orchestrator] 输出 .hiss: f:\Astro dev\Astro CS Normalization Database\engineering_v1.3\evidence\P12-004\raw_logs\T2_HA_LDN43\T2_HA_LDN43.hiss
[2026-07-28 23:10:45][INFO][orchestrator] 配置 JSON: {

  "_comment": "stage1 配置文件模板 (spec §2.3.3) - 单帧预处理 FITS -> .hiss, stage 0-6 (2026-07-18 归档 GRADIENT_2D; 2026-07-25 P03-002 扩展参数追踪)",

  "project_root": ".",

  "gaia_data_dir": "GaiaDR3SP",

  "calibration_dir": "testdata/T2 calibration files",

  "output_root": "output",

  "stages": [

    "read_fits",

    "calibrate",

    "platesolve",

    "psf",

    "photometric",

    "snr",

    "drizzle"

  ],

  "frame": {

    "id": "panel1_Red",

    "light_path": "",

    "filter": "Red",

    "qe_curve": "GSENSE2020BSI"

  },

  "calibration": {

    "_comment": "P03-001: 校准输入接线配置。master_*_path 为空时从 calibration_dir 自动推导",

    "master_bias_path": "",

    "master_dark_path": "",

    "master_flat_path": "",

    "require_size_match": true,

    "require_exposure_match": true,

    "exposure_tolerance_s": 0.5,

    "require_temperature_match": false,

    "temperature_tolerance_c": 1.0,

    "allow_no_calibration": false,

    "dark_optimization": 0,

    "dark_scale_factor": 1.0

  },

  "platesolve": {

    "_comment": "P03-002: PlateSolve 参数。initial_ra/dec 为空时从 FITS header OBJCTRA/DEC 读取; focal_length/pixel_size 为 0 时从 FITS header 读取",

    "initial_ra": "",

    "initial_dec": "",

    "focal_length": 0.0,

    "pixel_size": 0.0,

    "max_stars": 2000,

    "log_dir": "lib/plate_solve/logs"

  },

  "psf": {

    "_comment": "P03-002: PSF 拟合参数。fit_radius=0 表示自动; max_stars=0 表示不限制",

    "fit_radius": 8,

    "max_iter": 100,

    "tolerance": 1e-06,

    "max_stars": 2000

  },

  "photometric": {

    "_comment": "P03-002: 测光校准参数。mag_max 内部会自适应迭代 (2000-10000 星范围)",

    "mag_min": 6.0,

    "mag_max": 16.0,

    "fov_radius_deg": 0.0,

    "filters_json": "lib/photometric_calib/data/response_curves/filters.json",

    "qe_curves_json": "lib/photometric_calib/data/response_curves/qe_curves.json"

  },

  "drizzle": {

    "_comment": "P03-002: Drizzle 参数。nside_strategy=1x_to_2x_drizzle 自适应; pixfrac 默认 1.0 避免缝隙",

    "nside_strategy": "1x_to_2x_drizzle",

    "nside_override": 0,

    "pixfrac": 1.0,

    "nested": true

  },

  "log_level": "INFO",

  "threads": 0

}
[2026-07-28 23:10:45][INFO][orchestrator] P04-004: 取消/超时标志已重置
[2026-07-28 23:10:45][INFO][orchestrator] 自动推导项目根目录: f:\Astro dev\Astro CS Normalization Database
[2026-07-28 23:10:45][INFO][orchestrator] 初始化 DLL 加载 (lib_base_dir=f:\Astro dev\Astro CS Normalization Database)
[dll_loader] 开始加载所有模块 (lib_base_dir=f:\Astro dev\Astro CS Normalization Database)
[dll_loader] 设置运行时 DLL 搜索路径: C:\msys64\mingw64\bin
[dll_loader] 加载模块 AIO: f:\Astro dev\Astro CS Normalization Database/lib/astro_image_io/astro_image_io.dll
[dll_loader] 模块 AIO 加载成功 (handle=0x7fffd8ce0000)
[dll_loader] 预加载 astro_image_io.dll (依赖前置) handle=0x7fffd8ce0000
[dll_loader] 加载模块 CALIBRATE: f:\Astro dev\Astro CS Normalization Database/lib/calibration/astro_calibration.dll
[dll_loader] 模块 CALIBRATE 加载成功 (handle=0x7fffe5710000)
[dll_loader] 加载模块 PLATESOLVE: f:\Astro dev\Astro CS Normalization Database/lib/plate_solve/cpp/ipv/ipv_solver.dll
[dll_loader] 模块 PLATESOLVE 加载成功 (handle=0x7fffe4570000)
[dll_loader] 加载模块 PSF: f:\Astro dev\Astro CS Normalization Database/lib/dynamic_psf/dynamic_psf.dll
[dll_loader] 模块 PSF 加载成功 (handle=0x7fffe5ee0000)
[dll_loader] 预加载 gaia_client.dll (依赖前置) handle=0x7fffe6460000
[dll_loader] 加载模块 PHOTOMETRIC: f:\Astro dev\Astro CS Normalization Database/lib/photometric_calib/cpp/photometric_calib.dll
[dll_loader] 模块 PHOTOMETRIC 加载成功 (handle=0x7fffddc70000)
[dll_loader] 加载模块 SNR: f:\Astro dev\Astro CS Normalization Database/lib/snr_estimator/cpp/snr_estimator.dll
[dll_loader] 模块 SNR 加载成功 (handle=0x7fffdc710000)
[dll_loader] 加载模块 DRIZZLE: f:\Astro dev\Astro CS Normalization Database/lib/healpix_db/healpix_drizzle/healpix_drizzle.dll
[dll_loader] 模块 DRIZZLE 加载成功 (handle=0x7fffd98d0000)
[dll_loader] 加载模块 GRADIENT_SPHERE: f:\Astro dev\Astro CS Normalization Database/lib/healpix_db/healpix_stack/healpix_stack.dll
[dll_loader] 模块 GRADIENT_SPHERE 加载成功 (handle=0x7fffd8910000)
[dll_loader] 加载模块 STACK: f:\Astro dev\Astro CS Normalization Database/lib/healpix_db/healpix_stack/healpix_stack.dll
[dll_loader] 模块 STACK 加载成功 (handle=0x7fffd8910000)
[dll_loader] 全部模块加载成功
[2026-07-28 23:10:45][INFO][orchestrator] 全部 9 个模块加载成功
[2026-07-28 23:10:45][INFO][orchestrator]   AIO 版本: unknown
[2026-07-28 23:10:45][INFO][orchestrator]   CALIBRATE 版本: Astro Calibration C++ v1.0.0
[2026-07-28 23:10:45][INFO][orchestrator]   PLATESOLVE 版本: unknown
[2026-07-28 23:10:45][INFO][orchestrator]   PSF 版本: unknown
[2026-07-28 23:10:45][INFO][orchestrator]   PHOTOMETRIC 版本: unknown
[2026-07-28 23:10:45][INFO][orchestrator]   SNR 版本: unknown
[2026-07-28 23:10:45][INFO][orchestrator]   DRIZZLE 版本: unknown
[2026-07-28 23:10:45][INFO][orchestrator]   GRADIENT_SPHERE 版本: unknown
[2026-07-28 23:10:45][INFO][orchestrator]   STACK 版本: unknown
[dll_loader] CALIBRATE 线程数设置为 16
[2026-07-28 23:10:45][INFO][orchestrator] CALIBRATE 线程数: 16
[2026-07-28 23:10:45][DEBUG][PIPELINE] frame_create: ok
[2026-07-28 23:10:45][INFO][orchestrator] ---------- stage1 阶段: READ_FITS ----------
[2026-07-28 23:10:45][INFO][orchestrator] [READ_FITS] 开始: f:\Astro dev\Astro CS Normalization Database\testdata\LDN43_T2_flying_dutchman\lights\LDN43_LRGBH_flying_dutchman-20250503@042947-1200S-H-alpha.fts
[2026-07-28 23:10:45][INFO][FITS] Reading: f:\Astro dev\Astro CS Normalization Database\testdata\LDN43_T2_flying_dutchman\lights\LDN43_LRGBH_flying_dutchman-20250503@042947-1200S-H-alpha.fts
[2026-07-28 23:10:45][INFO][FITS] Header: BITPIX=16 NAXIS=2 NAXIS1=4096 NAXIS2=4096 NAXIS3=0 BSCALE=1.0 BZERO=32768.0 keywords=162
[2026-07-28 23:10:45][INFO][FITS] Applying BSCALE=1.000000 BZERO=32768.000000
[2026-07-28 23:10:45][INFO][FITS] Read OK: 4096x4096 1ch BITPIX=16
[2026-07-28 23:10:45][INFO][API] aio_read_fits: 0.190 s
[2026-07-28 23:10:45][INFO][orchestrator] [READ_FITS] 图像尺寸: 4096x4096
[2026-07-28 23:10:45][DEBUG][PIPELINE] add_block: 'data' type=0 count=16777216 (67108864 bytes)
[2026-07-28 23:10:45][INFO][orchestrator] [READ_FITS] FITS 关键字数: 162
[2026-07-28 23:10:45][INFO][orchestrator] [READ_FITS] 完成
[2026-07-28 23:10:45][INFO][orchestrator] [0.204434s] READ_FITS 完成
[2026-07-28 23:10:45][INFO][orchestrator] ---------- stage1 阶段: CALIBRATE ----------
[2026-07-28 23:10:45][INFO][orchestrator] [CALIBRATE] 开始
[2026-07-28 23:10:45][INFO][orchestrator] [CALIBRATE] 图像: 4096x4096 (16777216 像素)
[2026-07-28 23:10:45][INFO][orchestrator] [CALIBRATE] 帧元数据: EXPTIME=1200.000000s, FILTER='H-alpha', CCD-TEMP=-20.000000C
[2026-07-28 23:10:45][INFO][orchestrator] [CALIBRATE] calibration_dir: f:\Astro dev\Astro CS Normalization Database\testdata/T2 calibration files
[2026-07-28 23:10:45][INFO][orchestrator] [CALIBRATE] 自动推导 master_bias_path: f:\Astro dev\Astro CS Normalization Database\testdata/T2 calibration files\masterBias_BIN-1_4096x4096.xisf
[2026-07-28 23:10:45][INFO][orchestrator] [CALIBRATE] 自动推导 master_dark_path: f:\Astro dev\Astro CS Normalization Database\testdata/T2 calibration files\masterDark_BIN-1_4096x4096_EXPOSURE-1200.00s.xisf
[2026-07-28 23:10:45][INFO][orchestrator] [CALIBRATE] 自动推导 master_flat_path: f:\Astro dev\Astro CS Normalization Database\testdata/T2 calibration files\masterFlat_BIN-1_4096x4096_FILTER-H-alpha_mono.xisf
[2026-07-28 23:10:45][INFO][XISF] Reading: f:\Astro dev\Astro CS Normalization Database\testdata/T2 calibration files\masterBias_BIN-1_4096x4096.xisf
[2026-07-28 23:10:45][INFO][XISF] XML header length: 20661 bytes
[2026-07-28 23:10:45][INFO][XISF] Image: 4096x4096x1 fmt=Float32 byteOrder= offset=24576 size=67108864
[2026-07-28 23:10:45][INFO][XISF] Byte order: file= system=little swap=0
[2026-07-28 23:10:45][INFO][XISF] Read OK: 4096x4096 1ch fmt=Float32 keywords=197
[2026-07-28 23:10:45][INFO][API] aio_read_xisf: 0.039 s
[2026-07-28 23:10:45][INFO][orchestrator] [CALIBRATE] 加载 Master: f:\Astro dev\Astro CS Normalization Database\testdata/T2 calibration files\masterBias_BIN-1_4096x4096.xisf (4096x4096)
[2026-07-28 23:10:45][INFO][XISF] Reading: f:\Astro dev\Astro CS Normalization Database\testdata/T2 calibration files\masterDark_BIN-1_4096x4096_EXPOSURE-1200.00s.xisf
[2026-07-28 23:10:45][INFO][XISF] XML header length: 19944 bytes
[2026-07-28 23:10:45][INFO][XISF] Image: 4096x4096x1 fmt=Float32 byteOrder= offset=20480 size=67108864
[2026-07-28 23:10:45][INFO][XISF] Byte order: file= system=little swap=0
[2026-07-28 23:10:45][INFO][XISF] Read OK: 4096x4096 1ch fmt=Float32 keywords=192
[2026-07-28 23:10:45][INFO][API] aio_read_xisf: 0.036 s
[2026-07-28 23:10:45][INFO][orchestrator] [CALIBRATE] 加载 Master: f:\Astro dev\Astro CS Normalization Database\testdata/T2 calibration files\masterDark_BIN-1_4096x4096_EXPOSURE-1200.00s.xisf (4096x4096)
[2026-07-28 23:10:45][INFO][XISF] Reading: f:\Astro dev\Astro CS Normalization Database\testdata/T2 calibration files\masterFlat_BIN-1_4096x4096_FILTER-H-alpha_mono.xisf
[2026-07-28 23:10:45][INFO][XISF] XML header length: 20714 bytes
[2026-07-28 23:10:45][INFO][XISF] Image: 4096x4096x1 fmt=Float32 byteOrder= offset=24576 size=67108864
[2026-07-28 23:10:45][INFO][XISF] Byte order: file= system=little swap=0
[2026-07-28 23:10:45][INFO][XISF] Read OK: 4096x4096 1ch fmt=Float32 keywords=196
[2026-07-28 23:10:45][INFO][API] aio_read_xisf: 0.179 s
[2026-07-28 23:10:45][INFO][orchestrator] [CALIBRATE] 加载 Master: f:\Astro dev\Astro CS Normalization Database\testdata/T2 calibration files\masterFlat_BIN-1_4096x4096_FILTER-H-alpha_mono.xisf (4096x4096)
[2026-07-28 23:10:45][INFO][orchestrator] [CALIBRATE] master_dark 曝光时间匹配: dark=1200.000000s vs frame=1200.000000s (diff=0.000000s)
[2026-07-28 23:10:45][INFO][orchestrator] [CALIBRATE] 调用 ac_calibrate_frame: dark_opt=0, k_init=1.000000, has_bias=true, has_dark=true, has_flat=true
[2026-07-28 23:10:46][INFO][orchestrator] [CALIBRATE] 校准统计: light_mean=1092.046146 -> out_mean=5339.098126, bias_mean=0.015291, dark_mean=0.015599, flat_mean=0.204780, actual_k=1.000000
[2026-07-28 23:10:46][DEBUG][PIPELINE] remove_block: 'data' removed (n_blocks=1)
[2026-07-28 23:10:46][DEBUG][PIPELINE] add_block_move: 'data' type=0 count=16777216 (moved ptr=000001550a324040)
[2026-07-28 23:10:46][INFO][orchestrator] [CALIBRATE] cal_stats 已写入 (CALIBRATION_STATUS=APPLIED)
[2026-07-28 23:10:46][INFO][orchestrator] [CALIBRATE] 完成 (实际应用 Bias/Dark/Flat)
[2026-07-28 23:10:46][INFO][orchestrator] [0.654091s] CALIBRATE 完成
[2026-07-28 23:10:46][INFO][orchestrator] ---------- stage1 阶段: PLATESOLVE ----------
[2026-07-28 23:10:46][INFO][orchestrator] [PLATESOLVE] 开始
[2026-07-28 23:10:46][INFO][orchestrator] [PLATESOLVE] 初始化环境 (gaia_client + star_detector + ipv_solver)
[2026-07-28 23:10:46][INFO][orchestrator] [PLATESOLVE] gaia_client.dll 加载成功
[2026-07-28 23:10:46][INFO][orchestrator] [PLATESOLVE] star_detector.dll 加载成功
[2026-07-28 23:10:46][INFO][orchestrator] [PLATESOLVE] Gaia 数据目录: f:\Astro dev\Astro CS Normalization Database\GaiaDR3SP (来自 config)
[2026-07-28 23:10:46][INFO][orchestrator] [PLATESOLVE] GaiaClient 创建成功 (data_dir=f:\Astro dev\Astro CS Normalization Database\GaiaDR3SP)
[2026-07-28 23:10:46][INFO][SDET] StarDetector created (fitRadius=0, fwhmClipSigma=3.0, maxAxisRatio=2.0)
[2026-07-28 23:10:46][INFO][orchestrator] [PLATESOLVE] StarDetector 创建成功 (fitRadius=0 自动, maxStars=2000)
[2026-07-28 23:10:46][INFO][orchestrator] [PLATESOLVE] IPVSolver 创建成功, 已注入 Gaia + StarDetector 句柄
[2026-07-28 23:10:46][INFO][orchestrator] [PLATESOLVE] 环境初始化完成
[2026-07-28 23:10:46][INFO][orchestrator] [PLATESOLVE] 图像: 4096x4096
[2026-07-28 23:10:46][INFO][orchestrator] [PLATESOLVE] 初始指向: OBJCTRA='16 34 26.00' -> ra0=248.608333deg, OBJCTDEC='-15 45 35.0' -> dec0=-15.759722deg
[2026-07-28 23:10:46][INFO][orchestrator] [PLATESOLVE] 焦距=1917.700000mm, 像素尺寸=9.000000um
[2026-07-28 23:10:46][INFO][orchestrator] [PLATESOLVE] 调用 ipv_solve_from_memory_with_callback (INTERNAL_DETECTION_SHARED_EXPORT callback 导出) ...
[2026-07-28 23:10:46][INFO] ==== IPVSolver::solve_from_memory_with_callback 开始 (INTERNAL_DETECTION_SHARED_EXPORT) ====
[2026-07-28 23:10:46][INFO]   pixels=4096x4096 (内存数据)
[2026-07-28 23:10:46][INFO]   ra0=248.608333 deg, dec0=-15.759722 deg
[2026-07-28 23:10:46][INFO]   focal_length=1917.700 mm, pixel_size=9.000 um
[2026-07-28 23:10:46][INFO]   callback=ENABLED
[2026-07-28 23:10:46][INFO] === ipv_select_from_memory_with_callback 启动 (INTERNAL_DETECTION_SHARED_EXPORT) ===
[2026-07-28 23:10:46][INFO] ipv_select: 依赖 DLL 全部加载成功
[2026-07-28 23:10:46][INFO] Step 1: 使用内存像素数据 4096×4096
[2026-07-28 23:10:46][INFO] Step 2: 星点检测 (sdet_detect_ex)
[2026-07-28 23:10:46][INFO][SDET] sdet_detect_ex start: 4096x4096
[2026-07-28 23:10:46][DEBUG][SDET] [1] uint16→float: 18.9 ms
[2026-07-28 23:10:46][DEBUG][SDET] [2] Gaussian YvV smooth (sigma=2.0): 141.7 ms
[2026-07-28 23:10:46][INFO][SDET] peaker: median=5260.0000 bgnoise=55.2773 threshold=5536.3867 (median+5*bgnoise)
[2026-07-28 23:10:46][DEBUG][SDET] [3] Threshold: 313.3 ms
[2026-07-28 23:10:46][INFO][SDET] peaker: bg=5260.0 maxi=65535.0 norm=65535.0 dynrange=60275.0 minsatlevel=42192.5 satrange=6027.5 s_factor=3.7169 locthreshold=276.3865
[2026-07-28 23:10:46][DEBUG][SDET] [4] peaker: 63.5 ms (2467 candidates, full peaker 7-step)
[2026-07-28 23:10:46][INFO][SDET] Candidates: 2467
[2026-07-28 23:10:46][INFO][SDET] Peaker stages: pass_threshold=2151541 pass_localmax=18804 pass_count3=9335 pass_boundary=9335 | cond_meanhigh=46 cond_platform=7375 sat_both=32 nonsat=9303
[2026-07-28 23:10:46][INFO][SDET] Auto fitRadius: med_pixels=98 fwhm_est=4.86 auto_radius=14 actual=14
[2026-07-28 23:10:46][INFO][SDET] Task6 candidates sorted by mag_est (desc): maxstars=2000 candidates=2467
[2026-07-28 23:10:47][DEBUG][SDET] [6] Moffat4 fit: 198.9 ms (1975/2467 OK)
[2026-07-28 23:10:47][INFO][SDET] Moffat4 fit: 1975/2467 OK
[2026-07-28 23:10:47][INFO][SDET] === Fit statistics by pixel count ===
[2026-07-28 23:10:47][INFO][SDET]   px[5-9]: total=49 ok=46(93.9%) invalid=0 noconv=3 iterlimit=0
[2026-07-28 23:10:47][INFO][SDET]   px[10-19]: total=123 ok=114(92.7%) invalid=0 noconv=9 iterlimit=0
[2026-07-28 23:10:47][INFO][SDET]   px[20-49]: total=416 ok=395(95.0%) invalid=0 noconv=21 iterlimit=0
[2026-07-28 23:10:47][INFO][SDET]   px[50-99]: total=547 ok=488(89.2%) invalid=1 noconv=58 iterlimit=0
[2026-07-28 23:10:47][INFO][SDET]   px[100-299]: total=1217 ok=836(68.7%) invalid=0 noconv=381 iterlimit=0
[2026-07-28 23:10:47][DEBUG][SDET] [7] FWHM stats: 1.4 ms (med=3.7090 mad=0.4466)
[2026-07-28 23:10:47][INFO][SDET] FWHM stats: med=3.7090 mad=0.4466 (from 1975 fitted stars)
[2026-07-28 23:10:47][DEBUG][SDET] [8] Build normal stars: 2.3 ms (1386 stars, fit_fail=492 fwhm=0 round=90 reject=499)
[2026-07-28 23:10:47][INFO][SDET] Normal stars: 1386 (fit_fail=492 fwhm=0 roundness=90 reject=499)
[2026-07-28 23:10:47][DEBUG][SDET] [9] Saturated star detection skipped (V4.52: use A>dynrange from peaker): 0.5 ms
[2026-07-28 23:10:47][DEBUG][SDET] [10a] Dedup: 0.6 ms
[2026-07-28 23:10:47][DEBUG][SDET] [10b] Sort: 0.2 ms
[2026-07-28 23:10:47][INFO][SDET] After dedup+sort: 1386 stars (saturated=43 normal=1343)
[2026-07-28 23:10:47][INFO][SDET] sdet_detect_ex done: 1386 stars (sat=43 normal=1343), 0.742 s
[2026-07-28 23:10:47][INFO]   检测到星点: 1386 颗 (饱和 43, 正常 1343)
[2026-07-28 23:10:47][INFO] Step 2.5: 调用 callback 导出 detections (INTERNAL_DETECTION_SHARED_EXPORT)
[2026-07-28 23:10:47][INFO]   callback 完成, 源缓冲区已由 callback 复制
[2026-07-28 23:10:47][INFO] Step 3: 图像侧选星
[2026-07-28 23:10:47][INFO] 选星: 按 mag(box积分) 升序取前 60 颗 (含饱和 42 颗)
[2026-07-28 23:10:47][INFO]   U 向量组: 60×2 (s0=0.9680"/px)
[2026-07-28 23:10:47][INFO] Step 4: FOV/密度计算
[2026-07-28 23:10:47][INFO] FOV计算: s0=0.9680"/px, FOV_diag=1.5576°, query_r=0.8567°, img_area=1.21308°², query_area=2.30566°², rho_img=49.46, rho_target=74.19, n_target=60
[2026-07-28 23:10:47][INFO] Step 5: V4.9 密度公式估算极限星等 (替代迭代)
[2026-07-28 23:10:47][INFO] 密度估算极限星等: G=11.051 (n_required=60, area=2.3057°², rho_target=26.02/°²)
[2026-07-28 23:10:47][INFO] Step 6: 用 m_lim=11.051 查询 Gaia 星表
[2026-07-28 23:10:47][WARN] V4.9 补救查询 1: Gaia 返回 36 < n_target=60, 放宽到 m=12.051
[2026-07-28 23:10:47][INFO] Step 7: Gnomonic 投影 + FOV 过滤
[2026-07-28 23:10:47][INFO]   W 向量组: 44×2 (FOV 内 44, 取最亮 44, gaia_ra/dec 已保存)
[2026-07-28 23:10:47][INFO] === ipv_select_from_memory_with_callback 完成 (INTERNAL_DETECTION_SHARED_EXPORT) ===
[2026-07-28 23:10:47][INFO] === triangle_match 开始: N_U=60, N_W=44, n_A0=60, n_B0=60, tol=0.0020, s0=0.9680 ===
[2026-07-28 23:10:47][INFO] triangle_match: stage=0 nA=60 nB=60 超过实际星数, 停止扩充
[2026-07-28 23:10:47][INFO] triangle_match_single: n_A=60, n_B=44, tol=0.0020, s0=0.9680, scale=[0.8609,1.2913]
[2026-07-28 23:10:47][DEBUG] stars_to_triangles: N=60, expected=34220, valid=34220, skipped_degenerate=0 (并行, 16 线程)
[2026-07-28 23:10:47][DEBUG] stars_to_triangles: prune_triangle_array ba>0.9 剪枝: before=34220, after=24681, pruned=9539
[2026-07-28 23:10:47][DEBUG] stars_to_triangles: N=44, expected=13244, valid=13244, skipped_degenerate=0 (并行, 16 线程)
[2026-07-28 23:10:47][DEBUG] stars_to_triangles: prune_triangle_array ba>0.9 剪枝: before=13244, after=9418, pruned=3826
[2026-07-28 23:10:47][INFO] make_vote_matrix: n_A=24681, n_B=9418, matched_triangles=18538, vote_matrix=60x44, scale_rejected=16352 (range=[0.8609,1.2913]) [并行 16 线程]
[2026-07-28 23:10:47][INFO] top_vote_getters: 矩阵=60x44, 候选对数(vote>=2)=2615, top_n=60
[2026-07-28 23:10:47][INFO] top_vote_getters: V4.25 去重后 top_pairs=44, 去重剔除=2571
[2026-07-28 23:10:47][INFO]   [调试] top[0]: u=25 w=26, votes=645
[2026-07-28 23:10:47][INFO]   [调试] top[1]: u=35 w=32, votes=635
[2026-07-28 23:10:47][INFO]   [调试] top[2]: u=13 w=12, votes=620
[2026-07-28 23:10:47][INFO]   [调试] top[3]: u=3 w=4, votes=617
[2026-07-28 23:10:47][INFO]   [调试] top[4]: u=12 w=9, votes=611
[2026-07-28 23:10:47][INFO]   [调试] top[5]: u=10 w=15, votes=606
[2026-07-28 23:10:47][INFO]   [调试] top[6]: u=29 w=28, votes=602
[2026-07-28 23:10:47][INFO]   [调试] top[7]: u=24 w=24, votes=593
[2026-07-28 23:10:47][INFO]   [调试] top[8]: u=26 w=31, votes=586
[2026-07-28 23:10:47][INFO]   [调试] top[9]: u=4 w=5, votes=585
[2026-07-28 23:10:47][INFO] triangle_match_single 完成: tri_A=24681, tri_B=9418, vote_matrix=60x44, max_vote=645, 候选对数(vote>=2)=2615, top_pairs=44
[2026-07-28 23:10:47][INFO] === triangle_match 结束: tri_A=24681, tri_B=9418, top_pairs=44, max_vote=645, success=1 ===
[2026-07-28 23:10:47][INFO] [P02-002] n_target=60, max_vote=645, threshold=2
[2026-07-28 23:10:47][INFO]   [阶段] triangle_match (n=60): 37.38 ms, max_vote=645, top_pairs=44, success=1
[2026-07-28 23:10:47][INFO]   [阶段] triangle_match: 37.82 ms, n_target_used=60
[2026-07-28 23:10:47][INFO]   N_U=60, N_W=44, s0=0.9680 arcsec/px, img=4096x4096, fov_diag=1.5576 deg
[2026-07-28 23:10:47][INFO] iter_trans_solve: U=60, W=44, initial_pairs=44, tol=5.00, order=3
[2026-07-28 23:10:47][DEBUG] calc_trans_general: order=3, n_pairs=20, 拟合成功
[2026-07-28 23:10:47][INFO] iter_trans_inner: 初始拟合完成, 初始工作集=20, order=3
[2026-07-28 23:10:47][INFO]   [调试] 初始 TRANS: x00=5.3150 y00=0.3542, x10=0.011874 x01=-0.966970 y10=-0.966649 y01=-0.011966
[2026-07-28 23:10:47][INFO]   [调试] 初始对[0]: u=25 w=26, U=(680.94,-303.56), W=(306.79,-654.10), pred=(306.81,-653.96), dist=0.1451" (dx=0.02 dy=0.14)
[2026-07-28 23:10:47][INFO]   [调试] 初始对[1]: u=35 w=32, U=(815.03,331.24), W=(-305.05,-790.81), pred=(-305.06,-790.95), dist=0.1448" (dx=-0.00 dy=-0.14)
[2026-07-28 23:10:47][INFO]   [调试] 初始对[2]: u=13 w=12, U=(-175.78,-1877.21), W=(1811.82,192.23), pred=(1811.49,192.00), dist=0.4025" (dx=-0.33 dy=-0.23)
[2026-07-28 23:10:47][INFO]   [调试] 初始对[3]: u=3 w=4, U=(-1745.78,680.97), W=(-671.15,1673.44), pred=(-671.31,1673.31), dist=0.2108" (dx=-0.16 dy=-0.13)
[2026-07-28 23:10:47][INFO]   [调试] 初始对[4]: u=12 w=9, U=(446.12,-735.86), W=(721.84,-421.67), pred=(721.64,-421.80), dist=0.2353" (dx=-0.20 dy=-0.13)
[2026-07-28 23:10:47][INFO]   [调试] 初始对[5]: u=10 w=15, U=(1909.91,617.48), W=(-566.47,-1846.52), pred=(-566.37,-1846.50), dist=0.1057" (dx=0.10 dy=0.03)
[2026-07-28 23:10:47][INFO] iter_trans_inner: V4.23 工作集扩展 20->44 (nr=nbright)
[2026-07-28 23:10:47][DEBUG] iter 0: 绝对剔除 nr=44→43, nb=1
[2026-07-28 23:10:47][DEBUG] iter 0: sigma(35%)=0.019970 角秒²
[2026-07-28 23:10:47][DEBUG] iter 0: 相对剔除 nr=36, nb=8, rel_thresh=0.199701
[2026-07-28 23:10:47][DEBUG] calc_trans_general: order=3, n_pairs=36, 拟合成功
[2026-07-28 23:10:47][INFO] iter_trans_inner: 完成, nr=36, sig=0.0424, rms=0.1872, iters=1, success=1
[2026-07-28 23:10:47][INFO] iter_trans_solve: 第一轮 iter_trans 成功, inliers=36, rms=0.1872
[2026-07-28 23:10:47][INFO] at_match_lists: U=60, W=44, tol=5.00", U→W单向=43, W→U单向=43, 双向=43, 去重后=43
[2026-07-28 23:10:47][DEBUG] calc_trans_general: order=3, n_pairs=43, 拟合成功
[2026-07-28 23:10:47][INFO] at_recalc_trans: 二轮 sigma-clip (thresh=0.778", 剔除=2, 保留=41)
[2026-07-28 23:10:47][DEBUG] calc_trans_general: order=3, n_pairs=41, 拟合成功
[2026-07-28 23:10:47][INFO] at_recalc_trans: 二轮完成, n=41, sig=0.0447, sx=0.1605, sy=0.1498, rms=0.2196
[2026-07-28 23:10:47][INFO] at_recalc_trans: n=41, order=3, sig=0.0447, sx=0.1605, sy=0.1498, rms=0.2196
[2026-07-28 23:10:47][INFO] iter_trans_solve: 第一轮 refit 成功, inliers=41, rms=0.2196
[2026-07-28 23:10:47][INFO] at_match_lists: U=60, W=44, tol=5.00", U→W单向=43, W→U单向=43, 双向=43, 去重后=43
[2026-07-28 23:10:47][DEBUG] calc_trans_general: order=3, n_pairs=43, 拟合成功
[2026-07-28 23:10:47][INFO] at_recalc_trans: 二轮 sigma-clip (thresh=0.778", 剔除=2, 保留=41)
[2026-07-28 23:10:47][DEBUG] calc_trans_general: order=3, n_pairs=41, 拟合成功
[2026-07-28 23:10:47][INFO] at_recalc_trans: 二轮完成, n=41, sig=0.0447, sx=0.1605, sy=0.1498, rms=0.2196
[2026-07-28 23:10:47][INFO] at_recalc_trans: n=41, order=3, sig=0.0447, sx=0.1605, sy=0.1498, rms=0.2196
[2026-07-28 23:10:47][INFO] iter_trans_solve: 第二轮 refit 成功, inliers=41, rms=0.2196
[2026-07-28 23:10:47][INFO]   [阶段] iter_trans_solve: 7.32 ms, n_inliers=41, rms=0.2196, iters=3, success=1
[2026-07-28 23:10:47][INFO]   [诊断] iterative_reproject 入口: U.size=60, gaia_ra.size=44, gaia_dec.size=44, initial_inliers.size=41, s0=0.9680, img=4096x4096
[2026-07-28 23:10:47][INFO] iterative_reproject: 开始 (N_W=44, n_inliers=41, s0=0.9680"/px, max_iter=5, conv_thresh=0.0100")
[2026-07-28 23:10:47][INFO]   iter 0: ra_cur=248.608333 dec_cur=-15.759722, xi_center=5.3528" eta_center=0.3269", conv=5.3627" (thresh=0.0100")
[2026-07-28 23:10:47][INFO]   iter 0: 新中心 ra=248.609878 dec=-15.759631 (Δra=0.001545° Δdec=0.000091°)
[2026-07-28 23:10:47][DEBUG] calc_trans_general: order=3, n_pairs=41, 拟合成功
[2026-07-28 23:10:47][INFO] at_recalc_trans: n=41, order=3, sig=0.0447, sx=0.1605, sy=0.1498, rms=0.2196
[2026-07-28 23:10:47][INFO]   iter 0: at_recalc_trans 成功, n=41, sig=0.0447, rms=0.2196, x00=-0.0000 y00=0.0000 (asec)
[2026-07-28 23:10:47][INFO]   iter 1: 收敛 (TRANS 常数项 = 0.0000" < 0.0100")
[2026-07-28 23:10:47][INFO] iterative_reproject: 完成 (收敛), ra=248.608333→248.609878 dec=-15.759722→-15.759631, n_matched=41 (固定), iters=1, conv=0.0000"
[2026-07-28 23:10:47][INFO]   [阶段] iterative_reproject: 3.10 ms, success=1, ra=248.608333→248.609878, dec=-15.759722→-15.759631, n_matched=41, iters=1, conv=0.0000"
[2026-07-28 23:10:47][INFO] at_match_lists: U=60, W=44, tol=5.00", U→W单向=43, W→U单向=43, 双向=43, 去重后=43
[2026-07-28 23:10:47][INFO]   [阶段] hi_order_rematch iter 0: n_matched=43 (min=10, order=3)
[2026-07-28 23:10:47][DEBUG] calc_trans_general: order=3, n_pairs=43, 拟合成功
[2026-07-28 23:10:47][INFO] at_recalc_trans: 二轮 sigma-clip (thresh=0.778", 剔除=2, 保留=41)
[2026-07-28 23:10:47][DEBUG] calc_trans_general: order=3, n_pairs=41, 拟合成功
[2026-07-28 23:10:47][INFO] at_recalc_trans: 二轮完成, n=41, sig=0.0447, sx=0.1605, sy=0.1498, rms=0.2196
[2026-07-28 23:10:47][INFO] at_recalc_trans: n=41, order=3, sig=0.0447, sx=0.1605, sy=0.1498, rms=0.2196
[2026-07-28 23:10:47][INFO] at_match_lists: U=60, W=44, tol=5.00", U→W单向=43, W→U单向=43, 双向=43, 去重后=43
[2026-07-28 23:10:47][DEBUG] calc_trans_general: order=3, n_pairs=43, 拟合成功
[2026-07-28 23:10:47][INFO] at_recalc_trans: 二轮 sigma-clip (thresh=0.778", 剔除=2, 保留=41)
[2026-07-28 23:10:47][DEBUG] calc_trans_general: order=3, n_pairs=41, 拟合成功
[2026-07-28 23:10:47][INFO] at_recalc_trans: 二轮完成, n=41, sig=0.0447, sx=0.1605, sy=0.1498, rms=0.2196
[2026-07-28 23:10:47][INFO] at_recalc_trans: n=41, order=3, sig=0.0447, sx=0.1605, sy=0.1498, rms=0.2196
[2026-07-28 23:10:47][INFO]   [阶段] hi_order_rematch iter 1: 收敛 (dn=0, drms=0.0000)
[2026-07-28 23:10:47][INFO]   [阶段] hi_order_rematch: 2.81 ms, n_matched=43, trans.order=3
[2026-07-28 23:10:47][INFO] ==== robust_refine_wcs 开始 (V4.30) ====
  U_full=1386, mag_full=1386, gaia=44
  ra0=248.609878, dec0=-15.759631, s0=0.9680"/px, fov=1.5576°, img=4096x4096
  initial_rms=0.0447", trans.order=3
[2026-07-28 23:10:47][INFO]   [robust_refine] 网格采样: FOV=1.558°, G_short=3, N_long=3, n_cells=9, quota=20, narrow_all=0, N_full=1386
[2026-07-28 23:10:47][INFO]   [robust_refine] 网格采样完成: 选中 180 颗 (上限 300, 下限 100)
[2026-07-28 23:10:47][INFO]   [robust_refine] NN 匹配: U=180, W=44, tol=1.000", Lowe通过=43, 双向=43
[2026-07-28 23:10:47][INFO]   [robust_refine] baseline: initial_rms=0.0447" (60星), U_pool RMS=0.2670" (180 星, matched=43)
[2026-07-28 23:10:47][INFO]   [robust_refine] NN 匹配: U=180, W=44, tol=1.000", Lowe通过=43, 双向=43
[2026-07-28 23:10:47][INFO]   [robust_refine] 空间一致性: 3/43 可疑 (K=8, σ=0.224")
[2026-07-28 23:10:47][INFO]   [robust_refine] iter 0: tol=1.000", matched=43, rms=0.2670"→0.2720", cd_Δ=0.3498%, damp=0.00e+00
[2026-07-28 23:10:47][INFO]   [robust_refine] NN 匹配: U=180, W=44, tol=0.500", Lowe通过=40, 双向=40
[2026-07-28 23:10:47][INFO]   [robust_refine] 空间一致性: 1/40 可疑 (K=8, σ=0.275")
[2026-07-28 23:10:47][INFO]   [robust_refine] iter 1: tol=0.500", matched=40, rms=0.2720"→0.1896", cd_Δ=0.0922%, damp=0.00e+00
[2026-07-28 23:10:47][INFO]   [robust_refine] NN 匹配: U=180, W=44, tol=0.500", Lowe通过=39, 双向=39
[2026-07-28 23:10:47][INFO]   [robust_refine] iter 2: tol=0.500", matched=39, rms=0.1896"→0.1745", cd_Δ=0.0279%, damp=0.00e+00
[2026-07-28 23:10:47][INFO]   [robust_refine] NN 匹配: U=180, W=44, tol=0.300", Lowe通过=35, 双向=35
[2026-07-28 23:10:47][INFO]   [robust_refine] iter 3: tol=0.300", matched=35, rms=0.1745"→0.1362", cd_Δ=0.1681%, damp=0.00e+00
[2026-07-28 23:10:47][INFO]   [robust_refine] NN 匹配: U=180, W=44, tol=0.300", Lowe通过=35, 双向=35
[2026-07-28 23:10:47][INFO]   [robust_refine] iter 4: tol=0.300", matched=35, rms=0.1362"→0.1370", cd_Δ=0.0813%, damp=0.00e+00
[2026-07-28 23:10:47][INFO]   [robust_refine] NN 匹配: U=180, W=44, tol=0.300", Lowe通过=34, 双向=34
[2026-07-28 23:10:47][INFO]   [robust_refine] 空间一致性: 1/34 可疑 (K=8, σ=0.254")
[2026-07-28 23:10:47][INFO]   [robust_refine] iter 5: tol=0.300", matched=34, rms=0.1370"→0.1311", cd_Δ=0.1265%, damp=0.00e+00
[2026-07-28 23:10:47][INFO]   [robust_refine] NN 匹配: U=180, W=44, tol=0.300", Lowe通过=33, 双向=33
[2026-07-28 23:10:47][INFO]   [robust_refine] iter 6: tol=0.300", matched=33, rms=0.1311"→0.1224", cd_Δ=0.0779%, damp=0.00e+00
[2026-07-28 23:10:47][INFO]   [robust_refine] NN 匹配: U=180, W=44, tol=0.300", Lowe通过=33, 双向=33
[2026-07-28 23:10:47][INFO]   [robust_refine] iter 7: tol=0.300", matched=33, rms=0.1224"→0.1234", cd_Δ=0.0381%, damp=0.00e+00
[2026-07-28 23:10:47][INFO]   [robust_refine] NN 匹配: U=180, W=44, tol=0.300", Lowe通过=32, 双向=32
[2026-07-28 23:10:47][INFO]   [robust_refine] iter 8: tol=0.300", matched=32, rms=0.1234"→0.1140", cd_Δ=0.0478%, damp=0.00e+00
[2026-07-28 23:10:47][INFO]   [robust_refine] NN 匹配: U=180, W=44, tol=0.300", Lowe通过=32, 双向=32
[2026-07-28 23:10:47][INFO]   [robust_refine] 空间一致性: 1/32 可疑 (K=8, σ=0.251")
[2026-07-28 23:10:47][INFO]   [robust_refine] iter 9: tol=0.300", matched=32, rms=0.1140"→0.1175", cd_Δ=0.0278%, damp=0.00e+00
[2026-07-28 23:10:47][INFO]   [robust_refine] 达到最大迭代次数 10
[2026-07-28 23:10:47][INFO] ==== robust_refine_wcs 成功 ====
  iter=10, matched=32, rms=0.1175" (0.1214 px), cd_Δ=0.3498%, pool=180
[2026-07-28 23:10:47][INFO]   [阶段] robust_refine: 成功, n_matched=32, rms=0.1175", iter=10, pool=180, cd_Δ=0.3498%
[2026-07-28 23:10:47][INFO]   [阶段] robust_refine: 7.41 ms
[2026-07-28 23:10:47][INFO]   [诊断] extract_wcs_sip 入口: trans.order=3, trans.valid=1, ra0=248.609878, dec0=-15.759631, img=4096x4096, s0=0.9680, U.size=1386, W.size=44, matched.size=32
[2026-07-28 23:10:47][INFO]   [V4.22] 清零 trans.x00/y00 (saved: x00=-0.0425, y00=-0.0772)
[2026-07-28 23:10:47][INFO] extract_wcs_sip: SIP A/B 解析公式成功, order=3
[2026-07-28 23:10:47][INFO] extract_wcs_sip: SIP AP/BP 网格反变换成功, ap_order=3, n_inv_coef=10, n_grid=49
[2026-07-28 23:10:47][INFO] extract_wcs_sip: CD=[3.293681e-06 2.685880e-04; -2.685448e-04 3.359989e-06], CRVAL=(248.609878, -15.759631), CRPIX=(2048.5, 2048.5), ctype=[RA---TAN-SIP, DEC--TAN-SIP], n_pairs=32, rms_px=0.1214, rms_arcsec=0.1175, trans_order=3, sip_order=3, ap_order=3
[2026-07-28 23:10:47][INFO]   [阶段] extract_wcs_sip: 1.53 ms, success=1, n_pairs=32, rms_px=0.121, rms_arcsec=0.118, trans_order=3, sip_order=3
[2026-07-28 23:10:47][INFO]   最终: n_pairs=32, rms_px=0.121, rms_arcsec=0.118, trans_order=3, sip_order=3, success=1
[2026-07-28 23:10:47][INFO]   [cache_last_inliers_] 缓存 32 对 inliers (robust=1, s0=0.9680", U_snap.size=1386, gaia.size=44, trans.order=3, ra0=248.609878, dec0=-15.759631)
[2026-07-28 23:10:47][INFO] ==== IPVSolver::solve_from_memory_with_callback 完成 (INTERNAL_DETECTION_SHARED_EXPORT) ====
[2026-07-28 23:10:47][INFO][orchestrator] [PLATESOLVE] callback 导出: n_detected=1386, copied=true, wcs_result.n_detected=0
[2026-07-28 23:10:47][INFO][orchestrator] [PLATESOLVE] 求解成功: rms=0.117505arcsec, n_pairs=32, n_detected=0, n_catalog=0, trans_order=3
[2026-07-28 23:10:47][INFO][orchestrator] [PLATESOLVE] WCS 已写入: CTYPE1=RA---TAN-SIP, CRVAL=(248.609878, -15.759631), CRPIX=(2048.500000, 2048.500000)
[2026-07-28 23:10:47][INFO][orchestrator] [PLATESOLVE] SIP 已写入: order=3, ap_order=3
[2026-07-28 23:10:47][DEBUG][PIPELINE] add_block: 'star_det' type=0 count=5544 (22176 bytes)
[2026-07-28 23:10:47][INFO][orchestrator] [PLATESOLVE] star_det 块已写入 (INTERNAL_DETECTION_SHARED_EXPORT): 1386 颗星
[2026-07-28 23:10:47][INFO][orchestrator] [PLATESOLVE] 完成
[2026-07-28 23:10:47][INFO][orchestrator] [0.905906s] PLATESOLVE 完成
[2026-07-28 23:10:47][INFO][orchestrator] ---------- stage1 阶段: PSF ----------
[2026-07-28 23:10:47][INFO][orchestrator] [PSF] 开始
[2026-07-28 23:10:47][INFO][orchestrator] [PSF] 图像: 4096x4096
[2026-07-28 23:10:47][INFO][orchestrator] [PSF] star_det: 1386 颗星
[2026-07-28 23:10:47][INFO][orchestrator] [PSF] 调用 dpsf_fit_batch (fitRadius=8, maxIter=100, tol=1.0e-06) ...
[2026-07-28 23:10:47][WARN][DPSF] Background constraint violated: B=2570.8565 bkg0=5884.5000 ratio=0.5631
[2026-07-28 23:10:47][WARN][DPSF] Background constraint violated: B=2780.1782 bkg0=5849.0000 ratio=0.5247
[2026-07-28 23:10:47][WARN][DPSF] Background constraint violated: B=2527.4413 bkg0=6195.0000 ratio=0.5920
[2026-07-28 23:10:47][WARN][DPSF] Background constraint violated: B=2033.9996 bkg0=5962.0000 ratio=0.6588
[2026-07-28 23:10:47][WARN][DPSF] Background constraint violated: B=-2747.8681 bkg0=7462.0000 ratio=1.3682
[2026-07-28 23:10:47][WARN][DPSF] Background constraint violated: B=-2902.5378 bkg0=7449.0000 ratio=1.3897
[2026-07-28 23:10:47][WARN][DPSF] Background constraint violated: B=-6290.5651 bkg0=7783.5000 ratio=1.8082
[2026-07-28 23:10:47][WARN][DPSF] Background constraint violated: B=-7909.0445 bkg0=9302.0000 ratio=1.8503
[2026-07-28 23:10:47][WARN][DPSF] FWHM exceeds rect: fwhm_x=26.10 fwhm_y=28.18 rect=17x17
[2026-07-28 23:10:47][WARN][DPSF] Invalid fit params: finite=1 A=123587.44 sx=0.3000 sy=1.6992
[2026-07-28 23:10:47][WARN][DPSF] Background constraint violated: B=1164.5487 bkg0=6253.0000 ratio=0.8138
[2026-07-28 23:10:47][WARN][DPSF] Background constraint violated: B=624.7013 bkg0=6319.0000 ratio=0.9011
[2026-07-28 23:10:47][WARN][DPSF] Background constraint violated: B=2822.6880 bkg0=5798.0000 ratio=0.5132
[2026-07-28 23:10:47][WARN][DPSF] FWHM exceeds rect: fwhm_x=3.78 fwhm_y=21.99 rect=17x17
[2026-07-28 23:10:47][WARN][DPSF] Invalid fit params: finite=1 A=13719.82 sx=2.3037 sy=0.3000
[2026-07-28 23:10:47][WARN][DPSF] Invalid fit params: finite=1 A=23189.43 sx=0.9153 sy=0.3000
[2026-07-28 23:10:47][WARN][DPSF] Invalid fit params: finite=1 A=10813.91 sx=0.3000 sy=2.3494
[2026-07-28 23:10:47][WARN][DPSF] Invalid fit params: finite=1 A=11700.06 sx=3.3668 sy=0.3000
[2026-07-28 23:10:47][WARN][DPSF] Invalid fit params: finite=1 A=6310.48 sx=0.3000 sy=3.6053
[2026-07-28 23:10:47][WARN][DPSF] Invalid fit params: finite=1 A=15944.63 sx=2.1447 sy=0.3000
[2026-07-28 23:10:47][WARN][DPSF] Invalid fit params: finite=1 A=17925.45 sx=0.3000 sy=2.2192
[2026-07-28 23:10:47][WARN][DPSF] Invalid fit params: finite=1 A=27662.27 sx=0.3000 sy=0.3666
[2026-07-28 23:10:47][WARN][DPSF] Invalid fit params: finite=1 A=14486.03 sx=0.3000 sy=0.5826
[2026-07-28 23:10:47][WARN][DPSF] Invalid fit params: finite=1 A=8440.96 sx=0.3000 sy=1.4427
[2026-07-28 23:10:47][WARN][DPSF] Invalid fit params: finite=1 A=8343.32 sx=0.3000 sy=1.2698
[2026-07-28 23:10:47][WARN][DPSF] Invalid fit params: finite=1 A=7849.30 sx=0.3000 sy=1.5111
[2026-07-28 23:10:47][WARN][DPSF] Invalid fit params: finite=1 A=7787.79 sx=2.3415 sy=0.3000
[2026-07-28 23:10:47][WARN][DPSF] Invalid fit params: finite=1 A=7014.31 sx=0.3000 sy=1.1652
[2026-07-28 23:10:47][WARN][DPSF] Invalid fit params: finite=1 A=5485.10 sx=0.3000 sy=3.0868
[2026-07-28 23:10:47][WARN][DPSF] Invalid fit params: finite=1 A=7619.16 sx=0.3000 sy=1.2874
[2026-07-28 23:10:47][WARN][DPSF] Invalid fit params: finite=1 A=6757.85 sx=1.0081 sy=0.3000
[2026-07-28 23:10:47][WARN][DPSF] Invalid fit params: finite=1 A=7047.15 sx=0.9945 sy=0.3000
[2026-07-28 23:10:47][WARN][DPSF] Invalid fit params: finite=1 A=5506.23 sx=1.9084 sy=0.3000
[2026-07-28 23:10:47][WARN][DPSF] Invalid fit params: finite=1 A=6371.70 sx=0.3000 sy=1.3691
[2026-07-28 23:10:47][WARN][DPSF] Invalid fit params: finite=1 A=4562.94 sx=0.3000 sy=2.5503
[2026-07-28 23:10:47][WARN][DPSF] Invalid fit params: finite=1 A=4655.97 sx=2.0134 sy=0.3000
[2026-07-28 23:10:47][WARN][DPSF] Invalid fit params: finite=1 A=4778.56 sx=2.5583 sy=0.3000
[2026-07-28 23:10:47][WARN][DPSF] Invalid fit params: finite=1 A=6096.95 sx=0.3000 sy=0.8350
[2026-07-28 23:10:47][WARN][DPSF] Invalid fit params: finite=1 A=4343.35 sx=1.2565 sy=0.3000
[2026-07-28 23:10:47][WARN][DPSF] Invalid fit params: finite=1 A=5694.13 sx=0.3000 sy=1.7367
[2026-07-28 23:10:47][WARN][DPSF] Invalid fit params: finite=1 A=5266.05 sx=1.2230 sy=0.3000
[2026-07-28 23:10:47][WARN][DPSF] Invalid fit params: finite=1 A=6243.87 sx=1.4821 sy=0.3000
[2026-07-28 23:10:47][WARN][DPSF] Invalid fit params: finite=1 A=5493.01 sx=0.3000 sy=1.4141
[2026-07-28 23:10:47][WARN][DPSF] Invalid fit params: finite=1 A=4983.61 sx=2.1564 sy=0.3000
[2026-07-28 23:10:47][WARN][DPSF] Invalid fit params: finite=1 A=4598.03 sx=1.6796 sy=0.3000
[2026-07-28 23:10:47][WARN][DPSF] Invalid fit params: finite=1 A=4810.25 sx=1.4673 sy=0.3000
[2026-07-28 23:10:47][WARN][DPSF] Invalid fit params: finite=1 A=5569.22 sx=0.3000 sy=2.1165
[2026-07-28 23:10:47][WARN][DPSF] Invalid fit params: finite=1 A=3457.61 sx=2.2636 sy=0.3000
[2026-07-28 23:10:47][WARN][DPSF] Invalid fit params: finite=1 A=4142.29 sx=1.8087 sy=0.3000
[2026-07-28 23:10:47][WARN][DPSF] Invalid fit params: finite=1 A=3858.72 sx=0.3000 sy=1.9165
[2026-07-28 23:10:47][WARN][DPSF] Invalid fit params: finite=1 A=4344.54 sx=1.8971 sy=0.3000
[2026-07-28 23:10:47][WARN][DPSF] Invalid fit params: finite=1 A=2962.42 sx=0.3000 sy=1.7928
[2026-07-28 23:10:47][WARN][DPSF] Invalid fit params: finite=1 A=10686.76 sx=2.1294 sy=0.3000
[2026-07-28 23:10:47][INFO][orchestrator] [PSF] 拟合完成: 1267/1386 成功 (91%)
[2026-07-28 23:10:47][DEBUG][PIPELINE] add_block: 'psf' type=1 count=12474 (99792 bytes)
[2026-07-28 23:10:47][INFO][orchestrator] [PSF] 完成: 1386 颗星, 1267 成功
[2026-07-28 23:10:47][INFO][orchestrator] [0.337979s] PSF 完成
[2026-07-28 23:10:47][INFO][orchestrator] ---------- stage1 阶段: PHOTOMETRIC ----------
[2026-07-28 23:10:47][INFO][orchestrator] [PHOTOMETRIC] 开始
[2026-07-28 23:10:47][INFO][orchestrator] [PHOTOMETRIC] 图像: 4096x4096
[2026-07-28 23:10:47][INFO][orchestrator] [PHOTOMETRIC] psf: 1386 颗星
[2026-07-28 23:10:47][INFO][orchestrator] [PHOTOMETRIC] FILTER='H-alpha' -> 'Baader 7nm H-alpha'
[2026-07-28 23:10:47][INFO][orchestrator] [PHOTOMETRIC] filters_json: f:\Astro dev\Astro CS Normalization Database\lib/photometric_calib/data/response_curves/filters.json
[2026-07-28 23:10:47][INFO][orchestrator] [PHOTOMETRIC] 滤光片: 21 点
[2026-07-28 23:10:47][INFO][orchestrator] [PHOTOMETRIC] qe_curves_json: f:\Astro dev\Astro CS Normalization Database\lib/photometric_calib/data/response_curves/qe_curves.json
[2026-07-28 23:10:47][INFO][orchestrator] [PHOTOMETRIC] QE 曲线 'GSENSE2020BSI': 447 点
[2026-07-28 23:10:47][INFO][orchestrator] [PHOTOMETRIC] spectrum_wl: 343 点
[2026-07-28 23:10:47][INFO][orchestrator] [PHOTOMETRIC] FOV 半径: 0.933493deg
[2026-07-28 23:10:47][INFO][orchestrator] [PHOTOMETRIC] 调用 pc_calibrate_simple_with_gaia (mag_min=6.0, mag_max=16.0, fov=0.933deg) ...
[pc_api] ====== pc_calibrate_simple_with_gaia 开始 ======
[pc_api] OpenMP线程数: 16
[INFO] 锥形搜索: ra=248.6099 dec=-15.7596 r=0.933 mag_min=6.0 (自适应迭代 mag_max, 不缩小半径)
[INFO] 自适应星等查询: mag_max=12.0
[INFO] 自适应星等查询: mag_max=12.0, n_gaia=91
[INFO] 自适应星等查询: mag_max=13.0
[INFO] 自适应星等查询: mag_max=13.0, n_gaia=252
[INFO] 自适应星等查询: mag_max=14.0
[INFO] 自适应星等查询: mag_max=14.0, n_gaia=624
[INFO] 自适应星等查询: mag_max=15.0
[INFO] 自适应星等查询: mag_max=15.0, n_gaia=1374
[INFO] 自适应星等查询: mag_max=16.0
[INFO] 自适应星等查询: mag_max=16.0, n_gaia=2995
[INFO] 自适应星等查询完成: mag_max=16.0, n_gaia=2995
[pc_api] 搜索到 2995 颗光谱星, 光谱点数=343 (wl_start=336, wl_step=2)
[INFO] [spec_int] prepare_filter_cache: 滤光片 21 点 + QE 447 点 -> 光谱 343 点, 范围 F[640.0,672.0] Q[204.0,1096.0] nm
[INFO] 滤光片/QE 预处理完成: filter=21 点, qe=447 点 -> 光谱 343 点
[pc_api] F_syn 并行计算完成: 2995/2995 颗有效
[INFO] [pc_api] P12-001 阶段1: spectrum_rows_total=2995, valid_fsyn=2995
[wcs_transform] 初始化: CRVAL=(248.609878,-15.759631), CRPIX=(2048.500,2048.500), CD=[3.294e-06,2.686e-04;-2.685e-04,3.360e-06], det=7.214e-08, sip_order=3
[INFO] [star_matcher] 初始化: KD-tree + IRLS/Tukey 清洗 (GAP-013)
[INFO] [star_matcher] P12-001 阶段2: gaia_projected_in_frame=1209 / 2995
[INFO] [star_matcher] P12-001 阶段3: psf_total=1386, psf_valid=1267
[INFO] [star_matcher] PSF有效星: 1267 / 1386, Gaia星: 2995, 匹配半径: 2.00 px
[INFO] [star_matcher] P12-002 正向匹配 (PSF→Gaia): 931 / 1267 命中
[INFO] [star_matcher] P12-002 反向匹配 (Gaia→PSF): 931 / 2995 命中
[INFO] [star_matcher] P12-002 阶段4/5/6: spatial_candidates=931 (正向命中), unique_matches=931 (双向唯一), rejected_ambiguous=0 (非互为最近邻), rejected_distance=336 (距离超阈值)
[INFO] [star_matcher] P12-001 阶段8: match_distance median=0.5306 p90=0.9181 max=1.9535 px
[INFO] [star_matcher] P12-002 KD-tree 双向匹配完成: 931 对 (正向 931, 歧义 0)
[INFO] [star_matcher] cleanAndScale: 输入 931 颗, 星等容忍 3.00 mag
[INFO] [star_matcher] 星等一致性: 通过 930, 拒绝 1 (median_delta=-27.1027, tol=3.00 mag)
[INFO] [star_matcher] IRLS 初始: location=5.065405, MAD=0.041790, S=0.061957
[INFO] [star_matcher] IRLS 收敛于迭代 6: location=5.073725
[INFO] [star_matcher] 亮度比例一致性:
[INFO]   - 输入匹配: 931
[INFO]   - 星等一致性通过: 930 (拒绝 1)
[INFO]   - IRLS inliers: 910 (outliers: 20)
[INFO]   - location(r) = 5.073725 (dex), scale = 10^(-location) = 8.438682e-06
[INFO]   - MAD(r) = 0.041790, S = 0.061957, sigma_residual = 0.066902
[INFO]   - r_inliers 范围: [4.854756, 5.359634] (spread 0.504878 dex = 1.262 mag)
[INFO] [star_matcher] 清洗完成: 保留 910, 排除 21 (无效/星等不一致/IRLS离群)
[INFO] [star_matcher] P12-001 阶段6/7/8: rejected_quality=21 (invalid=0 + mag=1 + irls=20), fit_used=910, robust_iterations=7, scale=8.438682e-06, sigma=0.066902
[INFO] [star_matcher] P12-001 阶段8: r_inliers median=5.064492 p90=5.190547 max=5.359634 dex
[pc_api] 匹配+清洗完成: 910 颗, scale=8.438682e-06, sigma_residual=0.066902
[image_corrector] 图像校正: 4096x4096, scale=8.438682e-06, 并行16线程
[image_corrector] 校正完成
[pc_api] ====== pc_calibrate_simple_with_gaia 完成: n_matched=910, scale=8.438682e-06, sigma_residual=0.066902 ======
[2026-07-28 23:10:47][INFO][orchestrator] [PHOTOMETRIC] 完成: n_matched=910, scale=0.000008, sigma_residual=0.066902
[2026-07-28 23:10:47][DEBUG][PIPELINE] remove_block: 'data' removed (n_blocks=4)
[2026-07-28 23:10:47][DEBUG][PIPELINE] add_block_move: 'data' type=0 count=16777216 (moved ptr=00000164daa17040)
[2026-07-28 23:10:47][INFO][orchestrator] [PHOTOMETRIC] photometry_report.json 已生成: f:\Astro dev\Astro CS Normalization Database\engineering_v1.3\evidence\P12-004\raw_logs\T2_HA_LDN43\photometry_report.json
[2026-07-28 23:10:47][INFO][orchestrator] [PHOTOMETRIC] photo_stats 已写入 (含 17 个诊断字段)
[2026-07-28 23:10:47][INFO][orchestrator] [0.030871s] PHOTOMETRIC 完成
[2026-07-28 23:10:47][INFO][orchestrator] ---------- stage1 阶段: SNR ----------
[2026-07-28 23:10:47][INFO][orchestrator] [SNR] 开始
[2026-07-28 23:10:47][INFO][orchestrator] [SNR] SIP 前向系数加载: A_ORDER=3 B_ORDER=3 (P03-004 WCS+SIP 一致性)
[2026-07-28 23:10:47][INFO][orchestrator] [SNR] n_stars=1386 sigma_residual=0.066902 CRVAL=(248.609878,-15.759631) CRPIX=(2048.500000,2048.500000) SIP(a_order=3, b_order=3)
[snr_model] SNR_phot = 6.491502
[snr_model] PSF stars: total=1386 valid=499 skipped=887 (status=119 A<=B=768 mad<=0=0)
[snr_model] median(SNR_psf) = 63.524052
[snr_model] WCS+SIP: a_order=3 b_order=3 (前向 SIP 启用, 与 drizzle WcsSip.pixelToSky 一致)
[snr_model] ctrl_point[0]: ra=248.444442 dec=-16.272441 snr_psf=34.6098 (src px x=3957.02 y=1429.99)
[snr_model] ctrl_point[1]: ra=249.131040 dec=-15.705849 snr_psf=37.2120 (src px x=1872.02 y=3924.99)
[snr_model] ctrl_point[2]: ra=248.614543 dec=-16.215872 snr_psf=39.5443 (src px x=3751.07 y=2043.04)
[snr_model] done: n_points=499, snr_phot=6.491502, median=63.524052, power=2.0
[2026-07-28 23:10:47][INFO][orchestrator] [SNR] 提取稀疏控制点: n_points=499, snr_phot=6.491502, median_snr=63.524052, idw_power=2.000000
[2026-07-28 23:10:47][DEBUG][PIPELINE] add_block_move: 'snr_model' type=6 count=10008 (moved ptr=000001550466cbd0)
[2026-07-28 23:10:47][INFO][orchestrator] [SNR] 完成 (snr_model 块已写入, payload=10008B)
[2026-07-28 23:10:47][INFO][orchestrator] [0.001409s] SNR 完成
[2026-07-28 23:10:47][INFO][orchestrator] ---------- stage1 阶段: DRIZZLE ----------
[2026-07-28 23:10:47][INFO][orchestrator] [DRIZZLE] 开始
[2026-07-28 23:10:47][INFO][orchestrator] [NSIDE] 自适应: pixel_scale=0.967"/px, strategy=1x_to_2x_drizzle, nside=2048
[2026-07-28 23:10:47][INFO][orchestrator] [DRIZZLE] nside=2048 (strategy=1x_to_2x_drizzle, override=0, cd11=0.000003 cd12=0.000269), pixfrac=1.000, nested=1
[2026-07-28 23:10:47][INFO][orchestrator] [DRIZZLE] 输出: f:\Astro dev\Astro CS Normalization Database\engineering_v1.3\evidence\P12-004\raw_logs\T2_HA_LDN43\T2_HA_LDN43.hiss
[hp_drizzle_api] hp_drizzle_run: 开始 (nside=2048, nested=1, pixfrac=1.0000, output=f:\Astro dev\Astro CS Normalization Database\engineering_v1.3\evidence\P12-004\raw_logs\T2_HA_LDN43\T2_HA_LDN43.hiss)
[hp_drizzle_api] hp_drizzle_run: data 块 4096x4096 float32
[hp_drizzle_api] hp_drizzle_run: WCS CRVAL=(248.609878,-15.759631) CRPIX=(2048.500,2048.500) CD=[3.294e-06,2.686e-04,-2.685e-04,3.360e-06]
[hp_drizzle_api] hp_drizzle_run: SIP A_ORDER=3 B_ORDER=3 AP_ORDER=3 BP_ORDER=3
[hp_drizzle_api] hp_drizzle_run: snr_model 块加载: n_points=499, snr_phot=6.4915, median_snr=63.5241, idw_power=2.00
[snr_evaluator] build 成功: 499 控制点 (有效 499/499), snr_phot=6.4915, median_snr=63.5241, idw_power=2.00
[wcs_sip] WCS 初始化: CRVAL=(248.609878, -15.759631)°, CRPIX=(2048.500, 2048.500), CD=[3.294e-06, 2.686e-04; -2.685e-04, 3.360e-06], det=7.214e-08
[wcs_sip] SIP: A/B order=3, AP/BP order=3
[hp_drizzle_api] hp_drizzle_run: SNR 重建完成 (16777216 像素)
[wcs_sip] WCS 初始化: CRVAL=(248.609878, -15.759631)°, CRPIX=(2048.500, 2048.500), CD=[3.294e-06, 2.686e-04; -2.685e-04, 3.360e-06], det=7.214e-08
[wcs_sip] SIP: A/B order=3, AP/BP order=3
[drizzle_engine] HEALPix: nside=2048 nested=1 npix=50331648 res=103.06"
[drizzle_engine] 完成: 16777216 源像素 → 1572 HEALPix 像素, 耗时 15.425s
[hp_drizzle_api] hp_drizzle_run: Drizzle 完成 (16777216 源像素 → 1572 HEALPix 像素, 耗时 15.425s)
[hp_drizzle_api] hp_drizzle_run: 写入 .hiss (filter=H-alpha, exptime=1200.0, date=2025-05-03T04:30:01, fits_meta=15)
[drizzle_engine] 写入 1572 个 HEALPix 像素到 f:\Astro dev\Astro CS Normalization Database\engineering_v1.3\evidence\P12-004\raw_logs\T2_HA_LDN43\T2_HA_LDN43.hiss
[drizzle_engine] hiss_write_snr_model: meta_json=722 bytes, n_points=499
[hio] hiss_write_snr_model: path=f:\Astro dev\Astro CS Normalization Database\engineering_v1.3\evidence\P12-004\raw_logs\T2_HA_LDN43\T2_HA_LDN43.hiss nside=2048 n_pix=1572 has_snr=1 n_points=499
[hio] hiss_write_snr_model: 写入完成: f:\Astro dev\Astro CS Normalization Database\engineering_v1.3\evidence\P12-004\raw_logs\T2_HA_LDN43\T2_HA_LDN43.hiss (has_snr=1 n_points=499)
[drizzle_engine] 写入成功: f:\Astro dev\Astro CS Normalization Database\engineering_v1.3\evidence\P12-004\raw_logs\T2_HA_LDN43\T2_HA_LDN43.hiss (1572 像素)
[hp_drizzle_api] hp_drizzle_run: .hiss 已写入 f:\Astro dev\Astro CS Normalization Database\engineering_v1.3\evidence\P12-004\raw_logs\T2_HA_LDN43\T2_HA_LDN43.hiss
[2026-07-28 23:11:12][INFO][orchestrator] [DRIZZLE] 完成: n_healpix=1572 n_source=16777216 耗时=15.424927s
[2026-07-28 23:11:12][INFO][orchestrator] [25.478058s] DRIZZLE 完成
[2026-07-28 23:11:12][DEBUG][PIPELINE] frame_destroy: ok
[2026-07-28 23:11:12][INFO][orchestrator] ========== stage1 完成 (成功) ==========
[2026-07-28 23:11:12][INFO][orchestrator] [PLATESOLVE] 释放环境资源
[2026-07-28 23:11:12][INFO][SDET] StarDetector destroyed
[2026-07-28 23:11:12][INFO][orchestrator] 析构完成
[dll_loader] 卸载所有模块
[dll_loader] 卸载模块 CALIBRATE
[dll_loader] 卸载模块 PLATESOLVE
[dll_loader] 卸载模块 PSF
[dll_loader] 卸载模块 PHOTOMETRIC
[dll_loader] 卸载模块 SNR
[dll_loader] 卸载模块 DRIZZLE
[dll_loader] 卸载模块 GRADIENT_SPHERE
[dll_loader] 卸载模块 AIO
