[  2%] Built target astrocs_common
[  5%] Built target astrocs_core
[ 27%] Built target astrocs_cfitsio
[ 31%] Built target astrocs_cpu
[ 32%] Built target astrocs_cpu_avx2
[ 32%] Built target astrocs_cpu_avx512
[ 32%] Built target astrocs_phase1_wcs
[ 33%] Built target astrocs_phase1_phot
[ 33%] Built target astrocs_phase1_noise
[ 34%] Built target astrocs_phase1_stars
[ 34%] Built target core_contracts_test
[ 35%] Built target core_artifact_test
[ 36%] Built target core_module_test
[ 37%] Built target core_pipeline_test
[ 38%] Built target core_context_test
[ 38%] Built target core_scheduler_test
[ 39%] Built target core_checkpoint_test
[ 40%] Built target core_logging_test
[ 40%] Built target rt001_abi_test
[ 41%] Built target rt002_budget_test
[ 42%] Built target rt003_context_test
[ 43%] Built target io_reentrant_test
[ 44%] Built target rt007_artifact_store_test
[ 45%] Built target cpu_abi_test
[ 46%] Built target cpu_lease_test
[ 47%] Built target cpu_provider_test
[ 48%] Built target cpu_features_test
[ 49%] Built target cpu_bench_test
[ 49%] Built target cpu_fallback_test
[ 50%] Built target cpu_profile_test
[ 50%] Built target cpu003_profile_v2_test
[ 51%] Built target mon001_recorder_test
[ 52%] Built target cpu004_routing_test
[ 52%] Built target mon002_gate_test
[ 53%] Built target cpu001_provider_selftest_baseline
[ 56%] Built target cpu001_provider_selftest_avx512
[ 56%] Built target cpu001_provider_selftest_avx2
[ 57%] Built target cpu001_negative_test
[ 57%] Built target cpu_monitor_test
[ 58%] Built target p1_wcs_phot_test
[ 58%] Built target p1_stars_test
[ 59%] Built target p1_noise_test
[ 59%] Built target p2_upm_synthetic_test
[ 59%] Built target p2_ir_facade_test
[ 60%] Built target p2_seam_gate_test
[ 60%] Built target p3_interp_test
[ 61%] Built target p3_coverage_test
[ 62%] Built target astrocs_io
[ 65%] Built target astrocs_aio
[ 66%] Built target io_adapter_test
[ 70%] Built target astrocs_hips
[ 72%] Built target astrocs_calibration
[ 74%] Built target astrocs_phase3_session
[ 74%] Built target io_ownership_test
[ 75%] Built target p1_nside_test
[ 76%] Built target p1_hips_writer_test
[ 76%] Built target p1_ir_facade_test
[ 77%] Built target p1_resource_test
[ 78%] Built target p3_wcs_test
[ 79%] Built target p3_assembly_test
[ 80%] Built target p3_output_test
[ 80%] Building CXX object CMakeFiles/astrocs_phase2.dir/lib/phase2/src/rejection.cpp.o
[ 84%] Built target astrocs_drizzle
[ 85%] Built target astrocs_phase1_session
[ 85%] Building CXX object CMakeFiles/astrocs_phase2.dir/lib/phase2/src/sampler.cpp.o
[ 86%] Built target p1_calibration_test
[ 87%] Linking CXX static library libastrocs_phase2.a
[ 90%] Built target astrocs_phase2
[ 90%] Linking CXX executable p2_workers_test
[ 90%] Built target astrocs_phase2_session
[ 91%] Linking CXX executable p2_block_plan_test
[ 91%] Built target p2_block_plan_test
[ 92%] Built target p2_workers_test
[ 92%] Linking CXX executable p2_rejection_test
[ 92%] Linking CXX executable p2_output_semantics_test
[ 93%] Built target p2_output_semantics_test
[ 94%] Built target p2_rejection_test
[ 95%] Built target astrocs_module_adapters
[ 96%] Built target astrocs_cli_runtime
[ 96%] Linking CXX executable rt005_registry_test
[ 96%] Linking CXX executable rt006_scheduler_test
[ 96%] Built target rt005_registry_test
[ 97%] Linking CXX executable rt008_runtime_client_test
[ 97%] Built target rt006_scheduler_test
[ 98%] Linking CXX executable rt009_node_trace_test
[ 98%] Built target rt009_node_trace_test
[ 98%] Linking CXX executable p1001_modules_test
[ 98%] Built target rt008_runtime_client_test
[ 98%] Linking CXX executable astrocs
[ 99%] Built target p1001_modules_test
[100%] Built target astrocs
