Checking cli/commands.cpp ...
cli/commands.cpp:0:0: information: Limiting analysis of branches. Use --check-level=exhaustive to analyze all branches. [normalCheckLevelMaxBranches]

^
third_party/nlohmann/json.hpp:9240:26: performance: Function 'get_position()' should return member 'position' by const reference. [returnByReference]
    constexpr position_t get_position() const noexcept
                         ^
Checking cli/commands.cpp: JSON_ASSERT...
third_party/nlohmann/json.hpp:3324:5: error: syntax error [syntaxError]
    JSON_ASSERT(!f.empty());
    ^
Checking cli/commands.cpp: JSON_CATCH_USER...
third_party/nlohmann/json.hpp:16251:21: error: syntax error [syntaxError]
                    JSON_INTERNAL_CATCH (detail::out_of_range&)
                    ^
Checking cli/commands.cpp: JSON_DISABLE_ENUM_SERIALIZATION=0...
Checking cli/commands.cpp: JSON_HAS_CPP_11;JSON_HAS_CPP_14;JSON_HAS_CPP_17;JSON_HAS_CPP_20;JSON_HAS_CPP_23;JSON_HAS_CPP_26...
Checking cli/commands.cpp: JSON_HAS_CPP_11;JSON_HAS_CPP_14;JSON_HAS_CPP_17;JSON_HAS_CPP_20;JSON_HAS_CPP_23;JSON_HAS_CPP_26;_HAS_CXX14...
Checking cli/commands.cpp: JSON_HAS_CPP_11;JSON_HAS_CPP_14;JSON_HAS_CPP_17;JSON_HAS_CPP_20;JSON_HAS_CPP_23;JSON_HAS_CPP_26;_HAS_CXX17...
Checking cli/commands.cpp: JSON_HAS_CPP_11;JSON_HAS_CPP_14;JSON_HAS_CPP_17;JSON_HAS_CPP_20;JSON_HAS_CPP_23;JSON_HAS_CPP_26;_MSVC_LANG...
Checking cli/commands.cpp: JSON_HAS_EXPERIMENTAL_FILESYSTEM;JSON_HAS_FILESYSTEM...
Checking cli/commands.cpp: JSON_HAS_EXPERIMENTAL_FILESYSTEM;JSON_HAS_FILESYSTEM;_MSC_VER...
Checking cli/commands.cpp: JSON_HAS_EXPERIMENTAL_FILESYSTEM;JSON_HAS_FILESYSTEM;__IPHONE_OS_VERSION_MIN_REQUIRED...
Checking cli/commands.cpp: JSON_HAS_EXPERIMENTAL_FILESYSTEM;JSON_HAS_FILESYSTEM;__MAC_OS_X_VERSION_MIN_REQUIRED...
1/77 files checked 4% done
Checking cli/main.cpp ...
cli/main.cpp:0:0: information: Limiting analysis of branches. Use --check-level=exhaustive to analyze all branches. [normalCheckLevelMaxBranches]

^
Checking cli/main.cpp: JSON_ASSERT...
Checking cli/main.cpp: JSON_CATCH_USER...
Checking cli/main.cpp: JSON_DISABLE_ENUM_SERIALIZATION=0...
Checking cli/main.cpp: JSON_HAS_CPP_11;JSON_HAS_CPP_14;JSON_HAS_CPP_17;JSON_HAS_CPP_20;JSON_HAS_CPP_23;JSON_HAS_CPP_26...
Checking cli/main.cpp: JSON_HAS_CPP_11;JSON_HAS_CPP_14;JSON_HAS_CPP_17;JSON_HAS_CPP_20;JSON_HAS_CPP_23;JSON_HAS_CPP_26;_HAS_CXX14...
Checking cli/main.cpp: JSON_HAS_CPP_11;JSON_HAS_CPP_14;JSON_HAS_CPP_17;JSON_HAS_CPP_20;JSON_HAS_CPP_23;JSON_HAS_CPP_26;_HAS_CXX17...
Checking cli/main.cpp: JSON_HAS_CPP_11;JSON_HAS_CPP_14;JSON_HAS_CPP_17;JSON_HAS_CPP_20;JSON_HAS_CPP_23;JSON_HAS_CPP_26;_MSVC_LANG...
Checking cli/main.cpp: JSON_HAS_EXPERIMENTAL_FILESYSTEM;JSON_HAS_FILESYSTEM...
Checking cli/main.cpp: JSON_HAS_EXPERIMENTAL_FILESYSTEM;JSON_HAS_FILESYSTEM;_MSC_VER...
Checking cli/main.cpp: JSON_HAS_EXPERIMENTAL_FILESYSTEM;JSON_HAS_FILESYSTEM;__IPHONE_OS_VERSION_MIN_REQUIRED...
Checking cli/main.cpp: JSON_HAS_EXPERIMENTAL_FILESYSTEM;JSON_HAS_FILESYSTEM;__MAC_OS_X_VERSION_MIN_REQUIRED...
2/77 files checked 4% done
Checking cli/parser.cpp ...
cli/parser.cpp:0:0: information: Limiting analysis of branches. Use --check-level=exhaustive to analyze all branches. [normalCheckLevelMaxBranches]

^
Checking cli/parser.cpp: JSON_ASSERT...
Checking cli/parser.cpp: JSON_CATCH_USER...
Checking cli/parser.cpp: JSON_DISABLE_ENUM_SERIALIZATION=0...
Checking cli/parser.cpp: JSON_HAS_CPP_11;JSON_HAS_CPP_14;JSON_HAS_CPP_17;JSON_HAS_CPP_20;JSON_HAS_CPP_23;JSON_HAS_CPP_26...
Checking cli/parser.cpp: JSON_HAS_CPP_11;JSON_HAS_CPP_14;JSON_HAS_CPP_17;JSON_HAS_CPP_20;JSON_HAS_CPP_23;JSON_HAS_CPP_26;_HAS_CXX14...
Checking cli/parser.cpp: JSON_HAS_CPP_11;JSON_HAS_CPP_14;JSON_HAS_CPP_17;JSON_HAS_CPP_20;JSON_HAS_CPP_23;JSON_HAS_CPP_26;_HAS_CXX17...
Checking cli/parser.cpp: JSON_HAS_CPP_11;JSON_HAS_CPP_14;JSON_HAS_CPP_17;JSON_HAS_CPP_20;JSON_HAS_CPP_23;JSON_HAS_CPP_26;_MSVC_LANG...
Checking cli/parser.cpp: JSON_HAS_EXPERIMENTAL_FILESYSTEM;JSON_HAS_FILESYSTEM...
Checking cli/parser.cpp: JSON_HAS_EXPERIMENTAL_FILESYSTEM;JSON_HAS_FILESYSTEM;_MSC_VER...
Checking cli/parser.cpp: JSON_HAS_EXPERIMENTAL_FILESYSTEM;JSON_HAS_FILESYSTEM;__IPHONE_OS_VERSION_MIN_REQUIRED...
Checking cli/parser.cpp: JSON_HAS_EXPERIMENTAL_FILESYSTEM;JSON_HAS_FILESYSTEM;__MAC_OS_X_VERSION_MIN_REQUIRED...
3/77 files checked 5% done
Checking cli/runtime_client.cpp ...
cli/runtime_client.cpp:0:0: information: Limiting analysis of branches. Use --check-level=exhaustive to analyze all branches. [normalCheckLevelMaxBranches]

^
cli/runtime_client.cpp:176:8: warning: Either the condition 'err' is redundant or there is possible null pointer dereference: err. [nullPointerRedundantCheck]
  if (!err->empty()) return "";  // 任一 phase config 缺失 → 整体失败
       ^
cli/runtime_client.cpp:178:9: note: Assuming that condition 'err' is not redundant
    if (err) *err = "no phases requested";
        ^
cli/runtime_client.cpp:176:8: note: Null pointer dereference
  if (!err->empty()) return "";  // 任一 phase config 缺失 → 整体失败
       ^
Checking cli/runtime_client.cpp: JSON_ASSERT...
Checking cli/runtime_client.cpp: JSON_CATCH_USER...
Checking cli/runtime_client.cpp: JSON_DISABLE_ENUM_SERIALIZATION=0...
Checking cli/runtime_client.cpp: JSON_HAS_CPP_11;JSON_HAS_CPP_14;JSON_HAS_CPP_17;JSON_HAS_CPP_20;JSON_HAS_CPP_23;JSON_HAS_CPP_26...
Checking cli/runtime_client.cpp: JSON_HAS_CPP_11;JSON_HAS_CPP_14;JSON_HAS_CPP_17;JSON_HAS_CPP_20;JSON_HAS_CPP_23;JSON_HAS_CPP_26;_HAS_CXX14...
Checking cli/runtime_client.cpp: JSON_HAS_CPP_11;JSON_HAS_CPP_14;JSON_HAS_CPP_17;JSON_HAS_CPP_20;JSON_HAS_CPP_23;JSON_HAS_CPP_26;_HAS_CXX17...
Checking cli/runtime_client.cpp: JSON_HAS_CPP_11;JSON_HAS_CPP_14;JSON_HAS_CPP_17;JSON_HAS_CPP_20;JSON_HAS_CPP_23;JSON_HAS_CPP_26;_MSVC_LANG...
Checking cli/runtime_client.cpp: JSON_HAS_EXPERIMENTAL_FILESYSTEM;JSON_HAS_FILESYSTEM...
Checking cli/runtime_client.cpp: JSON_HAS_EXPERIMENTAL_FILESYSTEM;JSON_HAS_FILESYSTEM;_MSC_VER...
Checking cli/runtime_client.cpp: JSON_HAS_EXPERIMENTAL_FILESYSTEM;JSON_HAS_FILESYSTEM;__IPHONE_OS_VERSION_MIN_REQUIRED...
Checking cli/runtime_client.cpp: JSON_HAS_EXPERIMENTAL_FILESYSTEM;JSON_HAS_FILESYSTEM;__MAC_OS_X_VERSION_MIN_REQUIRED...
4/77 files checked 6% done
Checking lib/astro_image_io/src/aio_api.cpp ...
lib/astro_image_io/src/aio_api.cpp:136:5: portability: Using memset() on struct which contains a floating point number. [memsetClassFloat]
    memset(&meta, 0, sizeof(meta));
    ^
lib/astro_image_io/src/aio_api.cpp:199:5: portability: Using memset() on struct which contains a floating point number. [memsetClassFloat]
    memset(&m, 0, sizeof(m));
    ^
Checking lib/astro_image_io/src/aio_api.cpp: AIO_ENABLE_FITS...
Checking lib/astro_image_io/src/aio_api.cpp: AIO_ENABLE_XISF...
Checking lib/astro_image_io/src/aio_api.cpp: _WIN32...
5/77 files checked 7% done
Checking lib/astro_image_io/src/aio_compressor.cpp ...
Checking lib/astro_image_io/src/aio_compressor.cpp: HAS_LZ4...
Checking lib/astro_image_io/src/aio_compressor.cpp: HAS_ZSTD...
Checking lib/astro_image_io/src/aio_compressor.cpp: _WIN32...
6/77 files checked 7% done
Checking lib/astro_image_io/src/aio_fits.cpp ...
lib/astro_image_io/src/aio_fits.cpp:0:0: information: Limiting analysis of branches. Use --check-level=exhaustive to analyze all branches. [normalCheckLevelMaxBranches]

^
lib/astro_image_io/src/aio_fits.cpp:378:5: portability: Using memset() on struct which contains a floating point number. [memsetClassFloat]
    memset(&wcs, 0, sizeof(wcs));
    ^
lib/astro_image_io/src/aio_fits.cpp:421:5: portability: Using memset() on struct which contains a floating point number. [memsetClassFloat]
    memset(&obs, 0, sizeof(obs));
    ^
lib/astro_image_io/src/aio_fits.cpp:456:5: portability: Using memset() on struct which contains a floating point number. [memsetClassFloat]
    memset(&cal, 0, sizeof(cal));
    ^
lib/astro_image_io/src/aio_fits.cpp:239:28: portability: Casting between const unsigned char * and const float * which have an incompatible binary data representation. [invalidPointerCast]
        const float *src = (const float *)raw;
                           ^
lib/astro_image_io/src/aio_fits.cpp:249:29: portability: Casting between const unsigned char * and const double * which have an incompatible binary data representation. [invalidPointerCast]
        const double *src = (const double *)raw;
                            ^
lib/astro_image_io/src/aio_fits.cpp:318:28: portability: Casting between const unsigned char * and const float * which have an incompatible binary data representation. [invalidPointerCast]
        const float *src = (const float *)raw;
                           ^
lib/astro_image_io/src/aio_fits.cpp:328:29: portability: Casting between const unsigned char * and const double * which have an incompatible binary data representation. [invalidPointerCast]
        const double *src = (const double *)raw;
                            ^
lib/astro_image_io/src/aio_fits.cpp:47:43: performance: Ineffective call of function 'substr' because a prefix of the string is assigned to itself. Use resize() or pop_back() instead. [uselessCallsSubstr]
        if (end != std::string::npos) v = v.substr(0, end + 1);
                                          ^
Checking lib/astro_image_io/src/aio_fits.cpp: _WIN32...
7/77 files checked 10% done
Checking lib/astro_image_io/src/aio_log.cpp ...
Checking lib/astro_image_io/src/aio_log.cpp: _WIN32...
8/77 files checked 10% done
Checking lib/astro_image_io/src/aio_pipeline.cpp ...
lib/astro_image_io/src/aio_pipeline.cpp:0:0: information: Limiting analysis of branches. Use --check-level=exhaustive to analyze all branches. [normalCheckLevelMaxBranches]

^
Checking lib/astro_image_io/src/aio_pipeline.cpp: _WIN32...
9/77 files checked 13% done
Checking lib/astro_image_io/src/aio_upm.cpp ...
lib/astro_image_io/src/aio_upm.cpp:0:0: information: Limiting analysis of branches. Use --check-level=exhaustive to analyze all branches. [normalCheckLevelMaxBranches]

^
Checking lib/astro_image_io/src/aio_upm.cpp: JSON_ASSERT...
Checking lib/astro_image_io/src/aio_upm.cpp: JSON_CATCH_USER...
Checking lib/astro_image_io/src/aio_upm.cpp: JSON_DISABLE_ENUM_SERIALIZATION=0...
Checking lib/astro_image_io/src/aio_upm.cpp: JSON_HAS_CPP_11;JSON_HAS_CPP_14;JSON_HAS_CPP_17;JSON_HAS_CPP_20;JSON_HAS_CPP_23;JSON_HAS_CPP_26...
Checking lib/astro_image_io/src/aio_upm.cpp: JSON_HAS_CPP_11;JSON_HAS_CPP_14;JSON_HAS_CPP_17;JSON_HAS_CPP_20;JSON_HAS_CPP_23;JSON_HAS_CPP_26;_HAS_CXX14...
Checking lib/astro_image_io/src/aio_upm.cpp: JSON_HAS_CPP_11;JSON_HAS_CPP_14;JSON_HAS_CPP_17;JSON_HAS_CPP_20;JSON_HAS_CPP_23;JSON_HAS_CPP_26;_HAS_CXX17...
Checking lib/astro_image_io/src/aio_upm.cpp: JSON_HAS_CPP_11;JSON_HAS_CPP_14;JSON_HAS_CPP_17;JSON_HAS_CPP_20;JSON_HAS_CPP_23;JSON_HAS_CPP_26;_MSVC_LANG...
Checking lib/astro_image_io/src/aio_upm.cpp: JSON_HAS_EXPERIMENTAL_FILESYSTEM;JSON_HAS_FILESYSTEM...
Checking lib/astro_image_io/src/aio_upm.cpp: JSON_HAS_EXPERIMENTAL_FILESYSTEM;JSON_HAS_FILESYSTEM;_MSC_VER...
Checking lib/astro_image_io/src/aio_upm.cpp: JSON_HAS_EXPERIMENTAL_FILESYSTEM;JSON_HAS_FILESYSTEM;__IPHONE_OS_VERSION_MIN_REQUIRED...
Checking lib/astro_image_io/src/aio_upm.cpp: JSON_HAS_EXPERIMENTAL_FILESYSTEM;JSON_HAS_FILESYSTEM;__MAC_OS_X_VERSION_MIN_REQUIRED...
10/77 files checked 14% done
Checking lib/astro_image_io/src/aio_xisf.cpp ...
lib/astro_image_io/src/aio_xisf.cpp:0:0: information: Limiting analysis of branches. Use --check-level=exhaustive to analyze all branches. [normalCheckLevelMaxBranches]

^
lib/astro_image_io/src/aio_xisf.cpp:378:5: portability: Using memset() on struct which contains a floating point number. [memsetClassFloat]
    memset(&wcs, 0, sizeof(wcs));
    ^
lib/astro_image_io/src/aio_xisf.cpp:401:5: portability: Using memset() on struct which contains a floating point number. [memsetClassFloat]
    memset(&obs, 0, sizeof(obs));
    ^
lib/astro_image_io/src/aio_xisf.cpp:408:5: portability: Using memset() on struct which contains a floating point number. [memsetClassFloat]
    memset(&cal, 0, sizeof(cal));
    ^
lib/astro_image_io/src/aio_xisf.cpp:190:32: portability: Casting between const unsigned char * and const float * which have an incompatible binary data representation. [invalidPointerCast]
            const float *src = (const float *)raw;
                               ^
lib/astro_image_io/src/aio_xisf.cpp:217:33: portability: Casting between const unsigned char * and const double * which have an incompatible binary data representation. [invalidPointerCast]
            const double *src = (const double *)raw;
                                ^
lib/astro_image_io/src/aio_xisf.cpp:289:32: portability: Casting between const unsigned char * and const float * which have an incompatible binary data representation. [invalidPointerCast]
            const float *src = (const float *)raw;
                               ^
lib/astro_image_io/src/aio_xisf.cpp:316:33: portability: Casting between const unsigned char * and const double * which have an incompatible binary data representation. [invalidPointerCast]
            const double *src = (const double *)raw;
                                ^
lib/astro_image_io/src/aio_xisf.cpp:102:39: performance: Ineffective call of function 'substr' because a prefix of the string is assigned to itself. Use resize() or pop_back() instead. [uselessCallsSubstr]
    if (end != std::string::npos) v = v.substr(0, end + 1);
                                      ^
Checking lib/astro_image_io/src/aio_xisf.cpp: _WIN32...
11/77 files checked 16% done
Checking lib/astro_image_io/src/healpix/aio_healpix_io.cpp ...
lib/astro_image_io/src/healpix/aio_healpix_io.cpp:0:0: information: Limiting analysis of branches. Use --check-level=exhaustive to analyze all branches. [normalCheckLevelMaxBranches]

^
Checking lib/astro_image_io/src/healpix/aio_healpix_io.cpp: AIO_ENABLE_HEALPIX...
Checking lib/astro_image_io/src/healpix/aio_healpix_io.cpp: HAS_ZSTD...
Checking lib/astro_image_io/src/healpix/aio_healpix_io.cpp: _WIN32...
12/77 files checked 20% done
Checking lib/astro_image_io/src/hips/aio_hips_reader.cpp ...
lib/astro_image_io/src/hips/aio_hips_reader.cpp:0:0: information: Limiting analysis of branches. Use --check-level=exhaustive to analyze all branches. [normalCheckLevelMaxBranches]

^
Checking lib/astro_image_io/src/hips/aio_hips_reader.cpp: _WIN32...
13/77 files checked 21% done
Checking lib/astro_image_io/src/hips/aio_hips_writer.cpp ...
lib/astro_image_io/src/hips/aio_hips_writer.cpp:0:0: information: Limiting analysis of branches. Use --check-level=exhaustive to analyze all branches. [normalCheckLevelMaxBranches]

^
lib/astro_image_io/src/hips/aio_hips_writer.cpp:151:32: performance: Ineffective call of function 'substr' because a prefix of the string is assigned to itself. Use resize() or pop_back() instead. [uselessCallsSubstr]
    if (out.size() > 68) out = out.substr(0, 68);
                               ^
Checking lib/astro_image_io/src/hips/aio_hips_writer.cpp: _WIN32...
14/77 files checked 25% done
Checking lib/astro_image_io/src/hiss_codec.cpp ...
Checking lib/astro_image_io/src/hiss_codec.cpp: HAS_LZ4...
Checking lib/astro_image_io/src/hiss_codec.cpp: HAS_ZSTD...
Checking lib/astro_image_io/src/hiss_codec.cpp: _WIN32...
15/77 files checked 26% done
Checking lib/astro_image_io/src/hiss_common.cpp ...
lib/astro_image_io/src/hiss_common.cpp:0:0: information: Limiting analysis of branches. Use --check-level=exhaustive to analyze all branches. [normalCheckLevelMaxBranches]

^
Checking lib/astro_image_io/src/hiss_common.cpp: _WIN32...
16/77 files checked 27% done
Checking lib/astro_image_io/src/hiss_reader.cpp ...
lib/astro_image_io/src/hiss_reader.cpp:0:0: information: Limiting analysis of branches. Use --check-level=exhaustive to analyze all branches. [normalCheckLevelMaxBranches]

^
lib/astro_image_io/include/hiss_format.h:462:30: performance: Function 'grid()' should return member 'grid' by const reference. [returnByReference]
    HISS_EXPORT HissGridSpec grid() const;
                             ^
lib/astro_image_io/include/hiss_format.h:463:30: performance: Function 'metadata()' should return member 'metadata' by const reference. [returnByReference]
    HISS_EXPORT HissMetadata metadata() const;
                             ^
Checking lib/astro_image_io/src/hiss_reader.cpp: HISS_VERBOSE...
lib/astro_image_io/src/hiss_reader.cpp:421:13: warning: %zu in format string (no. 2) requires 'size_t' but the argument type is 'unsigned long'. [invalidPrintfArgType_uint]
            HISS_DLOG(
            ^
Checking lib/astro_image_io/src/hiss_reader.cpp: OPTIONAL...
lib/astro_image_io/include/hiss_format.h:104:22: error: syntax error: 1 = [syntaxError]
    REQUIRED = 0x0001,  // 必需子块 (未知必需块必须拒绝)
                     ^
Checking lib/astro_image_io/src/hiss_reader.cpp: REQUIRED...
lib/astro_image_io/include/hiss_format.h:103:37: error: syntax error: 1 = [syntaxError]
enum class SubblockFlags : uint16_t {
                                    ^
Checking lib/astro_image_io/src/hiss_reader.cpp: _WIN32...
17/77 files checked 32% done
Checking lib/astro_image_io/src/hiss_stream_writer.cpp ...
lib/astro_image_io/src/hiss_stream_writer.cpp:0:0: information: Limiting analysis of branches. Use --check-level=exhaustive to analyze all branches. [normalCheckLevelMaxBranches]

^
Checking lib/astro_image_io/src/hiss_stream_writer.cpp: HISS_PROFILE...
Checking lib/astro_image_io/src/hiss_stream_writer.cpp: HISS_VERBOSE...
Checking lib/astro_image_io/src/hiss_stream_writer.cpp: _WIN32...
18/77 files checked 34% done
Checking lib/astro_image_io/src/hiss_tile_model.cpp ...
Checking lib/astro_image_io/src/hiss_tile_model.cpp: _WIN32...
19/77 files checked 34% done
Checking lib/astro_image_io/src/hiss_transform.cpp ...
lib/astro_image_io/src/hiss_transform.cpp:0:0: information: Limiting analysis of branches. Use --check-level=exhaustive to analyze all branches. [normalCheckLevelMaxBranches]

^
lib/astro_image_io/src/hiss_transform.cpp:285:37: portability: Shifting signed 64-bit value by 63 bits is implementation-defined behaviour [shiftTooManyBitsSigned]
    return (uint64_t)((n << 1) ^ (n >> 63));
                                    ^
Checking lib/astro_image_io/src/hiss_transform.cpp: HISS_VERBOSE...
Checking lib/astro_image_io/src/hiss_transform.cpp: _WIN32...
20/77 files checked 36% done
Checking lib/astro_image_io/src/hiss_writer.cpp ...
lib/astro_image_io/src/hiss_writer.cpp:0:0: information: Limiting analysis of branches. Use --check-level=exhaustive to analyze all branches. [normalCheckLevelMaxBranches]

^
Checking lib/astro_image_io/src/hiss_writer.cpp: HISS_PROFILE...
Checking lib/astro_image_io/src/hiss_writer.cpp: HISS_VERBOSE...
Checking lib/astro_image_io/src/hiss_writer.cpp: _WIN32...
21/77 files checked 39% done
Checking lib/backend_host/avx2_backend.cpp ...
lib/backend_host/avx2_backend.cpp:0:0: information: Limiting analysis of branches. Use --check-level=exhaustive to analyze all branches. [normalCheckLevelMaxBranches]

^
Checking lib/backend_host/avx2_backend.cpp: NDEBUG...
22/77 files checked 39% done
Checking lib/backend_host/avx512_backend.cpp ...
lib/backend_host/avx512_backend.cpp:0:0: information: Limiting analysis of branches. Use --check-level=exhaustive to analyze all branches. [normalCheckLevelMaxBranches]

^
Checking lib/backend_host/avx512_backend.cpp: NDEBUG...
23/77 files checked 39% done
Checking lib/backend_host/backend_loader.cpp ...
lib/backend_host/backend_loader.cpp:0:0: information: Limiting analysis of branches. Use --check-level=exhaustive to analyze all branches. [normalCheckLevelMaxBranches]

^
Checking lib/backend_host/backend_loader.cpp: JSON_ASSERT...
Checking lib/backend_host/backend_loader.cpp: JSON_CATCH_USER...
Checking lib/backend_host/backend_loader.cpp: JSON_DISABLE_ENUM_SERIALIZATION=0...
Checking lib/backend_host/backend_loader.cpp: JSON_HAS_CPP_11;JSON_HAS_CPP_14;JSON_HAS_CPP_17;JSON_HAS_CPP_20;JSON_HAS_CPP_23;JSON_HAS_CPP_26...
Checking lib/backend_host/backend_loader.cpp: JSON_HAS_CPP_11;JSON_HAS_CPP_14;JSON_HAS_CPP_17;JSON_HAS_CPP_20;JSON_HAS_CPP_23;JSON_HAS_CPP_26;_HAS_CXX14...
Checking lib/backend_host/backend_loader.cpp: JSON_HAS_CPP_11;JSON_HAS_CPP_14;JSON_HAS_CPP_17;JSON_HAS_CPP_20;JSON_HAS_CPP_23;JSON_HAS_CPP_26;_HAS_CXX17...
Checking lib/backend_host/backend_loader.cpp: JSON_HAS_CPP_11;JSON_HAS_CPP_14;JSON_HAS_CPP_17;JSON_HAS_CPP_20;JSON_HAS_CPP_23;JSON_HAS_CPP_26;_MSVC_LANG...
Checking lib/backend_host/backend_loader.cpp: JSON_HAS_EXPERIMENTAL_FILESYSTEM;JSON_HAS_FILESYSTEM...
Checking lib/backend_host/backend_loader.cpp: JSON_HAS_EXPERIMENTAL_FILESYSTEM;JSON_HAS_FILESYSTEM;_MSC_VER...
Checking lib/backend_host/backend_loader.cpp: JSON_HAS_EXPERIMENTAL_FILESYSTEM;JSON_HAS_FILESYSTEM;__IPHONE_OS_VERSION_MIN_REQUIRED...
Checking lib/backend_host/backend_loader.cpp: JSON_HAS_EXPERIMENTAL_FILESYSTEM;JSON_HAS_FILESYSTEM;__MAC_OS_X_VERSION_MIN_REQUIRED...
24/77 files checked 40% done
Checking lib/backend_host/baseline_backend.cpp ...
lib/backend_host/baseline_backend.cpp:0:0: information: Limiting analysis of branches. Use --check-level=exhaustive to analyze all branches. [normalCheckLevelMaxBranches]

^
Checking lib/backend_host/baseline_backend.cpp: ASTROCS_NO_EXCEPTIONS...
Checking lib/backend_host/baseline_backend.cpp: NDEBUG...
25/77 files checked 40% done
Checking lib/backend_host/bench_harness.cpp ...
lib/backend_host/bench_harness.cpp:0:0: information: Limiting analysis of branches. Use --check-level=exhaustive to analyze all branches. [normalCheckLevelMaxBranches]

^
Checking lib/backend_host/bench_harness.cpp: _WIN32...
26/77 files checked 41% done
Checking lib/backend_host/cpu_features.cpp ...
Checking lib/backend_host/cpu_features.cpp: _M_X64...
lib/backend_host/cpu_features.cpp:0:0: information: Limiting analysis of branches. Use --check-level=exhaustive to analyze all branches. [normalCheckLevelMaxBranches]

^
Checking lib/backend_host/cpu_features.cpp: _WIN32...
Checking lib/backend_host/cpu_features.cpp: __i386__;__x86_64__...
27/77 files checked 41% done
Checking lib/backend_host/cpu_routing.cpp ...
lib/backend_host/cpu_routing.cpp:0:0: information: Limiting analysis of branches. Use --check-level=exhaustive to analyze all branches. [normalCheckLevelMaxBranches]

^
Checking lib/backend_host/cpu_routing.cpp: JSON_ASSERT...
Checking lib/backend_host/cpu_routing.cpp: JSON_CATCH_USER...
Checking lib/backend_host/cpu_routing.cpp: JSON_DISABLE_ENUM_SERIALIZATION=0...
Checking lib/backend_host/cpu_routing.cpp: JSON_HAS_CPP_11;JSON_HAS_CPP_14;JSON_HAS_CPP_17;JSON_HAS_CPP_20;JSON_HAS_CPP_23;JSON_HAS_CPP_26...
Checking lib/backend_host/cpu_routing.cpp: JSON_HAS_CPP_11;JSON_HAS_CPP_14;JSON_HAS_CPP_17;JSON_HAS_CPP_20;JSON_HAS_CPP_23;JSON_HAS_CPP_26;_HAS_CXX14...
Checking lib/backend_host/cpu_routing.cpp: JSON_HAS_CPP_11;JSON_HAS_CPP_14;JSON_HAS_CPP_17;JSON_HAS_CPP_20;JSON_HAS_CPP_23;JSON_HAS_CPP_26;_HAS_CXX17...
Checking lib/backend_host/cpu_routing.cpp: JSON_HAS_CPP_11;JSON_HAS_CPP_14;JSON_HAS_CPP_17;JSON_HAS_CPP_20;JSON_HAS_CPP_23;JSON_HAS_CPP_26;_MSVC_LANG...
Checking lib/backend_host/cpu_routing.cpp: JSON_HAS_EXPERIMENTAL_FILESYSTEM;JSON_HAS_FILESYSTEM...
Checking lib/backend_host/cpu_routing.cpp: JSON_HAS_EXPERIMENTAL_FILESYSTEM;JSON_HAS_FILESYSTEM;_MSC_VER...
Checking lib/backend_host/cpu_routing.cpp: JSON_HAS_EXPERIMENTAL_FILESYSTEM;JSON_HAS_FILESYSTEM;__IPHONE_OS_VERSION_MIN_REQUIRED...
Checking lib/backend_host/cpu_routing.cpp: JSON_HAS_EXPERIMENTAL_FILESYSTEM;JSON_HAS_FILESYSTEM;__MAC_OS_X_VERSION_MIN_REQUIRED...
28/77 files checked 41% done
Checking lib/backend_host/hardware_inspect.cpp ...
lib/backend_host/hardware_inspect.cpp:0:0: information: Limiting analysis of branches. Use --check-level=exhaustive to analyze all branches. [normalCheckLevelMaxBranches]

^
Checking lib/backend_host/hardware_inspect.cpp: JSON_ASSERT...
Checking lib/backend_host/hardware_inspect.cpp: JSON_CATCH_USER...
Checking lib/backend_host/hardware_inspect.cpp: JSON_DISABLE_ENUM_SERIALIZATION=0...
Checking lib/backend_host/hardware_inspect.cpp: JSON_HAS_CPP_11;JSON_HAS_CPP_14;JSON_HAS_CPP_17;JSON_HAS_CPP_20;JSON_HAS_CPP_23;JSON_HAS_CPP_26...
Checking lib/backend_host/hardware_inspect.cpp: JSON_HAS_CPP_11;JSON_HAS_CPP_14;JSON_HAS_CPP_17;JSON_HAS_CPP_20;JSON_HAS_CPP_23;JSON_HAS_CPP_26;_HAS_CXX14...
Checking lib/backend_host/hardware_inspect.cpp: JSON_HAS_CPP_11;JSON_HAS_CPP_14;JSON_HAS_CPP_17;JSON_HAS_CPP_20;JSON_HAS_CPP_23;JSON_HAS_CPP_26;_HAS_CXX17...
Checking lib/backend_host/hardware_inspect.cpp: JSON_HAS_CPP_11;JSON_HAS_CPP_14;JSON_HAS_CPP_17;JSON_HAS_CPP_20;JSON_HAS_CPP_23;JSON_HAS_CPP_26;_MSVC_LANG...
Checking lib/backend_host/hardware_inspect.cpp: JSON_HAS_EXPERIMENTAL_FILESYSTEM;JSON_HAS_FILESYSTEM...
Checking lib/backend_host/hardware_inspect.cpp: JSON_HAS_EXPERIMENTAL_FILESYSTEM;JSON_HAS_FILESYSTEM;_MSC_VER...
Checking lib/backend_host/hardware_inspect.cpp: JSON_HAS_EXPERIMENTAL_FILESYSTEM;JSON_HAS_FILESYSTEM;__IPHONE_OS_VERSION_MIN_REQUIRED...
Checking lib/backend_host/hardware_inspect.cpp: JSON_HAS_EXPERIMENTAL_FILESYSTEM;JSON_HAS_FILESYSTEM;__MAC_OS_X_VERSION_MIN_REQUIRED...
29/77 files checked 42% done
Checking lib/backend_host/host_services.cpp ...
Checking lib/backend_host/host_services.cpp: _WIN32...
30/77 files checked 42% done
Checking lib/backend_host/profile_gen.cpp ...
lib/backend_host/profile_gen.cpp:0:0: information: Limiting analysis of branches. Use --check-level=exhaustive to analyze all branches. [normalCheckLevelMaxBranches]

^
lib/backend_host/profile_gen.cpp:114:10: portability: Using memset() on struct which contains a floating point number. [memsetClassFloat]
    std::memset(&p, 0, sizeof(p));
         ^
Checking lib/backend_host/profile_gen.cpp: JSON_ASSERT...
Checking lib/backend_host/profile_gen.cpp: JSON_CATCH_USER...
Checking lib/backend_host/profile_gen.cpp: JSON_DISABLE_ENUM_SERIALIZATION=0...
Checking lib/backend_host/profile_gen.cpp: JSON_HAS_CPP_11;JSON_HAS_CPP_14;JSON_HAS_CPP_17;JSON_HAS_CPP_20;JSON_HAS_CPP_23;JSON_HAS_CPP_26...
Checking lib/backend_host/profile_gen.cpp: JSON_HAS_CPP_11;JSON_HAS_CPP_14;JSON_HAS_CPP_17;JSON_HAS_CPP_20;JSON_HAS_CPP_23;JSON_HAS_CPP_26;_HAS_CXX14...
Checking lib/backend_host/profile_gen.cpp: JSON_HAS_CPP_11;JSON_HAS_CPP_14;JSON_HAS_CPP_17;JSON_HAS_CPP_20;JSON_HAS_CPP_23;JSON_HAS_CPP_26;_HAS_CXX17...
Checking lib/backend_host/profile_gen.cpp: JSON_HAS_CPP_11;JSON_HAS_CPP_14;JSON_HAS_CPP_17;JSON_HAS_CPP_20;JSON_HAS_CPP_23;JSON_HAS_CPP_26;_MSVC_LANG...
Checking lib/backend_host/profile_gen.cpp: JSON_HAS_EXPERIMENTAL_FILESYSTEM;JSON_HAS_FILESYSTEM...
Checking lib/backend_host/profile_gen.cpp: JSON_HAS_EXPERIMENTAL_FILESYSTEM;JSON_HAS_FILESYSTEM;_MSC_VER...
Checking lib/backend_host/profile_gen.cpp: JSON_HAS_EXPERIMENTAL_FILESYSTEM;JSON_HAS_FILESYSTEM;__IPHONE_OS_VERSION_MIN_REQUIRED...
Checking lib/backend_host/profile_gen.cpp: JSON_HAS_EXPERIMENTAL_FILESYSTEM;JSON_HAS_FILESYSTEM;__MAC_OS_X_VERSION_MIN_REQUIRED...
31/77 files checked 43% done
Checking lib/backend_host/profile_gen_v2.cpp ...
lib/backend_host/profile_gen_v2.cpp:0:0: information: Limiting analysis of branches. Use --check-level=exhaustive to analyze all branches. [normalCheckLevelMaxBranches]

^
lib/backend_host/profile_gen_v2.cpp:261:10: portability: Using memset() on struct which contains a floating point number. [memsetClassFloat]
    std::memset(p, 0, sizeof(*p));
         ^
lib/backend_host/profile_gen_v2.cpp:572:42: performance: Ineffective call of function 'substr' because a prefix of the string is assigned to itself. Use resize() or pop_back() instead. [uselessCallsSubstr]
    if (plus != std::string::npos) ver = ver.substr(0, plus);
                                         ^
lib/backend_host/profile_gen_v2.cpp:365:51: error: Uninitialized variable: bad.api [uninitvar]
                    providers.push_back(std::move(bad));
                                                  ^
lib/backend_host/profile_gen_v2.cpp:365:51: error: Uninitialized struct member: bad.api [uninitStructMember]
                    providers.push_back(std::move(bad));
                                                  ^
Checking lib/backend_host/profile_gen_v2.cpp: JSON_ASSERT...
Checking lib/backend_host/profile_gen_v2.cpp: JSON_CATCH_USER...
Checking lib/backend_host/profile_gen_v2.cpp: JSON_DISABLE_ENUM_SERIALIZATION=0...
Checking lib/backend_host/profile_gen_v2.cpp: JSON_HAS_CPP_11;JSON_HAS_CPP_14;JSON_HAS_CPP_17;JSON_HAS_CPP_20;JSON_HAS_CPP_23;JSON_HAS_CPP_26...
Checking lib/backend_host/profile_gen_v2.cpp: JSON_HAS_CPP_11;JSON_HAS_CPP_14;JSON_HAS_CPP_17;JSON_HAS_CPP_20;JSON_HAS_CPP_23;JSON_HAS_CPP_26;_HAS_CXX14...
Checking lib/backend_host/profile_gen_v2.cpp: JSON_HAS_CPP_11;JSON_HAS_CPP_14;JSON_HAS_CPP_17;JSON_HAS_CPP_20;JSON_HAS_CPP_23;JSON_HAS_CPP_26;_HAS_CXX17...
Checking lib/backend_host/profile_gen_v2.cpp: JSON_HAS_CPP_11;JSON_HAS_CPP_14;JSON_HAS_CPP_17;JSON_HAS_CPP_20;JSON_HAS_CPP_23;JSON_HAS_CPP_26;_MSVC_LANG...
Checking lib/backend_host/profile_gen_v2.cpp: JSON_HAS_EXPERIMENTAL_FILESYSTEM;JSON_HAS_FILESYSTEM...
Checking lib/backend_host/profile_gen_v2.cpp: JSON_HAS_EXPERIMENTAL_FILESYSTEM;JSON_HAS_FILESYSTEM;_MSC_VER...
Checking lib/backend_host/profile_gen_v2.cpp: JSON_HAS_EXPERIMENTAL_FILESYSTEM;JSON_HAS_FILESYSTEM;__IPHONE_OS_VERSION_MIN_REQUIRED...
Checking lib/backend_host/profile_gen_v2.cpp: JSON_HAS_EXPERIMENTAL_FILESYSTEM;JSON_HAS_FILESYSTEM;__MAC_OS_X_VERSION_MIN_REQUIRED...
32/77 files checked 45% done
Checking lib/calibration/src/ac_api.cpp ...
Checking lib/calibration/src/ac_api.cpp: _OPENMP...
Checking lib/calibration/src/ac_api.cpp: _WIN32...
33/77 files checked 46% done
Checking lib/calibration/src/calibrator.cpp ...
Checking lib/calibration/src/calibrator.cpp: _OPENMP...
Checking lib/calibration/src/calibrator.cpp: _WIN32...
34/77 files checked 46% done
Checking lib/calibration/src/cosmetic_corrector.cpp ...
lib/calibration/src/cosmetic_corrector.cpp:0:0: information: Limiting analysis of branches. Use --check-level=exhaustive to analyze all branches. [normalCheckLevelMaxBranches]

^
Checking lib/calibration/src/cosmetic_corrector.cpp: _OPENMP...
Checking lib/calibration/src/cosmetic_corrector.cpp: _WIN32...
35/77 files checked 47% done
Checking lib/calibration/src/master_generator.cpp ...
lib/calibration/src/master_generator.cpp:0:0: information: Limiting analysis of branches. Use --check-level=exhaustive to analyze all branches. [normalCheckLevelMaxBranches]

^
Checking lib/calibration/src/master_generator.cpp: _WIN32...
36/77 files checked 47% done
Checking lib/common/crypto/sha256.cpp ...
lib/common/crypto/sha256.cpp:31:9: warning: Member variable 'Sha256::block_' is not initialized in the constructor. [uninitMemberVar]
Sha256::Sha256() {
        ^
37/77 files checked 48% done
Checking lib/common/healpix/healpix_core.cpp ...
lib/common/healpix/healpix_core.cpp:0:0: information: Limiting analysis of branches. Use --check-level=exhaustive to analyze all branches. [normalCheckLevelMaxBranches]

^
38/77 files checked 49% done
Checking lib/core/src/artifact.cpp ...
lib/core/src/artifact.cpp:0:0: information: Limiting analysis of branches. Use --check-level=exhaustive to analyze all branches. [normalCheckLevelMaxBranches]

^
39/77 files checked 49% done
Checking lib/core/src/artifact_store.cpp ...
lib/core/src/artifact_store.cpp:0:0: information: Limiting analysis of branches. Use --check-level=exhaustive to analyze all branches. [normalCheckLevelMaxBranches]

^
Checking lib/core/src/artifact_store.cpp: JSON_ASSERT...
Checking lib/core/src/artifact_store.cpp: JSON_CATCH_USER...
Checking lib/core/src/artifact_store.cpp: JSON_DISABLE_ENUM_SERIALIZATION=0...
Checking lib/core/src/artifact_store.cpp: JSON_HAS_CPP_11;JSON_HAS_CPP_14;JSON_HAS_CPP_17;JSON_HAS_CPP_20;JSON_HAS_CPP_23;JSON_HAS_CPP_26...
Checking lib/core/src/artifact_store.cpp: JSON_HAS_CPP_11;JSON_HAS_CPP_14;JSON_HAS_CPP_17;JSON_HAS_CPP_20;JSON_HAS_CPP_23;JSON_HAS_CPP_26;_HAS_CXX14...
Checking lib/core/src/artifact_store.cpp: JSON_HAS_CPP_11;JSON_HAS_CPP_14;JSON_HAS_CPP_17;JSON_HAS_CPP_20;JSON_HAS_CPP_23;JSON_HAS_CPP_26;_HAS_CXX17...
Checking lib/core/src/artifact_store.cpp: JSON_HAS_CPP_11;JSON_HAS_CPP_14;JSON_HAS_CPP_17;JSON_HAS_CPP_20;JSON_HAS_CPP_23;JSON_HAS_CPP_26;_MSVC_LANG...
Checking lib/core/src/artifact_store.cpp: JSON_HAS_EXPERIMENTAL_FILESYSTEM;JSON_HAS_FILESYSTEM...
Checking lib/core/src/artifact_store.cpp: JSON_HAS_EXPERIMENTAL_FILESYSTEM;JSON_HAS_FILESYSTEM;_MSC_VER...
Checking lib/core/src/artifact_store.cpp: JSON_HAS_EXPERIMENTAL_FILESYSTEM;JSON_HAS_FILESYSTEM;__IPHONE_OS_VERSION_MIN_REQUIRED...
Checking lib/core/src/artifact_store.cpp: JSON_HAS_EXPERIMENTAL_FILESYSTEM;JSON_HAS_FILESYSTEM;__MAC_OS_X_VERSION_MIN_REQUIRED...
40/77 files checked 50% done
Checking lib/core/src/checkpoint.cpp ...
41/77 files checked 50% done
Checking lib/core/src/context.cpp ...
42/77 files checked 50% done
Checking lib/core/src/logging.cpp ...
43/77 files checked 50% done
Checking lib/core/src/module.cpp ...
lib/core/src/module.cpp:0:0: information: Limiting analysis of branches. Use --check-level=exhaustive to analyze all branches. [normalCheckLevelMaxBranches]

^
Checking lib/core/src/module.cpp: JSON_ASSERT...
Checking lib/core/src/module.cpp: JSON_CATCH_USER...
Checking lib/core/src/module.cpp: JSON_DISABLE_ENUM_SERIALIZATION=0...
Checking lib/core/src/module.cpp: JSON_HAS_CPP_11;JSON_HAS_CPP_14;JSON_HAS_CPP_17;JSON_HAS_CPP_20;JSON_HAS_CPP_23;JSON_HAS_CPP_26...
Checking lib/core/src/module.cpp: JSON_HAS_CPP_11;JSON_HAS_CPP_14;JSON_HAS_CPP_17;JSON_HAS_CPP_20;JSON_HAS_CPP_23;JSON_HAS_CPP_26;_HAS_CXX14...
Checking lib/core/src/module.cpp: JSON_HAS_CPP_11;JSON_HAS_CPP_14;JSON_HAS_CPP_17;JSON_HAS_CPP_20;JSON_HAS_CPP_23;JSON_HAS_CPP_26;_HAS_CXX17...
Checking lib/core/src/module.cpp: JSON_HAS_CPP_11;JSON_HAS_CPP_14;JSON_HAS_CPP_17;JSON_HAS_CPP_20;JSON_HAS_CPP_23;JSON_HAS_CPP_26;_MSVC_LANG...
Checking lib/core/src/module.cpp: JSON_HAS_EXPERIMENTAL_FILESYSTEM;JSON_HAS_FILESYSTEM...
Checking lib/core/src/module.cpp: JSON_HAS_EXPERIMENTAL_FILESYSTEM;JSON_HAS_FILESYSTEM;_MSC_VER...
Checking lib/core/src/module.cpp: JSON_HAS_EXPERIMENTAL_FILESYSTEM;JSON_HAS_FILESYSTEM;__IPHONE_OS_VERSION_MIN_REQUIRED...
Checking lib/core/src/module.cpp: JSON_HAS_EXPERIMENTAL_FILESYSTEM;JSON_HAS_FILESYSTEM;__MAC_OS_X_VERSION_MIN_REQUIRED...
44/77 files checked 51% done
Checking lib/core/src/module_adapters.cpp ...
lib/core/src/module_adapters.cpp:671:56: performance: Function parameter 'c' should be passed by const reference. [passedByValue]
  static acs_status validate(acs_handle h, acs_span_u8 c) { return p1_session_validate(h, c); }
                                                       ^
lib/core/src/module_adapters.cpp:672:51: performance: Function parameter 'c' should be passed by const reference. [passedByValue]
  static acs_status run(acs_handle h, acs_span_u8 c) { return p1_session_run(h, c, 0); }
                                                  ^
lib/core/src/module_adapters.cpp:679:56: performance: Function parameter 'c' should be passed by const reference. [passedByValue]
  static acs_status validate(acs_handle h, acs_span_u8 c) { return p2_session_validate(h, c); }
                                                       ^
lib/core/src/module_adapters.cpp:680:51: performance: Function parameter 'c' should be passed by const reference. [passedByValue]
  static acs_status run(acs_handle h, acs_span_u8 c) { return p2_session_run(h, c); }
                                                  ^
lib/core/src/module_adapters.cpp:687:56: performance: Function parameter 'c' should be passed by const reference. [passedByValue]
  static acs_status validate(acs_handle h, acs_span_u8 c) { return p3_session_validate(h, c); }
                                                       ^
lib/core/src/module_adapters.cpp:688:51: performance: Function parameter 'c' should be passed by const reference. [passedByValue]
  static acs_status run(acs_handle h, acs_span_u8 c) { return p3_session_run(h, c); }
                                                  ^
45/77 files checked 53% done
Checking lib/core/src/pipeline.cpp ...
lib/core/src/pipeline.cpp:0:0: information: Limiting analysis of branches. Use --check-level=exhaustive to analyze all branches. [normalCheckLevelMaxBranches]

^
Checking lib/core/src/pipeline.cpp: JSON_ASSERT...
Checking lib/core/src/pipeline.cpp: JSON_CATCH_USER...
Checking lib/core/src/pipeline.cpp: JSON_DISABLE_ENUM_SERIALIZATION=0...
Checking lib/core/src/pipeline.cpp: JSON_HAS_CPP_11;JSON_HAS_CPP_14;JSON_HAS_CPP_17;JSON_HAS_CPP_20;JSON_HAS_CPP_23;JSON_HAS_CPP_26...
Checking lib/core/src/pipeline.cpp: JSON_HAS_CPP_11;JSON_HAS_CPP_14;JSON_HAS_CPP_17;JSON_HAS_CPP_20;JSON_HAS_CPP_23;JSON_HAS_CPP_26;_HAS_CXX14...
Checking lib/core/src/pipeline.cpp: JSON_HAS_CPP_11;JSON_HAS_CPP_14;JSON_HAS_CPP_17;JSON_HAS_CPP_20;JSON_HAS_CPP_23;JSON_HAS_CPP_26;_HAS_CXX17...
Checking lib/core/src/pipeline.cpp: JSON_HAS_CPP_11;JSON_HAS_CPP_14;JSON_HAS_CPP_17;JSON_HAS_CPP_20;JSON_HAS_CPP_23;JSON_HAS_CPP_26;_MSVC_LANG...
Checking lib/core/src/pipeline.cpp: JSON_HAS_EXPERIMENTAL_FILESYSTEM;JSON_HAS_FILESYSTEM...
Checking lib/core/src/pipeline.cpp: JSON_HAS_EXPERIMENTAL_FILESYSTEM;JSON_HAS_FILESYSTEM;_MSC_VER...
Checking lib/core/src/pipeline.cpp: JSON_HAS_EXPERIMENTAL_FILESYSTEM;JSON_HAS_FILESYSTEM;__IPHONE_OS_VERSION_MIN_REQUIRED...
Checking lib/core/src/pipeline.cpp: JSON_HAS_EXPERIMENTAL_FILESYSTEM;JSON_HAS_FILESYSTEM;__MAC_OS_X_VERSION_MIN_REQUIRED...
46/77 files checked 54% done
Checking lib/core/src/runtime.cpp ...
lib/core/src/runtime.cpp:0:0: information: Limiting analysis of branches. Use --check-level=exhaustive to analyze all branches. [normalCheckLevelMaxBranches]

^
Checking lib/core/src/runtime.cpp: JSON_ASSERT...
Checking lib/core/src/runtime.cpp: JSON_CATCH_USER...
Checking lib/core/src/runtime.cpp: JSON_DISABLE_ENUM_SERIALIZATION=0...
Checking lib/core/src/runtime.cpp: JSON_HAS_CPP_11;JSON_HAS_CPP_14;JSON_HAS_CPP_17;JSON_HAS_CPP_20;JSON_HAS_CPP_23;JSON_HAS_CPP_26...
Checking lib/core/src/runtime.cpp: JSON_HAS_CPP_11;JSON_HAS_CPP_14;JSON_HAS_CPP_17;JSON_HAS_CPP_20;JSON_HAS_CPP_23;JSON_HAS_CPP_26;_HAS_CXX14...
Checking lib/core/src/runtime.cpp: JSON_HAS_CPP_11;JSON_HAS_CPP_14;JSON_HAS_CPP_17;JSON_HAS_CPP_20;JSON_HAS_CPP_23;JSON_HAS_CPP_26;_HAS_CXX17...
Checking lib/core/src/runtime.cpp: JSON_HAS_CPP_11;JSON_HAS_CPP_14;JSON_HAS_CPP_17;JSON_HAS_CPP_20;JSON_HAS_CPP_23;JSON_HAS_CPP_26;_MSVC_LANG...
Checking lib/core/src/runtime.cpp: JSON_HAS_EXPERIMENTAL_FILESYSTEM;JSON_HAS_FILESYSTEM...
Checking lib/core/src/runtime.cpp: JSON_HAS_EXPERIMENTAL_FILESYSTEM;JSON_HAS_FILESYSTEM;_MSC_VER...
Checking lib/core/src/runtime.cpp: JSON_HAS_EXPERIMENTAL_FILESYSTEM;JSON_HAS_FILESYSTEM;__IPHONE_OS_VERSION_MIN_REQUIRED...
Checking lib/core/src/runtime.cpp: JSON_HAS_EXPERIMENTAL_FILESYSTEM;JSON_HAS_FILESYSTEM;__MAC_OS_X_VERSION_MIN_REQUIRED...
47/77 files checked 54% done
Checking lib/core/src/scheduler.cpp ...
lib/core/src/scheduler.cpp:0:0: information: Limiting analysis of branches. Use --check-level=exhaustive to analyze all branches. [normalCheckLevelMaxBranches]

^
48/77 files checked 55% done
Checking lib/healpix_db/healpix_drizzle/astro_sphere_sink.cpp ...
lib/healpix_db/healpix_drizzle/astro_sphere_sink.cpp:0:0: information: Limiting analysis of branches. Use --check-level=exhaustive to analyze all branches. [normalCheckLevelMaxBranches]

^
Checking lib/healpix_db/healpix_drizzle/astro_sphere_sink.cpp: AIO_ENABLE_HEALPIX...
Checking lib/healpix_db/healpix_drizzle/astro_sphere_sink.cpp: _WIN32...
49/77 files checked 55% done
Checking lib/healpix_db/healpix_drizzle/drizzle_engine.cpp ...
lib/healpix_db/healpix_drizzle/drizzle_engine.cpp:0:0: information: Limiting analysis of branches. Use --check-level=exhaustive to analyze all branches. [normalCheckLevelMaxBranches]

^
Checking lib/healpix_db/healpix_drizzle/drizzle_engine.cpp: AIO_ENABLE_HEALPIX...
Checking lib/healpix_db/healpix_drizzle/drizzle_engine.cpp: _OPENMP...
Checking lib/healpix_db/healpix_drizzle/drizzle_engine.cpp: _WIN32...
50/77 files checked 62% done
Checking lib/healpix_db/healpix_drizzle/fits_reader.cpp ...
lib/healpix_db/healpix_drizzle/fits_reader.cpp:0:0: information: Limiting analysis of branches. Use --check-level=exhaustive to analyze all branches. [normalCheckLevelMaxBranches]

^
lib/healpix_db/healpix_drizzle/fits_reader.cpp:58:43: performance: Ineffective call of function 'substr' because a prefix of the string is assigned to itself. Use resize() or pop_back() instead. [uselessCallsSubstr]
        if (end != std::string::npos) v = v.substr(0, end + 1);
                                          ^
Checking lib/healpix_db/healpix_drizzle/fits_reader.cpp: _WIN32...
51/77 files checked 63% done
Checking lib/healpix_db/healpix_drizzle/hp_drizzle_api.cpp ...
lib/healpix_db/healpix_drizzle/hp_drizzle_api.cpp:0:0: information: Limiting analysis of branches. Use --check-level=exhaustive to analyze all branches. [normalCheckLevelMaxBranches]

^
lib/healpix_db/healpix_drizzle/hp_drizzle_api.cpp:49:10: portability: Using memset() on struct which contains a floating point number. [memsetClassFloat]
    std::memset(result, 0, sizeof(HpReverseDrizzleResult));
         ^
lib/healpix_db/healpix_drizzle/hp_drizzle_api.cpp:198:10: portability: Using memset() on struct which contains a floating point number. [memsetClassFloat]
    std::memset(result, 0, sizeof(HpDrizzleResult));
         ^
lib/healpix_db/healpix_drizzle/hp_drizzle_api.cpp:392:18: portability: Using memset() on struct which contains a floating point number. [memsetClassFloat]
            std::memset(result, 0, sizeof(HpDrizzleResult));
                 ^
lib/healpix_db/healpix_drizzle/hp_drizzle_api.cpp:400:14: portability: Using memset() on struct which contains a floating point number. [memsetClassFloat]
        std::memset(result, 0, sizeof(HpDrizzleResult));
             ^
lib/healpix_db/healpix_drizzle/hp_drizzle_api.cpp:407:14: portability: Using memset() on struct which contains a floating point number. [memsetClassFloat]
        std::memset(result, 0, sizeof(HpDrizzleResult));
             ^
lib/healpix_db/healpix_drizzle/hp_drizzle_api.cpp:413:10: portability: Using memset() on struct which contains a floating point number. [memsetClassFloat]
    std::memset(result, 0, sizeof(HpDrizzleResult));
         ^
Checking lib/healpix_db/healpix_drizzle/hp_drizzle_api.cpp: AIO_ENABLE_HEALPIX...
Checking lib/healpix_db/healpix_drizzle/hp_drizzle_api.cpp: _WIN32...
52/77 files checked 67% done
Checking lib/healpix_db/healpix_drizzle/poly_clip.cpp ...
lib/healpix_db/healpix_drizzle/poly_clip.cpp:0:0: information: Limiting analysis of branches. Use --check-level=exhaustive to analyze all branches. [normalCheckLevelMaxBranches]

^
Checking lib/healpix_db/healpix_drizzle/poly_clip.cpp: POLY_CLIP_DEBUG...
53/77 files checked 68% done
Checking lib/healpix_db/healpix_drizzle/reverse_drizzle.cpp ...
lib/healpix_db/healpix_drizzle/reverse_drizzle.cpp:0:0: information: Limiting analysis of branches. Use --check-level=exhaustive to analyze all branches. [normalCheckLevelMaxBranches]

^
54/77 files checked 69% done
Checking lib/healpix_db/healpix_drizzle/snr_evaluator.cpp ...
lib/healpix_db/healpix_drizzle/snr_evaluator.cpp:0:0: information: Limiting analysis of branches. Use --check-level=exhaustive to analyze all branches. [normalCheckLevelMaxBranches]

^
lib/healpix_db/healpix_drizzle/nanoflann.hpp:2600:9: performance: Variable 'treeCount_' is assigned in constructor body. Consider performing initialization in initialization list. [useInitializationList]
        treeCount_  = static_cast<size_t>(std::log2(maximumPointCount)) + 1;
        ^
lib/healpix_db/healpix_drizzle/nanoflann.hpp:4009:9: warning: Struct 'KDTreeEigenMatrixAdaptor' does not have a copy constructor which is recommended since it has dynamic memory/resource allocation(s). [noCopyConstructor]
        index_ = new index_t(
        ^
lib/healpix_db/healpix_drizzle/nanoflann.hpp:2657:13: performance: Prefer prefix ++/-- operators for non-primitive types. [postfixOperator]
            pointCount_++;
            ^
lib/healpix_db/healpix_drizzle/nanoflann.hpp:1569:17: performance: Prefer prefix ++/-- operators for non-primitive types. [postfixOperator]
                left++;
                ^
lib/healpix_db/healpix_drizzle/nanoflann.hpp:1570:17: performance: Prefer prefix ++/-- operators for non-primitive types. [postfixOperator]
                mid++;
                ^
lib/healpix_db/healpix_drizzle/nanoflann.hpp:1575:17: performance: Prefer prefix ++/-- operators for non-primitive types. [postfixOperator]
                right--;
                ^
lib/healpix_db/healpix_drizzle/nanoflann.hpp:1579:17: performance: Prefer prefix ++/-- operators for non-primitive types. [postfixOperator]
                mid++;
                ^
Checking lib/healpix_db/healpix_drizzle/snr_evaluator.cpp: NANOFLANN_FIRST_MATCH...
Checking lib/healpix_db/healpix_drizzle/snr_evaluator.cpp: NANOFLANN_INCREMENTAL_INNODE_DISTANCE...
Checking lib/healpix_db/healpix_drizzle/snr_evaluator.cpp: NANOFLANN_INCREMENTAL_NO_COORD_CACHE...
Checking lib/healpix_db/healpix_drizzle/snr_evaluator.cpp: NANOFLANN_NO_THREADS...
Checking lib/healpix_db/healpix_drizzle/snr_evaluator.cpp: NOMINMAX;WIN32;_WIN32;_WIN32_;_WIN64...
Checking lib/healpix_db/healpix_drizzle/snr_evaluator.cpp: NOMINMAX;WIN32;_WIN32;_WIN32_;_WIN64;max...
lib/healpix_db/healpix_drizzle/nanoflann.hpp:329:80: error: syntax error [syntaxError]
        return (count < capacity || !count) ? std::numeric_limits<DistanceType>::max()
                                                                               ^
Checking lib/healpix_db/healpix_drizzle/snr_evaluator.cpp: None...
Checking lib/healpix_db/healpix_drizzle/snr_evaluator.cpp: _MSC_VER...
Checking lib/healpix_db/healpix_drizzle/snr_evaluator.cpp: _OPENMP...
Checking lib/healpix_db/healpix_drizzle/snr_evaluator.cpp: __GNUC__;__clang__...
Checking lib/healpix_db/healpix_drizzle/snr_evaluator.cpp: __cpp_if_constexpr...
55/77 files checked 70% done
Checking lib/healpix_db/healpix_drizzle/spherical_overlap.cpp ...
lib/healpix_db/healpix_drizzle/spherical_overlap.cpp:0:0: information: Limiting analysis of branches. Use --check-level=exhaustive to analyze all branches. [normalCheckLevelMaxBranches]

^
56/77 files checked 75% done
Checking lib/healpix_db/healpix_drizzle/wcs_sip.cpp ...
lib/healpix_db/healpix_drizzle/wcs_sip.cpp:0:0: information: Limiting analysis of branches. Use --check-level=exhaustive to analyze all branches. [normalCheckLevelMaxBranches]

^
57/77 files checked 76% done
Checking lib/io/src/io_adapter.cpp ...
Checking lib/io/src/io_adapter.cpp: _WIN32...
58/77 files checked 76% done
Checking lib/phase1/noise/noise_model.cpp ...
lib/phase1/noise/noise_model.cpp:0:0: information: Limiting analysis of branches. Use --check-level=exhaustive to analyze all branches. [normalCheckLevelMaxBranches]

^
59/77 files checked 76% done
Checking lib/phase1/photometry/photometer.cpp ...
lib/phase1/photometry/photometer.cpp:0:0: information: Limiting analysis of branches. Use --check-level=exhaustive to analyze all branches. [normalCheckLevelMaxBranches]

^
60/77 files checked 77% done
Checking lib/phase1/stars/star_detector.cpp ...
lib/phase1/stars/star_detector.cpp:0:0: information: Limiting analysis of branches. Use --check-level=exhaustive to analyze all branches. [normalCheckLevelMaxBranches]

^
61/77 files checked 77% done
Checking lib/phase1/wcs/wcs_tan.cpp ...
lib/phase1/wcs/wcs_tan.cpp:0:0: information: Limiting analysis of branches. Use --check-level=exhaustive to analyze all branches. [normalCheckLevelMaxBranches]

^
62/77 files checked 77% done
Checking lib/phase1_session/p1_session.cpp ...
lib/phase1_session/p1_session.cpp:0:0: information: Limiting analysis of branches. Use --check-level=exhaustive to analyze all branches. [normalCheckLevelMaxBranches]

^
Checking lib/phase1_session/p1_session.cpp: JSON_ASSERT...
Checking lib/phase1_session/p1_session.cpp: JSON_CATCH_USER...
Checking lib/phase1_session/p1_session.cpp: JSON_DISABLE_ENUM_SERIALIZATION=0...
Checking lib/phase1_session/p1_session.cpp: JSON_HAS_CPP_11;JSON_HAS_CPP_14;JSON_HAS_CPP_17;JSON_HAS_CPP_20;JSON_HAS_CPP_23;JSON_HAS_CPP_26...
Checking lib/phase1_session/p1_session.cpp: JSON_HAS_CPP_11;JSON_HAS_CPP_14;JSON_HAS_CPP_17;JSON_HAS_CPP_20;JSON_HAS_CPP_23;JSON_HAS_CPP_26;_HAS_CXX14...
Checking lib/phase1_session/p1_session.cpp: JSON_HAS_CPP_11;JSON_HAS_CPP_14;JSON_HAS_CPP_17;JSON_HAS_CPP_20;JSON_HAS_CPP_23;JSON_HAS_CPP_26;_HAS_CXX17...
Checking lib/phase1_session/p1_session.cpp: JSON_HAS_CPP_11;JSON_HAS_CPP_14;JSON_HAS_CPP_17;JSON_HAS_CPP_20;JSON_HAS_CPP_23;JSON_HAS_CPP_26;_MSVC_LANG...
Checking lib/phase1_session/p1_session.cpp: JSON_HAS_EXPERIMENTAL_FILESYSTEM;JSON_HAS_FILESYSTEM...
Checking lib/phase1_session/p1_session.cpp: JSON_HAS_EXPERIMENTAL_FILESYSTEM;JSON_HAS_FILESYSTEM;_MSC_VER...
Checking lib/phase1_session/p1_session.cpp: JSON_HAS_EXPERIMENTAL_FILESYSTEM;JSON_HAS_FILESYSTEM;__IPHONE_OS_VERSION_MIN_REQUIRED...
Checking lib/phase1_session/p1_session.cpp: JSON_HAS_EXPERIMENTAL_FILESYSTEM;JSON_HAS_FILESYSTEM;__MAC_OS_X_VERSION_MIN_REQUIRED...
63/77 files checked 78% done
Checking lib/phase2/src/block.cpp ...
lib/phase2/src/block.cpp:0:0: information: Limiting analysis of branches. Use --check-level=exhaustive to analyze all branches. [normalCheckLevelMaxBranches]

^
Checking lib/phase2/src/block.cpp: _WIN32...
64/77 files checked 78% done
Checking lib/phase2/src/coverage.cpp ...
lib/phase2/src/coverage.cpp:0:0: information: Limiting analysis of branches. Use --check-level=exhaustive to analyze all branches. [normalCheckLevelMaxBranches]

^
Checking lib/phase2/src/coverage.cpp: _WIN32...
65/77 files checked 79% done
Checking lib/phase2/src/cuda_bridge_stub.cpp ...
66/77 files checked 79% done
Checking lib/phase2/src/integrate.cpp ...
lib/phase2/src/integrate.cpp:0:0: information: Limiting analysis of branches. Use --check-level=exhaustive to analyze all branches. [normalCheckLevelMaxBranches]

^
lib/phase2/src/integrate.cpp:21:10: portability: Using memset() on struct which contains a floating point number. [memsetClassFloat]
    std::memset(out, 0, sizeof(*out));
         ^
Checking lib/phase2/src/integrate.cpp: _WIN32...
67/77 files checked 79% done
Checking lib/phase2/src/rejection.cpp ...
lib/phase2/src/rejection.cpp:0:0: information: Limiting analysis of branches. Use --check-level=exhaustive to analyze all branches. [normalCheckLevelMaxBranches]

^
Checking lib/phase2/src/rejection.cpp: _WIN32...
68/77 files checked 85% done
Checking lib/phase2/src/sampler.cpp ...
lib/phase2/src/sampler.cpp:0:0: information: Limiting analysis of branches. Use --check-level=exhaustive to analyze all branches. [normalCheckLevelMaxBranches]

^
lib/phase2/src/sampler.cpp:690:56: portability: Returning an address value in a function with integer return type is not portable. [CastAddressToIntegerAtReturn]
        AioHipsDataset* sig(std::size_t f) { if (!own) return shared_sig[f]; if (!csig[f]) { std::lock_guard<std::mutex> lk(g_aio_mu); csig[f] = aio_hips_open(paths[f], AIO_HIPS_RD_SIGNAL); } return csig[f]; }
                                                       ^
lib/phase2/src/sampler.cpp:691:56: portability: Returning an address value in a function with integer return type is not portable. [CastAddressToIntegerAtReturn]
        AioHipsDataset* sup(std::size_t f) { if (!own) return shared_sup[f]; if (!csup[f]) { std::lock_guard<std::mutex> lk(g_aio_mu); csup[f] = aio_hips_open(paths[f], AIO_HIPS_RD_SUPPORT); } return csup[f]; }
                                                       ^
Checking lib/phase2/src/sampler.cpp: _MSC_VER;_WIN32...
Checking lib/phase2/src/sampler.cpp: _WIN32...
Checking lib/phase2/src/sampler.cpp: _WIN32;__has_include...
Checking lib/phase2/src/sampler.cpp: _WIN32;__has_include;far...
Checking lib/phase2/src/sampler.cpp: _WIN32;__has_include;near...
Checking lib/phase2/src/sampler.cpp: _WIN32;far...
Checking lib/phase2/src/sampler.cpp: _WIN32;near...
69/77 files checked 89% done
Checking lib/phase2/src/stage2_common.cpp ...
lib/phase2/src/stage2_common.cpp:0:0: information: Limiting analysis of branches. Use --check-level=exhaustive to analyze all branches. [normalCheckLevelMaxBranches]

^
Checking lib/phase2/src/stage2_common.cpp: JSON_ASSERT...
Checking lib/phase2/src/stage2_common.cpp: JSON_CATCH_USER...
Checking lib/phase2/src/stage2_common.cpp: JSON_DISABLE_ENUM_SERIALIZATION=0...
Checking lib/phase2/src/stage2_common.cpp: JSON_HAS_CPP_11;JSON_HAS_CPP_14;JSON_HAS_CPP_17;JSON_HAS_CPP_20;JSON_HAS_CPP_23;JSON_HAS_CPP_26...
Checking lib/phase2/src/stage2_common.cpp: JSON_HAS_CPP_11;JSON_HAS_CPP_14;JSON_HAS_CPP_17;JSON_HAS_CPP_20;JSON_HAS_CPP_23;JSON_HAS_CPP_26;_HAS_CXX14...
Checking lib/phase2/src/stage2_common.cpp: JSON_HAS_CPP_11;JSON_HAS_CPP_14;JSON_HAS_CPP_17;JSON_HAS_CPP_20;JSON_HAS_CPP_23;JSON_HAS_CPP_26;_HAS_CXX17...
Checking lib/phase2/src/stage2_common.cpp: JSON_HAS_CPP_11;JSON_HAS_CPP_14;JSON_HAS_CPP_17;JSON_HAS_CPP_20;JSON_HAS_CPP_23;JSON_HAS_CPP_26;_MSVC_LANG...
Checking lib/phase2/src/stage2_common.cpp: JSON_HAS_EXPERIMENTAL_FILESYSTEM;JSON_HAS_FILESYSTEM...
Checking lib/phase2/src/stage2_common.cpp: JSON_HAS_EXPERIMENTAL_FILESYSTEM;JSON_HAS_FILESYSTEM;_MSC_VER...
Checking lib/phase2/src/stage2_common.cpp: JSON_HAS_EXPERIMENTAL_FILESYSTEM;JSON_HAS_FILESYSTEM;__IPHONE_OS_VERSION_MIN_REQUIRED...
Checking lib/phase2/src/stage2_common.cpp: JSON_HAS_EXPERIMENTAL_FILESYSTEM;JSON_HAS_FILESYSTEM;__MAC_OS_X_VERSION_MIN_REQUIRED...
70/77 files checked 90% done
Checking lib/phase2/src/upm.cpp ...
lib/phase2/src/upm.cpp:0:0: information: Limiting analysis of branches. Use --check-level=exhaustive to analyze all branches. [normalCheckLevelMaxBranches]

^
Checking lib/phase2/src/upm.cpp: JSON_ASSERT...
Checking lib/phase2/src/upm.cpp: JSON_CATCH_USER...
Checking lib/phase2/src/upm.cpp: JSON_DISABLE_ENUM_SERIALIZATION=0...
Checking lib/phase2/src/upm.cpp: JSON_HAS_CPP_11;JSON_HAS_CPP_14;JSON_HAS_CPP_17;JSON_HAS_CPP_20;JSON_HAS_CPP_23;JSON_HAS_CPP_26...
Checking lib/phase2/src/upm.cpp: JSON_HAS_CPP_11;JSON_HAS_CPP_14;JSON_HAS_CPP_17;JSON_HAS_CPP_20;JSON_HAS_CPP_23;JSON_HAS_CPP_26;_HAS_CXX14...
Checking lib/phase2/src/upm.cpp: JSON_HAS_CPP_11;JSON_HAS_CPP_14;JSON_HAS_CPP_17;JSON_HAS_CPP_20;JSON_HAS_CPP_23;JSON_HAS_CPP_26;_HAS_CXX17...
Checking lib/phase2/src/upm.cpp: JSON_HAS_CPP_11;JSON_HAS_CPP_14;JSON_HAS_CPP_17;JSON_HAS_CPP_20;JSON_HAS_CPP_23;JSON_HAS_CPP_26;_MSVC_LANG...
Checking lib/phase2/src/upm.cpp: JSON_HAS_EXPERIMENTAL_FILESYSTEM;JSON_HAS_FILESYSTEM...
Checking lib/phase2/src/upm.cpp: JSON_HAS_EXPERIMENTAL_FILESYSTEM;JSON_HAS_FILESYSTEM;_MSC_VER...
Checking lib/phase2/src/upm.cpp: JSON_HAS_EXPERIMENTAL_FILESYSTEM;JSON_HAS_FILESYSTEM;__IPHONE_OS_VERSION_MIN_REQUIRED...
Checking lib/phase2/src/upm.cpp: JSON_HAS_EXPERIMENTAL_FILESYSTEM;JSON_HAS_FILESYSTEM;__MAC_OS_X_VERSION_MIN_REQUIRED...
71/77 files checked 95% done
Checking lib/phase2_session/p2_session.cpp ...
lib/phase2_session/p2_session.cpp:0:0: information: Limiting analysis of branches. Use --check-level=exhaustive to analyze all branches. [normalCheckLevelMaxBranches]

^
Checking lib/phase2_session/p2_session.cpp: JSON_ASSERT...
Checking lib/phase2_session/p2_session.cpp: JSON_CATCH_USER...
Checking lib/phase2_session/p2_session.cpp: JSON_DISABLE_ENUM_SERIALIZATION=0...
Checking lib/phase2_session/p2_session.cpp: JSON_HAS_CPP_11;JSON_HAS_CPP_14;JSON_HAS_CPP_17;JSON_HAS_CPP_20;JSON_HAS_CPP_23;JSON_HAS_CPP_26...
Checking lib/phase2_session/p2_session.cpp: JSON_HAS_CPP_11;JSON_HAS_CPP_14;JSON_HAS_CPP_17;JSON_HAS_CPP_20;JSON_HAS_CPP_23;JSON_HAS_CPP_26;_HAS_CXX14...
Checking lib/phase2_session/p2_session.cpp: JSON_HAS_CPP_11;JSON_HAS_CPP_14;JSON_HAS_CPP_17;JSON_HAS_CPP_20;JSON_HAS_CPP_23;JSON_HAS_CPP_26;_HAS_CXX17...
Checking lib/phase2_session/p2_session.cpp: JSON_HAS_CPP_11;JSON_HAS_CPP_14;JSON_HAS_CPP_17;JSON_HAS_CPP_20;JSON_HAS_CPP_23;JSON_HAS_CPP_26;_MSVC_LANG...
Checking lib/phase2_session/p2_session.cpp: JSON_HAS_EXPERIMENTAL_FILESYSTEM;JSON_HAS_FILESYSTEM...
Checking lib/phase2_session/p2_session.cpp: JSON_HAS_EXPERIMENTAL_FILESYSTEM;JSON_HAS_FILESYSTEM;_MSC_VER...
Checking lib/phase2_session/p2_session.cpp: JSON_HAS_EXPERIMENTAL_FILESYSTEM;JSON_HAS_FILESYSTEM;__IPHONE_OS_VERSION_MIN_REQUIRED...
Checking lib/phase2_session/p2_session.cpp: JSON_HAS_EXPERIMENTAL_FILESYSTEM;JSON_HAS_FILESYSTEM;__MAC_OS_X_VERSION_MIN_REQUIRED...
72/77 files checked 96% done
Checking lib/phase3_session/hips_properties.cpp ...
lib/phase3_session/hips_properties.cpp:0:0: information: Limiting analysis of branches. Use --check-level=exhaustive to analyze all branches. [normalCheckLevelMaxBranches]

^
Checking lib/phase3_session/hips_properties.cpp: _WIN32...
73/77 files checked 97% done
Checking lib/phase3_session/p3_output.cpp ...
lib/phase3_session/p3_output.cpp:0:0: information: Limiting analysis of branches. Use --check-level=exhaustive to analyze all branches. [normalCheckLevelMaxBranches]

^
Checking lib/phase3_session/p3_output.cpp: _WIN32...
74/77 files checked 97% done
Checking lib/phase3_session/p3_resample.cpp ...
lib/phase3_session/p3_resample.cpp:0:0: information: Limiting analysis of branches. Use --check-level=exhaustive to analyze all branches. [normalCheckLevelMaxBranches]

^
Checking lib/phase3_session/p3_resample.cpp: _WIN32...
75/77 files checked 98% done
Checking lib/phase3_session/p3_session.cpp ...
lib/phase3_session/p3_session.cpp:0:0: information: Limiting analysis of branches. Use --check-level=exhaustive to analyze all branches. [normalCheckLevelMaxBranches]

^
Checking lib/phase3_session/p3_session.cpp: JSON_ASSERT...
Checking lib/phase3_session/p3_session.cpp: JSON_CATCH_USER...
Checking lib/phase3_session/p3_session.cpp: JSON_DISABLE_ENUM_SERIALIZATION=0...
Checking lib/phase3_session/p3_session.cpp: JSON_HAS_CPP_11;JSON_HAS_CPP_14;JSON_HAS_CPP_17;JSON_HAS_CPP_20;JSON_HAS_CPP_23;JSON_HAS_CPP_26...
Checking lib/phase3_session/p3_session.cpp: JSON_HAS_CPP_11;JSON_HAS_CPP_14;JSON_HAS_CPP_17;JSON_HAS_CPP_20;JSON_HAS_CPP_23;JSON_HAS_CPP_26;_HAS_CXX14...
Checking lib/phase3_session/p3_session.cpp: JSON_HAS_CPP_11;JSON_HAS_CPP_14;JSON_HAS_CPP_17;JSON_HAS_CPP_20;JSON_HAS_CPP_23;JSON_HAS_CPP_26;_HAS_CXX17...
Checking lib/phase3_session/p3_session.cpp: JSON_HAS_CPP_11;JSON_HAS_CPP_14;JSON_HAS_CPP_17;JSON_HAS_CPP_20;JSON_HAS_CPP_23;JSON_HAS_CPP_26;_MSVC_LANG...
Checking lib/phase3_session/p3_session.cpp: JSON_HAS_EXPERIMENTAL_FILESYSTEM;JSON_HAS_FILESYSTEM...
Checking lib/phase3_session/p3_session.cpp: JSON_HAS_EXPERIMENTAL_FILESYSTEM;JSON_HAS_FILESYSTEM;_MSC_VER...
Checking lib/phase3_session/p3_session.cpp: JSON_HAS_EXPERIMENTAL_FILESYSTEM;JSON_HAS_FILESYSTEM;__IPHONE_OS_VERSION_MIN_REQUIRED...
Checking lib/phase3_session/p3_session.cpp: JSON_HAS_EXPERIMENTAL_FILESYSTEM;JSON_HAS_FILESYSTEM;__MAC_OS_X_VERSION_MIN_REQUIRED...
76/77 files checked 99% done
Checking lib/phase3_session/p3_wcs.cpp ...
lib/phase3_session/p3_wcs.cpp:0:0: information: Limiting analysis of branches. Use --check-level=exhaustive to analyze all branches. [normalCheckLevelMaxBranches]

^
Checking lib/phase3_session/p3_wcs.cpp: ASTROCS_P3_MAX_SIDE...
77/77 files checked 100% done
nofile:0:0: information: Too many #ifdef configurations - cppcheck only checks 12 configurations. Use --force to check all configurations. For more details, use --enable=information. [toomanyconfigs]

CPPCHECK_EXIT=2
