Internal ctest changing into directory: /home/lighthouse/Astro CS Database/run/temp/build_v61
Test project /home/lighthouse/Astro CS Database/run/temp/build_v61
      Start  1: core_contracts
 1/14 Test  #1: core_contracts ...................   Passed    0.00 sec
      Start  2: core_artifact
 2/14 Test  #2: core_artifact ....................   Passed    0.00 sec
      Start  3: core_module
 3/14 Test  #3: core_module ......................   Passed    0.00 sec
      Start  4: core_pipeline
 4/14 Test  #4: core_pipeline ....................   Passed    0.00 sec
      Start  5: core_context
 5/14 Test  #5: core_context .....................   Passed    0.00 sec
      Start  6: core_scheduler
 6/14 Test  #6: core_scheduler ...................   Passed    0.85 sec
      Start  7: core_checkpoint
 7/14 Test  #7: core_checkpoint ..................   Passed    0.00 sec
      Start  8: core_logging
 8/14 Test  #8: core_logging .....................   Passed    0.00 sec
      Start  9: rt001_abi
 9/14 Test  #9: rt001_abi ........................   Passed    0.00 sec
      Start 10: rt002_budget
10/14 Test #10: rt002_budget .....................   Passed    0.03 sec
      Start 11: rt003_context
11/14 Test #11: rt003_context ....................   Passed    0.01 sec
      Start 12: rt005_registry
12/14 Test #12: rt005_registry ...................   Passed    0.00 sec
      Start 13: rt006_scheduler
13/14 Test #13: rt006_scheduler ..................   Passed    0.09 sec
      Start 14: rt007_artifact_store
14/14 Test #14: rt007_artifact_store .............   Passed    0.00 sec

100% tests passed, 0 tests failed out of 14

Total Test time (real) =   1.02 sec
