Internal ctest changing into directory: /home/lighthouse/Astro CS Database/run/temp/build_v61
Test project /home/lighthouse/Astro CS Database/run/temp/build_v61
      Start  1: core_contracts
 1/10 Test  #1: core_contracts ...................   Passed    0.00 sec
      Start  2: core_artifact
 2/10 Test  #2: core_artifact ....................   Passed    0.00 sec
      Start  3: core_module
 3/10 Test  #3: core_module ......................   Passed    0.00 sec
      Start  4: core_pipeline
 4/10 Test  #4: core_pipeline ....................   Passed    0.00 sec
      Start  5: core_context
 5/10 Test  #5: core_context .....................   Passed    0.00 sec
      Start  6: core_scheduler
 6/10 Test  #6: core_scheduler ...................   Passed    0.85 sec
      Start  7: core_checkpoint
 7/10 Test  #7: core_checkpoint ..................   Passed    0.00 sec
      Start  8: core_logging
 8/10 Test  #8: core_logging .....................   Passed    0.00 sec
      Start  9: rt001_abi
 9/10 Test  #9: rt001_abi ........................   Passed    0.00 sec
      Start 10: rt002_budget
10/10 Test #10: rt002_budget .....................   Passed    0.03 sec

100% tests passed, 0 tests failed out of 10

Total Test time (real) =   0.91 sec
