{
  "ok": true,
  "results": [
    {
      "ok": true,
      "exit_code": 0,
      "stdout": "F:\\Astro dev\\Astro CS Normalization Database\\engineering_v1.2",
      "stderr": "",
      "elapsed_sec": 0,
      "cmd": [
        "F:\\Astro dev\\Astro CS Normalization Database\\_new_pack_v1.2/AstroCS_Next_Phase_Development_Pack_v1.2",
        "F:\\Astro dev\\Astro CS Normalization Database\\engineering_v1.2"
      ],
      "extra": {
        "src": "F:\\Astro dev\\Astro CS Normalization Database\\_new_pack_v1.2/AstroCS_Next_Phase_Development_Pack_v1.2",
        "dst": "F:\\Astro dev\\Astro CS Normalization Database\\engineering_v1.2"
      },
      "step": 0,
      "type": "move_dir"
    },
    {
      "ok": true,
      "exit_code": 0,
      "stdout": "F:\\Astro dev\\Astro CS Normalization Database\\_new_pack_v1.2",
      "stderr": "",
      "elapsed_sec": 0,
      "cmd": [
        "F:\\Astro dev\\Astro CS Normalization Database\\_new_pack_v1.2"
      ],
      "extra": {
        "path": "F:\\Astro dev\\Astro CS Normalization Database\\_new_pack_v1.2",
        "removed": true
      },
      "step": 1,
      "type": "rmtree"
    },
    {
      "ok": true,
      "exit_code": 0,
      "stdout": "{\"exists\": true}",
      "stderr": "",
      "elapsed_sec": 0,
      "cmd": [
        "F:\\Astro dev\\Astro CS Normalization Database\\engineering_v1.2/tools/validate_pack.py"
      ],
      "extra": {
        "path": "F:\\Astro dev\\Astro CS Normalization Database\\engineering_v1.2/tools/validate_pack.py",
        "exists": true,
        "size": 1258
      },
      "step": 2,
      "type": "file_exists"
    },
    {
      "ok": true,
      "exit_code": 0,
      "stdout": "OK root=F:\\Astro dev\\Astro CS Normalization Database\\engineering_v1.2 tasks=50 prompt_chars=62\n",
      "stderr": "",
      "elapsed_sec": 0.072,
      "cmd": [
        "python",
        "engineering_v1.2/tools/validate_pack.py",
        "engineering_v1.2"
      ],
      "step": 3,
      "type": "run_python"
    }
  ]
}