{
  "ok": false,
  "results": [
    {
      "ok": true,
      "exit_code": 0,
      "stdout": "## main...origin/main\n D tools/_commit_audit.json\n D tools/_commit_audit_msg.txt\n M tools/astro_toolkit.py\n?? AstroCS_Next_Phase_Development_Pack_2026-07-27_v1.2.zip\n?? _toolkit_configs/\n?? audit/AstroCS-v1.1-audit-pack.rar\n?? engineering_v1.2/\n",
      "stderr": "",
      "elapsed_sec": 0.06,
      "cmd": [
        "git",
        "status",
        "--porcelain=v1",
        "-b"
      ],
      "extra": {
        "porcelain": "## main...origin/main\n D tools/_commit_audit.json\n D tools/_commit_audit_msg.txt\n M tools/astro_toolkit.py\n?? AstroCS_Next_Phase_Development_Pack_2026-07-27_v1.2.zip\n?? _toolkit_configs/\n?? audit/AstroCS-v1.1-audit-pack.rar\n?? engineering_v1.2/\n"
      },
      "step": 0,
      "type": "git_status"
    },
    {
      "ok": true,
      "exit_code": 0,
      "stdout": "ed145a7 docs: 补充项目 README + 生成 v1.1 审计包\na3b468d P08-002 补充提交: logs/ 证据文件 (被 .gitignore logs/ 规则忽略, 用 -f 强制添加)\ndc774c6 P08-002 最终独立复核与交接: v1.1 开发包交付完成 (VERDICT: PASS)\n889944a P08-001 CLI Core v1 发布包 (VERDICT: PASS)\n29cb291 P07-002 补充证据: logs/ + HISS 输出文件\nc3865eb P07-002 长批次与故障稳定性 (VERDICT: PASS)\n8440e19 P07-001 补充证据: logs/ + HISS 输出文件\n4c1f546 P07-001 性能与峰值内存基线 (VERDICT: PASS)\n5031094 P06-003 HCSD 输出与独立读取 (VERDICT: PASS)\n4ccb507 P06-002 球面梯度与稳健叠加证据 (v1.1 开发包) - VERDICT: PASS\n",
      "stderr": "",
      "elapsed_sec": 0.036,
      "cmd": [
        "git",
        "log",
        "--oneline",
        "-n",
        "10"
      ],
      "step": 1,
      "type": "run_orchestrator"
    },
    {
      "ok": false,
      "exit_code": 128,
      "stdout": "ed145a709146123cb6dc2f20beb34b7a1db60de4\nabbrev-ref\n",
      "stderr": "fatal: ambiguous argument 'abbrev-ref': unknown revision or path not in the working tree.\nUse '--' to separate paths from revisions, like this:\n'git <command> [<revision>...] -- [<file>...]'\n",
      "elapsed_sec": 0.037,
      "cmd": [
        "git",
        "rev-parse",
        "HEAD",
        "abbrev-ref",
        "HEAD",
        "remote",
        "get-url",
        "origin"
      ],
      "step": 2,
      "type": "run_orchestrator"
    },
    {
      "ok": true,
      "exit_code": 0,
      "stdout": " D tools/_commit_audit.json\n D tools/_commit_audit_msg.txt\n M tools/astro_toolkit.py\n?? AstroCS_Next_Phase_Development_Pack_2026-07-27_v1.2.zip\n?? _toolkit_configs/\n?? audit/AstroCS-v1.1-audit-pack.rar\n?? engineering_v1.2/\n",
      "stderr": "",
      "elapsed_sec": 0.054,
      "cmd": [
        "git",
        "status",
        "--porcelain=v1"
      ],
      "step": 3,
      "type": "run_orchestrator"
    },
    {
      "ok": true,
      "exit_code": 0,
      "stdout": "",
      "stderr": "",
      "elapsed_sec": 0.042,
      "cmd": [
        "git",
        "ls-files",
        "--others",
        "--exclude-standard",
        "engineering/"
      ],
      "step": 4,
      "type": "run_orchestrator"
    },
    {
      "ok": true,
      "exit_code": 0,
      "stdout": "[]",
      "stderr": "",
      "elapsed_sec": 0,
      "cmd": [],
      "extra": {
        "items": []
      },
      "step": 5,
      "type": "list_dir"
    },
    {
      "ok": true,
      "exit_code": 0,
      "stdout": "[\"MASTER_TASK_REGISTER.csv\", \"REQUIREMENTS_TRACEABILITY.csv\", \"RISK_REGISTER.csv\"]",
      "stderr": "",
      "elapsed_sec": 0,
      "cmd": [],
      "extra": {
        "items": [
          "MASTER_TASK_REGISTER.csv",
          "REQUIREMENTS_TRACEABILITY.csv",
          "RISK_REGISTER.csv"
        ]
      },
      "step": 6,
      "type": "list_dir"
    },
    {
      "ok": true,
      "exit_code": 0,
      "stdout": "55C6F9120B27BF83965B163D2F09E3502C49F269E06F9579EED3CF91395D0951",
      "stderr": "",
      "elapsed_sec": 0,
      "cmd": [
        "F:\\Astro dev\\Astro CS Normalization Database\\engineering/control/PROJECT_STATE.yaml"
      ],
      "extra": {
        "sha256": "55C6F9120B27BF83965B163D2F09E3502C49F269E06F9579EED3CF91395D0951",
        "size": 8869
      },
      "step": 7,
      "type": "sha256"
    },
    {
      "ok": true,
      "exit_code": 0,
      "stdout": "09E476835F216CE873FCCD0D904B40D43FB0DE81092AC8077B289137FC4AC6FD",
      "stderr": "",
      "elapsed_sec": 0,
      "cmd": [
        "F:\\Astro dev\\Astro CS Normalization Database\\engineering/control/MASTER_TASK_REGISTER.csv"
      ],
      "extra": {
        "sha256": "09E476835F216CE873FCCD0D904B40D43FB0DE81092AC8077B289137FC4AC6FD",
        "size": 2627
      },
      "step": 8,
      "type": "sha256"
    },
    {
      "ok": true,
      "exit_code": 0,
      "stdout": "CF87C7CD5AA60E06270C232581A3A94A13DF31633DD82ACBD5B0F657F878D7E8",
      "stderr": "",
      "elapsed_sec": 0,
      "cmd": [
        "F:\\Astro dev\\Astro CS Normalization Database\\engineering/control/CURRENT_TASK.md"
      ],
      "extra": {
        "sha256": "CF87C7CD5AA60E06270C232581A3A94A13DF31633DD82ACBD5B0F657F878D7E8",
        "size": 3813
      },
      "step": 9,
      "type": "sha256"
    }
  ]
}