{
  "ok": true,
  "results": [
    {
      "ok": true,
      "exit_code": 0,
      "stdout": "F:\\Astro dev\\Astro CS Normalization Database\\_new_pack_v1.2",
      "stderr": "",
      "elapsed_sec": 0,
      "cmd": [],
      "extra": {
        "path": "F:\\Astro dev\\Astro CS Normalization Database\\_new_pack_v1.2"
      },
      "step": 0,
      "type": "mkdir"
    },
    {
      "ok": true,
      "exit_code": 0,
      "stdout": "F:\\Astro dev\\Astro CS Normalization Database\\_new_pack_v1.2",
      "stderr": "",
      "elapsed_sec": 0.055,
      "cmd": [
        "F:\\Astro dev\\Astro CS Normalization Database\\AstroCS_Next_Phase_Development_Pack_2026-07-27_v1.2.zip",
        "F:\\Astro dev\\Astro CS Normalization Database\\_new_pack_v1.2"
      ],
      "extra": {
        "dest_dir": "F:\\Astro dev\\Astro CS Normalization Database\\_new_pack_v1.2",
        "n_members": 121,
        "members": [
          "AstroCS_Next_Phase_Development_Pack_v1.2/AUTONOMOUS_ENTRY.md",
          "AstroCS_Next_Phase_Development_Pack_v1.2/MANIFEST.md",
          "AstroCS_Next_Phase_Development_Pack_v1.2/PACKAGE_VERSION.txt",
          "AstroCS_Next_Phase_Development_Pack_v1.2/README.md",
          "AstroCS_Next_Phase_Development_Pack_v1.2/SHA256SUMS.txt",
          "AstroCS_Next_Phase_Development_Pack_v1.2/START_PROMPT.txt",
          "AstroCS_Next_Phase_Development_Pack_v1.2/agent/BLOCKED_PROTOCOL.md",
          "AstroCS_Next_Phase_Development_Pack_v1.2/agent/EVIDENCE_AND_REPORTING_RULES.md",
          "AstroCS_Next_Phase_Development_Pack_v1.2/agent/MASTER_AGENT_INSTRUCTIONS.md",
          "AstroCS_Next_Phase_Development_Pack_v1.2/agent/PARALLELIZATION_AND_DEPENDENCY_RULES.md",
          "AstroCS_Next_Phase_Development_Pack_v1.2/agent/REVIEW_AGENT_INSTRUCTIONS.md",
          "AstroCS_Next_Phase_Development_Pack_v1.2/agent/SESSION_RESUME.md",
          "AstroCS_Next_Phase_Development_Pack_v1.2/agent/TASK_EXECUTION_PROTOCOL.md",
          "AstroCS_Next_Phase_Development_Pack_v1.2/checklists/BROWSER_PERFORMANCE.md",
          "AstroCS_Next_Phase_Development_Pack_v1.2/checklists/G10_TESTDATA_AND_CALIBRATION.md",
          "AstroCS_Next_Phase_Development_Pack_v1.2/checklists/G11_WCS_AND_PHOTOMETRY.md",
          "AstroCS_Next_Phase_Development_Pack_v1.2/checklists/G12_STAGE1_SCIENCE.md",
          "AstroCS_Next_Phase_Development_Pack_v1.2/checklists/G13_GALAXY_CENTER_MOSAIC.md",
          "AstroCS_Next_Phase_Development_Pack_v1.2/checklists/G14_BROWSER_IO_ASYNC.md",
          "AstroCS_Next_Phase_Development_Pack_v1.2/checklists/G15_BROWSER_GPU.md",
          "AstroCS_Next_Phase_Development_Pack_v1.2/checklists/G16_RELEASE_AND_HANDOVER.md",
          "AstroCS_Next_Phase_Development_Pack_v1.2/checklists/G9_BASELINE.md",
          "AstroCS_Next_Phase_Development_Pack_v1.2/checklists/SCIENTIFIC_EVIDENCE.md",
          "AstroCS_Next_Phase_Development_Pack_v1.2/checklists/TASK_ENTRY.md",
          "AstroCS_Next_Phase_Development_Pack_v1.2/contracts/FILTER_ALIAS_MAP.template.json",
          "AstroCS_Next_Phase_Development_Pack_v1.2/contracts/browser_performance_report.schema.json",
          "AstroCS_Next_Phase_Development_Pack_v1.2/contracts/calibration_resolution.schema.json",
          "AstroCS_Next_Phase_Development_Pack_v1.2/contracts/mosaic_overlap_graph.schema.json",
          "AstroCS_Next_Phase_Development_Pack_v1.2/contracts/photometry_report.schema.json",
          "AstroCS_Next_Phase_Development_Pack_v1.2/contracts/telescope_system_profile.schema.json",
          "AstroCS_Next_Phase_Development_Pack_v1.2/contracts/wcs_closure_report.schema.json",
          "AstroCS_Next_Phase_Development_Pack_v1.2/control/BASELINE_FACTS.md",
          "AstroCS_Next_Phase_Development_Pack_v1.2/control/CURRENT_TASK.md",
          "AstroCS_Next_Phase_Development_Pack_v1.2/control/DECISION_REGISTER.md",
          "AstroCS_Next_Phase_Development_Pack_v1.2/control/MASTER_TASK_REGISTER.csv",
          "AstroCS_Next_Phase_Development_Pack_v1.2/control/PROJECT_STATE.yaml",
          "AstroCS_Next_Phase_Development_Pack_v1.2/control/REQUIREMENTS_TRACEABILITY.csv",
          "AstroCS_Next_Phase_Development_Pack_v1.2/control/RISK_REGISTER.csv",
          "AstroCS_Next_Phase_Development_Pack_v1.2/docs/00_PHASE_GOAL_AND_BOUNDARIES.md",
          "AstroCS_Next_Phase_Development_Pack_v1.2/docs/01_V11_AUDIT_CORRECTION.md",
          "AstroCS_Next_Phase_Development_Pack_v1.2/docs/02_PLATESOLVE_SHARED_DETECTION_MAINLINE_STATUS.md",
          "AstroCS_Next_Phase_Development_Pack_v1.2/docs/03_TESTDATA_T1_T4_INVENTORY_SPEC.md",
          "AstroCS_Next_Phase_Development_Pack_v1.2/docs/04_CALIBRATION_MASTER_RESOLUTION_SPEC.md",
          "AstroCS_Next_Phase_Development_Pack_v1.2/docs/05_WCS_COORDINATE_CONVENTION_AND_CLOSURE_SPEC.md",
          "AstroCS_Next_Phase_Development_Pack_v1.2/docs/06_PHOTOMETRY_CORRECTION_SPEC.md",
          "AstroCS_Next_Phase_Development_Pack_v1.2/docs/07_SNR_AND_HISS_PROVENANCE_SPEC.md",
          "AstroCS_Next_Phase_Development_Pack_v1.2/docs/08_STAGE1_REAL_DATA_FULL_VALIDATION_SPEC.md",
          "AstroCS_Next_Phase_Development_Pack_v1.2/docs/09_GALAXY_CENTER_THREE_PANEL_MOSAIC_SPEC.md",
          "AstroCS_Next_Phase_Development_Pack_v1.2/docs/10_SPHERICAL_GRADIENT_SCIENTIFIC_VALIDATION_SPEC.md",
          "AstroCS_Next_Phase_Development_Pack_v1.2/docs/11_STACKING_AND_HCSD_QUALITY_SPEC.md"
        ]
      },
      "step": 1,
      "type": "unzip"
    },
    {
      "ok": true,
      "exit_code": 0,
      "stdout": "[]",
      "stderr": "",
      "elapsed_sec": 0,
      "cmd": [],
      "extra": {
        "items": []
      },
      "step": 2,
      "type": "list_dir"
    }
  ]
}