timestamp,working_set_mb,paged_mem_mb,nonpaged_mb
10:29:21.007,130.04,125.74,0.01
10:29:21.226,179.34,259.71,0.01
10:29:21.450,361.03,476.99,0.02
10:29:21.671,398.29,479.66,0.02
10:29:21.889,336.49,417.74,0.02
10:29:22.102,338.25,420.26,0.02
10:29:22.337,343.13,424.52,0.02
10:29:22.570,343.63,424.99,0.02
10:29:22.796,344.25,425.64,0.02
10:29:23.025,345.39,426.69,0.02
10:29:23.250,345.56,426.83,0.02
10:29:23.469,347.95,429.39,0.02
10:29:23.688,220.68,300.94,0.02
10:29:23.909,525.39,472.13,0.02
10:29:24.123,1455.89,992.8,0.02
10:29:24.341,2356.82,1493.75,0.03
10:29:24.576,3364.17,2059.5,0.03
10:29:24.797,4272.3,2572.1,0.03
10:29:25.032,5296.51,3148.1,0.04
10:29:25.259,6224.91,3671.6,0.04
10:29:25.504,7219.88,4234.02,0.05
10:29:25.762,8307.86,4844.28,0.05
10:29:25.991,9338.93,5420.55,0.06
10:29:26.213,10253.98,5929.86,0.06
10:29:26.451,11280.3,6503.02,0.07
10:29:26.671,12236.88,7038.61,0.07
10:29:26.892,13262.79,7610.62,0.08
10:29:27.132,14294.6,8184.73,0.08
10:29:27.372,15305.81,8745.34,0.08
10:29:27.599,16249.25,9268.11,0.09
10:29:27.837,17252.27,9824.83,0.09
10:29:28.074,18222.05,10362.32,0.1
10:29:28.299,19126.32,10861.55,0.1
10:29:28.525,20062.34,11375.66,0.11
10:29:28.752,21032.61,11908.58,0.11
10:29:28.975,21879.2,12373.97,0.11
10:29:29.189,22597.48,12769.67,0.12
10:29:29.405,23276.64,13145.8,0.12
10:29:29.628,23883.93,13482.74,0.12
10:29:29.840,24587.39,13872.7,0.13
10:29:30.054,25272.31,14252.07,0.13
10:29:30.270,25937.71,14618.64,0.13
10:29:30.485,26526.89,14941.98,0.14
10:29:30.701,26950.82,15175.75,0.14
10:29:30.917,27294.21,15366.6,0.14
10:29:31.133,27643.56,15560.68,0.14
10:29:31.348,27988.55,15752.6,0.14
10:29:31.566,28336.29,15945.87,0.14
10:29:31.780,28678.39,16135.5,0.15
10:29:31.999,29031.34,16330.87,0.15
10:29:32.231,29404.68,16537.02,0.15
10:29:32.447,29739.94,16721.13,0.15
10:29:32.660,29991.75,16860.34,0.15
10:29:32.876,30241.92,16998.76,0.15
10:29:33.092,30425.64,17100.14,0.15
10:29:33.305,30541.22,17163.72,0.15
10:29:33.521,30633.08,17214.33,0.15
10:29:33.735,30724.89,17264.92,0.15
10:29:33.952,30817.87,17315.88,0.15
10:29:34.168,30911.13,17367.4,0.16
10:29:34.382,31003.82,17418.58,0.16
10:29:34.599,31097.34,17470.38,0.16
10:29:34.818,31191.54,17522.27,0.16
10:29:35.034,31277.24,17566.44,0.16
10:29:35.248,31321.44,17566.44,0.16
10:29:35.463,31296.31,17535.48,0.16
10:29:35.709,31299.57,17538.84,0.16
10:29:35.928,31299.64,17538.84,0.16
10:29:36.145,31297.02,17536.21,0.16
10:29:36.360,31297.02,17536.21,0.16
10:29:36.577,31297.06,17536.22,0.16
10:29:36.792,31297.06,17536.22,0.16
10:29:37.010,31297.07,17536.22,0.16
10:29:37.222,31297.08,17536.22,0.16
10:29:37.439,31297.09,17536.22,0.16
10:29:37.654,31297.09,17536.22,0.16
10:29:37.871,31297.09,17536.22,0.16
10:29:38.087,31297.09,17536.22,0.16
10:29:38.304,31297.11,17536.22,0.16
10:29:38.521,31297.11,17536.22,0.16
10:29:38.738,31297.11,17536.22,0.16
10:29:38.955,31297.11,17536.22,0.16
10:29:39.169,31297.11,17536.22,0.16
10:29:39.386,31297.11,17536.22,0.16
10:29:39.604,31297.12,17536.22,0.16
10:29:39.819,31297.18,17536.22,0.16
10:29:40.035,31297.2,17536.22,0.16
10:29:40.252,31297.2,17536.22,0.16
10:29:40.465,31297.2,17536.22,0.16
10:29:40.684,31297.22,17536.22,0.16
10:29:40.900,31297.23,17536.22,0.16
10:29:41.113,31389.22,17629.1,0.16
10:29:41.335,31452.16,17691.03,0.16
10:29:41.548,31513.96,17752.95,0.16
10:29:41.765,31452.42,17691.54,0.16
10:29:41.982,31453.54,17693.54,0.16
10:29:42.214,31456.48,17695.97,0.16
10:29:42.445,31456.55,17695.97,0.16
10:29:42.671,31456.63,17695.97,0.16
10:29:42.894,31456.66,17695.97,0.16
10:29:43.114,31456.72,17695.97,0.16
10:29:43.332,31456.72,17695.97,0.16
10:29:43.549,31458.04,17697.67,0.16
10:29:43.765,31331.07,17569.23,0.16
10:29:44.005,31300.31,17544.44,0.16
10:29:44.225,31429.44,17619.71,0.16
10:29:44.438,31870.98,17870.63,0.16
10:29:44.655,31912.67,17881.71,0.16
10:29:44.871,32010.54,17932.58,0.16
10:29:45.085,32075.84,17981.31,0.16
10:29:45.303,32139.35,18043.28,0.16
10:29:45.521,32139.41,18043.33,0.16
10:29:45.741,32139.44,18043.36,0.16
10:29:45.959,32139.48,18043.4,0.16
10:29:46.174,32139.5,18043.41,0.16
10:29:46.390,32139.5,18043.41,0.16
10:29:46.606,32139.5,18043.41,0.16
10:29:46.822,32046.9,18012.45,0.16
10:29:47.043,32051.08,18049.96,0.16
10:29:47.260,32051.14,18049.96,0.16
10:29:47.478,32051.3,18022.36,0.16
10:29:47.696,32051.85,18022.92,0.16
10:29:47.914,32052.18,18022.92,0.16
10:29:48.131,32048.85,17957.66,0.16
10:29:48.345,32048.91,17957.66,0.16
10:29:48.561,32110.74,18019.57,0.16
10:29:48.777,32469.1,18385.87,0.16
10:29:49.025,32642.54,18552.37,0.16
10:29:49.257,32642.54,18552.37,0.16
10:29:49.483,32642.54,18552.37,0.16
10:29:49.716,32642.54,18552.37,0.16
10:29:49.951,32642.54,18552.37,0.16
10:29:50.184,32642.54,18552.37,0.16
10:29:50.418,32642.54,18552.37,0.16
10:29:50.653,32642.54,18552.37,0.16
10:29:50.878,32642.54,18552.37,0.16
10:29:51.089,32642.54,18552.37,0.16
10:29:51.317,32642.54,18552.37,0.16
10:29:51.533,32642.54,18552.37,0.16
10:29:51.756,32642.54,18552.37,0.16
10:29:52.000,32642.54,18552.37,0.16
10:29:52.245,32642.54,18552.37,0.16
10:29:52.465,32642.54,18552.37,0.16
10:29:52.686,32642.54,18552.37,0.16
10:29:52.895,32642.54,18552.37,0.16
10:29:53.121,32642.54,18552.37,0.16
10:29:53.336,32642.54,18552.37,0.16
10:29:53.562,32642.54,18552.37,0.16
10:29:53.797,32642.54,18552.37,0.16
10:29:54.028,32642.54,18552.37,0.16
10:29:54.263,32642.54,18552.37,0.16
10:29:54.496,32642.54,18552.37,0.16
10:29:54.731,32642.54,18552.37,0.16
10:29:54.955,32642.54,18552.37,0.16
10:29:55.167,32642.54,18552.37,0.16
10:29:55.391,32642.54,18552.37,0.16
10:29:55.601,32642.54,18552.37,0.16
10:29:55.819,32642.54,18552.37,0.16
10:29:56.047,32642.54,18552.37,0.16
10:29:56.283,32642.54,18552.37,0.16
10:29:56.511,32642.54,18552.37,0.16
10:29:56.746,32642.54,18552.37,0.16
10:29:56.979,32642.54,18552.37,0.16
10:29:57.209,32642.54,18552.37,0.16
10:29:57.443,32642.54,18552.37,0.16
10:29:57.673,32642.54,18552.37,0.16
10:29:57.899,32642.54,18552.37,0.16
10:29:58.114,32642.54,18552.37,0.16
10:29:58.338,32642.54,18552.37,0.16
10:29:58.563,32642.54,18552.37,0.16
10:29:58.793,32642.54,18552.37,0.16
10:29:59.034,32642.54,18552.37,0.16
10:29:59.262,32642.54,18552.37,0.16
10:29:59.494,32642.54,18552.37,0.16
10:29:59.725,32642.54,18552.37,0.16
10:29:59.958,32642.54,18552.37,0.16
10:30:00.170,32642.54,18552.37,0.16
10:30:00.387,32642.54,18552.37,0.16
10:30:00.608,32642.54,18552.37,0.16
10:30:00.817,32642.54,18552.37,0.16
10:30:01.035,32642.54,18552.37,0.16
10:30:01.253,32642.55,18552.37,0.16
10:30:01.468,32110.83,18019.57,0.16
10:30:01.689,32111,18019.57,0.16
10:30:01.907,31969.29,17877.58,0.16
10:30:02.124,31412.59,17856.54,0.16
10:30:02.343,31192.03,17630.98,0.16
10:30:02.560,30334.18,16799.53,0.16
10:30:02.779,30334.07,16834.2,0.16
10:30:02.998,29732.43,16856.04,0.16
10:30:03.215,29732.33,16891.54,0.16
10:30:03.433,29732.33,16926.2,0.16
10:30:03.653,28717.27,15748.64,0.16
10:30:03.869,28717.27,15794.57,0.16
10:30:04.086,28081.66,15823.99,0.16
10:30:04.302,28080.88,15881.14,0.16
10:30:04.520,28080.2,15938.92,0.16
10:30:04.738,28080.2,15999.8,0.16
10:30:04.956,28079.41,16055.72,0.16
10:30:05.173,28079.05,16106.07,0.16
10:30:05.390,27264.98,14924.16,0.16
10:30:05.606,26479.81,14818.63,0.16
10:30:05.824,26479.38,14896.48,0.16
10:30:06.043,26478.87,14970.45,0.16
10:30:06.261,26478.31,15046.29,0.16
10:30:06.481,26477.75,15116.68,0.16
10:30:06.698,26477.51,15192.12,0.16
10:30:06.917,26477.16,15262.76,0.16
10:30:07.134,26476.54,15332.46,0.16
10:30:07.354,25814.89,15362.27,0.16
10:30:07.571,24922.64,13894.46,0.16
10:30:07.786,24920.62,13958.14,0.16
10:30:08.004,24919.59,14027.91,0.16
10:30:08.221,24918.78,14092.92,0.16
10:30:08.440,24917.8,14159.28,0.16
10:30:08.659,24916.6,14221.98,0.16
10:30:08.879,24915.09,14284.84,0.16
10:30:09.097,24914.55,14345.18,0.16
10:30:09.316,24239.88,14377.33,0.16
10:30:09.533,23407.2,13028.32,0.16
10:30:09.752,23402.82,13113.08,0.16
10:30:09.969,23400.93,13204.62,0.16
10:30:10.188,23397.82,13290.32,0.16
10:30:10.404,23396.11,13377.64,0.16
10:30:10.621,23393.68,13465.08,0.16
10:30:10.838,23391.4,13553.29,0.16
10:30:11.054,23388.14,13637.44,0.16
10:30:11.274,23384.45,13726.73,0.16
10:30:11.495,23380.86,13812.23,0.16
10:30:11.710,22711.5,13857.57,0.16
10:30:11.925,21944.14,12252.14,0.16
10:30:12.142,21939.31,12345.94,0.16
10:30:12.360,21930.95,12440.6,0.16
10:30:12.574,21925.22,12532.45,0.16
10:30:12.794,21922.07,12621.15,0.16
10:30:13.011,21917.69,12720.27,0.16
10:30:13.230,21913.36,12816.38,0.16
10:30:13.448,21908.5,12915.29,0.16
10:30:13.667,21904.23,13014.31,0.16
10:30:13.886,21805.07,12722.34,0.16
10:30:14.101,21166.36,11528.89,0.16
10:30:14.320,20494.67,11598.22,0.16
10:30:14.537,20485.73,11704.74,0.16
10:30:14.755,20475.77,11817.04,0.16
10:30:14.974,20466.49,11926.59,0.16
10:30:15.190,20457.52,12035.38,0.16
10:30:15.409,20448.51,12140.93,0.16
10:30:15.628,20434.5,12240.71,0.16
10:30:15.846,20423.8,12341.24,0.16
10:30:16.064,19798.73,10796.29,0.16
10:30:16.281,19789.97,10906.65,0.16
10:30:16.501,19780.98,11022.57,0.16
10:30:16.717,19064.55,11079.28,0.16
10:30:16.934,19044.69,11167.07,0.16
10:30:17.150,19026.68,11270.14,0.16
10:30:17.366,19007.26,11366.74,0.16
10:30:17.580,18989.71,11466.53,0.16
10:30:17.800,18433.53,10108.94,0.16
10:30:18.015,18417.76,10231.83,0.16
10:30:18.232,18398.67,10352.65,0.16
10:30:18.450,18382.7,10483.05,0.16
10:30:18.664,18368.22,10610.29,0.16
10:30:18.879,17660.12,10663.54,0.16
10:30:19.094,17630.38,10736.78,0.16
10:30:19.310,17122.78,9460.57,0.16
10:30:19.527,17095.98,9579.18,0.16
10:30:19.744,17077.07,9707.23,0.16
10:30:19.961,17054.35,9802.54,0.16
10:30:20.174,17043.11,9864.56,0.16
10:30:20.389,17021.98,9970.41,0.16
10:30:20.603,16997.36,10084.87,0.16
10:30:20.820,16537.61,8887.34,0.16
10:30:21.032,16405.11,8972.61,0.16
10:30:21.245,15793.32,9011.21,0.16
10:30:21.461,15771.79,9108.2,0.16
10:30:21.677,15745.43,9192.15,0.16
10:30:21.893,15723.86,9292.32,0.16
10:30:22.109,15278.66,8364.49,0.16
10:30:22.325,15252.79,8460.93,0.16
10:30:22.543,15235.32,8546.44,0.16
10:30:22.763,15213.91,8636.66,0.16
10:30:22.974,14471.63,8675.57,0.16
10:30:23.190,14045.56,7831.81,0.16
10:30:23.406,14013.96,7956.49,0.16
10:30:23.622,13978.42,8076.13,0.16
10:30:23.835,13946.56,8185.47,0.16
10:30:24.053,13910.59,8304.72,0.16
10:30:24.269,13549.1,7416.35,0.16
10:30:24.485,13509.45,7544.33,0.16
10:30:24.701,13473.88,7655.67,0.16
10:30:24.919,12729.21,7704.65,0.16
10:30:25.134,12392.49,6874.45,0.16
10:30:25.349,12366.99,6972.96,0.16
10:30:25.567,12339.48,7077.24,0.16
10:30:25.780,12316.61,7177.8,0.16
10:30:25.992,11964.29,6475.11,0.16
10:30:26.207,11934.34,6581.37,0.16
10:30:26.423,11905.83,6682.23,0.16
10:30:26.641,11165.89,6743.36,0.16
10:30:26.856,10842.17,6132.45,0.16
10:30:27.073,10807.53,6249.64,0.16
10:30:27.284,10779.86,6368.81,0.16
10:30:27.498,10474.43,5758.09,0.16
10:30:27.717,10448.44,5879.02,0.16
10:30:27.931,10424.74,6004.21,0.16
10:30:28.147,10121.82,5428.37,0.16
10:30:28.361,9409.93,5516.43,0.16
10:30:28.575,9123.47,4999.03,0.16
10:30:28.793,9093.76,5155.45,0.16
10:30:29.007,9065.48,5300.49,0.16
10:30:29.223,8792.51,4813.88,0.16
10:30:29.448,8675.14,4632.82,0.16
10:30:29.672,8516.05,4503.87,0.16
10:30:29.889,7761,4564.95,0.16
10:30:30.105,7516.74,4226.99,0.16
10:30:30.321,7275.2,3919.14,0.16
10:30:30.539,7261.85,4036.77,0.16
10:30:30.753,7032.51,3754.05,0.16
10:30:30.969,6122.83,3448.32,0.16
10:30:31.182,6107.25,3600.3,0.16
10:30:31.401,5904.9,3343.29,0.16
10:30:31.620,5716.79,3079.84,0.16
10:30:31.839,5539.53,2883.44,0.16
10:30:32.055,5369.62,2703.43,0.16
10:30:32.272,4823.44,2513.49,0.16
10:30:32.488,4451.26,2627.07,0.16
10:30:32.702,4309.12,2480.56,0.16
10:30:32.920,4161.72,2343.11,0.16
10:30:33.137,4023.74,2223.73,0.16
10:30:33.355,3801,1897.81,0.16
10:30:33.567,3687.35,1832.2,0.16
10:30:33.783,3207.86,1540.75,0.16
10:30:33.997,2603.84,1481.22,0.16
10:30:34.214,2385.75,1234.03,0.16
10:30:34.428,2187.32,1040.83,0.16
10:30:34.644,2025.71,880.58,0.16
10:30:34.859,1821.41,661.18,0.16
10:30:35.077,1609.03,421.09,0.16
10:30:35.295,1420.55,232.65,0.16
10:30:35.516,933.97,100.92,0.16
PEAK_WORKING_SET_MB=32642.55
EXIT_CODE=0
