{
  "ok": true,
  "results": [
    {
      "ok": true,
      "exit_code": 0,
      "stdout": "",
      "stderr": "",
      "elapsed_sec": 0.051,
      "cmd": [
        "git",
        "add",
        "memory.md"
      ],
      "step": 0,
      "type": "git_add"
    },
    {
      "ok": true,
      "exit_code": 0,
      "stdout": "[main 38470d2] memory: 记录 P12-004/P12-005 完成（initDiag 修复、scale_factor 误判、HA/OIII 滤光片、中文路径绕过，16/16 Gate PASS）\n 1 file changed, 47 insertions(+)\n",
      "stderr": "",
      "elapsed_sec": 0.073,
      "cmd": [
        "git",
        "commit",
        "-F",
        ".\\engineering_v1.3/evidence/P12-005/scripts/memory_commit_msg.txt"
      ],
      "step": 1,
      "type": "git_commit"
    },
    {
      "ok": true,
      "exit_code": 0,
      "stdout": "",
      "stderr": "To https://github.com/fujiaze/Astro-CS-Database.git\n   60ce503..38470d2  main -> main\n",
      "elapsed_sec": 3.02,
      "cmd": [
        "git",
        "push",
        "origin",
        "main"
      ],
      "step": 2,
      "type": "git_push"
    }
  ]
}