=== P03-003 端到端退出码验证日志 ===
时间: 2026-07-25 16:55:00
可执行文件: lib/orchestrator/cpp/orchestrator.exe
SHA-256: 8969B37FA09451178237F4A511B9F3084F6E92D5F2D6959822AC50D9E77E34DA

Test 1: orchestrator --help
  期望退出码: 0
  实际退出码: 0
  结果: PASS

Test 2: orchestrator run Z:/nonexistent.fits
  期望退出码: 非 0 (GENERIC_ERROR=1)
  实际退出码: 1
  结果: PASS

Test 3: orchestrator run ... --config nonexistent.json
  期望退出码: 7 (CONFIG_ERROR)
  实际退出码: 7
  结果: PASS

Test 4: orchestrator run-batch Z:/nonexistent_dir_xyz
  期望退出码: 8 (FILE_IO_ERROR)
  实际退出码: 8
  结果: PASS

Test 5: orchestrator unknown_subcommand
  期望退出码: 1 (GENERIC_ERROR)
  实际退出码: 1
  结果: PASS

=== 验证完成: 5/5 PASS ===
