{
  "ok": true,
  "results": [
    {
      "ok": true,
      "exit_code": 0,
      "stdout": "",
      "stderr": "warning: in the working copy of 'engineering_v1.3/evidence/P12-006/raw_logs/generate_formal_hiss.log', CRLF will be replaced by LF the next time Git touches it\nwarning: in the working copy of 'engineering_v1.3/evidence/P12-006/reports/hiss_generation_summary.json', CRLF will be replaced by LF the next time Git touches it\nwarning: in the working copy of 'engineering_v1.3/evidence/P12-006/reports/hiss_inventory.csv', CRLF will be replaced by LF the next time Git touches it\n",
      "elapsed_sec": 0.115,
      "cmd": [
        "git",
        "add",
        "engineering_v1.3/evidence/P12-006",
        "engineering_v1.3/control/CURRENT_TASK.md",
        "engineering_v1.3/control/MASTER_TASK_REGISTER.csv",
        "engineering_v1.3/control/PROJECT_STATE.yaml"
      ],
      "step": 0,
      "type": "git_add"
    },
    {
      "ok": true,
      "exit_code": 0,
      "stdout": "[main 5fc85c2] P12-006: 生成 Stage1 代表矩阵正式 HISS (16/16 PASS)\n 13 files changed, 1567 insertions(+), 53 deletions(-)\n create mode 100644 engineering_v1.3/evidence/P12-006/EVIDENCE_INDEX.md\n create mode 100644 engineering_v1.3/evidence/P12-006/REVIEW_REPORT.md\n create mode 100644 engineering_v1.3/evidence/P12-006/TASK_REPORT.md\n create mode 100644 engineering_v1.3/evidence/P12-006/TEST_REPORT.md\n create mode 100644 engineering_v1.3/evidence/P12-006/raw_logs/generate_formal_hiss.log\n create mode 100644 engineering_v1.3/evidence/P12-006/reports/hiss_generation_summary.json\n create mode 100644 engineering_v1.3/evidence/P12-006/reports/hiss_inventory.csv\n create mode 100644 engineering_v1.3/evidence/P12-006/scripts/commit_config.json\n create mode 100644 engineering_v1.3/evidence/P12-006/scripts/commit_msg.txt\n create mode 100644 engineering_v1.3/evidence/P12-006/scripts/generate_formal_hiss.py\n",
      "stderr": "",
      "elapsed_sec": 0.159,
      "cmd": [
        "git",
        "commit",
        "-F",
        ".\\engineering_v1.3/evidence/P12-006/scripts/commit_msg.txt"
      ],
      "step": 1,
      "type": "git_commit"
    },
    {
      "ok": true,
      "exit_code": 0,
      "stdout": "",
      "stderr": "To https://github.com/fujiaze/Astro-CS-Database.git\n   38470d2..5fc85c2  main -> main\n",
      "elapsed_sec": 2.816,
      "cmd": [
        "git",
        "push",
        "origin",
        "main"
      ],
      "step": 2,
      "type": "git_push"
    },
    {
      "ok": true,
      "exit_code": 0,
      "stdout": "5fc85c2 P12-006: 生成 Stage1 代表矩阵正式 HISS (16/16 PASS)\n38470d2 memory: 记录 P12-004/P12-005 完成（initDiag 修复、scale_factor 误判、HA/OIII 滤光片、中文路径绕过，16/16 Gate PASS）\n60ce503 P12-005: 修复 SNR 模型与 HISS 持久化 (16/16 Gate PASS)\n",
      "stderr": "",
      "elapsed_sec": 0.047,
      "cmd": [
        "git",
        "log",
        "--oneline",
        "-n",
        "3"
      ],
      "step": 3,
      "type": "git_log"
    }
  ]
}