test_01_production_no_openmp_gate (__main__.TestP2001ParallelSampler.test_01_production_no_openmp_gate)
生产代码无 P2_ENABLE_OPENMP 默认关闭与 hardware_concurrency() 调用残留。 ... /home/lighthouse/Astro CS Database/tests/backend/test_p2001_parallel_sampler.py:89: ResourceWarning: unclosed file <_io.TextIOWrapper name='/home/lighthouse/Astro CS Database/lib/phase2/src/sampler.cpp' mode='r' encoding='utf-8'>
  encoding="utf-8").read()
ResourceWarning: Enable tracemalloc to get the object allocation traceback
/home/lighthouse/Astro CS Database/tests/backend/test_p2001_parallel_sampler.py:97: ResourceWarning: unclosed file <_io.TextIOWrapper name='/home/lighthouse/Astro CS Database/lib/phase2_session/p2_session.cpp' mode='r' encoding='utf-8'>
  encoding="utf-8").read()
ResourceWarning: Enable tracemalloc to get the object allocation traceback
ok
test_02_multi_worker_run_succeeds (__main__.TestP2001ParallelSampler.test_02_multi_worker_run_succeeds)
生产 phase2 run(默认多 worker)成功执行(无 P2_ENABLE_OPENMP 也并行)。 ... ok
test_03_parallel_equals_reference (__main__.TestP2001ParallelSampler.test_03_parallel_equals_reference)
N-worker 与 1-worker 结果一致(并行=执行方式, 科学结果不变)。 ... /home/lighthouse/Astro CS Database/tests/backend/test_p2001_parallel_sampler.py:121: ResourceWarning: unclosed file <_io.TextIOWrapper name='/tmp/p2001_sq6iv48o/cfg.json' mode='r' encoding='UTF-8'>
  cfg1 = dict(json.load(open(self.cfg)))
ResourceWarning: Enable tracemalloc to get the object allocation traceback
/home/lighthouse/Astro CS Database/tests/backend/test_p2001_parallel_sampler.py:132: ResourceWarning: unclosed file <_io.TextIOWrapper name='/tmp/p2001_sq6iv48o/cfg.json' mode='r' encoding='UTF-8'>
  cfgN = dict(json.load(open(self.cfg)))
ResourceWarning: Enable tracemalloc to get the object allocation traceback
ok

----------------------------------------------------------------------
Ran 3 tests in 76.194s

OK
