[astrocs:INFO][phase2] session run: budget workers=2 (cpus=2)
[astrocs:INFO][phase2] stage coverage ok: cells=12
[sampler] enter n_union=12 grid=8 n_frames=2 target_order=0
[sampler] cells resized 768, first tile read check
[sampler] first tile 0 probe (frames with tile: 1 1 )
[sampler] progress 12/12 tiles (1.7s)
[sampler] enter n_union=12 grid=8 n_frames=2 target_order=0
[sampler] cells resized 768, first tile read check
[sampler] first tile 0 probe (frames with tile: 1 1 )
[sampler] progress 12/12 tiles (1.7s)
[astrocs:INFO][phase2] stage sample ok: obs=1536 overlap_controls=768
/tmp/rt8_23/out/astrocs_run_b0653994ee8b.json
run1 rc=0
[astrocs:INFO][phase2] session run: budget workers=2 (cpus=2)
[astrocs:INFO][phase2] stage coverage ok: cells=12
[sampler] enter n_union=12 grid=8 n_frames=2 target_order=0
[sampler] cells resized 768, first tile read check
[sampler] first tile 0 probe (frames with tile: 1 1 )
[sampler] progress 12/12 tiles (1.7s)
[sampler] enter n_union=12 grid=8 n_frames=2 target_order=0
[sampler] cells resized 768, first tile read check
[sampler] first tile 0 probe (frames with tile: 1 1 )
[sampler] progress 12/12 tiles (1.6s)
[astrocs:INFO][phase2] stage sample ok: obs=1536 overlap_controls=768
/tmp/rt8_23/out/astrocs_run_b06794b8df99.json
run2 rc=0
[astrocs:INFO][phase2] session run: budget workers=2 (cpus=2)
[astrocs:INFO][phase2] stage coverage ok: cells=12
[sampler] enter n_union=12 grid=8 n_frames=2 target_order=0
[sampler] cells resized 768, first tile read check
[sampler] first tile 0 probe (frames with tile: 1 1 )
[sampler] progress 12/12 tiles (1.6s)
[sampler] enter n_union=12 grid=8 n_frames=2 target_order=0
[sampler] cells resized 768, first tile read check
[sampler] first tile 0 probe (frames with tile: 1 1 )
[sampler] progress 12/12 tiles (1.6s)
[astrocs:INFO][phase2] stage sample ok: obs=1536 overlap_controls=768
/tmp/rt8_23/out/astrocs_run_b069e0fde78f.json
run3 rc=0
