{
  "ok": true,
  "results": [
    {
      "ok": true,
      "exit_code": 0,
      "stdout": "F:\\Astro dev\\Astro CS Normalization Database\\engineering_v1.3/evidence/P11-004/backups",
      "stderr": "",
      "elapsed_sec": 0,
      "cmd": [],
      "extra": {
        "path": "F:\\Astro dev\\Astro CS Normalization Database\\engineering_v1.3/evidence/P11-004/backups"
      },
      "step": 0,
      "type": "mkdir"
    },
    {
      "ok": true,
      "exit_code": 0,
      "stdout": "engineering_v1.3/evidence/P11-004/backups/T2_RED_LDN43.fts",
      "stderr": "",
      "elapsed_sec": 0,
      "cmd": [
        "testdata/LDN43_T2素材_flying_dutchman/lights/LDN43_LRGBH_flying_dutchman-20250503@032713-1200S-Red.fts",
        "engineering_v1.3/evidence/P11-004/backups/T2_RED_LDN43.fts"
      ],
      "extra": {
        "src": "testdata/LDN43_T2素材_flying_dutchman/lights/LDN43_LRGBH_flying_dutchman-20250503@032713-1200S-Red.fts",
        "dst": "engineering_v1.3/evidence/P11-004/backups/T2_RED_LDN43.fts"
      },
      "step": 1,
      "type": "copy_file"
    },
    {
      "ok": true,
      "exit_code": 0,
      "stdout": "engineering_v1.3/evidence/P11-004/backups/T2_GREEN_LDN43.fts",
      "stderr": "",
      "elapsed_sec": 0,
      "cmd": [
        "testdata/LDN43_T2素材_flying_dutchman/lights/LDN43_LRGBH_flying_dutchman-20250503@034804-1200S-Green.fts",
        "engineering_v1.3/evidence/P11-004/backups/T2_GREEN_LDN43.fts"
      ],
      "extra": {
        "src": "testdata/LDN43_T2素材_flying_dutchman/lights/LDN43_LRGBH_flying_dutchman-20250503@034804-1200S-Green.fts",
        "dst": "engineering_v1.3/evidence/P11-004/backups/T2_GREEN_LDN43.fts"
      },
      "step": 2,
      "type": "copy_file"
    },
    {
      "ok": true,
      "exit_code": 0,
      "stdout": "engineering_v1.3/evidence/P11-004/backups/T2_BLUE_LDN43.fts",
      "stderr": "",
      "elapsed_sec": 0,
      "cmd": [
        "testdata/LDN43_T2素材_flying_dutchman/lights/LDN43_LRGBH_flying_dutchman-20250503@040855-1200S-Blue.fts",
        "engineering_v1.3/evidence/P11-004/backups/T2_BLUE_LDN43.fts"
      ],
      "extra": {
        "src": "testdata/LDN43_T2素材_flying_dutchman/lights/LDN43_LRGBH_flying_dutchman-20250503@040855-1200S-Blue.fts",
        "dst": "engineering_v1.3/evidence/P11-004/backups/T2_BLUE_LDN43.fts"
      },
      "step": 3,
      "type": "copy_file"
    },
    {
      "ok": true,
      "exit_code": 0,
      "stdout": "engineering_v1.3/evidence/P11-004/backups/T2_HA_LDN43.fts",
      "stderr": "",
      "elapsed_sec": 0,
      "cmd": [
        "testdata/LDN43_T2素材_flying_dutchman/lights/LDN43_LRGBH_flying_dutchman-20250503@042947-1200S-H-alpha.fts",
        "engineering_v1.3/evidence/P11-004/backups/T2_HA_LDN43.fts"
      ],
      "extra": {
        "src": "testdata/LDN43_T2素材_flying_dutchman/lights/LDN43_LRGBH_flying_dutchman-20250503@042947-1200S-H-alpha.fts",
        "dst": "engineering_v1.3/evidence/P11-004/backups/T2_HA_LDN43.fts"
      },
      "step": 4,
      "type": "copy_file"
    },
    {
      "ok": true,
      "exit_code": 0,
      "stdout": "engineering_v1.3/evidence/P11-004/backups/T2_OIII_NGC1727.fts",
      "stderr": "",
      "elapsed_sec": 0,
      "cmd": [
        "testdata/NGC1727_T2_flying_dutchman/lights/NGC1727_RGBHO_T2_flying_dutchman-20251031@075259-1800S-OIII.fts",
        "engineering_v1.3/evidence/P11-004/backups/T2_OIII_NGC1727.fts"
      ],
      "extra": {
        "src": "testdata/NGC1727_T2_flying_dutchman/lights/NGC1727_RGBHO_T2_flying_dutchman-20251031@075259-1800S-OIII.fts",
        "dst": "engineering_v1.3/evidence/P11-004/backups/T2_OIII_NGC1727.fts"
      },
      "step": 5,
      "type": "copy_file"
    },
    {
      "ok": true,
      "exit_code": 0,
      "stdout": "engineering_v1.3/evidence/P11-004/backups/T3_LUM_NGC55.fts",
      "stderr": "",
      "elapsed_sec": 0,
      "cmd": [
        "testdata/NGC55_T3_flying_dutchman/lights/NGC55_T3_flying_dutchman-20250703@075400-600S-Lum.fts",
        "engineering_v1.3/evidence/P11-004/backups/T3_LUM_NGC55.fts"
      ],
      "extra": {
        "src": "testdata/NGC55_T3_flying_dutchman/lights/NGC55_T3_flying_dutchman-20250703@075400-600S-Lum.fts",
        "dst": "engineering_v1.3/evidence/P11-004/backups/T3_LUM_NGC55.fts"
      },
      "step": 6,
      "type": "copy_file"
    },
    {
      "ok": true,
      "exit_code": 0,
      "stdout": "[\"T2_BLUE_LDN43.fts\", \"T2_GREEN_LDN43.fts\", \"T2_HA_LDN43.fts\", \"T2_OIII_NGC1727.fts\", \"T2_RED_LDN43.fts\", \"T3_LUM_NGC55.fts\"]",
      "stderr": "",
      "elapsed_sec": 0,
      "cmd": [],
      "extra": {
        "items": [
          "T2_BLUE_LDN43.fts",
          "T2_GREEN_LDN43.fts",
          "T2_HA_LDN43.fts",
          "T2_OIII_NGC1727.fts",
          "T2_RED_LDN43.fts",
          "T3_LUM_NGC55.fts"
        ]
      },
      "step": 7,
      "type": "list_dir"
    }
  ]
}