2026-07-28 14:12:54,722 [INFO] wcs_closure_v3: 批量权威星对诊断: 16 帧
2026-07-28 14:12:54,726 [INFO] wcs_closure: 初始化 PlateSolve 环境 (project_root=.)
2026-07-28 14:12:55,067 [INFO] wcs_closure: PlateSolve 环境就绪
2026-07-28 14:12:55,067 [INFO] wcs_closure_v3: ======================================================================
2026-07-28 14:12:55,067 [INFO] wcs_closure_v3: P11-004 v3.0 权威星对诊断: Galaxy_Center_mosaic1_T4_flying_dutchman-20250702@061703-180S-Red
2026-07-28 14:12:55,067 [INFO] wcs_closure_v3: FITS: F:/Astro dev/Astro CS Normalization Database/testdata/Galaxy_Center_T4/lights/panel1/Galaxy_Center_mosaic1_T4_flying_dutchman-20250702@061703-180S-Red.fts
2026-07-28 14:12:55,068 [INFO] wcs_closure_v3: MODE: authoritative_pairs (kd-tree rematch DISABLED)
2026-07-28 14:12:55,272 [INFO] wcs_closure: 读取 FITS: F:/Astro dev/Astro CS Normalization Database/testdata/Galaxy_Center_T4/lights/panel1/Galaxy_Center_mosaic1_T4_flying_dutchman-20250702@061703-180S-Red.fts
2026-07-28 14:12:55,325 [INFO] wcs_closure: 图像尺寸: 4500x3600
2026-07-28 14:12:55,612 [WARNING] astropy: FITSFixedWarning: RADECSYS= 'FK5 ' / Equatorial coordinate system 
the RADECSYS keyword is deprecated, use RADESYSa.
2026-07-28 14:12:55,614 [WARNING] astropy: FITSFixedWarning: 'datfix' made the change 'Set MJD-OBS to 60858.262025 from DATE-OBS'.
2026-07-28 14:12:55,614 [INFO] wcs_closure: WCS 构建: has_sip=True sip_order=3 ctype=['RA---TAN-SIP', 'DEC--TAN-SIP'] crpix=(2250.500,1800.500) crval=(272.825665,-13.131811)
2026-07-28 14:12:55,618 [INFO] wcs_closure_v3: 重跑 PlateSolve 以填充权威 inlier 缓存...
2026-07-28 14:12:57,737 [INFO] wcs_closure_v3: 权威 inlier: n=45 (来自 IPVSolver.get_last_inliers)
2026-07-28 14:12:57,737 [INFO] wcs_closure_v3: [A 层 内部 TRANS 预测] n=45, p68=2421.5203 px, p90=2936.8443 px, p99=3370.1172 px
2026-07-28 14:12:57,740 [INFO] wcs_closure: Siril 迭代剔除完成: 0 次迭代, 保留 0/45, final p68=0.0000 px
2026-07-28 14:12:57,740 [INFO] wcs_closure_v3: Siril 剔除后保留: 0/45 对 (剔除 45)
2026-07-28 14:12:57,740 [INFO] wcs_closure_v3: [B 层 外部 WCS 回投] n=0, p68=0.0000 px, p90=0.0000 px, p99=0.0000 px
2026-07-28 14:12:57,740 [INFO] wcs_closure_v3: [A vs B 预测差] delta_dist: median=0.0000 px, p90=0.0000 px, max=0.0000 px
2026-07-28 14:12:57,741 [INFO] wcs_closure_v3: 权威星对已保存 (JSONL): engineering_v1.3\evidence\P11-004\reports\gate_v2\T4_RED_Galaxy_Center\matched_pairs_authoritative.jsonl (n=0)
2026-07-28 14:12:57,742 [INFO] wcs_closure_v3: 闭环报告已保存: engineering_v1.3\evidence\P11-004\reports\gate_v2\T4_RED_Galaxy_Center\closure_report.json
2026-07-28 14:12:57,742 [INFO] wcs_closure_v3: [Gate] p68=0.0000 (<=0.75:True) p90=0.0000 (<=1.5:True) p99=0.0000 (<=3.0:True) n=0 (>=5:False) => FAIL
2026-07-28 14:12:58,422 [INFO] wcs_closure: 四象限分布图已保存: engineering_v1.3\evidence\P11-004\reports\gate_v2\T4_RED_Galaxy_Center\quadrant_plot.png
2026-07-28 14:12:58,422 [INFO] wcs_closure_v3: 权威星对诊断完成: Galaxy_Center_mosaic1_T4_flying_dutchman-20250702@061703-180S-Red (耗时 2.67s)
2026-07-28 14:12:58,424 [INFO] wcs_closure_v3: ======================================================================
2026-07-28 14:12:58,424 [INFO] wcs_closure_v3: P11-004 v3.0 权威星对诊断: Galaxy_Center_mosaic1_T4_flying_dutchman-20250702@063620-180S-Green
2026-07-28 14:12:58,424 [INFO] wcs_closure_v3: FITS: F:/Astro dev/Astro CS Normalization Database/testdata/Galaxy_Center_T4/lights/panel1/Galaxy_Center_mosaic1_T4_flying_dutchman-20250702@063620-180S-Green.fts
2026-07-28 14:12:58,424 [INFO] wcs_closure_v3: MODE: authoritative_pairs (kd-tree rematch DISABLED)
2026-07-28 14:12:58,424 [INFO] wcs_closure: 读取 FITS: F:/Astro dev/Astro CS Normalization Database/testdata/Galaxy_Center_T4/lights/panel1/Galaxy_Center_mosaic1_T4_flying_dutchman-20250702@063620-180S-Green.fts
2026-07-28 14:12:58,477 [INFO] wcs_closure: 图像尺寸: 4500x3600
2026-07-28 14:12:58,489 [WARNING] astropy: FITSFixedWarning: RADECSYS= 'FK5 ' / Equatorial coordinate system 
the RADECSYS keyword is deprecated, use RADESYSa.
2026-07-28 14:12:58,490 [WARNING] astropy: FITSFixedWarning: 'datfix' made the change 'Set MJD-OBS to 60858.275428 from DATE-OBS'.
2026-07-28 14:12:58,491 [INFO] wcs_closure: WCS 构建: has_sip=True sip_order=3 ctype=['RA---TAN-SIP', 'DEC--TAN-SIP'] crpix=(2250.500,1800.500) crval=(272.772008,-13.020781)
2026-07-28 14:12:58,493 [INFO] wcs_closure_v3: 重跑 PlateSolve 以填充权威 inlier 缓存...
2026-07-28 14:12:59,705 [INFO] wcs_closure_v3: 权威 inlier: n=30 (来自 IPVSolver.get_last_inliers)
2026-07-28 14:12:59,706 [INFO] wcs_closure_v3: [A 层 内部 TRANS 预测] n=30, p68=2342.4068 px, p90=2624.7338 px, p99=3242.8091 px
2026-07-28 14:12:59,708 [INFO] wcs_closure: Siril 迭代剔除完成: 0 次迭代, 保留 0/30, final p68=0.0000 px
2026-07-28 14:12:59,708 [INFO] wcs_closure_v3: Siril 剔除后保留: 0/30 对 (剔除 30)
2026-07-28 14:12:59,708 [INFO] wcs_closure_v3: [B 层 外部 WCS 回投] n=0, p68=0.0000 px, p90=0.0000 px, p99=0.0000 px
2026-07-28 14:12:59,708 [INFO] wcs_closure_v3: [A vs B 预测差] delta_dist: median=0.0000 px, p90=0.0000 px, max=0.0000 px
2026-07-28 14:12:59,709 [INFO] wcs_closure_v3: 权威星对已保存 (JSONL): engineering_v1.3\evidence\P11-004\reports\gate_v2\T4_GREEN_Galaxy_Center\matched_pairs_authoritative.jsonl (n=0)
2026-07-28 14:12:59,718 [INFO] wcs_closure_v3: 闭环报告已保存: engineering_v1.3\evidence\P11-004\reports\gate_v2\T4_GREEN_Galaxy_Center\closure_report.json
2026-07-28 14:12:59,718 [INFO] wcs_closure_v3: [Gate] p68=0.0000 (<=0.75:True) p90=0.0000 (<=1.5:True) p99=0.0000 (<=3.0:True) n=0 (>=5:False) => FAIL
2026-07-28 14:12:59,979 [INFO] wcs_closure: 四象限分布图已保存: engineering_v1.3\evidence\P11-004\reports\gate_v2\T4_GREEN_Galaxy_Center\quadrant_plot.png
2026-07-28 14:12:59,979 [INFO] wcs_closure_v3: 权威星对诊断完成: Galaxy_Center_mosaic1_T4_flying_dutchman-20250702@063620-180S-Green (耗时 1.28s)
2026-07-28 14:12:59,982 [INFO] wcs_closure_v3: ======================================================================
2026-07-28 14:12:59,982 [INFO] wcs_closure_v3: P11-004 v3.0 权威星对诊断: Galaxy_Center_mosaic1_T4_flying_dutchman-20250703@055414-180S-Blue
2026-07-28 14:12:59,982 [INFO] wcs_closure_v3: FITS: F:/Astro dev/Astro CS Normalization Database/testdata/Galaxy_Center_T4/lights/panel1/Galaxy_Center_mosaic1_T4_flying_dutchman-20250703@055414-180S-Blue.fts
2026-07-28 14:12:59,982 [INFO] wcs_closure_v3: MODE: authoritative_pairs (kd-tree rematch DISABLED)
2026-07-28 14:12:59,982 [INFO] wcs_closure: 读取 FITS: F:/Astro dev/Astro CS Normalization Database/testdata/Galaxy_Center_T4/lights/panel1/Galaxy_Center_mosaic1_T4_flying_dutchman-20250703@055414-180S-Blue.fts
2026-07-28 14:13:00,038 [INFO] wcs_closure: 图像尺寸: 4500x3600
2026-07-28 14:13:00,049 [WARNING] astropy: FITSFixedWarning: 'datfix' made the change 'Set MJD-OBS to 60859.246204 from DATE-OBS'.
2026-07-28 14:13:00,050 [INFO] wcs_closure: WCS 构建: has_sip=True sip_order=3 ctype=['RA---TAN-SIP', 'DEC--TAN-SIP'] crpix=(2250.500,1800.500) crval=(272.908390,-13.161417)
2026-07-28 14:13:00,052 [INFO] wcs_closure_v3: 重跑 PlateSolve 以填充权威 inlier 缓存...
2026-07-28 14:13:01,411 [INFO] wcs_closure_v3: 权威 inlier: n=32 (来自 IPVSolver.get_last_inliers)
2026-07-28 14:13:01,412 [INFO] wcs_closure_v3: [A 层 内部 TRANS 预测] n=32, p68=2177.5078 px, p90=2782.1386 px, p99=3212.2585 px
2026-07-28 14:13:01,414 [INFO] wcs_closure: Siril 迭代剔除完成: 0 次迭代, 保留 0/32, final p68=0.0000 px
2026-07-28 14:13:01,415 [INFO] wcs_closure_v3: Siril 剔除后保留: 0/32 对 (剔除 32)
2026-07-28 14:13:01,415 [INFO] wcs_closure_v3: [B 层 外部 WCS 回投] n=0, p68=0.0000 px, p90=0.0000 px, p99=0.0000 px
2026-07-28 14:13:01,415 [INFO] wcs_closure_v3: [A vs B 预测差] delta_dist: median=0.0000 px, p90=0.0000 px, max=0.0000 px
2026-07-28 14:13:01,425 [INFO] wcs_closure_v3: 权威星对已保存 (JSONL): engineering_v1.3\evidence\P11-004\reports\gate_v2\T4_BLUE_Galaxy_Center\matched_pairs_authoritative.jsonl (n=0)
2026-07-28 14:13:01,426 [INFO] wcs_closure_v3: 闭环报告已保存: engineering_v1.3\evidence\P11-004\reports\gate_v2\T4_BLUE_Galaxy_Center\closure_report.json
2026-07-28 14:13:01,426 [INFO] wcs_closure_v3: [Gate] p68=0.0000 (<=0.75:True) p90=0.0000 (<=1.5:True) p99=0.0000 (<=3.0:True) n=0 (>=5:False) => FAIL
2026-07-28 14:13:01,796 [INFO] wcs_closure: 四象限分布图已保存: engineering_v1.3\evidence\P11-004\reports\gate_v2\T4_BLUE_Galaxy_Center\quadrant_plot.png
2026-07-28 14:13:01,796 [INFO] wcs_closure_v3: 权威星对诊断完成: Galaxy_Center_mosaic1_T4_flying_dutchman-20250703@055414-180S-Blue (耗时 1.44s)
2026-07-28 14:13:01,799 [INFO] wcs_closure_v3: ======================================================================
2026-07-28 14:13:01,799 [INFO] wcs_closure_v3: P11-004 v3.0 权威星对诊断: Galaxy_Center_mosaic1_T4_flying_dutchman-20250703@061318-300S-H-alpha
2026-07-28 14:13:01,799 [INFO] wcs_closure_v3: FITS: F:/Astro dev/Astro CS Normalization Database/testdata/Galaxy_Center_T4/lights/panel1/Galaxy_Center_mosaic1_T4_flying_dutchman-20250703@061318-300S-H-alpha.fts
2026-07-28 14:13:01,799 [INFO] wcs_closure_v3: MODE: authoritative_pairs (kd-tree rematch DISABLED)
2026-07-28 14:13:01,799 [INFO] wcs_closure: 读取 FITS: F:/Astro dev/Astro CS Normalization Database/testdata/Galaxy_Center_T4/lights/panel1/Galaxy_Center_mosaic1_T4_flying_dutchman-20250703@061318-300S-H-alpha.fts
2026-07-28 14:13:01,864 [INFO] wcs_closure: 图像尺寸: 4500x3600
2026-07-28 14:13:01,878 [WARNING] astropy: FITSFixedWarning: 'datfix' made the change 'Set MJD-OBS to 60859.259433 from DATE-OBS'.
2026-07-28 14:13:01,879 [INFO] wcs_closure: WCS 构建: has_sip=True sip_order=3 ctype=['RA---TAN-SIP', 'DEC--TAN-SIP'] crpix=(2250.500,1800.500) crval=(272.877836,-13.150873)
2026-07-28 14:13:01,882 [INFO] wcs_closure_v3: 重跑 PlateSolve 以填充权威 inlier 缓存...
2026-07-28 14:13:02,734 [INFO] wcs_closure_v3: 权威 inlier: n=44 (来自 IPVSolver.get_last_inliers)
2026-07-28 14:13:02,735 [INFO] wcs_closure_v3: [A 层 内部 TRANS 预测] n=44, p68=2454.4627 px, p90=2988.1973 px, p99=3349.7185 px
2026-07-28 14:13:02,737 [INFO] wcs_closure: Siril 迭代剔除完成: 0 次迭代, 保留 0/44, final p68=0.0000 px
2026-07-28 14:13:02,737 [INFO] wcs_closure_v3: Siril 剔除后保留: 0/44 对 (剔除 44)
2026-07-28 14:13:02,737 [INFO] wcs_closure_v3: [B 层 外部 WCS 回投] n=0, p68=0.0000 px, p90=0.0000 px, p99=0.0000 px
2026-07-28 14:13:02,737 [INFO] wcs_closure_v3: [A vs B 预测差] delta_dist: median=0.0000 px, p90=0.0000 px, max=0.0000 px
2026-07-28 14:13:02,747 [INFO] wcs_closure_v3: 权威星对已保存 (JSONL): engineering_v1.3\evidence\P11-004\reports\gate_v2\T4_HA_Galaxy_Center\matched_pairs_authoritative.jsonl (n=0)
2026-07-28 14:13:02,748 [INFO] wcs_closure_v3: 闭环报告已保存: engineering_v1.3\evidence\P11-004\reports\gate_v2\T4_HA_Galaxy_Center\closure_report.json
2026-07-28 14:13:02,748 [INFO] wcs_closure_v3: [Gate] p68=0.0000 (<=0.75:True) p90=0.0000 (<=1.5:True) p99=0.0000 (<=3.0:True) n=0 (>=5:False) => FAIL
2026-07-28 14:13:03,050 [INFO] wcs_closure: 四象限分布图已保存: engineering_v1.3\evidence\P11-004\reports\gate_v2\T4_HA_Galaxy_Center\quadrant_plot.png
2026-07-28 14:13:03,050 [INFO] wcs_closure_v3: 权威星对诊断完成: Galaxy_Center_mosaic1_T4_flying_dutchman-20250703@061318-300S-H-alpha (耗时 0.95s)
2026-07-28 14:13:03,052 [INFO] wcs_closure_v3: ======================================================================
2026-07-28 14:13:03,052 [INFO] wcs_closure_v3: P11-004 v3.0 权威星对诊断: Galaxy_Center_mosaic1_T4_flying_dutchman-20250703@063631-600S-Oiii
2026-07-28 14:13:03,052 [INFO] wcs_closure_v3: FITS: F:/Astro dev/Astro CS Normalization Database/testdata/Galaxy_Center_T4/lights/panel1/Galaxy_Center_mosaic1_T4_flying_dutchman-20250703@063631-600S-Oiii.fts
2026-07-28 14:13:03,052 [INFO] wcs_closure_v3: MODE: authoritative_pairs (kd-tree rematch DISABLED)
2026-07-28 14:13:03,052 [INFO] wcs_closure: 读取 FITS: F:/Astro dev/Astro CS Normalization Database/testdata/Galaxy_Center_T4/lights/panel1/Galaxy_Center_mosaic1_T4_flying_dutchman-20250703@063631-600S-Oiii.fts
2026-07-28 14:13:03,106 [INFO] wcs_closure: 图像尺寸: 4500x3600
2026-07-28 14:13:03,118 [WARNING] astropy: FITSFixedWarning: 'datfix' made the change 'Set MJD-OBS to 60859.275556 from DATE-OBS'.
2026-07-28 14:13:03,119 [INFO] wcs_closure: WCS 构建: has_sip=True sip_order=3 ctype=['RA---TAN-SIP', 'DEC--TAN-SIP'] crpix=(2250.500,1800.500) crval=(272.892215,-13.171286)
2026-07-28 14:13:03,120 [INFO] wcs_closure_v3: 重跑 PlateSolve 以填充权威 inlier 缓存...
2026-07-28 14:13:03,852 [INFO] wcs_closure_v3: 权威 inlier: n=34 (来自 IPVSolver.get_last_inliers)
2026-07-28 14:13:03,855 [INFO] wcs_closure_v3: [A 层 内部 TRANS 预测] n=34, p68=2464.4877 px, p90=3122.2378 px, p99=3335.1042 px
2026-07-28 14:13:03,856 [INFO] wcs_closure: Siril 迭代剔除完成: 0 次迭代, 保留 0/34, final p68=0.0000 px
2026-07-28 14:13:03,856 [INFO] wcs_closure_v3: Siril 剔除后保留: 0/34 对 (剔除 34)
2026-07-28 14:13:03,856 [INFO] wcs_closure_v3: [B 层 外部 WCS 回投] n=0, p68=0.0000 px, p90=0.0000 px, p99=0.0000 px
2026-07-28 14:13:03,856 [INFO] wcs_closure_v3: [A vs B 预测差] delta_dist: median=0.0000 px, p90=0.0000 px, max=0.0000 px
2026-07-28 14:13:03,857 [INFO] wcs_closure_v3: 权威星对已保存 (JSONL): engineering_v1.3\evidence\P11-004\reports\gate_v2\T4_OIII_Galaxy_Center\matched_pairs_authoritative.jsonl (n=0)
2026-07-28 14:13:03,859 [INFO] wcs_closure_v3: 闭环报告已保存: engineering_v1.3\evidence\P11-004\reports\gate_v2\T4_OIII_Galaxy_Center\closure_report.json
2026-07-28 14:13:03,859 [INFO] wcs_closure_v3: [Gate] p68=0.0000 (<=0.75:True) p90=0.0000 (<=1.5:True) p99=0.0000 (<=3.0:True) n=0 (>=5:False) => FAIL
2026-07-28 14:13:04,229 [INFO] wcs_closure: 四象限分布图已保存: engineering_v1.3\evidence\P11-004\reports\gate_v2\T4_OIII_Galaxy_Center\quadrant_plot.png
2026-07-28 14:13:04,229 [INFO] wcs_closure_v3: 权威星对诊断完成: Galaxy_Center_mosaic1_T4_flying_dutchman-20250703@063631-600S-Oiii (耗时 0.81s)
2026-07-28 14:13:04,232 [INFO] wcs_closure_v3: ======================================================================
2026-07-28 14:13:04,232 [INFO] wcs_closure_v3: P11-004 v3.0 权威星对诊断: LDN43_LRGBH_flying_dutchman-20250503@032713-1200S-Red
2026-07-28 14:13:04,232 [INFO] wcs_closure_v3: FITS: F:/Astro dev/Astro CS Normalization Database/testdata/LDN43_T2素材_flying_dutchman/lights/LDN43_LRGBH_flying_dutchman-20250503@032713-1200S-Red.fts
2026-07-28 14:13:04,232 [INFO] wcs_closure_v3: MODE: authoritative_pairs (kd-tree rematch DISABLED)
2026-07-28 14:13:04,232 [INFO] wcs_closure: 读取 FITS: F:/Astro dev/Astro CS Normalization Database/testdata/LDN43_T2素材_flying_dutchman/lights/LDN43_LRGBH_flying_dutchman-20250503@032713-1200S-Red.fts
2026-07-28 14:13:04,312 [INFO] wcs_closure: 图像尺寸: 4096x4096
2026-07-28 14:13:04,326 [WARNING] astropy: FITSFixedWarning: 'datfix' made the change 'Set MJD-OBS to 60798.143993 from DATE-OBS'.
2026-07-28 14:13:04,327 [INFO] wcs_closure: WCS 构建: has_sip=False sip_order=0 ctype=['RA---TAN', 'DEC--TAN'] crpix=(2048.000,2048.000) crval=(248.609554,-15.758981)
2026-07-28 14:13:04,330 [INFO] wcs_closure_v3: 重跑 PlateSolve 以填充权威 inlier 缓存...
2026-07-28 14:13:05,253 [INFO] wcs_closure_v3: 权威 inlier: n=34 (来自 IPVSolver.get_last_inliers)
2026-07-28 14:13:05,255 [INFO] wcs_closure_v3: [A 层 内部 TRANS 预测] n=34, p68=2942.7957 px, p90=3753.1310 px, p99=4713.9828 px
2026-07-28 14:13:05,258 [INFO] wcs_closure: Siril 迭代剔除完成: 0 次迭代, 保留 0/34, final p68=0.0000 px
2026-07-28 14:13:05,258 [INFO] wcs_closure_v3: Siril 剔除后保留: 0/34 对 (剔除 34)
2026-07-28 14:13:05,258 [INFO] wcs_closure_v3: [B 层 外部 WCS 回投] n=0, p68=0.0000 px, p90=0.0000 px, p99=0.0000 px
2026-07-28 14:13:05,258 [INFO] wcs_closure_v3: [A vs B 预测差] delta_dist: median=0.0000 px, p90=0.0000 px, max=0.0000 px
2026-07-28 14:13:05,269 [INFO] wcs_closure_v3: 权威星对已保存 (JSONL): engineering_v1.3\evidence\P11-004\reports\gate_v2\T2_RED_LDN43\matched_pairs_authoritative.jsonl (n=0)
2026-07-28 14:13:05,270 [INFO] wcs_closure_v3: 闭环报告已保存: engineering_v1.3\evidence\P11-004\reports\gate_v2\T2_RED_LDN43\closure_report.json
2026-07-28 14:13:05,270 [INFO] wcs_closure_v3: [Gate] p68=0.0000 (<=0.75:True) p90=0.0000 (<=1.5:True) p99=0.0000 (<=3.0:True) n=0 (>=5:False) => FAIL
2026-07-28 14:13:05,642 [INFO] wcs_closure: 四象限分布图已保存: engineering_v1.3\evidence\P11-004\reports\gate_v2\T2_RED_LDN43\quadrant_plot.png
2026-07-28 14:13:05,642 [INFO] wcs_closure_v3: 权威星对诊断完成: LDN43_LRGBH_flying_dutchman-20250503@032713-1200S-Red (耗时 1.04s)
2026-07-28 14:13:05,645 [INFO] wcs_closure_v3: ======================================================================
2026-07-28 14:13:05,645 [INFO] wcs_closure_v3: P11-004 v3.0 权威星对诊断: LDN43_LRGBH_flying_dutchman-20250503@034804-1200S-Green
2026-07-28 14:13:05,645 [INFO] wcs_closure_v3: FITS: F:/Astro dev/Astro CS Normalization Database/testdata/LDN43_T2素材_flying_dutchman/lights/LDN43_LRGBH_flying_dutchman-20250503@034804-1200S-Green.fts
2026-07-28 14:13:05,645 [INFO] wcs_closure_v3: MODE: authoritative_pairs (kd-tree rematch DISABLED)
2026-07-28 14:13:05,645 [INFO] wcs_closure: 读取 FITS: F:/Astro dev/Astro CS Normalization Database/testdata/LDN43_T2素材_flying_dutchman/lights/LDN43_LRGBH_flying_dutchman-20250503@034804-1200S-Green.fts
2026-07-28 14:13:05,725 [INFO] wcs_closure: 图像尺寸: 4096x4096
2026-07-28 14:13:05,739 [WARNING] astropy: FITSFixedWarning: 'datfix' made the change 'Set MJD-OBS to 60798.158472 from DATE-OBS'.
2026-07-28 14:13:05,739 [INFO] wcs_closure: WCS 构建: has_sip=False sip_order=0 ctype=['RA---TAN', 'DEC--TAN'] crpix=(2048.000,2048.000) crval=(248.609730,-15.759134)
2026-07-28 14:13:05,742 [INFO] wcs_closure_v3: 重跑 PlateSolve 以填充权威 inlier 缓存...
2026-07-28 14:13:06,572 [INFO] wcs_closure_v3: 权威 inlier: n=32 (来自 IPVSolver.get_last_inliers)
2026-07-28 14:13:06,574 [INFO] wcs_closure_v3: [A 层 内部 TRANS 预测] n=32, p68=2761.8750 px, p90=3769.1443 px, p99=4715.8291 px
2026-07-28 14:13:06,578 [INFO] wcs_closure: Siril 迭代剔除完成: 0 次迭代, 保留 0/32, final p68=0.0000 px
2026-07-28 14:13:06,578 [INFO] wcs_closure_v3: Siril 剔除后保留: 0/32 对 (剔除 32)
2026-07-28 14:13:06,578 [INFO] wcs_closure_v3: [B 层 外部 WCS 回投] n=0, p68=0.0000 px, p90=0.0000 px, p99=0.0000 px
2026-07-28 14:13:06,578 [INFO] wcs_closure_v3: [A vs B 预测差] delta_dist: median=0.0000 px, p90=0.0000 px, max=0.0000 px
2026-07-28 14:13:06,588 [INFO] wcs_closure_v3: 权威星对已保存 (JSONL): engineering_v1.3\evidence\P11-004\reports\gate_v2\T2_GREEN_LDN43\matched_pairs_authoritative.jsonl (n=0)
2026-07-28 14:13:06,588 [INFO] wcs_closure_v3: 闭环报告已保存: engineering_v1.3\evidence\P11-004\reports\gate_v2\T2_GREEN_LDN43\closure_report.json
2026-07-28 14:13:06,588 [INFO] wcs_closure_v3: [Gate] p68=0.0000 (<=0.75:True) p90=0.0000 (<=1.5:True) p99=0.0000 (<=3.0:True) n=0 (>=5:False) => FAIL
2026-07-28 14:13:06,860 [INFO] wcs_closure: 四象限分布图已保存: engineering_v1.3\evidence\P11-004\reports\gate_v2\T2_GREEN_LDN43\quadrant_plot.png
2026-07-28 14:13:06,860 [INFO] wcs_closure_v3: 权威星对诊断完成: LDN43_LRGBH_flying_dutchman-20250503@034804-1200S-Green (耗时 0.94s)
2026-07-28 14:13:06,862 [INFO] wcs_closure_v3: ======================================================================
2026-07-28 14:13:06,862 [INFO] wcs_closure_v3: P11-004 v3.0 权威星对诊断: LDN43_LRGBH_flying_dutchman-20250503@040855-1200S-Blue
2026-07-28 14:13:06,862 [INFO] wcs_closure_v3: FITS: F:/Astro dev/Astro CS Normalization Database/testdata/LDN43_T2素材_flying_dutchman/lights/LDN43_LRGBH_flying_dutchman-20250503@040855-1200S-Blue.fts
2026-07-28 14:13:06,862 [INFO] wcs_closure_v3: MODE: authoritative_pairs (kd-tree rematch DISABLED)
2026-07-28 14:13:06,862 [INFO] wcs_closure: 读取 FITS: F:/Astro dev/Astro CS Normalization Database/testdata/LDN43_T2素材_flying_dutchman/lights/LDN43_LRGBH_flying_dutchman-20250503@040855-1200S-Blue.fts
2026-07-28 14:13:06,916 [INFO] wcs_closure: 图像尺寸: 4096x4096
2026-07-28 14:13:06,929 [WARNING] astropy: FITSFixedWarning: 'datfix' made the change 'Set MJD-OBS to 60798.172963 from DATE-OBS'.
2026-07-28 14:13:06,929 [INFO] wcs_closure: WCS 构建: has_sip=False sip_order=0 ctype=['RA---TAN', 'DEC--TAN'] crpix=(2048.000,2048.000) crval=(248.609924,-15.759349)
2026-07-28 14:13:06,931 [INFO] wcs_closure_v3: 重跑 PlateSolve 以填充权威 inlier 缓存...
2026-07-28 14:13:07,730 [INFO] wcs_closure_v3: 权威 inlier: n=40 (来自 IPVSolver.get_last_inliers)
2026-07-28 14:13:07,732 [INFO] wcs_closure_v3: [A 层 内部 TRANS 预测] n=40, p68=2837.6424 px, p90=3778.1860 px, p99=4708.5533 px
2026-07-28 14:13:07,735 [INFO] wcs_closure: Siril 迭代剔除完成: 0 次迭代, 保留 0/40, final p68=0.0000 px
2026-07-28 14:13:07,735 [INFO] wcs_closure_v3: Siril 剔除后保留: 0/40 对 (剔除 40)
2026-07-28 14:13:07,735 [INFO] wcs_closure_v3: [B 层 外部 WCS 回投] n=0, p68=0.0000 px, p90=0.0000 px, p99=0.0000 px
2026-07-28 14:13:07,735 [INFO] wcs_closure_v3: [A vs B 预测差] delta_dist: median=0.0000 px, p90=0.0000 px, max=0.0000 px
2026-07-28 14:13:07,746 [INFO] wcs_closure_v3: 权威星对已保存 (JSONL): engineering_v1.3\evidence\P11-004\reports\gate_v2\T2_BLUE_LDN43\matched_pairs_authoritative.jsonl (n=0)
2026-07-28 14:13:07,746 [INFO] wcs_closure_v3: 闭环报告已保存: engineering_v1.3\evidence\P11-004\reports\gate_v2\T2_BLUE_LDN43\closure_report.json
2026-07-28 14:13:07,746 [INFO] wcs_closure_v3: [Gate] p68=0.0000 (<=0.75:True) p90=0.0000 (<=1.5:True) p99=0.0000 (<=3.0:True) n=0 (>=5:False) => FAIL
2026-07-28 14:13:08,001 [INFO] wcs_closure: 四象限分布图已保存: engineering_v1.3\evidence\P11-004\reports\gate_v2\T2_BLUE_LDN43\quadrant_plot.png
2026-07-28 14:13:08,001 [INFO] wcs_closure_v3: 权威星对诊断完成: LDN43_LRGBH_flying_dutchman-20250503@040855-1200S-Blue (耗时 0.88s)
2026-07-28 14:13:08,004 [INFO] wcs_closure_v3: ======================================================================
2026-07-28 14:13:08,004 [INFO] wcs_closure_v3: P11-004 v3.0 权威星对诊断: LDN43_LRGBH_flying_dutchman-20250503@042947-1200S-H-alpha
2026-07-28 14:13:08,004 [INFO] wcs_closure_v3: FITS: F:/Astro dev/Astro CS Normalization Database/testdata/LDN43_T2素材_flying_dutchman/lights/LDN43_LRGBH_flying_dutchman-20250503@042947-1200S-H-alpha.fts
2026-07-28 14:13:08,004 [INFO] wcs_closure_v3: MODE: authoritative_pairs (kd-tree rematch DISABLED)
2026-07-28 14:13:08,004 [INFO] wcs_closure: 读取 FITS: F:/Astro dev/Astro CS Normalization Database/testdata/LDN43_T2素材_flying_dutchman/lights/LDN43_LRGBH_flying_dutchman-20250503@042947-1200S-H-alpha.fts
2026-07-28 14:13:08,059 [INFO] wcs_closure: 图像尺寸: 4096x4096
2026-07-28 14:13:08,068 [WARNING] astropy: FITSFixedWarning: 'datfix' made the change 'Set MJD-OBS to 60798.187512 from DATE-OBS'.
2026-07-28 14:13:08,069 [INFO] wcs_closure: WCS 构建: has_sip=False sip_order=0 ctype=['RA---TAN', 'DEC--TAN'] crpix=(2048.000,2048.000) crval=(248.609824,-15.759494)
2026-07-28 14:13:08,071 [INFO] wcs_closure_v3: 重跑 PlateSolve 以填充权威 inlier 缓存...
2026-07-28 14:13:08,719 [INFO] wcs_closure_v3: 权威 inlier: n=33 (来自 IPVSolver.get_last_inliers)
2026-07-28 14:13:08,720 [INFO] wcs_closure_v3: [A 层 内部 TRANS 预测] n=33, p68=2847.2661 px, p90=3670.0408 px, p99=4717.0459 px
2026-07-28 14:13:08,722 [INFO] wcs_closure: Siril 迭代剔除完成: 0 次迭代, 保留 0/33, final p68=0.0000 px
2026-07-28 14:13:08,722 [INFO] wcs_closure_v3: Siril 剔除后保留: 0/33 对 (剔除 33)
2026-07-28 14:13:08,722 [INFO] wcs_closure_v3: [B 层 外部 WCS 回投] n=0, p68=0.0000 px, p90=0.0000 px, p99=0.0000 px
2026-07-28 14:13:08,722 [INFO] wcs_closure_v3: [A vs B 预测差] delta_dist: median=0.0000 px, p90=0.0000 px, max=0.0000 px
2026-07-28 14:13:08,723 [INFO] wcs_closure_v3: 权威星对已保存 (JSONL): engineering_v1.3\evidence\P11-004\reports\gate_v2\T2_HA_LDN43\matched_pairs_authoritative.jsonl (n=0)
2026-07-28 14:13:08,723 [INFO] wcs_closure_v3: 闭环报告已保存: engineering_v1.3\evidence\P11-004\reports\gate_v2\T2_HA_LDN43\closure_report.json
2026-07-28 14:13:08,723 [INFO] wcs_closure_v3: [Gate] p68=0.0000 (<=0.75:True) p90=0.0000 (<=1.5:True) p99=0.0000 (<=3.0:True) n=0 (>=5:False) => FAIL
2026-07-28 14:13:08,988 [INFO] wcs_closure: 四象限分布图已保存: engineering_v1.3\evidence\P11-004\reports\gate_v2\T2_HA_LDN43\quadrant_plot.png
2026-07-28 14:13:08,989 [INFO] wcs_closure_v3: 权威星对诊断完成: LDN43_LRGBH_flying_dutchman-20250503@042947-1200S-H-alpha (耗时 0.72s)
2026-07-28 14:13:08,991 [INFO] wcs_closure_v3: ======================================================================
2026-07-28 14:13:08,991 [INFO] wcs_closure_v3: P11-004 v3.0 权威星对诊断: NGC1727_RGBHO_T2_flying_dutchman-20251031@075259-1800S-OIII
2026-07-28 14:13:08,991 [INFO] wcs_closure_v3: FITS: F:/Astro dev/Astro CS Normalization Database/testdata/NGC1727_T2_flying_dutchman/lights/NGC1727_RGBHO_T2_flying_dutchman-20251031@075259-1800S-OIII.fts
2026-07-28 14:13:08,991 [INFO] wcs_closure_v3: MODE: authoritative_pairs (kd-tree rematch DISABLED)
2026-07-28 14:13:08,991 [INFO] wcs_closure: 读取 FITS: F:/Astro dev/Astro CS Normalization Database/testdata/NGC1727_T2_flying_dutchman/lights/NGC1727_RGBHO_T2_flying_dutchman-20251031@075259-1800S-OIII.fts
2026-07-28 14:13:09,047 [INFO] wcs_closure: 图像尺寸: 4096x4096
2026-07-28 14:13:09,055 [WARNING] astropy: FITSFixedWarning: 'datfix' made the change 'Set MJD-OBS to 60979.329028 from DATE-OBS'.
2026-07-28 14:13:09,055 [INFO] wcs_closure: WCS 构建: has_sip=False sip_order=0 ctype=['RA---TAN', 'DEC--TAN'] crpix=(2048.000,2048.000) crval=(73.093493,-69.589685)
2026-07-28 14:13:09,065 [INFO] wcs_closure_v3: 重跑 PlateSolve 以填充权威 inlier 缓存...
2026-07-28 14:13:26,311 [INFO] wcs_closure_v3: 权威 inlier: n=45 (来自 IPVSolver.get_last_inliers)
2026-07-28 14:13:26,312 [INFO] wcs_closure_v3: [A 层 内部 TRANS 预测] n=45, p68=2864.3813 px, p90=3802.9556 px, p99=4895.4802 px
2026-07-28 14:13:26,315 [INFO] wcs_closure: Siril 迭代剔除完成: 0 次迭代, 保留 0/45, final p68=0.0000 px
2026-07-28 14:13:26,315 [INFO] wcs_closure_v3: Siril 剔除后保留: 0/45 对 (剔除 45)
2026-07-28 14:13:26,315 [INFO] wcs_closure_v3: [B 层 外部 WCS 回投] n=0, p68=0.0000 px, p90=0.0000 px, p99=0.0000 px
2026-07-28 14:13:26,316 [INFO] wcs_closure_v3: [A vs B 预测差] delta_dist: median=0.0000 px, p90=0.0000 px, max=0.0000 px
2026-07-28 14:13:26,316 [INFO] wcs_closure_v3: 权威星对已保存 (JSONL): engineering_v1.3\evidence\P11-004\reports\gate_v2\T2_OIII_NGC1727\matched_pairs_authoritative.jsonl (n=0)
2026-07-28 14:13:26,317 [INFO] wcs_closure_v3: 闭环报告已保存: engineering_v1.3\evidence\P11-004\reports\gate_v2\T2_OIII_NGC1727\closure_report.json
2026-07-28 14:13:26,317 [INFO] wcs_closure_v3: [Gate] p68=0.0000 (<=0.75:True) p90=0.0000 (<=1.5:True) p99=0.0000 (<=3.0:True) n=0 (>=5:False) => FAIL
2026-07-28 14:13:26,686 [INFO] wcs_closure: 四象限分布图已保存: engineering_v1.3\evidence\P11-004\reports\gate_v2\T2_OIII_NGC1727\quadrant_plot.png
2026-07-28 14:13:26,686 [INFO] wcs_closure_v3: 权威星对诊断完成: NGC1727_RGBHO_T2_flying_dutchman-20251031@075259-1800S-OIII (耗时 17.33s)
2026-07-28 14:13:26,690 [INFO] wcs_closure_v3: ======================================================================
2026-07-28 14:13:26,691 [INFO] wcs_closure_v3: P11-004 v3.0 权威星对诊断: NGC55_T3_flying_dutchman-20250701@074114-600S-Red
2026-07-28 14:13:26,691 [INFO] wcs_closure_v3: FITS: F:/Astro dev/Astro CS Normalization Database/testdata/NGC55_T3_flying_dutchman/lights/NGC55_T3_flying_dutchman-20250701@074114-600S-Red.fts
2026-07-28 14:13:26,691 [INFO] wcs_closure_v3: MODE: authoritative_pairs (kd-tree rematch DISABLED)
2026-07-28 14:13:26,691 [INFO] wcs_closure: 读取 FITS: F:/Astro dev/Astro CS Normalization Database/testdata/NGC55_T3_flying_dutchman/lights/NGC55_T3_flying_dutchman-20250701@074114-600S-Red.fts
2026-07-28 14:13:26,765 [INFO] wcs_closure: 图像尺寸: 4096x4096
2026-07-28 14:13:26,782 [WARNING] astropy: FITSFixedWarning: 'datfix' made the change 'Set MJD-OBS to 60857.320394 from DATE-OBS'.
2026-07-28 14:13:26,782 [INFO] wcs_closure: WCS 构建: has_sip=True sip_order=3 ctype=['RA---TAN-SIP', 'DEC--TAN-SIP'] crpix=(2048.500,2048.500) crval=(3.745681,-39.196792)
2026-07-28 14:13:26,784 [INFO] wcs_closure_v3: 重跑 PlateSolve 以填充权威 inlier 缓存...
2026-07-28 14:13:27,452 [INFO] wcs_closure_v3: 权威 inlier: n=38 (来自 IPVSolver.get_last_inliers)
2026-07-28 14:13:27,452 [INFO] wcs_closure_v3: [A 层 内部 TRANS 预测] n=38, p68=1799.7304 px, p90=3193.6678 px, p99=4619.1487 px
2026-07-28 14:13:27,455 [INFO] wcs_closure: Siril 迭代剔除完成: 0 次迭代, 保留 0/38, final p68=0.0000 px
2026-07-28 14:13:27,455 [INFO] wcs_closure_v3: Siril 剔除后保留: 0/38 对 (剔除 38)
2026-07-28 14:13:27,455 [INFO] wcs_closure_v3: [B 层 外部 WCS 回投] n=0, p68=0.0000 px, p90=0.0000 px, p99=0.0000 px
2026-07-28 14:13:27,455 [INFO] wcs_closure_v3: [A vs B 预测差] delta_dist: median=0.0000 px, p90=0.0000 px, max=0.0000 px
2026-07-28 14:13:27,456 [INFO] wcs_closure_v3: 权威星对已保存 (JSONL): engineering_v1.3\evidence\P11-004\reports\gate_v2\T3_RED_NGC55\matched_pairs_authoritative.jsonl (n=0)
2026-07-28 14:13:27,457 [INFO] wcs_closure_v3: 闭环报告已保存: engineering_v1.3\evidence\P11-004\reports\gate_v2\T3_RED_NGC55\closure_report.json
2026-07-28 14:13:27,457 [INFO] wcs_closure_v3: [Gate] p68=0.0000 (<=0.75:True) p90=0.0000 (<=1.5:True) p99=0.0000 (<=3.0:True) n=0 (>=5:False) => FAIL
2026-07-28 14:13:27,802 [INFO] wcs_closure: 四象限分布图已保存: engineering_v1.3\evidence\P11-004\reports\gate_v2\T3_RED_NGC55\quadrant_plot.png
2026-07-28 14:13:27,803 [INFO] wcs_closure_v3: 权威星对诊断完成: NGC55_T3_flying_dutchman-20250701@074114-600S-Red (耗时 0.77s)
2026-07-28 14:13:27,807 [INFO] wcs_closure_v3: ======================================================================
2026-07-28 14:13:27,807 [INFO] wcs_closure_v3: P11-004 v3.0 权威星对诊断: NGC55_T3_flying_dutchman-20250701@075153-600S-Green
2026-07-28 14:13:27,807 [INFO] wcs_closure_v3: FITS: F:/Astro dev/Astro CS Normalization Database/testdata/NGC55_T3_flying_dutchman/lights/NGC55_T3_flying_dutchman-20250701@075153-600S-Green.fts
2026-07-28 14:13:27,807 [INFO] wcs_closure_v3: MODE: authoritative_pairs (kd-tree rematch DISABLED)
2026-07-28 14:13:27,807 [INFO] wcs_closure: 读取 FITS: F:/Astro dev/Astro CS Normalization Database/testdata/NGC55_T3_flying_dutchman/lights/NGC55_T3_flying_dutchman-20250701@075153-600S-Green.fts
2026-07-28 14:13:27,880 [INFO] wcs_closure: 图像尺寸: 4096x4096
2026-07-28 14:13:27,897 [WARNING] astropy: FITSFixedWarning: 'datfix' made the change 'Set MJD-OBS to 60857.327789 from DATE-OBS'.
2026-07-28 14:13:27,897 [INFO] wcs_closure: WCS 构建: has_sip=True sip_order=3 ctype=['RA---TAN-SIP', 'DEC--TAN-SIP'] crpix=(2048.500,2048.500) crval=(3.745951,-39.196714)
2026-07-28 14:13:27,900 [INFO] wcs_closure_v3: 重跑 PlateSolve 以填充权威 inlier 缓存...
2026-07-28 14:13:28,552 [INFO] wcs_closure_v3: 权威 inlier: n=33 (来自 IPVSolver.get_last_inliers)
2026-07-28 14:13:28,553 [INFO] wcs_closure_v3: [A 层 内部 TRANS 预测] n=33, p68=1852.7969 px, p90=3135.1137 px, p99=4645.9045 px
2026-07-28 14:13:28,555 [INFO] wcs_closure: Siril 迭代剔除完成: 0 次迭代, 保留 0/33, final p68=0.0000 px
2026-07-28 14:13:28,555 [INFO] wcs_closure_v3: Siril 剔除后保留: 0/33 对 (剔除 33)
2026-07-28 14:13:28,556 [INFO] wcs_closure_v3: [B 层 外部 WCS 回投] n=0, p68=0.0000 px, p90=0.0000 px, p99=0.0000 px
2026-07-28 14:13:28,556 [INFO] wcs_closure_v3: [A vs B 预测差] delta_dist: median=0.0000 px, p90=0.0000 px, max=0.0000 px
2026-07-28 14:13:28,566 [INFO] wcs_closure_v3: 权威星对已保存 (JSONL): engineering_v1.3\evidence\P11-004\reports\gate_v2\T3_GREEN_NGC55\matched_pairs_authoritative.jsonl (n=0)
2026-07-28 14:13:28,567 [INFO] wcs_closure_v3: 闭环报告已保存: engineering_v1.3\evidence\P11-004\reports\gate_v2\T3_GREEN_NGC55\closure_report.json
2026-07-28 14:13:28,567 [INFO] wcs_closure_v3: [Gate] p68=0.0000 (<=0.75:True) p90=0.0000 (<=1.5:True) p99=0.0000 (<=3.0:True) n=0 (>=5:False) => FAIL
2026-07-28 14:13:28,984 [INFO] wcs_closure: 四象限分布图已保存: engineering_v1.3\evidence\P11-004\reports\gate_v2\T3_GREEN_NGC55\quadrant_plot.png
2026-07-28 14:13:28,984 [INFO] wcs_closure_v3: 权威星对诊断完成: NGC55_T3_flying_dutchman-20250701@075153-600S-Green (耗时 0.76s)
2026-07-28 14:13:28,988 [INFO] wcs_closure_v3: ======================================================================
2026-07-28 14:13:28,988 [INFO] wcs_closure_v3: P11-004 v3.0 权威星对诊断: NGC55_T3_flying_dutchman-20250701@080333-600S-Blue
2026-07-28 14:13:28,988 [INFO] wcs_closure_v3: FITS: F:/Astro dev/Astro CS Normalization Database/testdata/NGC55_T3_flying_dutchman/lights/NGC55_T3_flying_dutchman-20250701@080333-600S-Blue.fts
2026-07-28 14:13:28,988 [INFO] wcs_closure_v3: MODE: authoritative_pairs (kd-tree rematch DISABLED)
2026-07-28 14:13:28,989 [INFO] wcs_closure: 读取 FITS: F:/Astro dev/Astro CS Normalization Database/testdata/NGC55_T3_flying_dutchman/lights/NGC55_T3_flying_dutchman-20250701@080333-600S-Blue.fts
2026-07-28 14:13:29,065 [INFO] wcs_closure: 图像尺寸: 4096x4096
2026-07-28 14:13:29,077 [WARNING] astropy: FITSFixedWarning: 'datfix' made the change 'Set MJD-OBS to 60857.335891 from DATE-OBS'.
2026-07-28 14:13:29,077 [INFO] wcs_closure: WCS 构建: has_sip=True sip_order=3 ctype=['RA---TAN-SIP', 'DEC--TAN-SIP'] crpix=(2048.500,2048.500) crval=(3.746084,-39.196812)
2026-07-28 14:13:29,080 [INFO] wcs_closure_v3: 重跑 PlateSolve 以填充权威 inlier 缓存...
2026-07-28 14:13:29,733 [INFO] wcs_closure_v3: 权威 inlier: n=36 (来自 IPVSolver.get_last_inliers)
2026-07-28 14:13:29,734 [INFO] wcs_closure_v3: [A 层 内部 TRANS 预测] n=36, p68=1857.5054 px, p90=3206.2119 px, p99=4630.1511 px
2026-07-28 14:13:29,736 [INFO] wcs_closure: Siril 迭代剔除完成: 0 次迭代, 保留 0/36, final p68=0.0000 px
2026-07-28 14:13:29,736 [INFO] wcs_closure_v3: Siril 剔除后保留: 0/36 对 (剔除 36)
2026-07-28 14:13:29,736 [INFO] wcs_closure_v3: [B 层 外部 WCS 回投] n=0, p68=0.0000 px, p90=0.0000 px, p99=0.0000 px
2026-07-28 14:13:29,736 [INFO] wcs_closure_v3: [A vs B 预测差] delta_dist: median=0.0000 px, p90=0.0000 px, max=0.0000 px
2026-07-28 14:13:29,736 [INFO] wcs_closure_v3: 权威星对已保存 (JSONL): engineering_v1.3\evidence\P11-004\reports\gate_v2\T3_BLUE_NGC55\matched_pairs_authoritative.jsonl (n=0)
2026-07-28 14:13:29,737 [INFO] wcs_closure_v3: 闭环报告已保存: engineering_v1.3\evidence\P11-004\reports\gate_v2\T3_BLUE_NGC55\closure_report.json
2026-07-28 14:13:29,737 [INFO] wcs_closure_v3: [Gate] p68=0.0000 (<=0.75:True) p90=0.0000 (<=1.5:True) p99=0.0000 (<=3.0:True) n=0 (>=5:False) => FAIL
2026-07-28 14:13:30,022 [INFO] wcs_closure: 四象限分布图已保存: engineering_v1.3\evidence\P11-004\reports\gate_v2\T3_BLUE_NGC55\quadrant_plot.png
2026-07-28 14:13:30,022 [INFO] wcs_closure_v3: 权威星对诊断完成: NGC55_T3_flying_dutchman-20250701@080333-600S-Blue (耗时 0.75s)
2026-07-28 14:13:30,025 [INFO] wcs_closure_v3: ======================================================================
2026-07-28 14:13:30,025 [INFO] wcs_closure_v3: P11-004 v3.0 权威星对诊断: NGC55_T3_flying_dutchman-20250701@081412-1200S-H-alpha
2026-07-28 14:13:30,025 [INFO] wcs_closure_v3: FITS: F:/Astro dev/Astro CS Normalization Database/testdata/NGC55_T3_flying_dutchman/lights/NGC55_T3_flying_dutchman-20250701@081412-1200S-H-alpha.fts
2026-07-28 14:13:30,026 [INFO] wcs_closure_v3: MODE: authoritative_pairs (kd-tree rematch DISABLED)
2026-07-28 14:13:30,026 [INFO] wcs_closure: 读取 FITS: F:/Astro dev/Astro CS Normalization Database/testdata/NGC55_T3_flying_dutchman/lights/NGC55_T3_flying_dutchman-20250701@081412-1200S-H-alpha.fts
2026-07-28 14:13:30,084 [INFO] wcs_closure: 图像尺寸: 4096x4096
2026-07-28 14:13:30,094 [WARNING] astropy: FITSFixedWarning: 'datfix' made the change 'Set MJD-OBS to 60857.343356 from DATE-OBS'.
2026-07-28 14:13:30,095 [INFO] wcs_closure: WCS 构建: has_sip=True sip_order=3 ctype=['RA---TAN-SIP', 'DEC--TAN-SIP'] crpix=(2048.500,2048.500) crval=(3.745761,-39.196853)
2026-07-28 14:13:30,097 [INFO] wcs_closure_v3: 重跑 PlateSolve 以填充权威 inlier 缓存...
2026-07-28 14:13:30,730 [INFO] wcs_closure_v3: 权威 inlier: n=39 (来自 IPVSolver.get_last_inliers)
2026-07-28 14:13:30,731 [INFO] wcs_closure_v3: [A 层 内部 TRANS 预测] n=39, p68=1863.5413 px, p90=3187.5572 px, p99=4419.7126 px
2026-07-28 14:13:30,733 [INFO] wcs_closure: Siril 迭代剔除完成: 0 次迭代, 保留 0/39, final p68=0.0000 px
2026-07-28 14:13:30,734 [INFO] wcs_closure_v3: Siril 剔除后保留: 0/39 对 (剔除 39)
2026-07-28 14:13:30,734 [INFO] wcs_closure_v3: [B 层 外部 WCS 回投] n=0, p68=0.0000 px, p90=0.0000 px, p99=0.0000 px
2026-07-28 14:13:30,734 [INFO] wcs_closure_v3: [A vs B 预测差] delta_dist: median=0.0000 px, p90=0.0000 px, max=0.0000 px
2026-07-28 14:13:30,735 [INFO] wcs_closure_v3: 权威星对已保存 (JSONL): engineering_v1.3\evidence\P11-004\reports\gate_v2\T3_HA_NGC55\matched_pairs_authoritative.jsonl (n=0)
2026-07-28 14:13:30,745 [INFO] wcs_closure_v3: 闭环报告已保存: engineering_v1.3\evidence\P11-004\reports\gate_v2\T3_HA_NGC55\closure_report.json
2026-07-28 14:13:30,745 [INFO] wcs_closure_v3: [Gate] p68=0.0000 (<=0.75:True) p90=0.0000 (<=1.5:True) p99=0.0000 (<=3.0:True) n=0 (>=5:False) => FAIL
2026-07-28 14:13:31,092 [INFO] wcs_closure: 四象限分布图已保存: engineering_v1.3\evidence\P11-004\reports\gate_v2\T3_HA_NGC55\quadrant_plot.png
2026-07-28 14:13:31,092 [INFO] wcs_closure_v3: 权威星对诊断完成: NGC55_T3_flying_dutchman-20250701@081412-1200S-H-alpha (耗时 0.71s)
2026-07-28 14:13:31,096 [INFO] wcs_closure_v3: ======================================================================
2026-07-28 14:13:31,096 [INFO] wcs_closure_v3: P11-004 v3.0 权威星对诊断: NGC55_T3_flying_dutchman-20250701@083458-1200S-Oiii
2026-07-28 14:13:31,096 [INFO] wcs_closure_v3: FITS: F:/Astro dev/Astro CS Normalization Database/testdata/NGC55_T3_flying_dutchman/lights/NGC55_T3_flying_dutchman-20250701@083458-1200S-Oiii.fts
2026-07-28 14:13:31,096 [INFO] wcs_closure_v3: MODE: authoritative_pairs (kd-tree rematch DISABLED)
2026-07-28 14:13:31,097 [INFO] wcs_closure: 读取 FITS: F:/Astro dev/Astro CS Normalization Database/testdata/NGC55_T3_flying_dutchman/lights/NGC55_T3_flying_dutchman-20250701@083458-1200S-Oiii.fts
2026-07-28 14:13:31,163 [INFO] wcs_closure: 图像尺寸: 4096x4096
2026-07-28 14:13:31,181 [WARNING] astropy: FITSFixedWarning: 'datfix' made the change 'Set MJD-OBS to 60857.357755 from DATE-OBS'.
2026-07-28 14:13:31,181 [INFO] wcs_closure: WCS 构建: has_sip=True sip_order=3 ctype=['RA---TAN-SIP', 'DEC--TAN-SIP'] crpix=(2048.500,2048.500) crval=(3.746175,-39.196776)
2026-07-28 14:13:31,185 [INFO] wcs_closure_v3: 重跑 PlateSolve 以填充权威 inlier 缓存...
2026-07-28 14:13:31,839 [INFO] wcs_closure_v3: 权威 inlier: n=45 (来自 IPVSolver.get_last_inliers)
2026-07-28 14:13:31,840 [INFO] wcs_closure_v3: [A 层 内部 TRANS 预测] n=45, p68=2038.3276 px, p90=3875.6302 px, p99=4678.1218 px
2026-07-28 14:13:31,842 [INFO] wcs_closure: Siril 迭代剔除完成: 0 次迭代, 保留 0/45, final p68=0.0000 px
2026-07-28 14:13:31,842 [INFO] wcs_closure_v3: Siril 剔除后保留: 0/45 对 (剔除 45)
2026-07-28 14:13:31,843 [INFO] wcs_closure_v3: [B 层 外部 WCS 回投] n=0, p68=0.0000 px, p90=0.0000 px, p99=0.0000 px
2026-07-28 14:13:31,843 [INFO] wcs_closure_v3: [A vs B 预测差] delta_dist: median=0.0000 px, p90=0.0000 px, max=0.0000 px
2026-07-28 14:13:31,853 [INFO] wcs_closure_v3: 权威星对已保存 (JSONL): engineering_v1.3\evidence\P11-004\reports\gate_v2\T3_OIII_NGC55\matched_pairs_authoritative.jsonl (n=0)
2026-07-28 14:13:31,853 [INFO] wcs_closure_v3: 闭环报告已保存: engineering_v1.3\evidence\P11-004\reports\gate_v2\T3_OIII_NGC55\closure_report.json
2026-07-28 14:13:31,854 [INFO] wcs_closure_v3: [Gate] p68=0.0000 (<=0.75:True) p90=0.0000 (<=1.5:True) p99=0.0000 (<=3.0:True) n=0 (>=5:False) => FAIL
2026-07-28 14:13:32,187 [INFO] wcs_closure: 四象限分布图已保存: engineering_v1.3\evidence\P11-004\reports\gate_v2\T3_OIII_NGC55\quadrant_plot.png
2026-07-28 14:13:32,187 [INFO] wcs_closure_v3: 权威星对诊断完成: NGC55_T3_flying_dutchman-20250701@083458-1200S-Oiii (耗时 0.76s)
2026-07-28 14:13:32,191 [INFO] wcs_closure_v3: ======================================================================
2026-07-28 14:13:32,191 [INFO] wcs_closure_v3: P11-004 v3.0 权威星对诊断: NGC55_T3_flying_dutchman-20250703@075400-600S-Lum
2026-07-28 14:13:32,191 [INFO] wcs_closure_v3: FITS: F:/Astro dev/Astro CS Normalization Database/testdata/NGC55_T3_flying_dutchman/lights/NGC55_T3_flying_dutchman-20250703@075400-600S-Lum.fts
2026-07-28 14:13:32,191 [INFO] wcs_closure_v3: MODE: authoritative_pairs (kd-tree rematch DISABLED)
2026-07-28 14:13:32,192 [INFO] wcs_closure: 读取 FITS: F:/Astro dev/Astro CS Normalization Database/testdata/NGC55_T3_flying_dutchman/lights/NGC55_T3_flying_dutchman-20250703@075400-600S-Lum.fts
2026-07-28 14:13:32,264 [INFO] wcs_closure: 图像尺寸: 4096x4096
2026-07-28 14:13:32,277 [WARNING] astropy: FITSFixedWarning: 'datfix' made the change 'Set MJD-OBS to 60859.329595 from DATE-OBS'.
2026-07-28 14:13:32,278 [INFO] wcs_closure: WCS 构建: has_sip=False sip_order=0 ctype=['RA---TAN', 'DEC--TAN'] crpix=(2048.000,2048.000) crval=(3.749672,-39.194104)
2026-07-28 14:13:32,280 [INFO] wcs_closure_v3: 重跑 PlateSolve 以填充权威 inlier 缓存...
2026-07-28 14:13:32,986 [INFO] wcs_closure_v3: 权威 inlier: n=31 (来自 IPVSolver.get_last_inliers)
2026-07-28 14:13:32,987 [INFO] wcs_closure_v3: [A 层 内部 TRANS 预测] n=31, p68=1984.3590 px, p90=3207.2280 px, p99=4448.8753 px
2026-07-28 14:13:32,989 [INFO] wcs_closure: Siril 迭代剔除完成: 0 次迭代, 保留 0/31, final p68=0.0000 px
2026-07-28 14:13:32,989 [INFO] wcs_closure_v3: Siril 剔除后保留: 0/31 对 (剔除 31)
2026-07-28 14:13:32,989 [INFO] wcs_closure_v3: [B 层 外部 WCS 回投] n=0, p68=0.0000 px, p90=0.0000 px, p99=0.0000 px
2026-07-28 14:13:32,989 [INFO] wcs_closure_v3: [A vs B 预测差] delta_dist: median=0.0000 px, p90=0.0000 px, max=0.0000 px
2026-07-28 14:13:32,990 [INFO] wcs_closure_v3: 权威星对已保存 (JSONL): engineering_v1.3\evidence\P11-004\reports\gate_v2\T3_LUM_NGC55\matched_pairs_authoritative.jsonl (n=0)
2026-07-28 14:13:32,991 [INFO] wcs_closure_v3: 闭环报告已保存: engineering_v1.3\evidence\P11-004\reports\gate_v2\T3_LUM_NGC55\closure_report.json
2026-07-28 14:13:32,991 [INFO] wcs_closure_v3: [Gate] p68=0.0000 (<=0.75:True) p90=0.0000 (<=1.5:True) p99=0.0000 (<=3.0:True) n=0 (>=5:False) => FAIL
2026-07-28 14:13:33,305 [INFO] wcs_closure: 四象限分布图已保存: engineering_v1.3\evidence\P11-004\reports\gate_v2\T3_LUM_NGC55\quadrant_plot.png
2026-07-28 14:13:33,305 [INFO] wcs_closure_v3: 权威星对诊断完成: NGC55_T3_flying_dutchman-20250703@075400-600S-Lum (耗时 0.80s)
