2026-07-28 14:29:11,866 [INFO] wcs_closure_v3: 批量权威星对诊断: 16 帧
2026-07-28 14:29:11,873 [INFO] wcs_closure: 初始化 PlateSolve 环境 (project_root=.)
2026-07-28 14:29:12,632 [INFO] wcs_closure: PlateSolve 环境就绪
2026-07-28 14:29:12,632 [INFO] wcs_closure_v3: ======================================================================
2026-07-28 14:29:12,632 [INFO] wcs_closure_v3: P11-004 v3.0 权威星对诊断: Galaxy_Center_mosaic1_T4_flying_dutchman-20250702@061703-180S-Red
2026-07-28 14:29:12,632 [INFO] wcs_closure_v3: FITS: F:/Astro dev/Astro CS Normalization Database/testdata/Galaxy_Center_T4/lights/panel1/Galaxy_Center_mosaic1_T4_flying_dutchman-20250702@061703-180S-Red.fts
2026-07-28 14:29:12,633 [INFO] wcs_closure_v3: MODE: authoritative_pairs (kd-tree rematch DISABLED)
2026-07-28 14:29:13,146 [INFO] wcs_closure: 读取 FITS: F:/Astro dev/Astro CS Normalization Database/testdata/Galaxy_Center_T4/lights/panel1/Galaxy_Center_mosaic1_T4_flying_dutchman-20250702@061703-180S-Red.fts
2026-07-28 14:29:13,271 [INFO] wcs_closure: 图像尺寸: 4500x3600
2026-07-28 14:29:13,944 [WARNING] astropy: FITSFixedWarning: RADECSYS= 'FK5 ' / Equatorial coordinate system 
the RADECSYS keyword is deprecated, use RADESYSa.
2026-07-28 14:29:13,949 [WARNING] astropy: FITSFixedWarning: 'datfix' made the change 'Set MJD-OBS to 60858.262025 from DATE-OBS'.
2026-07-28 14:29:13,949 [INFO] wcs_closure: WCS 构建: has_sip=True sip_order=3 ctype=['RA---TAN-SIP', 'DEC--TAN-SIP'] crpix=(2250.500,1800.500) crval=(272.825665,-13.131811)
2026-07-28 14:29:13,956 [INFO] wcs_closure_v3: 重跑 PlateSolve 以填充权威 inlier 缓存...
2026-07-28 14:29:18,010 [INFO] wcs_closure_v3: 权威 inlier: n=45 (来自 IPVSolver.get_last_inliers)
2026-07-28 14:29:18,011 [INFO] wcs_closure_v3: [A 层 内部 TRANS 预测] n=45, p68=0.0592 px, p90=0.0777 px, p99=0.0901 px
2026-07-28 14:29:18,018 [INFO] wcs_closure: Siril 迭代剔除完成: 0 次迭代, 保留 0/45, final p68=0.0000 px
2026-07-28 14:29:18,020 [INFO] wcs_closure_v3: Siril 剔除后保留: 0/45 对 (剔除 45)
2026-07-28 14:29:18,020 [INFO] wcs_closure_v3: [B 层 外部 WCS 回投] n=0, p68=0.0000 px, p90=0.0000 px, p99=0.0000 px
2026-07-28 14:29:18,020 [INFO] wcs_closure_v3: [A vs B 预测差] delta_dist: median=0.0000 px, p90=0.0000 px, max=0.0000 px
2026-07-28 14:29:18,021 [INFO] wcs_closure_v3: 权威星对已保存 (JSONL): f:\Astro dev\Astro CS Normalization Database\engineering_v1.3\evidence\P11-004\reports\gate_v2\T4_RED_Galaxy_Center\matched_pairs_authoritative.jsonl (n=0)
2026-07-28 14:29:18,022 [INFO] wcs_closure_v3: 闭环报告已保存: f:\Astro dev\Astro CS Normalization Database\engineering_v1.3\evidence\P11-004\reports\gate_v2\T4_RED_Galaxy_Center\closure_report.json
2026-07-28 14:29:18,023 [INFO] wcs_closure_v3: [Gate] p68=0.0000 (<=0.75:True) p90=0.0000 (<=1.5:True) p99=0.0000 (<=3.0:True) n=0 (>=5:False) => FAIL
2026-07-28 14:29:19,464 [INFO] wcs_closure: 四象限分布图已保存: f:\Astro dev\Astro CS Normalization Database\engineering_v1.3\evidence\P11-004\reports\gate_v2\T4_RED_Galaxy_Center\quadrant_plot.png
2026-07-28 14:29:19,466 [INFO] wcs_closure_v3: 权威星对诊断完成: Galaxy_Center_mosaic1_T4_flying_dutchman-20250702@061703-180S-Red (耗时 5.39s)
2026-07-28 14:29:19,470 [INFO] wcs_closure_v3: ======================================================================
2026-07-28 14:29:19,471 [INFO] wcs_closure_v3: P11-004 v3.0 权威星对诊断: Galaxy_Center_mosaic1_T4_flying_dutchman-20250702@063620-180S-Green
2026-07-28 14:29:19,471 [INFO] wcs_closure_v3: FITS: F:/Astro dev/Astro CS Normalization Database/testdata/Galaxy_Center_T4/lights/panel1/Galaxy_Center_mosaic1_T4_flying_dutchman-20250702@063620-180S-Green.fts
2026-07-28 14:29:19,471 [INFO] wcs_closure_v3: MODE: authoritative_pairs (kd-tree rematch DISABLED)
2026-07-28 14:29:19,471 [INFO] wcs_closure: 读取 FITS: F:/Astro dev/Astro CS Normalization Database/testdata/Galaxy_Center_T4/lights/panel1/Galaxy_Center_mosaic1_T4_flying_dutchman-20250702@063620-180S-Green.fts
2026-07-28 14:29:19,611 [INFO] wcs_closure: 图像尺寸: 4500x3600
2026-07-28 14:29:19,647 [WARNING] astropy: FITSFixedWarning: RADECSYS= 'FK5 ' / Equatorial coordinate system 
the RADECSYS keyword is deprecated, use RADESYSa.
2026-07-28 14:29:19,652 [WARNING] astropy: FITSFixedWarning: 'datfix' made the change 'Set MJD-OBS to 60858.275428 from DATE-OBS'.
2026-07-28 14:29:19,653 [INFO] wcs_closure: WCS 构建: has_sip=True sip_order=3 ctype=['RA---TAN-SIP', 'DEC--TAN-SIP'] crpix=(2250.500,1800.500) crval=(272.772008,-13.020781)
2026-07-28 14:29:19,659 [INFO] wcs_closure_v3: 重跑 PlateSolve 以填充权威 inlier 缓存...
2026-07-28 14:29:21,816 [INFO] wcs_closure_v3: 权威 inlier: n=30 (来自 IPVSolver.get_last_inliers)
2026-07-28 14:29:21,818 [INFO] wcs_closure_v3: [A 层 内部 TRANS 预测] n=30, p68=0.0589 px, p90=0.0764 px, p99=0.1047 px
2026-07-28 14:29:21,822 [INFO] wcs_closure: Siril 迭代剔除完成: 0 次迭代, 保留 0/30, final p68=0.0000 px
2026-07-28 14:29:21,822 [INFO] wcs_closure_v3: Siril 剔除后保留: 0/30 对 (剔除 30)
2026-07-28 14:29:21,822 [INFO] wcs_closure_v3: [B 层 外部 WCS 回投] n=0, p68=0.0000 px, p90=0.0000 px, p99=0.0000 px
2026-07-28 14:29:21,822 [INFO] wcs_closure_v3: [A vs B 预测差] delta_dist: median=0.0000 px, p90=0.0000 px, max=0.0000 px
2026-07-28 14:29:21,824 [INFO] wcs_closure_v3: 权威星对已保存 (JSONL): f:\Astro dev\Astro CS Normalization Database\engineering_v1.3\evidence\P11-004\reports\gate_v2\T4_GREEN_Galaxy_Center\matched_pairs_authoritative.jsonl (n=0)
2026-07-28 14:29:21,826 [INFO] wcs_closure_v3: 闭环报告已保存: f:\Astro dev\Astro CS Normalization Database\engineering_v1.3\evidence\P11-004\reports\gate_v2\T4_GREEN_Galaxy_Center\closure_report.json
2026-07-28 14:29:21,826 [INFO] wcs_closure_v3: [Gate] p68=0.0000 (<=0.75:True) p90=0.0000 (<=1.5:True) p99=0.0000 (<=3.0:True) n=0 (>=5:False) => FAIL
2026-07-28 14:29:22,487 [INFO] wcs_closure: 四象限分布图已保存: f:\Astro dev\Astro CS Normalization Database\engineering_v1.3\evidence\P11-004\reports\gate_v2\T4_GREEN_Galaxy_Center\quadrant_plot.png
2026-07-28 14:29:22,487 [INFO] wcs_closure_v3: 权威星对诊断完成: Galaxy_Center_mosaic1_T4_flying_dutchman-20250702@063620-180S-Green (耗时 2.35s)
2026-07-28 14:29:22,491 [INFO] wcs_closure_v3: ======================================================================
2026-07-28 14:29:22,491 [INFO] wcs_closure_v3: P11-004 v3.0 权威星对诊断: Galaxy_Center_mosaic1_T4_flying_dutchman-20250703@055414-180S-Blue
2026-07-28 14:29:22,491 [INFO] wcs_closure_v3: FITS: F:/Astro dev/Astro CS Normalization Database/testdata/Galaxy_Center_T4/lights/panel1/Galaxy_Center_mosaic1_T4_flying_dutchman-20250703@055414-180S-Blue.fts
2026-07-28 14:29:22,491 [INFO] wcs_closure_v3: MODE: authoritative_pairs (kd-tree rematch DISABLED)
2026-07-28 14:29:22,491 [INFO] wcs_closure: 读取 FITS: F:/Astro dev/Astro CS Normalization Database/testdata/Galaxy_Center_T4/lights/panel1/Galaxy_Center_mosaic1_T4_flying_dutchman-20250703@055414-180S-Blue.fts
2026-07-28 14:29:22,641 [INFO] wcs_closure: 图像尺寸: 4500x3600
2026-07-28 14:29:22,670 [WARNING] astropy: FITSFixedWarning: 'datfix' made the change 'Set MJD-OBS to 60859.246204 from DATE-OBS'.
2026-07-28 14:29:22,671 [INFO] wcs_closure: WCS 构建: has_sip=True sip_order=3 ctype=['RA---TAN-SIP', 'DEC--TAN-SIP'] crpix=(2250.500,1800.500) crval=(272.908390,-13.161417)
2026-07-28 14:29:22,674 [INFO] wcs_closure_v3: 重跑 PlateSolve 以填充权威 inlier 缓存...
2026-07-28 14:29:24,931 [INFO] wcs_closure_v3: 权威 inlier: n=32 (来自 IPVSolver.get_last_inliers)
2026-07-28 14:29:24,932 [INFO] wcs_closure_v3: [A 层 内部 TRANS 预测] n=32, p68=0.0878 px, p90=0.1245 px, p99=0.1842 px
2026-07-28 14:29:24,945 [INFO] wcs_closure: Siril 迭代剔除完成: 0 次迭代, 保留 0/32, final p68=0.0000 px
2026-07-28 14:29:24,946 [INFO] wcs_closure_v3: Siril 剔除后保留: 0/32 对 (剔除 32)
2026-07-28 14:29:24,946 [INFO] wcs_closure_v3: [B 层 外部 WCS 回投] n=0, p68=0.0000 px, p90=0.0000 px, p99=0.0000 px
2026-07-28 14:29:24,946 [INFO] wcs_closure_v3: [A vs B 预测差] delta_dist: median=0.0000 px, p90=0.0000 px, max=0.0000 px
2026-07-28 14:29:24,947 [INFO] wcs_closure_v3: 权威星对已保存 (JSONL): f:\Astro dev\Astro CS Normalization Database\engineering_v1.3\evidence\P11-004\reports\gate_v2\T4_BLUE_Galaxy_Center\matched_pairs_authoritative.jsonl (n=0)
2026-07-28 14:29:24,948 [INFO] wcs_closure_v3: 闭环报告已保存: f:\Astro dev\Astro CS Normalization Database\engineering_v1.3\evidence\P11-004\reports\gate_v2\T4_BLUE_Galaxy_Center\closure_report.json
2026-07-28 14:29:24,948 [INFO] wcs_closure_v3: [Gate] p68=0.0000 (<=0.75:True) p90=0.0000 (<=1.5:True) p99=0.0000 (<=3.0:True) n=0 (>=5:False) => FAIL
2026-07-28 14:29:25,545 [INFO] wcs_closure: 四象限分布图已保存: f:\Astro dev\Astro CS Normalization Database\engineering_v1.3\evidence\P11-004\reports\gate_v2\T4_BLUE_Galaxy_Center\quadrant_plot.png
2026-07-28 14:29:25,545 [INFO] wcs_closure_v3: 权威星对诊断完成: Galaxy_Center_mosaic1_T4_flying_dutchman-20250703@055414-180S-Blue (耗时 2.46s)
2026-07-28 14:29:25,552 [INFO] wcs_closure_v3: ======================================================================
2026-07-28 14:29:25,553 [INFO] wcs_closure_v3: P11-004 v3.0 权威星对诊断: Galaxy_Center_mosaic1_T4_flying_dutchman-20250703@061318-300S-H-alpha
2026-07-28 14:29:25,553 [INFO] wcs_closure_v3: FITS: F:/Astro dev/Astro CS Normalization Database/testdata/Galaxy_Center_T4/lights/panel1/Galaxy_Center_mosaic1_T4_flying_dutchman-20250703@061318-300S-H-alpha.fts
2026-07-28 14:29:25,553 [INFO] wcs_closure_v3: MODE: authoritative_pairs (kd-tree rematch DISABLED)
2026-07-28 14:29:25,553 [INFO] wcs_closure: 读取 FITS: F:/Astro dev/Astro CS Normalization Database/testdata/Galaxy_Center_T4/lights/panel1/Galaxy_Center_mosaic1_T4_flying_dutchman-20250703@061318-300S-H-alpha.fts
2026-07-28 14:29:25,688 [INFO] wcs_closure: 图像尺寸: 4500x3600
2026-07-28 14:29:25,711 [WARNING] astropy: FITSFixedWarning: 'datfix' made the change 'Set MJD-OBS to 60859.259433 from DATE-OBS'.
2026-07-28 14:29:25,711 [INFO] wcs_closure: WCS 构建: has_sip=True sip_order=3 ctype=['RA---TAN-SIP', 'DEC--TAN-SIP'] crpix=(2250.500,1800.500) crval=(272.877836,-13.150873)
2026-07-28 14:29:25,715 [INFO] wcs_closure_v3: 重跑 PlateSolve 以填充权威 inlier 缓存...
2026-07-28 14:29:27,157 [INFO] wcs_closure_v3: 权威 inlier: n=44 (来自 IPVSolver.get_last_inliers)
2026-07-28 14:29:27,159 [INFO] wcs_closure_v3: [A 层 内部 TRANS 预测] n=44, p68=0.0696 px, p90=0.1001 px, p99=0.1131 px
2026-07-28 14:29:27,163 [INFO] wcs_closure: Siril 迭代剔除完成: 0 次迭代, 保留 0/44, final p68=0.0000 px
2026-07-28 14:29:27,163 [INFO] wcs_closure_v3: Siril 剔除后保留: 0/44 对 (剔除 44)
2026-07-28 14:29:27,163 [INFO] wcs_closure_v3: [B 层 外部 WCS 回投] n=0, p68=0.0000 px, p90=0.0000 px, p99=0.0000 px
2026-07-28 14:29:27,163 [INFO] wcs_closure_v3: [A vs B 预测差] delta_dist: median=0.0000 px, p90=0.0000 px, max=0.0000 px
2026-07-28 14:29:27,164 [INFO] wcs_closure_v3: 权威星对已保存 (JSONL): f:\Astro dev\Astro CS Normalization Database\engineering_v1.3\evidence\P11-004\reports\gate_v2\T4_HA_Galaxy_Center\matched_pairs_authoritative.jsonl (n=0)
2026-07-28 14:29:27,165 [INFO] wcs_closure_v3: 闭环报告已保存: f:\Astro dev\Astro CS Normalization Database\engineering_v1.3\evidence\P11-004\reports\gate_v2\T4_HA_Galaxy_Center\closure_report.json
2026-07-28 14:29:27,165 [INFO] wcs_closure_v3: [Gate] p68=0.0000 (<=0.75:True) p90=0.0000 (<=1.5:True) p99=0.0000 (<=3.0:True) n=0 (>=5:False) => FAIL
2026-07-28 14:29:29,898 [INFO] wcs_closure: 四象限分布图已保存: f:\Astro dev\Astro CS Normalization Database\engineering_v1.3\evidence\P11-004\reports\gate_v2\T4_HA_Galaxy_Center\quadrant_plot.png
2026-07-28 14:29:29,898 [INFO] wcs_closure_v3: 权威星对诊断完成: Galaxy_Center_mosaic1_T4_flying_dutchman-20250703@061318-300S-H-alpha (耗时 1.61s)
2026-07-28 14:29:29,902 [INFO] wcs_closure_v3: ======================================================================
2026-07-28 14:29:29,902 [INFO] wcs_closure_v3: P11-004 v3.0 权威星对诊断: Galaxy_Center_mosaic1_T4_flying_dutchman-20250703@063631-600S-Oiii
2026-07-28 14:29:29,902 [INFO] wcs_closure_v3: FITS: F:/Astro dev/Astro CS Normalization Database/testdata/Galaxy_Center_T4/lights/panel1/Galaxy_Center_mosaic1_T4_flying_dutchman-20250703@063631-600S-Oiii.fts
2026-07-28 14:29:29,902 [INFO] wcs_closure_v3: MODE: authoritative_pairs (kd-tree rematch DISABLED)
2026-07-28 14:29:29,902 [INFO] wcs_closure: 读取 FITS: F:/Astro dev/Astro CS Normalization Database/testdata/Galaxy_Center_T4/lights/panel1/Galaxy_Center_mosaic1_T4_flying_dutchman-20250703@063631-600S-Oiii.fts
2026-07-28 14:29:30,025 [INFO] wcs_closure: 图像尺寸: 4500x3600
2026-07-28 14:29:30,046 [WARNING] astropy: FITSFixedWarning: 'datfix' made the change 'Set MJD-OBS to 60859.275556 from DATE-OBS'.
2026-07-28 14:29:30,047 [INFO] wcs_closure: WCS 构建: has_sip=True sip_order=3 ctype=['RA---TAN-SIP', 'DEC--TAN-SIP'] crpix=(2250.500,1800.500) crval=(272.892215,-13.171286)
2026-07-28 14:29:30,049 [INFO] wcs_closure_v3: 重跑 PlateSolve 以填充权威 inlier 缓存...
2026-07-28 14:29:36,941 [INFO] wcs_closure_v3: 权威 inlier: n=34 (来自 IPVSolver.get_last_inliers)
2026-07-28 14:29:36,956 [INFO] wcs_closure_v3: [A 层 内部 TRANS 预测] n=34, p68=0.0802 px, p90=0.0944 px, p99=0.1167 px
2026-07-28 14:29:36,995 [INFO] wcs_closure: Siril 迭代剔除完成: 0 次迭代, 保留 0/34, final p68=0.0000 px
2026-07-28 14:29:36,995 [INFO] wcs_closure_v3: Siril 剔除后保留: 0/34 对 (剔除 34)
2026-07-28 14:29:36,995 [INFO] wcs_closure_v3: [B 层 外部 WCS 回投] n=0, p68=0.0000 px, p90=0.0000 px, p99=0.0000 px
2026-07-28 14:29:36,995 [INFO] wcs_closure_v3: [A vs B 预测差] delta_dist: median=0.0000 px, p90=0.0000 px, max=0.0000 px
2026-07-28 14:29:36,999 [INFO] wcs_closure_v3: 权威星对已保存 (JSONL): f:\Astro dev\Astro CS Normalization Database\engineering_v1.3\evidence\P11-004\reports\gate_v2\T4_OIII_Galaxy_Center\matched_pairs_authoritative.jsonl (n=0)
2026-07-28 14:29:37,009 [INFO] wcs_closure_v3: 闭环报告已保存: f:\Astro dev\Astro CS Normalization Database\engineering_v1.3\evidence\P11-004\reports\gate_v2\T4_OIII_Galaxy_Center\closure_report.json
2026-07-28 14:29:37,009 [INFO] wcs_closure_v3: [Gate] p68=0.0000 (<=0.75:True) p90=0.0000 (<=1.5:True) p99=0.0000 (<=3.0:True) n=0 (>=5:False) => FAIL
2026-07-28 14:29:39,079 [INFO] wcs_closure: 四象限分布图已保存: f:\Astro dev\Astro CS Normalization Database\engineering_v1.3\evidence\P11-004\reports\gate_v2\T4_OIII_Galaxy_Center\quadrant_plot.png
2026-07-28 14:29:39,082 [INFO] wcs_closure_v3: 权威星对诊断完成: Galaxy_Center_mosaic1_T4_flying_dutchman-20250703@063631-600S-Oiii (耗时 7.11s)
2026-07-28 14:29:39,088 [INFO] wcs_closure_v3: ======================================================================
2026-07-28 14:29:39,095 [INFO] wcs_closure_v3: P11-004 v3.0 权威星对诊断: LDN43_LRGBH_flying_dutchman-20250503@032713-1200S-Red
2026-07-28 14:29:39,095 [INFO] wcs_closure_v3: FITS: F:/Astro dev/Astro CS Normalization Database/testdata/LDN43_T2素材_flying_dutchman/lights/LDN43_LRGBH_flying_dutchman-20250503@032713-1200S-Red.fts
2026-07-28 14:29:39,097 [INFO] wcs_closure_v3: MODE: authoritative_pairs (kd-tree rematch DISABLED)
2026-07-28 14:29:39,104 [INFO] wcs_closure: 读取 FITS: F:/Astro dev/Astro CS Normalization Database/testdata/LDN43_T2素材_flying_dutchman/lights/LDN43_LRGBH_flying_dutchman-20250503@032713-1200S-Red.fts
2026-07-28 14:29:39,277 [INFO] wcs_closure: 图像尺寸: 4096x4096
2026-07-28 14:29:39,299 [WARNING] astropy: FITSFixedWarning: 'datfix' made the change 'Set MJD-OBS to 60798.143993 from DATE-OBS'.
2026-07-28 14:29:39,300 [INFO] wcs_closure: WCS 构建: has_sip=False sip_order=0 ctype=['RA---TAN', 'DEC--TAN'] crpix=(2048.000,2048.000) crval=(248.609554,-15.758981)
2026-07-28 14:29:39,306 [INFO] wcs_closure_v3: 重跑 PlateSolve 以填充权威 inlier 缓存...
2026-07-28 14:29:42,462 [INFO] wcs_closure_v3: 权威 inlier: n=34 (来自 IPVSolver.get_last_inliers)
2026-07-28 14:29:42,466 [INFO] wcs_closure_v3: [A 层 内部 TRANS 预测] n=34, p68=0.0853 px, p90=0.2549 px, p99=0.2925 px
2026-07-28 14:29:42,473 [INFO] wcs_closure: Siril 迭代剔除完成: 0 次迭代, 保留 0/34, final p68=0.0000 px
2026-07-28 14:29:42,477 [INFO] wcs_closure_v3: Siril 剔除后保留: 0/34 对 (剔除 34)
2026-07-28 14:29:42,477 [INFO] wcs_closure_v3: [B 层 外部 WCS 回投] n=0, p68=0.0000 px, p90=0.0000 px, p99=0.0000 px
2026-07-28 14:29:42,477 [INFO] wcs_closure_v3: [A vs B 预测差] delta_dist: median=0.0000 px, p90=0.0000 px, max=0.0000 px
2026-07-28 14:29:42,477 [INFO] wcs_closure_v3: 权威星对已保存 (JSONL): f:\Astro dev\Astro CS Normalization Database\engineering_v1.3\evidence\P11-004\reports\gate_v2\T2_RED_LDN43\matched_pairs_authoritative.jsonl (n=0)
2026-07-28 14:29:42,481 [INFO] wcs_closure_v3: 闭环报告已保存: f:\Astro dev\Astro CS Normalization Database\engineering_v1.3\evidence\P11-004\reports\gate_v2\T2_RED_LDN43\closure_report.json
2026-07-28 14:29:42,481 [INFO] wcs_closure_v3: [Gate] p68=0.0000 (<=0.75:True) p90=0.0000 (<=1.5:True) p99=0.0000 (<=3.0:True) n=0 (>=5:False) => FAIL
2026-07-28 14:29:44,107 [INFO] wcs_closure: 四象限分布图已保存: f:\Astro dev\Astro CS Normalization Database\engineering_v1.3\evidence\P11-004\reports\gate_v2\T2_RED_LDN43\quadrant_plot.png
2026-07-28 14:29:44,107 [INFO] wcs_closure_v3: 权威星对诊断完成: LDN43_LRGBH_flying_dutchman-20250503@032713-1200S-Red (耗时 3.38s)
2026-07-28 14:29:44,119 [INFO] wcs_closure_v3: ======================================================================
2026-07-28 14:29:44,119 [INFO] wcs_closure_v3: P11-004 v3.0 权威星对诊断: LDN43_LRGBH_flying_dutchman-20250503@034804-1200S-Green
2026-07-28 14:29:44,119 [INFO] wcs_closure_v3: FITS: F:/Astro dev/Astro CS Normalization Database/testdata/LDN43_T2素材_flying_dutchman/lights/LDN43_LRGBH_flying_dutchman-20250503@034804-1200S-Green.fts
2026-07-28 14:29:44,120 [INFO] wcs_closure_v3: MODE: authoritative_pairs (kd-tree rematch DISABLED)
2026-07-28 14:29:44,120 [INFO] wcs_closure: 读取 FITS: F:/Astro dev/Astro CS Normalization Database/testdata/LDN43_T2素材_flying_dutchman/lights/LDN43_LRGBH_flying_dutchman-20250503@034804-1200S-Green.fts
2026-07-28 14:29:44,690 [INFO] wcs_closure: 图像尺寸: 4096x4096
2026-07-28 14:29:44,771 [WARNING] astropy: FITSFixedWarning: 'datfix' made the change 'Set MJD-OBS to 60798.158472 from DATE-OBS'.
2026-07-28 14:29:44,771 [INFO] wcs_closure: WCS 构建: has_sip=False sip_order=0 ctype=['RA---TAN', 'DEC--TAN'] crpix=(2048.000,2048.000) crval=(248.609730,-15.759134)
2026-07-28 14:29:44,780 [INFO] wcs_closure_v3: 重跑 PlateSolve 以填充权威 inlier 缓存...
2026-07-28 14:29:49,016 [INFO] wcs_closure_v3: 权威 inlier: n=32 (来自 IPVSolver.get_last_inliers)
2026-07-28 14:29:49,018 [INFO] wcs_closure_v3: [A 层 内部 TRANS 预测] n=32, p68=0.1085 px, p90=0.1526 px, p99=0.2293 px
2026-07-28 14:29:49,021 [INFO] wcs_closure: Siril 迭代剔除完成: 0 次迭代, 保留 0/32, final p68=0.0000 px
2026-07-28 14:29:49,022 [INFO] wcs_closure_v3: Siril 剔除后保留: 0/32 对 (剔除 32)
2026-07-28 14:29:49,022 [INFO] wcs_closure_v3: [B 层 外部 WCS 回投] n=0, p68=0.0000 px, p90=0.0000 px, p99=0.0000 px
2026-07-28 14:29:49,022 [INFO] wcs_closure_v3: [A vs B 预测差] delta_dist: median=0.0000 px, p90=0.0000 px, max=0.0000 px
2026-07-28 14:29:49,022 [INFO] wcs_closure_v3: 权威星对已保存 (JSONL): f:\Astro dev\Astro CS Normalization Database\engineering_v1.3\evidence\P11-004\reports\gate_v2\T2_GREEN_LDN43\matched_pairs_authoritative.jsonl (n=0)
2026-07-28 14:29:49,024 [INFO] wcs_closure_v3: 闭环报告已保存: f:\Astro dev\Astro CS Normalization Database\engineering_v1.3\evidence\P11-004\reports\gate_v2\T2_GREEN_LDN43\closure_report.json
2026-07-28 14:29:49,025 [INFO] wcs_closure_v3: [Gate] p68=0.0000 (<=0.75:True) p90=0.0000 (<=1.5:True) p99=0.0000 (<=3.0:True) n=0 (>=5:False) => FAIL
2026-07-28 14:29:49,735 [INFO] wcs_closure: 四象限分布图已保存: f:\Astro dev\Astro CS Normalization Database\engineering_v1.3\evidence\P11-004\reports\gate_v2\T2_GREEN_LDN43\quadrant_plot.png
2026-07-28 14:29:49,735 [INFO] wcs_closure_v3: 权威星对诊断完成: LDN43_LRGBH_flying_dutchman-20250503@034804-1200S-Green (耗时 4.90s)
2026-07-28 14:29:49,739 [INFO] wcs_closure_v3: ======================================================================
2026-07-28 14:29:49,739 [INFO] wcs_closure_v3: P11-004 v3.0 权威星对诊断: LDN43_LRGBH_flying_dutchman-20250503@040855-1200S-Blue
2026-07-28 14:29:49,739 [INFO] wcs_closure_v3: FITS: F:/Astro dev/Astro CS Normalization Database/testdata/LDN43_T2素材_flying_dutchman/lights/LDN43_LRGBH_flying_dutchman-20250503@040855-1200S-Blue.fts
2026-07-28 14:29:49,739 [INFO] wcs_closure_v3: MODE: authoritative_pairs (kd-tree rematch DISABLED)
2026-07-28 14:29:49,741 [INFO] wcs_closure: 读取 FITS: F:/Astro dev/Astro CS Normalization Database/testdata/LDN43_T2素材_flying_dutchman/lights/LDN43_LRGBH_flying_dutchman-20250503@040855-1200S-Blue.fts
2026-07-28 14:29:49,875 [INFO] wcs_closure: 图像尺寸: 4096x4096
2026-07-28 14:29:49,891 [WARNING] astropy: FITSFixedWarning: 'datfix' made the change 'Set MJD-OBS to 60798.172963 from DATE-OBS'.
2026-07-28 14:29:49,892 [INFO] wcs_closure: WCS 构建: has_sip=False sip_order=0 ctype=['RA---TAN', 'DEC--TAN'] crpix=(2048.000,2048.000) crval=(248.609924,-15.759349)
2026-07-28 14:29:49,895 [INFO] wcs_closure_v3: 重跑 PlateSolve 以填充权威 inlier 缓存...
2026-07-28 14:29:51,560 [INFO] wcs_closure_v3: 权威 inlier: n=40 (来自 IPVSolver.get_last_inliers)
2026-07-28 14:29:51,563 [INFO] wcs_closure_v3: [A 层 内部 TRANS 预测] n=40, p68=0.2371 px, p90=0.4089 px, p99=0.8230 px
2026-07-28 14:29:51,572 [INFO] wcs_closure: Siril 迭代剔除完成: 0 次迭代, 保留 0/40, final p68=0.0000 px
2026-07-28 14:29:51,573 [INFO] wcs_closure_v3: Siril 剔除后保留: 0/40 对 (剔除 40)
2026-07-28 14:29:51,573 [INFO] wcs_closure_v3: [B 层 外部 WCS 回投] n=0, p68=0.0000 px, p90=0.0000 px, p99=0.0000 px
2026-07-28 14:29:51,573 [INFO] wcs_closure_v3: [A vs B 预测差] delta_dist: median=0.0000 px, p90=0.0000 px, max=0.0000 px
2026-07-28 14:29:51,575 [INFO] wcs_closure_v3: 权威星对已保存 (JSONL): f:\Astro dev\Astro CS Normalization Database\engineering_v1.3\evidence\P11-004\reports\gate_v2\T2_BLUE_LDN43\matched_pairs_authoritative.jsonl (n=0)
2026-07-28 14:29:51,577 [INFO] wcs_closure_v3: 闭环报告已保存: f:\Astro dev\Astro CS Normalization Database\engineering_v1.3\evidence\P11-004\reports\gate_v2\T2_BLUE_LDN43\closure_report.json
2026-07-28 14:29:51,577 [INFO] wcs_closure_v3: [Gate] p68=0.0000 (<=0.75:True) p90=0.0000 (<=1.5:True) p99=0.0000 (<=3.0:True) n=0 (>=5:False) => FAIL
2026-07-28 14:29:52,234 [INFO] wcs_closure: 四象限分布图已保存: f:\Astro dev\Astro CS Normalization Database\engineering_v1.3\evidence\P11-004\reports\gate_v2\T2_BLUE_LDN43\quadrant_plot.png
2026-07-28 14:29:52,235 [INFO] wcs_closure_v3: 权威星对诊断完成: LDN43_LRGBH_flying_dutchman-20250503@040855-1200S-Blue (耗时 1.84s)
2026-07-28 14:29:52,243 [INFO] wcs_closure_v3: ======================================================================
2026-07-28 14:29:52,243 [INFO] wcs_closure_v3: P11-004 v3.0 权威星对诊断: LDN43_LRGBH_flying_dutchman-20250503@042947-1200S-H-alpha
2026-07-28 14:29:52,243 [INFO] wcs_closure_v3: FITS: F:/Astro dev/Astro CS Normalization Database/testdata/LDN43_T2素材_flying_dutchman/lights/LDN43_LRGBH_flying_dutchman-20250503@042947-1200S-H-alpha.fts
2026-07-28 14:29:52,243 [INFO] wcs_closure_v3: MODE: authoritative_pairs (kd-tree rematch DISABLED)
2026-07-28 14:29:52,243 [INFO] wcs_closure: 读取 FITS: F:/Astro dev/Astro CS Normalization Database/testdata/LDN43_T2素材_flying_dutchman/lights/LDN43_LRGBH_flying_dutchman-20250503@042947-1200S-H-alpha.fts
2026-07-28 14:29:52,325 [INFO] wcs_closure: 图像尺寸: 4096x4096
2026-07-28 14:29:52,339 [WARNING] astropy: FITSFixedWarning: 'datfix' made the change 'Set MJD-OBS to 60798.187512 from DATE-OBS'.
2026-07-28 14:29:52,340 [INFO] wcs_closure: WCS 构建: has_sip=False sip_order=0 ctype=['RA---TAN', 'DEC--TAN'] crpix=(2048.000,2048.000) crval=(248.609824,-15.759494)
2026-07-28 14:29:52,344 [INFO] wcs_closure_v3: 重跑 PlateSolve 以填充权威 inlier 缓存...
2026-07-28 14:29:53,580 [INFO] wcs_closure_v3: 权威 inlier: n=33 (来自 IPVSolver.get_last_inliers)
2026-07-28 14:29:53,583 [INFO] wcs_closure_v3: [A 层 内部 TRANS 预测] n=33, p68=0.0835 px, p90=0.1524 px, p99=0.2827 px
2026-07-28 14:29:53,590 [INFO] wcs_closure: Siril 迭代剔除完成: 0 次迭代, 保留 0/33, final p68=0.0000 px
2026-07-28 14:29:53,591 [INFO] wcs_closure_v3: Siril 剔除后保留: 0/33 对 (剔除 33)
2026-07-28 14:29:53,591 [INFO] wcs_closure_v3: [B 层 外部 WCS 回投] n=0, p68=0.0000 px, p90=0.0000 px, p99=0.0000 px
2026-07-28 14:29:53,592 [INFO] wcs_closure_v3: [A vs B 预测差] delta_dist: median=0.0000 px, p90=0.0000 px, max=0.0000 px
2026-07-28 14:29:53,593 [INFO] wcs_closure_v3: 权威星对已保存 (JSONL): f:\Astro dev\Astro CS Normalization Database\engineering_v1.3\evidence\P11-004\reports\gate_v2\T2_HA_LDN43\matched_pairs_authoritative.jsonl (n=0)
2026-07-28 14:29:53,594 [INFO] wcs_closure_v3: 闭环报告已保存: f:\Astro dev\Astro CS Normalization Database\engineering_v1.3\evidence\P11-004\reports\gate_v2\T2_HA_LDN43\closure_report.json
2026-07-28 14:29:53,594 [INFO] wcs_closure_v3: [Gate] p68=0.0000 (<=0.75:True) p90=0.0000 (<=1.5:True) p99=0.0000 (<=3.0:True) n=0 (>=5:False) => FAIL
2026-07-28 14:29:54,136 [INFO] wcs_closure: 四象限分布图已保存: f:\Astro dev\Astro CS Normalization Database\engineering_v1.3\evidence\P11-004\reports\gate_v2\T2_HA_LDN43\quadrant_plot.png
2026-07-28 14:29:54,137 [INFO] wcs_closure_v3: 权威星对诊断完成: LDN43_LRGBH_flying_dutchman-20250503@042947-1200S-H-alpha (耗时 1.35s)
2026-07-28 14:29:54,141 [INFO] wcs_closure_v3: ======================================================================
2026-07-28 14:29:54,142 [INFO] wcs_closure_v3: P11-004 v3.0 权威星对诊断: NGC1727_RGBHO_T2_flying_dutchman-20251031@075259-1800S-OIII
2026-07-28 14:29:54,142 [INFO] wcs_closure_v3: FITS: F:/Astro dev/Astro CS Normalization Database/testdata/NGC1727_T2_flying_dutchman/lights/NGC1727_RGBHO_T2_flying_dutchman-20251031@075259-1800S-OIII.fts
2026-07-28 14:29:54,142 [INFO] wcs_closure_v3: MODE: authoritative_pairs (kd-tree rematch DISABLED)
2026-07-28 14:29:54,142 [INFO] wcs_closure: 读取 FITS: F:/Astro dev/Astro CS Normalization Database/testdata/NGC1727_T2_flying_dutchman/lights/NGC1727_RGBHO_T2_flying_dutchman-20251031@075259-1800S-OIII.fts
2026-07-28 14:29:54,223 [INFO] wcs_closure: 图像尺寸: 4096x4096
2026-07-28 14:29:54,234 [WARNING] astropy: FITSFixedWarning: 'datfix' made the change 'Set MJD-OBS to 60979.329028 from DATE-OBS'.
2026-07-28 14:29:54,235 [INFO] wcs_closure: WCS 构建: has_sip=False sip_order=0 ctype=['RA---TAN', 'DEC--TAN'] crpix=(2048.000,2048.000) crval=(73.093493,-69.589685)
2026-07-28 14:29:54,238 [INFO] wcs_closure_v3: 重跑 PlateSolve 以填充权威 inlier 缓存...
2026-07-28 14:30:15,402 [INFO] wcs_closure_v3: 权威 inlier: n=45 (来自 IPVSolver.get_last_inliers)
2026-07-28 14:30:15,403 [INFO] wcs_closure_v3: [A 层 内部 TRANS 预测] n=45, p68=0.1321 px, p90=0.2064 px, p99=0.2857 px
2026-07-28 14:30:15,407 [INFO] wcs_closure: Siril 迭代剔除完成: 0 次迭代, 保留 0/45, final p68=0.0000 px
2026-07-28 14:30:15,407 [INFO] wcs_closure_v3: Siril 剔除后保留: 0/45 对 (剔除 45)
2026-07-28 14:30:15,407 [INFO] wcs_closure_v3: [B 层 外部 WCS 回投] n=0, p68=0.0000 px, p90=0.0000 px, p99=0.0000 px
2026-07-28 14:30:15,407 [INFO] wcs_closure_v3: [A vs B 预测差] delta_dist: median=0.0000 px, p90=0.0000 px, max=0.0000 px
2026-07-28 14:30:15,409 [INFO] wcs_closure_v3: 权威星对已保存 (JSONL): f:\Astro dev\Astro CS Normalization Database\engineering_v1.3\evidence\P11-004\reports\gate_v2\T2_OIII_NGC1727\matched_pairs_authoritative.jsonl (n=0)
2026-07-28 14:30:15,410 [INFO] wcs_closure_v3: 闭环报告已保存: f:\Astro dev\Astro CS Normalization Database\engineering_v1.3\evidence\P11-004\reports\gate_v2\T2_OIII_NGC1727\closure_report.json
2026-07-28 14:30:15,410 [INFO] wcs_closure_v3: [Gate] p68=0.0000 (<=0.75:True) p90=0.0000 (<=1.5:True) p99=0.0000 (<=3.0:True) n=0 (>=5:False) => FAIL
2026-07-28 14:30:15,763 [INFO] wcs_closure: 四象限分布图已保存: f:\Astro dev\Astro CS Normalization Database\engineering_v1.3\evidence\P11-004\reports\gate_v2\T2_OIII_NGC1727\quadrant_plot.png
2026-07-28 14:30:15,764 [INFO] wcs_closure_v3: 权威星对诊断完成: NGC1727_RGBHO_T2_flying_dutchman-20251031@075259-1800S-OIII (耗时 21.27s)
2026-07-28 14:30:15,767 [INFO] wcs_closure_v3: ======================================================================
2026-07-28 14:30:15,768 [INFO] wcs_closure_v3: P11-004 v3.0 权威星对诊断: NGC55_T3_flying_dutchman-20250701@074114-600S-Red
2026-07-28 14:30:15,768 [INFO] wcs_closure_v3: FITS: F:/Astro dev/Astro CS Normalization Database/testdata/NGC55_T3_flying_dutchman/lights/NGC55_T3_flying_dutchman-20250701@074114-600S-Red.fts
2026-07-28 14:30:15,768 [INFO] wcs_closure_v3: MODE: authoritative_pairs (kd-tree rematch DISABLED)
2026-07-28 14:30:15,768 [INFO] wcs_closure: 读取 FITS: F:/Astro dev/Astro CS Normalization Database/testdata/NGC55_T3_flying_dutchman/lights/NGC55_T3_flying_dutchman-20250701@074114-600S-Red.fts
2026-07-28 14:30:15,933 [INFO] wcs_closure: 图像尺寸: 4096x4096
2026-07-28 14:30:15,953 [WARNING] astropy: FITSFixedWarning: 'datfix' made the change 'Set MJD-OBS to 60857.320394 from DATE-OBS'.
2026-07-28 14:30:15,953 [INFO] wcs_closure: WCS 构建: has_sip=True sip_order=3 ctype=['RA---TAN-SIP', 'DEC--TAN-SIP'] crpix=(2048.500,2048.500) crval=(3.745681,-39.196792)
2026-07-28 14:30:15,957 [INFO] wcs_closure_v3: 重跑 PlateSolve 以填充权威 inlier 缓存...
2026-07-28 14:30:16,643 [INFO] wcs_closure_v3: 权威 inlier: n=38 (来自 IPVSolver.get_last_inliers)
2026-07-28 14:30:16,644 [INFO] wcs_closure_v3: [A 层 内部 TRANS 预测] n=38, p68=0.1488 px, p90=0.2035 px, p99=0.2893 px
2026-07-28 14:30:16,646 [INFO] wcs_closure: Siril 迭代剔除完成: 0 次迭代, 保留 0/38, final p68=0.0000 px
2026-07-28 14:30:16,647 [INFO] wcs_closure_v3: Siril 剔除后保留: 0/38 对 (剔除 38)
2026-07-28 14:30:16,647 [INFO] wcs_closure_v3: [B 层 外部 WCS 回投] n=0, p68=0.0000 px, p90=0.0000 px, p99=0.0000 px
2026-07-28 14:30:16,647 [INFO] wcs_closure_v3: [A vs B 预测差] delta_dist: median=0.0000 px, p90=0.0000 px, max=0.0000 px
2026-07-28 14:30:16,647 [INFO] wcs_closure_v3: 权威星对已保存 (JSONL): f:\Astro dev\Astro CS Normalization Database\engineering_v1.3\evidence\P11-004\reports\gate_v2\T3_RED_NGC55\matched_pairs_authoritative.jsonl (n=0)
2026-07-28 14:30:16,648 [INFO] wcs_closure_v3: 闭环报告已保存: f:\Astro dev\Astro CS Normalization Database\engineering_v1.3\evidence\P11-004\reports\gate_v2\T3_RED_NGC55\closure_report.json
2026-07-28 14:30:16,649 [INFO] wcs_closure_v3: [Gate] p68=0.0000 (<=0.75:True) p90=0.0000 (<=1.5:True) p99=0.0000 (<=3.0:True) n=0 (>=5:False) => FAIL
2026-07-28 14:30:16,975 [INFO] wcs_closure: 四象限分布图已保存: f:\Astro dev\Astro CS Normalization Database\engineering_v1.3\evidence\P11-004\reports\gate_v2\T3_RED_NGC55\quadrant_plot.png
2026-07-28 14:30:16,975 [INFO] wcs_closure_v3: 权威星对诊断完成: NGC55_T3_flying_dutchman-20250701@074114-600S-Red (耗时 0.88s)
2026-07-28 14:30:16,980 [INFO] wcs_closure_v3: ======================================================================
2026-07-28 14:30:16,980 [INFO] wcs_closure_v3: P11-004 v3.0 权威星对诊断: NGC55_T3_flying_dutchman-20250701@075153-600S-Green
2026-07-28 14:30:16,980 [INFO] wcs_closure_v3: FITS: F:/Astro dev/Astro CS Normalization Database/testdata/NGC55_T3_flying_dutchman/lights/NGC55_T3_flying_dutchman-20250701@075153-600S-Green.fts
2026-07-28 14:30:16,980 [INFO] wcs_closure_v3: MODE: authoritative_pairs (kd-tree rematch DISABLED)
2026-07-28 14:30:16,980 [INFO] wcs_closure: 读取 FITS: F:/Astro dev/Astro CS Normalization Database/testdata/NGC55_T3_flying_dutchman/lights/NGC55_T3_flying_dutchman-20250701@075153-600S-Green.fts
2026-07-28 14:30:17,134 [INFO] wcs_closure: 图像尺寸: 4096x4096
2026-07-28 14:30:17,148 [WARNING] astropy: FITSFixedWarning: 'datfix' made the change 'Set MJD-OBS to 60857.327789 from DATE-OBS'.
2026-07-28 14:30:17,148 [INFO] wcs_closure: WCS 构建: has_sip=True sip_order=3 ctype=['RA---TAN-SIP', 'DEC--TAN-SIP'] crpix=(2048.500,2048.500) crval=(3.745951,-39.196714)
2026-07-28 14:30:17,151 [INFO] wcs_closure_v3: 重跑 PlateSolve 以填充权威 inlier 缓存...
2026-07-28 14:30:17,824 [INFO] wcs_closure_v3: 权威 inlier: n=33 (来自 IPVSolver.get_last_inliers)
2026-07-28 14:30:17,825 [INFO] wcs_closure_v3: [A 层 内部 TRANS 预测] n=33, p68=0.1141 px, p90=0.1735 px, p99=0.2092 px
2026-07-28 14:30:17,827 [INFO] wcs_closure: Siril 迭代剔除完成: 0 次迭代, 保留 0/33, final p68=0.0000 px
2026-07-28 14:30:17,827 [INFO] wcs_closure_v3: Siril 剔除后保留: 0/33 对 (剔除 33)
2026-07-28 14:30:17,827 [INFO] wcs_closure_v3: [B 层 外部 WCS 回投] n=0, p68=0.0000 px, p90=0.0000 px, p99=0.0000 px
2026-07-28 14:30:17,828 [INFO] wcs_closure_v3: [A vs B 预测差] delta_dist: median=0.0000 px, p90=0.0000 px, max=0.0000 px
2026-07-28 14:30:17,828 [INFO] wcs_closure_v3: 权威星对已保存 (JSONL): f:\Astro dev\Astro CS Normalization Database\engineering_v1.3\evidence\P11-004\reports\gate_v2\T3_GREEN_NGC55\matched_pairs_authoritative.jsonl (n=0)
2026-07-28 14:30:17,829 [INFO] wcs_closure_v3: 闭环报告已保存: f:\Astro dev\Astro CS Normalization Database\engineering_v1.3\evidence\P11-004\reports\gate_v2\T3_GREEN_NGC55\closure_report.json
2026-07-28 14:30:17,829 [INFO] wcs_closure_v3: [Gate] p68=0.0000 (<=0.75:True) p90=0.0000 (<=1.5:True) p99=0.0000 (<=3.0:True) n=0 (>=5:False) => FAIL
2026-07-28 14:30:18,245 [INFO] wcs_closure: 四象限分布图已保存: f:\Astro dev\Astro CS Normalization Database\engineering_v1.3\evidence\P11-004\reports\gate_v2\T3_GREEN_NGC55\quadrant_plot.png
2026-07-28 14:30:18,245 [INFO] wcs_closure_v3: 权威星对诊断完成: NGC55_T3_flying_dutchman-20250701@075153-600S-Green (耗时 0.85s)
2026-07-28 14:30:18,251 [INFO] wcs_closure_v3: ======================================================================
2026-07-28 14:30:18,251 [INFO] wcs_closure_v3: P11-004 v3.0 权威星对诊断: NGC55_T3_flying_dutchman-20250701@080333-600S-Blue
2026-07-28 14:30:18,251 [INFO] wcs_closure_v3: FITS: F:/Astro dev/Astro CS Normalization Database/testdata/NGC55_T3_flying_dutchman/lights/NGC55_T3_flying_dutchman-20250701@080333-600S-Blue.fts
2026-07-28 14:30:18,251 [INFO] wcs_closure_v3: MODE: authoritative_pairs (kd-tree rematch DISABLED)
2026-07-28 14:30:18,251 [INFO] wcs_closure: 读取 FITS: F:/Astro dev/Astro CS Normalization Database/testdata/NGC55_T3_flying_dutchman/lights/NGC55_T3_flying_dutchman-20250701@080333-600S-Blue.fts
2026-07-28 14:30:18,419 [INFO] wcs_closure: 图像尺寸: 4096x4096
2026-07-28 14:30:18,435 [WARNING] astropy: FITSFixedWarning: 'datfix' made the change 'Set MJD-OBS to 60857.335891 from DATE-OBS'.
2026-07-28 14:30:18,435 [INFO] wcs_closure: WCS 构建: has_sip=True sip_order=3 ctype=['RA---TAN-SIP', 'DEC--TAN-SIP'] crpix=(2048.500,2048.500) crval=(3.746084,-39.196812)
2026-07-28 14:30:18,439 [INFO] wcs_closure_v3: 重跑 PlateSolve 以填充权威 inlier 缓存...
2026-07-28 14:30:19,076 [INFO] wcs_closure_v3: 权威 inlier: n=36 (来自 IPVSolver.get_last_inliers)
2026-07-28 14:30:19,078 [INFO] wcs_closure_v3: [A 层 内部 TRANS 预测] n=36, p68=0.1390 px, p90=0.2124 px, p99=0.2504 px
2026-07-28 14:30:19,080 [INFO] wcs_closure: Siril 迭代剔除完成: 0 次迭代, 保留 0/36, final p68=0.0000 px
2026-07-28 14:30:19,080 [INFO] wcs_closure_v3: Siril 剔除后保留: 0/36 对 (剔除 36)
2026-07-28 14:30:19,080 [INFO] wcs_closure_v3: [B 层 外部 WCS 回投] n=0, p68=0.0000 px, p90=0.0000 px, p99=0.0000 px
2026-07-28 14:30:19,080 [INFO] wcs_closure_v3: [A vs B 预测差] delta_dist: median=0.0000 px, p90=0.0000 px, max=0.0000 px
2026-07-28 14:30:19,081 [INFO] wcs_closure_v3: 权威星对已保存 (JSONL): f:\Astro dev\Astro CS Normalization Database\engineering_v1.3\evidence\P11-004\reports\gate_v2\T3_BLUE_NGC55\matched_pairs_authoritative.jsonl (n=0)
2026-07-28 14:30:19,082 [INFO] wcs_closure_v3: 闭环报告已保存: f:\Astro dev\Astro CS Normalization Database\engineering_v1.3\evidence\P11-004\reports\gate_v2\T3_BLUE_NGC55\closure_report.json
2026-07-28 14:30:19,082 [INFO] wcs_closure_v3: [Gate] p68=0.0000 (<=0.75:True) p90=0.0000 (<=1.5:True) p99=0.0000 (<=3.0:True) n=0 (>=5:False) => FAIL
2026-07-28 14:30:19,377 [INFO] wcs_closure: 四象限分布图已保存: f:\Astro dev\Astro CS Normalization Database\engineering_v1.3\evidence\P11-004\reports\gate_v2\T3_BLUE_NGC55\quadrant_plot.png
2026-07-28 14:30:19,377 [INFO] wcs_closure_v3: 权威星对诊断完成: NGC55_T3_flying_dutchman-20250701@080333-600S-Blue (耗时 0.83s)
2026-07-28 14:30:19,384 [INFO] wcs_closure_v3: ======================================================================
2026-07-28 14:30:19,384 [INFO] wcs_closure_v3: P11-004 v3.0 权威星对诊断: NGC55_T3_flying_dutchman-20250701@081412-1200S-H-alpha
2026-07-28 14:30:19,384 [INFO] wcs_closure_v3: FITS: F:/Astro dev/Astro CS Normalization Database/testdata/NGC55_T3_flying_dutchman/lights/NGC55_T3_flying_dutchman-20250701@081412-1200S-H-alpha.fts
2026-07-28 14:30:19,384 [INFO] wcs_closure_v3: MODE: authoritative_pairs (kd-tree rematch DISABLED)
2026-07-28 14:30:19,384 [INFO] wcs_closure: 读取 FITS: F:/Astro dev/Astro CS Normalization Database/testdata/NGC55_T3_flying_dutchman/lights/NGC55_T3_flying_dutchman-20250701@081412-1200S-H-alpha.fts
2026-07-28 14:30:19,512 [INFO] wcs_closure: 图像尺寸: 4096x4096
2026-07-28 14:30:19,525 [WARNING] astropy: FITSFixedWarning: 'datfix' made the change 'Set MJD-OBS to 60857.343356 from DATE-OBS'.
2026-07-28 14:30:19,526 [INFO] wcs_closure: WCS 构建: has_sip=True sip_order=3 ctype=['RA---TAN-SIP', 'DEC--TAN-SIP'] crpix=(2048.500,2048.500) crval=(3.745761,-39.196853)
2026-07-28 14:30:19,527 [INFO] wcs_closure_v3: 重跑 PlateSolve 以填充权威 inlier 缓存...
2026-07-28 14:30:20,186 [INFO] wcs_closure_v3: 权威 inlier: n=39 (来自 IPVSolver.get_last_inliers)
2026-07-28 14:30:20,187 [INFO] wcs_closure_v3: [A 层 内部 TRANS 预测] n=39, p68=0.1495 px, p90=0.2079 px, p99=0.2775 px
2026-07-28 14:30:20,189 [INFO] wcs_closure: Siril 迭代剔除完成: 0 次迭代, 保留 0/39, final p68=0.0000 px
2026-07-28 14:30:20,189 [INFO] wcs_closure_v3: Siril 剔除后保留: 0/39 对 (剔除 39)
2026-07-28 14:30:20,189 [INFO] wcs_closure_v3: [B 层 外部 WCS 回投] n=0, p68=0.0000 px, p90=0.0000 px, p99=0.0000 px
2026-07-28 14:30:20,189 [INFO] wcs_closure_v3: [A vs B 预测差] delta_dist: median=0.0000 px, p90=0.0000 px, max=0.0000 px
2026-07-28 14:30:20,190 [INFO] wcs_closure_v3: 权威星对已保存 (JSONL): f:\Astro dev\Astro CS Normalization Database\engineering_v1.3\evidence\P11-004\reports\gate_v2\T3_HA_NGC55\matched_pairs_authoritative.jsonl (n=0)
2026-07-28 14:30:20,191 [INFO] wcs_closure_v3: 闭环报告已保存: f:\Astro dev\Astro CS Normalization Database\engineering_v1.3\evidence\P11-004\reports\gate_v2\T3_HA_NGC55\closure_report.json
2026-07-28 14:30:20,191 [INFO] wcs_closure_v3: [Gate] p68=0.0000 (<=0.75:True) p90=0.0000 (<=1.5:True) p99=0.0000 (<=3.0:True) n=0 (>=5:False) => FAIL
2026-07-28 14:30:20,518 [INFO] wcs_closure: 四象限分布图已保存: f:\Astro dev\Astro CS Normalization Database\engineering_v1.3\evidence\P11-004\reports\gate_v2\T3_HA_NGC55\quadrant_plot.png
2026-07-28 14:30:20,518 [INFO] wcs_closure_v3: 权威星对诊断完成: NGC55_T3_flying_dutchman-20250701@081412-1200S-H-alpha (耗时 0.81s)
2026-07-28 14:30:20,523 [INFO] wcs_closure_v3: ======================================================================
2026-07-28 14:30:20,523 [INFO] wcs_closure_v3: P11-004 v3.0 权威星对诊断: NGC55_T3_flying_dutchman-20250701@083458-1200S-Oiii
2026-07-28 14:30:20,523 [INFO] wcs_closure_v3: FITS: F:/Astro dev/Astro CS Normalization Database/testdata/NGC55_T3_flying_dutchman/lights/NGC55_T3_flying_dutchman-20250701@083458-1200S-Oiii.fts
2026-07-28 14:30:20,524 [INFO] wcs_closure_v3: MODE: authoritative_pairs (kd-tree rematch DISABLED)
2026-07-28 14:30:20,524 [INFO] wcs_closure: 读取 FITS: F:/Astro dev/Astro CS Normalization Database/testdata/NGC55_T3_flying_dutchman/lights/NGC55_T3_flying_dutchman-20250701@083458-1200S-Oiii.fts
2026-07-28 14:30:20,671 [INFO] wcs_closure: 图像尺寸: 4096x4096
2026-07-28 14:30:20,686 [WARNING] astropy: FITSFixedWarning: 'datfix' made the change 'Set MJD-OBS to 60857.357755 from DATE-OBS'.
2026-07-28 14:30:20,687 [INFO] wcs_closure: WCS 构建: has_sip=True sip_order=3 ctype=['RA---TAN-SIP', 'DEC--TAN-SIP'] crpix=(2048.500,2048.500) crval=(3.746175,-39.196776)
2026-07-28 14:30:20,689 [INFO] wcs_closure_v3: 重跑 PlateSolve 以填充权威 inlier 缓存...
2026-07-28 14:30:21,293 [INFO] wcs_closure_v3: 权威 inlier: n=45 (来自 IPVSolver.get_last_inliers)
2026-07-28 14:30:21,294 [INFO] wcs_closure_v3: [A 层 内部 TRANS 预测] n=45, p68=0.1859 px, p90=0.3286 px, p99=0.4693 px
2026-07-28 14:30:21,296 [INFO] wcs_closure: Siril 迭代剔除完成: 0 次迭代, 保留 0/45, final p68=0.0000 px
2026-07-28 14:30:21,296 [INFO] wcs_closure_v3: Siril 剔除后保留: 0/45 对 (剔除 45)
2026-07-28 14:30:21,296 [INFO] wcs_closure_v3: [B 层 外部 WCS 回投] n=0, p68=0.0000 px, p90=0.0000 px, p99=0.0000 px
2026-07-28 14:30:21,296 [INFO] wcs_closure_v3: [A vs B 预测差] delta_dist: median=0.0000 px, p90=0.0000 px, max=0.0000 px
2026-07-28 14:30:21,297 [INFO] wcs_closure_v3: 权威星对已保存 (JSONL): f:\Astro dev\Astro CS Normalization Database\engineering_v1.3\evidence\P11-004\reports\gate_v2\T3_OIII_NGC55\matched_pairs_authoritative.jsonl (n=0)
2026-07-28 14:30:21,298 [INFO] wcs_closure_v3: 闭环报告已保存: f:\Astro dev\Astro CS Normalization Database\engineering_v1.3\evidence\P11-004\reports\gate_v2\T3_OIII_NGC55\closure_report.json
2026-07-28 14:30:21,298 [INFO] wcs_closure_v3: [Gate] p68=0.0000 (<=0.75:True) p90=0.0000 (<=1.5:True) p99=0.0000 (<=3.0:True) n=0 (>=5:False) => FAIL
2026-07-28 14:30:21,583 [INFO] wcs_closure: 四象限分布图已保存: f:\Astro dev\Astro CS Normalization Database\engineering_v1.3\evidence\P11-004\reports\gate_v2\T3_OIII_NGC55\quadrant_plot.png
2026-07-28 14:30:21,583 [INFO] wcs_closure_v3: 权威星对诊断完成: NGC55_T3_flying_dutchman-20250701@083458-1200S-Oiii (耗时 0.77s)
2026-07-28 14:30:21,588 [INFO] wcs_closure_v3: ======================================================================
2026-07-28 14:30:21,589 [INFO] wcs_closure_v3: P11-004 v3.0 权威星对诊断: NGC55_T3_flying_dutchman-20250703@075400-600S-Lum
2026-07-28 14:30:21,589 [INFO] wcs_closure_v3: FITS: F:/Astro dev/Astro CS Normalization Database/testdata/NGC55_T3_flying_dutchman/lights/NGC55_T3_flying_dutchman-20250703@075400-600S-Lum.fts
2026-07-28 14:30:21,589 [INFO] wcs_closure_v3: MODE: authoritative_pairs (kd-tree rematch DISABLED)
2026-07-28 14:30:21,589 [INFO] wcs_closure: 读取 FITS: F:/Astro dev/Astro CS Normalization Database/testdata/NGC55_T3_flying_dutchman/lights/NGC55_T3_flying_dutchman-20250703@075400-600S-Lum.fts
2026-07-28 14:30:21,748 [INFO] wcs_closure: 图像尺寸: 4096x4096
2026-07-28 14:30:21,759 [WARNING] astropy: FITSFixedWarning: 'datfix' made the change 'Set MJD-OBS to 60859.329595 from DATE-OBS'.
2026-07-28 14:30:21,759 [INFO] wcs_closure: WCS 构建: has_sip=False sip_order=0 ctype=['RA---TAN', 'DEC--TAN'] crpix=(2048.000,2048.000) crval=(3.749672,-39.194104)
2026-07-28 14:30:21,761 [INFO] wcs_closure_v3: 重跑 PlateSolve 以填充权威 inlier 缓存...
2026-07-28 14:30:22,528 [INFO] wcs_closure_v3: 权威 inlier: n=31 (来自 IPVSolver.get_last_inliers)
2026-07-28 14:30:22,528 [INFO] wcs_closure_v3: [A 层 内部 TRANS 预测] n=31, p68=0.1327 px, p90=0.2323 px, p99=0.3930 px
2026-07-28 14:30:22,532 [INFO] wcs_closure: Siril 迭代剔除完成: 0 次迭代, 保留 0/31, final p68=0.0000 px
2026-07-28 14:30:22,532 [INFO] wcs_closure_v3: Siril 剔除后保留: 0/31 对 (剔除 31)
2026-07-28 14:30:22,532 [INFO] wcs_closure_v3: [B 层 外部 WCS 回投] n=0, p68=0.0000 px, p90=0.0000 px, p99=0.0000 px
2026-07-28 14:30:22,532 [INFO] wcs_closure_v3: [A vs B 预测差] delta_dist: median=0.0000 px, p90=0.0000 px, max=0.0000 px
2026-07-28 14:30:22,533 [INFO] wcs_closure_v3: 权威星对已保存 (JSONL): f:\Astro dev\Astro CS Normalization Database\engineering_v1.3\evidence\P11-004\reports\gate_v2\T3_LUM_NGC55\matched_pairs_authoritative.jsonl (n=0)
2026-07-28 14:30:22,534 [INFO] wcs_closure_v3: 闭环报告已保存: f:\Astro dev\Astro CS Normalization Database\engineering_v1.3\evidence\P11-004\reports\gate_v2\T3_LUM_NGC55\closure_report.json
2026-07-28 14:30:22,534 [INFO] wcs_closure_v3: [Gate] p68=0.0000 (<=0.75:True) p90=0.0000 (<=1.5:True) p99=0.0000 (<=3.0:True) n=0 (>=5:False) => FAIL
2026-07-28 14:30:22,822 [INFO] wcs_closure: 四象限分布图已保存: f:\Astro dev\Astro CS Normalization Database\engineering_v1.3\evidence\P11-004\reports\gate_v2\T3_LUM_NGC55\quadrant_plot.png
2026-07-28 14:30:22,822 [INFO] wcs_closure_v3: 权威星对诊断完成: NGC55_T3_flying_dutchman-20250703@075400-600S-Lum (耗时 0.94s)
2026-07-28 14:31:17,278 [INFO] wcs_closure: PlateSolve 环境已释放
2026-07-28 14:31:17,280 [INFO] wcs_closure_v3: 批量汇总: f:\Astro dev\Astro CS Normalization Database\engineering_v1.3\evidence\P11-004\reports\gate_v2\batch_summary.json (pass=0/16, err=0)
2026-07-28 14:31:17,278 [INFO] wcs_closure: PlateSolve 环境已释放
2026-07-28 14:31:17,280 [INFO] wcs_closure_v3: 批量汇总: f:\Astro dev\Astro CS Normalization Database\engineering_v1.3\evidence\P11-004\reports\gate_v2\batch_summary.json (pass=0/16, err=0)
