[2026-07-28 12:31:50] [INFO] ======================================================================
[2026-07-28 12:31:50] [INFO] P11-004 WCS 构建方式等价性验证
[2026-07-28 12:31:50] [INFO] 报告输出: F:\Astro dev\Astro CS Normalization Database\engineering_v1.2\evidence\P11-004\reports\wcs_construction_comparison.json
[2026-07-28 12:31:50] [INFO] 日志文件: F:\Astro dev\Astro CS Normalization Database\engineering_v1.2\evidence\P11-004\raw_logs\compare_wcs_construction_20260728_123150.log
[2026-07-28 12:31:50] [INFO] 判定阈值: 1.000e-03 px
[2026-07-28 12:31:50] [INFO] ======================================================================
[2026-07-28 12:31:50] [INFO] ======================================================================
[2026-07-28 12:31:50] [INFO] 初始化环境
[2026-07-28 12:31:50] [INFO] ======================================================================
[2026-07-28 12:31:50] [INFO] [1/4] GaiaClient: F:\Astro dev\Astro CS Normalization Database\GaiaDR3SP (db_type=2)
[2026-07-28 12:31:50] [INFO] [2/4] StarDetector
[2026-07-28 12:31:50] [INFO] [3/4] IPVSolver
[2026-07-28 12:31:50] [INFO] [4/4] ImageReader
[2026-07-28 12:31:50] [INFO] 
[2026-07-28 12:31:50] [INFO] ########## [1/8] T2_RED_LDN43 ##########
[2026-07-28 12:31:50] [INFO] ----------------------------------------------------------------------
[2026-07-28 12:31:50] [INFO] 帧: T2_RED_LDN43
[2026-07-28 12:31:50] [INFO]   源 FITS: F:\Astro dev\Astro CS Normalization Database\testdata\LDN43_T2素材_flying_dutchman\lights\LDN43_LRGBH_flying_dutchman-20250503@032713-1200S-Red.fts
[2026-07-28 12:31:50] [INFO]   solved FITS: F:\Astro dev\Astro CS Normalization Database\T2_RED_LDN43_solved.fits
[2026-07-28 12:31:50] [INFO]   图像: 4096x4096, FOV=1.102 deg, LDN43_LRGBH_flying_dutchman
[2026-07-28 12:31:50] [INFO]   指向: RA=248.60833 deg, Dec=-15.75972 deg, fl=1917.5 mm, ps=9.0 um
[2026-07-28 12:31:50] [INFO]   [方式A] 重新运行 PlateSolve ...
[2026-07-28 12:31:51] [INFO]   [方式A] solve 成功: rms=0.1167 arcsec, n_pairs=34, sip_order=3, sip_ap_order=3, trans_order=3
[2026-07-28 12:31:52] [INFO]   [方式A] to_astropy_wcs 完成 (1.45s)
[2026-07-28 12:31:52] [INFO]   [方式B] 从 solved.fits header 读 WCS ...
[2026-07-28 12:31:52] [INFO]   [方式B] WCS(header) 完成 (0.02s)
[2026-07-28 12:31:52] [INFO]   crpix_a = [2048.5, 2048.5]
[2026-07-28 12:31:52] [INFO]   crpix_b = [2048.5, 2048.5]
[2026-07-28 12:31:52] [INFO]   crpix_diff = [0.0, 0.0]
[2026-07-28 12:31:52] [INFO]   cd_a = [[3.1933655342129347e-06, 0.0002686026120262958], [-0.00026857129946885564, 3.2621686878226955e-06]]
[2026-07-28 12:31:52] [INFO]   cd_b = [[3.19336553421293e-06, 0.000268602612026295], [-0.00026857129946885, 3.26216868782269e-06]]
[2026-07-28 12:31:52] [INFO]   cd_diff_max = 5.638e-18
[2026-07-28 12:31:52] [INFO]   sip_a_eq_b = True
[2026-07-28 12:31:52] [INFO]   sip_a_crpix = [2048.5, 2048.5]
[2026-07-28 12:31:52] [INFO]   sip_b_crpix = [2048.5, 2048.5]
[2026-07-28 12:31:52] [INFO]   sip A_diff_max=5.029e-22, B_diff_max=8.470e-22
[2026-07-28 12:31:52] [INFO]   sip AP_diff_max=4.472e-19, BP_diff_max=3.659e-19
[2026-07-28 12:31:52] [INFO]   Gaia cone_search: radius=0.826 deg, mag<=18.0
[2026-07-28 12:31:52] [INFO]   Gaia 返回: 7578 颗星
[2026-07-28 12:31:52] [INFO]   取前 1000 颗亮星 (mag 6.90~14.88) 做 world_to_pixel 比较
[2026-07-28 12:31:52] [INFO]   world_to_pixel 差异 (px): max=6.548993e-11, mean=2.915435e-11, p99=6.105292e-11
[2026-07-28 12:31:52] [INFO]   verdict = EQUIVALENT (阈值=1.000e-03 px, max=6.549e-11 px)
[2026-07-28 12:31:52] [INFO] 
[2026-07-28 12:31:52] [INFO] ########## [2/8] T2_GREEN_LDN43 ##########
[2026-07-28 12:31:52] [INFO] ----------------------------------------------------------------------
[2026-07-28 12:31:52] [INFO] 帧: T2_GREEN_LDN43
[2026-07-28 12:31:52] [INFO]   源 FITS: F:\Astro dev\Astro CS Normalization Database\testdata\LDN43_T2素材_flying_dutchman\lights\LDN43_LRGBH_flying_dutchman-20250503@034804-1200S-Green.fts
[2026-07-28 12:31:52] [INFO]   solved FITS: F:\Astro dev\Astro CS Normalization Database\T2_GREEN_LDN43_solved.fits
[2026-07-28 12:31:52] [INFO]   图像: 4096x4096, FOV=1.102 deg, LDN43_LRGBH_flying_dutchman
[2026-07-28 12:31:52] [INFO]   指向: RA=248.60833 deg, Dec=-15.75972 deg, fl=1917.5 mm, ps=9.0 um
[2026-07-28 12:31:52] [INFO]   [方式A] 重新运行 PlateSolve ...
[2026-07-28 12:31:53] [INFO]   [方式A] solve 成功: rms=0.0995 arcsec, n_pairs=32, sip_order=3, sip_ap_order=3, trans_order=3
[2026-07-28 12:31:53] [INFO]   [方式A] to_astropy_wcs 完成 (0.89s)
[2026-07-28 12:31:53] [INFO]   [方式B] 从 solved.fits header 读 WCS ...
[2026-07-28 12:31:53] [INFO]   [方式B] WCS(header) 完成 (0.02s)
[2026-07-28 12:31:53] [INFO]   crpix_a = [2048.5, 2048.5]
[2026-07-28 12:31:53] [INFO]   crpix_b = [2048.5, 2048.5]
[2026-07-28 12:31:53] [INFO]   crpix_diff = [0.0, 0.0]
[2026-07-28 12:31:53] [INFO]   cd_a = [[3.2123877083145248e-06, 0.0002685792933558744], [-0.0002685772059396038, 3.2896042853431568e-06]]
[2026-07-28 12:31:53] [INFO]   cd_b = [[3.21238770831452e-06, 0.000268579293355874], [-0.0002685772059396, 3.28960428534315e-06]]
[2026-07-28 12:31:53] [INFO]   cd_diff_max = 3.795e-18
[2026-07-28 12:31:53] [INFO]   sip_a_eq_b = True
[2026-07-28 12:31:53] [INFO]   sip_a_crpix = [2048.5, 2048.5]
[2026-07-28 12:31:53] [INFO]   sip_b_crpix = [2048.5, 2048.5]
[2026-07-28 12:31:53] [INFO]   sip A_diff_max=5.559e-22, B_diff_max=1.191e-22
[2026-07-28 12:31:53] [INFO]   sip AP_diff_max=2.304e-19, BP_diff_max=2.168e-18
[2026-07-28 12:31:53] [INFO]   Gaia cone_search: radius=0.826 deg, mag<=18.0
[2026-07-28 12:31:53] [INFO]   Gaia 返回: 7578 颗星
[2026-07-28 12:31:53] [INFO]   取前 1000 颗亮星 (mag 6.90~14.88) 做 world_to_pixel 比较
[2026-07-28 12:31:53] [INFO]   world_to_pixel 差异 (px): max=4.274867e-11, mean=1.884641e-11, p99=4.093749e-11
[2026-07-28 12:31:53] [INFO]   verdict = EQUIVALENT (阈值=1.000e-03 px, max=4.275e-11 px)
[2026-07-28 12:31:53] [INFO] 
[2026-07-28 12:31:53] [INFO] ########## [3/8] T2_BLUE_LDN43 ##########
[2026-07-28 12:31:53] [INFO] ----------------------------------------------------------------------
[2026-07-28 12:31:53] [INFO] 帧: T2_BLUE_LDN43
[2026-07-28 12:31:53] [INFO]   源 FITS: F:\Astro dev\Astro CS Normalization Database\testdata\LDN43_T2素材_flying_dutchman\lights\LDN43_LRGBH_flying_dutchman-20250503@040855-1200S-Blue.fts
[2026-07-28 12:31:53] [INFO]   solved FITS: F:\Astro dev\Astro CS Normalization Database\T2_BLUE_LDN43_solved.fits
[2026-07-28 12:31:53] [INFO]   图像: 4096x4096, FOV=1.101 deg, LDN43_LRGBH_flying_dutchman
[2026-07-28 12:31:53] [INFO]   指向: RA=248.60833 deg, Dec=-15.75972 deg, fl=1917.7 mm, ps=9.0 um
[2026-07-28 12:31:53] [INFO]   [方式A] 重新运行 PlateSolve ...
[2026-07-28 12:31:53] [INFO]   [方式A] solve 成功: rms=0.2791 arcsec, n_pairs=40, sip_order=3, sip_ap_order=3, trans_order=3
[2026-07-28 12:31:53] [INFO]   [方式A] to_astropy_wcs 完成 (0.85s)
[2026-07-28 12:31:53] [INFO]   [方式B] 从 solved.fits header 读 WCS ...
[2026-07-28 12:31:53] [INFO]   [方式B] WCS(header) 完成 (0.02s)
[2026-07-28 12:31:53] [INFO]   crpix_a = [2048.5, 2048.5]
[2026-07-28 12:31:53] [INFO]   crpix_b = [2048.5, 2048.5]
[2026-07-28 12:31:53] [INFO]   crpix_diff = [0.0, 0.0]
[2026-07-28 12:31:53] [INFO]   cd_a = [[3.2586101534702747e-06, 0.00026855021501057173], [-0.00026851634452471166, 3.3212345759518353e-06]]
[2026-07-28 12:31:53] [INFO]   cd_b = [[3.25861015347027e-06, 0.000268550215010571], [-0.00026851634452471, 3.32123457595183e-06]]
[2026-07-28 12:31:53] [INFO]   cd_diff_max = 1.681e-18
[2026-07-28 12:31:53] [INFO]   sip_a_eq_b = True
[2026-07-28 12:31:53] [INFO]   sip_a_crpix = [2048.5, 2048.5]
[2026-07-28 12:31:53] [INFO]   sip_b_crpix = [2048.5, 2048.5]
[2026-07-28 12:31:53] [INFO]   sip A_diff_max=7.693e-23, B_diff_max=1.853e-22
[2026-07-28 12:31:53] [INFO]   sip AP_diff_max=8.674e-19, BP_diff_max=2.168e-18
[2026-07-28 12:31:53] [INFO]   Gaia cone_search: radius=0.826 deg, mag<=18.0
[2026-07-28 12:31:53] [INFO]   Gaia 返回: 7578 颗星
[2026-07-28 12:31:53] [INFO]   取前 1000 颗亮星 (mag 6.90~14.88) 做 world_to_pixel 比较
[2026-07-28 12:31:53] [INFO]   world_to_pixel 差异 (px): max=2.004115e-11, mean=9.815193e-12, p99=1.929330e-11
[2026-07-28 12:31:53] [INFO]   verdict = EQUIVALENT (阈值=1.000e-03 px, max=2.004e-11 px)
[2026-07-28 12:31:53] [INFO] 
[2026-07-28 12:31:53] [INFO] ########## [4/8] T2_HA_LDN43 ##########
[2026-07-28 12:31:53] [INFO] ----------------------------------------------------------------------
[2026-07-28 12:31:53] [INFO] 帧: T2_HA_LDN43
[2026-07-28 12:31:53] [INFO]   源 FITS: F:\Astro dev\Astro CS Normalization Database\testdata\LDN43_T2素材_flying_dutchman\lights\LDN43_LRGBH_flying_dutchman-20250503@042947-1200S-H-alpha.fts
[2026-07-28 12:31:53] [INFO]   solved FITS: F:\Astro dev\Astro CS Normalization Database\T2_HA_LDN43_solved.fits
[2026-07-28 12:31:53] [INFO]   图像: 4096x4096, FOV=1.101 deg, LDN43_LRGBH_flying_dutchman
[2026-07-28 12:31:53] [INFO]   指向: RA=248.60833 deg, Dec=-15.75972 deg, fl=1917.7 mm, ps=9.0 um
[2026-07-28 12:31:53] [INFO]   [方式A] 重新运行 PlateSolve ...
[2026-07-28 12:31:54] [INFO]   [方式A] solve 成功: rms=0.1042 arcsec, n_pairs=33, sip_order=3, sip_ap_order=3, trans_order=3
[2026-07-28 12:31:54] [INFO]   [方式A] to_astropy_wcs 完成 (0.75s)
[2026-07-28 12:31:54] [INFO]   [方式B] 从 solved.fits header 读 WCS ...
[2026-07-28 12:31:54] [INFO]   [方式B] WCS(header) 完成 (0.02s)
[2026-07-28 12:31:54] [INFO]   crpix_a = [2048.5, 2048.5]
[2026-07-28 12:31:54] [INFO]   crpix_b = [2048.5, 2048.5]
[2026-07-28 12:31:54] [INFO]   crpix_diff = [0.0, 0.0]
[2026-07-28 12:31:54] [INFO]   cd_a = [[3.3236219416940212e-06, 0.0002685552578288146], [-0.00026854440590660017, 3.3736449364288313e-06]]
[2026-07-28 12:31:54] [INFO]   cd_b = [[3.32362194169402e-06, 0.000268555257828814], [-0.0002685444059066, 3.37364493642883e-06]]
[2026-07-28 12:31:54] [INFO]   cd_diff_max = 5.963e-19
[2026-07-28 12:31:54] [INFO]   sip_a_eq_b = True
[2026-07-28 12:31:54] [INFO]   sip_a_crpix = [2048.5, 2048.5]
[2026-07-28 12:31:54] [INFO]   sip_b_crpix = [2048.5, 2048.5]
[2026-07-28 12:31:54] [INFO]   sip A_diff_max=6.353e-22, B_diff_max=3.904e-22
[2026-07-28 12:31:54] [INFO]   sip AP_diff_max=7.318e-19, BP_diff_max=9.324e-18
[2026-07-28 12:31:54] [INFO]   Gaia cone_search: radius=0.826 deg, mag<=18.0
[2026-07-28 12:31:54] [INFO]   Gaia 返回: 7578 颗星
[2026-07-28 12:31:54] [INFO]   取前 1000 颗亮星 (mag 6.90~14.88) 做 world_to_pixel 比较
[2026-07-28 12:31:54] [INFO]   world_to_pixel 差异 (px): max=7.279509e-12, mean=3.012202e-12, p99=6.382774e-12
[2026-07-28 12:31:54] [INFO]   verdict = EQUIVALENT (阈值=1.000e-03 px, max=7.280e-12 px)
[2026-07-28 12:31:54] [INFO] 
[2026-07-28 12:31:54] [INFO] ########## [5/8] T3_RED_NGC55 ##########
[2026-07-28 12:31:54] [INFO] ----------------------------------------------------------------------
[2026-07-28 12:31:54] [INFO] 帧: T3_RED_NGC55
[2026-07-28 12:31:54] [INFO]   源 FITS: F:\Astro dev\Astro CS Normalization Database\testdata\NGC55_T3_flying_dutchman\lights\NGC55_T3_flying_dutchman-20250701@074114-600S-Red.fts
[2026-07-28 12:31:54] [INFO]   solved FITS: F:\Astro dev\Astro CS Normalization Database\T3_RED_NGC55_solved.fits
[2026-07-28 12:31:54] [INFO]   图像: 4096x4096, FOV=1.125 deg, NGC55_T3_flying_dutchman
[2026-07-28 12:31:54] [INFO]   指向: RA=3.74583 deg, Dec=-39.19667 deg, fl=1877.0 mm, ps=9.0 um
[2026-07-28 12:31:54] [INFO]   [方式A] 重新运行 PlateSolve ...
[2026-07-28 12:31:55] [INFO]   [方式A] solve 成功: rms=0.1333 arcsec, n_pairs=38, sip_order=3, sip_ap_order=3, trans_order=3
[2026-07-28 12:31:55] [INFO]   [方式A] to_astropy_wcs 完成 (0.66s)
[2026-07-28 12:31:55] [INFO]   [方式B] 从 solved.fits header 读 WCS ...
[2026-07-28 12:31:55] [INFO]   [方式B] WCS(header) 完成 (0.02s)
[2026-07-28 12:31:55] [INFO]   crpix_a = [2048.5, 2048.5]
[2026-07-28 12:31:55] [INFO]   crpix_b = [2048.5, 2048.5]
[2026-07-28 12:31:55] [INFO]   crpix_diff = [0.0, 0.0]
[2026-07-28 12:31:55] [INFO]   cd_a = [[-2.737884772073403e-06, 0.0002662981855352572], [-0.00026621612068604606, -2.7552950255387055e-06]]
[2026-07-28 12:31:55] [INFO]   cd_b = [[-2.7378847720734e-06, 0.000266298185535257], [-0.00026621612068604, -2.7552950255387e-06]]
[2026-07-28 12:31:55] [INFO]   cd_diff_max = 6.072e-18
[2026-07-28 12:31:55] [INFO]   sip_a_eq_b = True
[2026-07-28 12:31:55] [INFO]   sip_a_crpix = [2048.5, 2048.5]
[2026-07-28 12:31:55] [INFO]   sip_b_crpix = [2048.5, 2048.5]
[2026-07-28 12:31:55] [INFO]   sip A_diff_max=3.573e-22, B_diff_max=2.432e-22
[2026-07-28 12:31:55] [INFO]   sip AP_diff_max=5.760e-19, BP_diff_max=3.578e-18
[2026-07-28 12:31:55] [INFO]   Gaia cone_search: radius=0.844 deg, mag<=18.0
[2026-07-28 12:31:55] [INFO]   Gaia 返回: 1420 颗星
[2026-07-28 12:31:55] [INFO]   取前 1000 颗亮星 (mag 9.03~16.91) 做 world_to_pixel 比较
[2026-07-28 12:31:55] [INFO]   world_to_pixel 差异 (px): max=7.367468e-11, mean=3.110646e-11, p99=6.980964e-11
[2026-07-28 12:31:55] [INFO]   verdict = EQUIVALENT (阈值=1.000e-03 px, max=7.367e-11 px)
[2026-07-28 12:31:55] [INFO] 
[2026-07-28 12:31:55] [INFO] ########## [6/8] T3_GREEN_NGC55 ##########
[2026-07-28 12:31:55] [INFO] ----------------------------------------------------------------------
[2026-07-28 12:31:55] [INFO] 帧: T3_GREEN_NGC55
[2026-07-28 12:31:55] [INFO]   源 FITS: F:\Astro dev\Astro CS Normalization Database\testdata\NGC55_T3_flying_dutchman\lights\NGC55_T3_flying_dutchman-20250701@075153-600S-Green.fts
[2026-07-28 12:31:55] [INFO]   solved FITS: F:\Astro dev\Astro CS Normalization Database\T3_GREEN_NGC55_solved.fits
[2026-07-28 12:31:55] [INFO]   图像: 4096x4096, FOV=1.125 deg, NGC55_T3_flying_dutchman
[2026-07-28 12:31:55] [INFO]   指向: RA=3.74583 deg, Dec=-39.19667 deg, fl=1877.0 mm, ps=9.0 um
[2026-07-28 12:31:55] [INFO]   [方式A] 重新运行 PlateSolve ...
[2026-07-28 12:31:56] [INFO]   [方式A] solve 成功: rms=0.1076 arcsec, n_pairs=33, sip_order=3, sip_ap_order=3, trans_order=3
[2026-07-28 12:31:56] [INFO]   [方式A] to_astropy_wcs 完成 (0.72s)
[2026-07-28 12:31:56] [INFO]   [方式B] 从 solved.fits header 读 WCS ...
[2026-07-28 12:31:56] [INFO]   [方式B] WCS(header) 完成 (0.01s)
[2026-07-28 12:31:56] [INFO]   crpix_a = [2048.5, 2048.5]
[2026-07-28 12:31:56] [INFO]   crpix_b = [2048.5, 2048.5]
[2026-07-28 12:31:56] [INFO]   crpix_diff = [0.0, 0.0]
[2026-07-28 12:31:56] [INFO]   cd_a = [[-2.7194732693774352e-06, 0.0002662738786982993], [-0.00026622670506763817, -2.759119898409735e-06]]
[2026-07-28 12:31:56] [INFO]   cd_b = [[-2.7194732693774e-06, 0.000266273878698299], [-0.00026622670506763, -2.7591198984097e-06]]
[2026-07-28 12:31:56] [INFO]   cd_diff_max = 8.186e-18
[2026-07-28 12:31:56] [INFO]   sip_a_eq_b = False
[2026-07-28 12:31:56] [INFO]   sip_a_crpix = [2048.5, 2048.5]
[2026-07-28 12:31:56] [INFO]   sip_b_crpix = [2048.5, 2048.5]
[2026-07-28 12:31:56] [INFO]   sip A_diff_max=5.020e-20, B_diff_max=2.216e-20
[2026-07-28 12:31:56] [INFO]   sip AP_diff_max=8.757e-10, BP_diff_max=4.880e-12
[2026-07-28 12:31:56] [INFO]   Gaia cone_search: radius=0.844 deg, mag<=18.0
[2026-07-28 12:31:56] [INFO]   Gaia 返回: 1420 颗星
[2026-07-28 12:31:56] [INFO]   取前 1000 颗亮星 (mag 9.03~16.91) 做 world_to_pixel 比较
[2026-07-28 12:31:56] [INFO]   world_to_pixel 差异 (px): max=1.018888e-10, mean=4.244563e-11, p99=9.652123e-11
[2026-07-28 12:31:56] [INFO]   verdict = EQUIVALENT (阈值=1.000e-03 px, max=1.019e-10 px)
[2026-07-28 12:31:56] [INFO] 
[2026-07-28 12:31:56] [INFO] ########## [7/8] T3_BLUE_NGC55 ##########
[2026-07-28 12:31:56] [INFO] ----------------------------------------------------------------------
[2026-07-28 12:31:56] [INFO] 帧: T3_BLUE_NGC55
[2026-07-28 12:31:56] [INFO]   源 FITS: F:\Astro dev\Astro CS Normalization Database\testdata\NGC55_T3_flying_dutchman\lights\NGC55_T3_flying_dutchman-20250701@080333-600S-Blue.fts
[2026-07-28 12:31:56] [INFO]   solved FITS: F:\Astro dev\Astro CS Normalization Database\T3_BLUE_NGC55_solved.fits
[2026-07-28 12:31:56] [INFO]   图像: 4096x4096, FOV=1.125 deg, NGC55_T3_flying_dutchman
[2026-07-28 12:31:56] [INFO]   指向: RA=3.74583 deg, Dec=-39.19667 deg, fl=1877.0 mm, ps=9.0 um
[2026-07-28 12:31:56] [INFO]   [方式A] 重新运行 PlateSolve ...
[2026-07-28 12:31:56] [INFO]   [方式A] solve 成功: rms=0.1322 arcsec, n_pairs=36, sip_order=3, sip_ap_order=3, trans_order=3
[2026-07-28 12:31:56] [INFO]   [方式A] to_astropy_wcs 完成 (0.70s)
[2026-07-28 12:31:56] [INFO]   [方式B] 从 solved.fits header 读 WCS ...
[2026-07-28 12:31:56] [INFO]   [方式B] WCS(header) 完成 (0.01s)
[2026-07-28 12:31:56] [INFO]   crpix_a = [2048.5, 2048.5]
[2026-07-28 12:31:56] [INFO]   crpix_b = [2048.5, 2048.5]
[2026-07-28 12:31:56] [INFO]   crpix_diff = [0.0, 0.0]
[2026-07-28 12:31:56] [INFO]   cd_a = [[-2.7422977825352496e-06, 0.00026627437239554647], [-0.00026620061293631885, -2.742577082868412e-06]]
[2026-07-28 12:31:56] [INFO]   cd_b = [[-2.7422977825352e-06, 0.000266274372395546], [-0.00026620061293631, -2.7425770828684e-06]]
[2026-07-28 12:31:56] [INFO]   cd_diff_max = 8.836e-18
[2026-07-28 12:31:56] [INFO]   sip_a_eq_b = False
[2026-07-28 12:31:56] [INFO]   sip_a_crpix = [2048.5, 2048.5]
[2026-07-28 12:31:56] [INFO]   sip_b_crpix = [2048.5, 2048.5]
[2026-07-28 12:31:56] [INFO]   sip A_diff_max=4.820e-20, B_diff_max=2.304e-20
[2026-07-28 12:31:56] [INFO]   sip AP_diff_max=1.394e-10, BP_diff_max=1.642e-12
[2026-07-28 12:31:56] [INFO]   Gaia cone_search: radius=0.844 deg, mag<=18.0
[2026-07-28 12:31:56] [INFO]   Gaia 返回: 1420 颗星
[2026-07-28 12:31:56] [INFO]   取前 1000 颗亮星 (mag 9.03~16.91) 做 world_to_pixel 比较
[2026-07-28 12:31:56] [INFO]   world_to_pixel 差异 (px): max=1.073242e-10, mean=4.575715e-11, p99=1.022102e-10
[2026-07-28 12:31:56] [INFO]   verdict = EQUIVALENT (阈值=1.000e-03 px, max=1.073e-10 px)
[2026-07-28 12:31:56] [INFO] 
[2026-07-28 12:31:56] [INFO] ########## [8/8] T3_LUM_NGC55 ##########
[2026-07-28 12:31:56] [INFO] ----------------------------------------------------------------------
[2026-07-28 12:31:56] [INFO] 帧: T3_LUM_NGC55
[2026-07-28 12:31:56] [INFO]   源 FITS: F:\Astro dev\Astro CS Normalization Database\testdata\NGC55_T3_flying_dutchman\lights\NGC55_T3_flying_dutchman-20250703@075400-600S-Lum.fts
[2026-07-28 12:31:56] [INFO]   solved FITS: F:\Astro dev\Astro CS Normalization Database\T3_LUM_NGC55_solved.fits
[2026-07-28 12:31:56] [INFO]   图像: 4096x4096, FOV=1.092 deg, NGC55_T3_flying_dutchman
[2026-07-28 12:31:56] [INFO]   指向: RA=3.75000 deg, Dec=-39.19417 deg, fl=1934.7 mm, ps=9.0 um
[2026-07-28 12:31:56] [INFO]   [方式A] 重新运行 PlateSolve ...
[2026-07-28 12:31:57] [INFO]   [方式A] solve 成功: rms=0.1447 arcsec, n_pairs=31, sip_order=3, sip_ap_order=3, trans_order=3
[2026-07-28 12:31:57] [INFO]   [方式A] to_astropy_wcs 完成 (0.81s)
[2026-07-28 12:31:57] [INFO]   [方式B] 从 solved.fits header 读 WCS ...
[2026-07-28 12:31:57] [INFO]   [方式B] WCS(header) 完成 (0.03s)
[2026-07-28 12:31:57] [INFO]   crpix_a = [2048.5, 2048.5]
[2026-07-28 12:31:57] [INFO]   crpix_b = [2048.5, 2048.5]
[2026-07-28 12:31:57] [INFO]   crpix_diff = [0.0, 0.0]
[2026-07-28 12:31:57] [INFO]   cd_a = [[-2.7414325992475927e-06, 0.00026624020505629865], [-0.00026620908172283856, -2.7600884448572084e-06]]
[2026-07-28 12:31:57] [INFO]   cd_b = [[-2.7414325992475e-06, 0.000266240205056298], [-0.00026620908172283, -2.7600884448572e-06]]
[2026-07-28 12:31:57] [INFO]   cd_diff_max = 8.565e-18
[2026-07-28 12:31:57] [INFO]   sip_a_eq_b = True
[2026-07-28 12:31:57] [INFO]   sip_a_crpix = [2048.5, 2048.5]
[2026-07-28 12:31:57] [INFO]   sip_b_crpix = [2048.5, 2048.5]
[2026-07-28 12:31:57] [INFO]   sip A_diff_max=6.882e-22, B_diff_max=8.371e-22
[2026-07-28 12:31:57] [INFO]   sip AP_diff_max=4.066e-20, BP_diff_max=5.014e-19
[2026-07-28 12:31:57] [INFO]   Gaia cone_search: radius=0.819 deg, mag<=18.0
[2026-07-28 12:31:57] [INFO]   Gaia 返回: 1336 颗星
[2026-07-28 12:31:57] [INFO]   取前 1000 颗亮星 (mag 9.03~17.05) 做 world_to_pixel 比较
[2026-07-28 12:31:57] [INFO]   world_to_pixel 差异 (px): max=1.006139e-10, mean=4.332147e-11, p99=9.913600e-11
[2026-07-28 12:31:57] [INFO]   verdict = EQUIVALENT (阈值=1.000e-03 px, max=1.006e-10 px)
[2026-07-28 12:31:57] [INFO] 
[2026-07-28 12:31:57] [INFO] ======================================================================
[2026-07-28 12:31:57] [INFO] 报告已写入: F:\Astro dev\Astro CS Normalization Database\engineering_v1.2\evidence\P11-004\reports\wcs_construction_comparison.json
[2026-07-28 12:31:57] [INFO] 汇总: EQUIVALENT=8, DIVERGENT=0, ERROR=0 (共 8)
[2026-07-28 12:31:57] [INFO] ======================================================================
[2026-07-28 12:31:57] [INFO] 每帧 verdict 与最大差异:
[2026-07-28 12:31:57] [INFO]   T2_RED_LDN43       EQUIVALENT max_diff=6.548993e-11 px  p99=6.105292e-11 px  crpix_diff=[0.0, 0.0]  cd_diff=5.638e-18  sip_eq=True
[2026-07-28 12:31:57] [INFO]   T2_GREEN_LDN43     EQUIVALENT max_diff=4.274867e-11 px  p99=4.093749e-11 px  crpix_diff=[0.0, 0.0]  cd_diff=3.795e-18  sip_eq=True
[2026-07-28 12:31:57] [INFO]   T2_BLUE_LDN43      EQUIVALENT max_diff=2.004115e-11 px  p99=1.929330e-11 px  crpix_diff=[0.0, 0.0]  cd_diff=1.681e-18  sip_eq=True
[2026-07-28 12:31:57] [INFO]   T2_HA_LDN43        EQUIVALENT max_diff=7.279509e-12 px  p99=6.382774e-12 px  crpix_diff=[0.0, 0.0]  cd_diff=5.963e-19  sip_eq=True
[2026-07-28 12:31:57] [INFO]   T3_RED_NGC55       EQUIVALENT max_diff=7.367468e-11 px  p99=6.980964e-11 px  crpix_diff=[0.0, 0.0]  cd_diff=6.072e-18  sip_eq=True
[2026-07-28 12:31:57] [INFO]   T3_GREEN_NGC55     EQUIVALENT max_diff=1.018888e-10 px  p99=9.652123e-11 px  crpix_diff=[0.0, 0.0]  cd_diff=8.186e-18  sip_eq=False
[2026-07-28 12:31:57] [INFO]   T3_BLUE_NGC55      EQUIVALENT max_diff=1.073242e-10 px  p99=1.022102e-10 px  crpix_diff=[0.0, 0.0]  cd_diff=8.836e-18  sip_eq=False
[2026-07-28 12:31:57] [INFO]   T3_LUM_NGC55       EQUIVALENT max_diff=1.006139e-10 px  p99=9.913600e-11 px  crpix_diff=[0.0, 0.0]  cd_diff=8.565e-18  sip_eq=True
