2026-07-28 15:38:51,567 [INFO] repair: ======================================================================
2026-07-28 15:38:51,567 [INFO] repair: P11-004 v3.5 最小修复: 重新求解 6 帧并写入新 FITS header
2026-07-28 15:38:51,567 [INFO] repair: 不修改任何 C++/Python 代码, 仅重新生成 FITS header
2026-07-28 15:38:51,567 [INFO] repair: ======================================================================
2026-07-28 15:38:51,568 [INFO] repair: 备份验证通过: T2_RED_LDN43 (33566400 bytes)
2026-07-28 15:38:51,577 [INFO] repair: 备份验证通过: T2_GREEN_LDN43 (33566400 bytes)
2026-07-28 15:38:51,578 [INFO] repair: 备份验证通过: T2_BLUE_LDN43 (33566400 bytes)
2026-07-28 15:38:51,587 [INFO] repair: 备份验证通过: T2_HA_LDN43 (33566400 bytes)
2026-07-28 15:38:51,587 [INFO] repair: 备份验证通过: T2_OIII_NGC1727 (33566400 bytes)
2026-07-28 15:38:51,587 [INFO] repair: 备份验证通过: T3_LUM_NGC55 (33566400 bytes)
2026-07-28 15:38:51,587 [INFO] repair: 初始化 PlateSolve 环境...
2026-07-28 15:38:51,588 [INFO] repair: 初始化 PlateSolve 环境 (project_root=f:\Astro dev\Astro CS Normalization Database)
2026-07-28 15:40:06,817 [INFO] repair: ======================================================================
2026-07-28 15:40:06,818 [INFO] repair: P11-004 v3.5 最小修复: 重新求解 6 帧并写入新 FITS header
2026-07-28 15:40:06,818 [INFO] repair: 不修改任何 C++/Python 代码, 仅重新生成 FITS header
2026-07-28 15:40:06,818 [INFO] repair: ======================================================================
2026-07-28 15:40:06,818 [INFO] repair: 备份验证通过: T2_RED_LDN43 (33566400 bytes)
2026-07-28 15:40:06,819 [INFO] repair: 备份验证通过: T2_GREEN_LDN43 (33566400 bytes)
2026-07-28 15:40:06,820 [INFO] repair: 备份验证通过: T2_BLUE_LDN43 (33566400 bytes)
2026-07-28 15:40:06,820 [INFO] repair: 备份验证通过: T2_HA_LDN43 (33566400 bytes)
2026-07-28 15:40:06,820 [INFO] repair: 备份验证通过: T2_OIII_NGC1727 (33566400 bytes)
2026-07-28 15:40:06,820 [INFO] repair: 备份验证通过: T3_LUM_NGC55 (33566400 bytes)
2026-07-28 15:40:06,820 [INFO] repair: 初始化 PlateSolve 环境...
2026-07-28 15:40:06,821 [INFO] repair: 初始化 PlateSolve 环境 (project_root=f:\Astro dev\Astro CS Normalization Database)
2026-07-28 15:40:06,837 [INFO] repair: 加载 gaia_client.dll: f:\Astro dev\Astro CS Normalization Database\lib\gaia_xpsd_client\gaia_client.dll
2026-07-28 15:40:06,871 [INFO] repair: GaiaClient 创建成功: data_dir=F:\Astro dev\Astro CS Normalization Database\GaiaDR3SP, db_type=2
2026-07-28 15:40:06,913 [INFO] repair: PlateSolve 环境就绪
2026-07-28 15:40:06,913 [INFO] repair: PlateSolve 环境就绪
2026-07-28 15:40:06,913 [INFO] repair: ------------------------------------------------------------
2026-07-28 15:40:06,913 [INFO] repair: 处理: T2_RED_LDN43
2026-07-28 15:40:06,913 [INFO] repair:   FITS: f:\Astro dev\Astro CS Normalization Database\testdata\LDN43_T2素材_flying_dutchman\lights\LDN43_LRGBH_flying_dutchman-20250503@032713-1200S-Red.fts
2026-07-28 15:40:06,913 [INFO] repair:   focal=1917.50, ps=9.00
2026-07-28 15:40:07,082 [INFO] repair:   修复前: {'has_sip_before': False, 'sip_order_before': 0, 'crpix_before': [2048.0, 2048.0], 'ctype_before': ['RA---TAN', 'DEC--TAN']}
2026-07-28 15:40:08,224 [INFO] repair:   求解: success=True, rms_px=0.1205, n_pairs=34, 耗时=1.14s
2026-07-28 15:40:08,226 [INFO] repair:   修复后: {'has_sip_after': True, 'sip_order_after': 3, 'has_ap_after': True, 'ap_order_after': 3, 'crpix_after': [2048.5, 2048.5], 'ctype_after': ['RA---TAN-SIP', 'DEC--TAN-SIP']}
2026-07-28 15:40:08,226 [INFO] repair:   修复后 SIP 已写入: order=3, ap_order=3
2026-07-28 15:40:08,226 [INFO] repair: ------------------------------------------------------------
2026-07-28 15:40:08,226 [INFO] repair: 处理: T2_GREEN_LDN43
2026-07-28 15:40:08,226 [INFO] repair:   FITS: f:\Astro dev\Astro CS Normalization Database\testdata\LDN43_T2素材_flying_dutchman\lights\LDN43_LRGBH_flying_dutchman-20250503@034804-1200S-Green.fts
2026-07-28 15:40:08,226 [INFO] repair:   focal=1917.50, ps=9.00
2026-07-28 15:40:08,227 [INFO] repair:   修复前: {'has_sip_before': False, 'sip_order_before': 0, 'crpix_before': [2048.0, 2048.0], 'ctype_before': ['RA---TAN', 'DEC--TAN']}
2026-07-28 15:40:09,286 [INFO] repair:   求解: success=True, rms_px=0.1028, n_pairs=32, 耗时=1.06s
2026-07-28 15:40:09,288 [INFO] repair:   修复后: {'has_sip_after': True, 'sip_order_after': 3, 'has_ap_after': True, 'ap_order_after': 3, 'crpix_after': [2048.5, 2048.5], 'ctype_after': ['RA---TAN-SIP', 'DEC--TAN-SIP']}
2026-07-28 15:40:09,288 [INFO] repair:   修复后 SIP 已写入: order=3, ap_order=3
2026-07-28 15:40:09,288 [INFO] repair: ------------------------------------------------------------
2026-07-28 15:40:09,288 [INFO] repair: 处理: T2_BLUE_LDN43
2026-07-28 15:40:09,288 [INFO] repair:   FITS: f:\Astro dev\Astro CS Normalization Database\testdata\LDN43_T2素材_flying_dutchman\lights\LDN43_LRGBH_flying_dutchman-20250503@040855-1200S-Blue.fts
2026-07-28 15:40:09,288 [INFO] repair:   focal=1917.70, ps=9.00
2026-07-28 15:40:09,289 [INFO] repair:   修复前: {'has_sip_before': False, 'sip_order_before': 0, 'crpix_before': [2048.0, 2048.0], 'ctype_before': ['RA---TAN', 'DEC--TAN']}
2026-07-28 15:40:10,397 [INFO] repair:   求解: success=True, rms_px=0.2883, n_pairs=40, 耗时=1.11s
2026-07-28 15:40:10,399 [INFO] repair:   修复后: {'has_sip_after': True, 'sip_order_after': 3, 'has_ap_after': True, 'ap_order_after': 3, 'crpix_after': [2048.5, 2048.5], 'ctype_after': ['RA---TAN-SIP', 'DEC--TAN-SIP']}
2026-07-28 15:40:10,399 [INFO] repair:   修复后 SIP 已写入: order=3, ap_order=3
2026-07-28 15:40:10,399 [INFO] repair: ------------------------------------------------------------
2026-07-28 15:40:10,399 [INFO] repair: 处理: T2_HA_LDN43
2026-07-28 15:40:10,399 [INFO] repair:   FITS: f:\Astro dev\Astro CS Normalization Database\testdata\LDN43_T2素材_flying_dutchman\lights\LDN43_LRGBH_flying_dutchman-20250503@042947-1200S-H-alpha.fts
2026-07-28 15:40:10,399 [INFO] repair:   focal=1917.70, ps=9.00
2026-07-28 15:40:10,401 [INFO] repair:   修复前: {'has_sip_before': False, 'sip_order_before': 0, 'crpix_before': [2048.0, 2048.0], 'ctype_before': ['RA---TAN', 'DEC--TAN']}
2026-07-28 15:40:11,325 [INFO] repair:   求解: success=True, rms_px=0.1076, n_pairs=33, 耗时=0.92s
2026-07-28 15:40:11,327 [INFO] repair:   修复后: {'has_sip_after': True, 'sip_order_after': 3, 'has_ap_after': True, 'ap_order_after': 3, 'crpix_after': [2048.5, 2048.5], 'ctype_after': ['RA---TAN-SIP', 'DEC--TAN-SIP']}
2026-07-28 15:40:11,327 [INFO] repair:   修复后 SIP 已写入: order=3, ap_order=3
2026-07-28 15:40:11,328 [INFO] repair: ------------------------------------------------------------
2026-07-28 15:40:11,328 [INFO] repair: 处理: T2_OIII_NGC1727
2026-07-28 15:40:11,328 [INFO] repair:   FITS: f:\Astro dev\Astro CS Normalization Database\testdata\NGC1727_T2_flying_dutchman\lights\NGC1727_RGBHO_T2_flying_dutchman-20251031@075259-1800S-OIII.fts
2026-07-28 15:40:11,328 [INFO] repair:   focal=1917.70, ps=9.00
2026-07-28 15:40:11,330 [INFO] repair:   修复前: {'has_sip_before': False, 'sip_order_before': 0, 'crpix_before': [2048.0, 2048.0], 'ctype_before': ['RA---TAN', 'DEC--TAN']}
2026-07-28 15:40:28,781 [INFO] repair:   求解: success=True, rms_px=0.1301, n_pairs=45, 耗时=17.45s
2026-07-28 15:40:28,784 [INFO] repair:   修复后: {'has_sip_after': True, 'sip_order_after': 3, 'has_ap_after': True, 'ap_order_after': 3, 'crpix_after': [2048.5, 2048.5], 'ctype_after': ['RA---TAN-SIP', 'DEC--TAN-SIP']}
2026-07-28 15:40:28,784 [INFO] repair:   修复后 SIP 已写入: order=3, ap_order=3
2026-07-28 15:40:28,784 [INFO] repair: ------------------------------------------------------------
2026-07-28 15:40:28,784 [INFO] repair: 处理: T3_LUM_NGC55
2026-07-28 15:40:28,784 [INFO] repair:   FITS: f:\Astro dev\Astro CS Normalization Database\testdata\NGC55_T3_flying_dutchman\lights\NGC55_T3_flying_dutchman-20250703@075400-600S-Lum.fts
2026-07-28 15:40:28,784 [INFO] repair:   focal=1900.00, ps=9.00
2026-07-28 15:40:28,788 [INFO] repair:   修复前: {'has_sip_before': False, 'sip_order_before': 0, 'crpix_before': [2048.0, 2048.0], 'ctype_before': ['RA---TAN', 'DEC--TAN']}
2026-07-28 15:40:29,924 [INFO] repair:   求解: success=True, rms_px=0.1481, n_pairs=31, 耗时=1.14s
2026-07-28 15:40:29,926 [INFO] repair:   修复后: {'has_sip_after': True, 'sip_order_after': 3, 'has_ap_after': True, 'ap_order_after': 3, 'crpix_after': [2048.5, 2048.5], 'ctype_after': ['RA---TAN-SIP', 'DEC--TAN-SIP']}
2026-07-28 15:40:29,926 [INFO] repair:   修复后 SIP 已写入: order=3, ap_order=3
2026-07-28 15:41:11,073 [INFO] repair: GaiaClient 已销毁
2026-07-28 15:41:11,073 [INFO] repair: PlateSolve 环境已释放
2026-07-28 15:41:11,073 [INFO] repair: PlateSolve 环境已关闭
2026-07-28 15:41:11,074 [INFO] repair: 汇总已写入: f:\Astro dev\Astro CS Normalization Database\engineering_v1.3\evidence\P11-004\reports\gate_v2_final\repair_summary.json
2026-07-28 15:41:11,074 [INFO] repair: 所有 6 帧修复成功 (SIP 已写入)
