2026-07-28 14:54:16,751 [INFO] wcs_closure_v3: ======================================================================
2026-07-28 14:54:16,751 [INFO] wcs_closure_v3: P11-004 v3.0 权威星对诊断: Galaxy_Center_mosaic1_T4_flying_dutchman-20250702@061703-180S-Red
2026-07-28 14:54:16,751 [INFO] wcs_closure_v3: FITS: testdata/Galaxy_Center_T4/lights/panel1/Galaxy_Center_mosaic1_T4_flying_dutchman-20250702@061703-180S-Red.fts
2026-07-28 14:54:16,751 [INFO] wcs_closure_v3: MODE: authoritative_pairs (kd-tree rematch DISABLED)
2026-07-28 14:54:16,924 [INFO] wcs_closure: 读取 FITS: testdata/Galaxy_Center_T4/lights/panel1/Galaxy_Center_mosaic1_T4_flying_dutchman-20250702@061703-180S-Red.fts
2026-07-28 14:54:16,993 [INFO] wcs_closure: 图像尺寸: 4500x3600
2026-07-28 14:54:17,329 [WARNING] astropy: FITSFixedWarning: RADECSYS= 'FK5 ' / Equatorial coordinate system 
the RADECSYS keyword is deprecated, use RADESYSa.
WARNING: FITSFixedWarning: RADECSYS= 'FK5 ' / Equatorial coordinate system 
the RADECSYS keyword is deprecated, use RADESYSa. [astropy.wcs.wcs]
WARNING: FITSFixedWarning: 'datfix' made the change 'Set MJD-OBS to 60858.262025 from DATE-OBS'. [astropy.wcs.wcs]
2026-07-28 14:54:17,331 [WARNING] astropy: FITSFixedWarning: 'datfix' made the change 'Set MJD-OBS to 60858.262025 from DATE-OBS'.
2026-07-28 14:54:17,331 [INFO] wcs_closure: WCS 构建: has_sip=True sip_order=3 ctype=['RA---TAN-SIP', 'DEC--TAN-SIP'] crpix=(2250.500,1800.500) crval=(272.825665,-13.131811)
[2026-07-28 14:54:17] [INFO] [MainThread] solve_and_write_wcs: 日志系统初始化完成，日志文件: F:\Astro dev\Astro CS Normalization Database\lib\plate_solve\python\..\logs\solve_and_write_wcs_20260728_145417.log
2026-07-28 14:54:17,345 [INFO] wcs_closure: 初始化 PlateSolve 环境 (project_root=.)
[2026-07-28 14:54:17] [INFO] [MainThread] solve_and_write_wcs: ============================================================
[2026-07-28 14:54:17] [INFO] [MainThread] solve_and_write_wcs: 环境初始化开始
[2026-07-28 14:54:17] [INFO] [MainThread] solve_and_write_wcs: ----------------------------------------
[2026-07-28 14:54:17] [INFO] [MainThread] solve_and_write_wcs: 加载 GaiaClientPy ...
[2026-07-28 14:54:17] [INFO] [MainThread] solve_and_write_wcs: Gaia 数据目录: F:\Astro dev\Astro CS Normalization Database\GaiaDR3SP
[2026-07-28 14:54:17] [INFO] [MainThread] solve_and_write_wcs: GaiaClientPy 创建成功
[2026-07-28 14:54:17] [INFO] [MainThread] solve_and_write_wcs: Gaia 句柄: 2600992194704
[2026-07-28 14:54:17] [INFO] [MainThread] solve_and_write_wcs: ----------------------------------------
[2026-07-28 14:54:17] [INFO] [MainThread] solve_and_write_wcs: 加载 StarDetector ...
[2026-07-28 14:54:17][INFO][SDET] StarDetector created (fitRadius=0, fwhmClipSigma=3.0, maxAxisRatio=2.0)
[2026-07-28 14:54:17] [INFO] [MainThread] solve_and_write_wcs: StarDetector 创建成功 (fitRadius=0)
[2026-07-28 14:54:17] [INFO] [MainThread] solve_and_write_wcs: StarDetector 句柄: 2602521716656
[2026-07-28 14:54:17] [INFO] [MainThread] solve_and_write_wcs: ----------------------------------------
[2026-07-28 14:54:17] [INFO] [MainThread] solve_and_write_wcs: 加载 IPVSolver ...
[2026-07-28 14:54:17] [INFO] [MainThread] solve_and_write_wcs: IPVSolver 创建成功，已设置 Gaia 和 StarDetector 句柄
[2026-07-28 14:54:17] [INFO] [MainThread] solve_and_write_wcs: ----------------------------------------
[2026-07-28 14:54:17] [INFO] [MainThread] solve_and_write_wcs: 环境初始化完成
[2026-07-28 14:54:17] [INFO] [MainThread] solve_and_write_wcs: ============================================================
2026-07-28 14:54:17,715 [INFO] wcs_closure: PlateSolve 环境就绪
[2026-07-28 14:54:17] [INFO] [MainThread] solve_and_write_wcs: ============================================================
[2026-07-28 14:54:17] [INFO] [MainThread] solve_and_write_wcs: 读取 FITS 头: testdata/Galaxy_Center_T4/lights/panel1/Galaxy_Center_mosaic1_T4_flying_dutchman-20250702@061703-180S-Red.fts
[2026-07-28 14:54:17] [INFO] [MainThread] solve_and_write_wcs: FITS 头值: OBJCTRA=18 11 14.00, OBJCTDEC=-13 10 37.0, FOCALLEN=200.0, XPIXSZ=6.0
[2026-07-28 14:54:17] [INFO] [MainThread] solve_and_write_wcs: OBJCTRA=18 11 14.00 -> ra0=272.808333 度
[2026-07-28 14:54:17] [INFO] [MainThread] solve_and_write_wcs: OBJCTDEC=-13 10 37.0 -> dec0=-13.176944 度
[2026-07-28 14:54:17] [INFO] [MainThread] solve_and_write_wcs: 使用 FITS 头 FOCALLEN=200.00 mm
[2026-07-28 14:54:17] [INFO] [MainThread] solve_and_write_wcs: 使用 FITS 头 XPIXSZ=6.0000 um
[2026-07-28 14:54:17] [INFO] [MainThread] solve_and_write_wcs: ============================================================
2026-07-28 14:54:17,717 [INFO] wcs_closure_v3: 重跑 PlateSolve 以填充权威 inlier 缓存...
[2026-07-28 14:54:17][INFO] ==== IPVSolver::solve_from_memory_with_callback 开始 (INTERNAL_DETECTION_SHARED_EXPORT) ====
[2026-07-28 14:54:17][INFO]   pixels=4500x3600 (内存数据)
[2026-07-28 14:54:17][INFO]   ra0=272.808333 deg, dec0=-13.176944 deg
[2026-07-28 14:54:17][INFO]   focal_length=200.000 mm, pixel_size=6.000 um
[2026-07-28 14:54:17][INFO]   callback=ENABLED
[2026-07-28 14:54:17][INFO] === ipv_select_from_memory_with_callback 启动 (INTERNAL_DETECTION_SHARED_EXPORT) ===
[2026-07-28 14:54:17][INFO] ipv_select: 依赖 DLL 全部加载成功
[2026-07-28 14:54:17][INFO] Step 1: 使用内存像素数据 4500×3600
[2026-07-28 14:54:17][INFO] Step 2: 星点检测 (sdet_detect_ex)
[2026-07-28 14:54:17][INFO][SDET] sdet_detect_ex start: 4500x3600
[2026-07-28 14:54:17][DEBUG][SDET] [1] uint16→float: 17.2 ms
[2026-07-28 14:54:17][DEBUG][SDET] [2] Gaussian YvV smooth (sigma=2.0): 58.4 ms
[2026-07-28 14:54:18][INFO][SDET] peaker: median=1457.0000 bgnoise=42.4140 threshold=1669.0701 (median+5*bgnoise)
[2026-07-28 14:54:18][DEBUG][SDET] [3] Threshold: 322.6 ms
[2026-07-28 14:54:18][INFO][SDET] peaker: bg=1457.0 maxi=65535.0 norm=65535.0 dynrange=64078.0 minsatlevel=44854.6 satrange=6407.8 s_factor=3.7169 locthreshold=212.0701
[2026-07-28 14:54:18][DEBUG][SDET] [4] peaker: 73.8 ms (17180 candidates, full peaker 7-step)
[2026-07-28 14:54:18][INFO][SDET] Candidates: 17180
[2026-07-28 14:54:18][INFO][SDET] Peaker stages: pass_threshold=1341344 pass_localmax=27141 pass_count3=26965 pass_boundary=26965 | cond_meanhigh=89 cond_platform=17950 sat_both=9 nonsat=26956
[2026-07-28 14:54:18][INFO][SDET] Auto fitRadius: med_pixels=51 fwhm_est=3.51 auto_radius=10 actual=10
[2026-07-28 14:54:18][INFO][SDET] Task6 candidates sorted by mag_est (desc): maxstars=2000 candidates=17180
[2026-07-28 14:54:19][DEBUG][SDET] [6] Moffat4 fit: 1014.8 ms (16907/17180 OK)
[2026-07-28 14:54:19][INFO][SDET] Moffat4 fit: 16907/17180 OK
[2026-07-28 14:54:19][INFO][SDET] === Fit statistics by pixel count ===
[2026-07-28 14:54:19][INFO][SDET]   px[5-9]: total=261 ok=256(98.1%) invalid=0 noconv=5 iterlimit=0
[2026-07-28 14:54:19][INFO][SDET]   px[10-19]: total=1647 ok=1621(98.4%) invalid=0 noconv=26 iterlimit=0
[2026-07-28 14:54:19][INFO][SDET]   px[20-49]: total=5960 ok=5855(98.2%) invalid=0 noconv=105 iterlimit=0
[2026-07-28 14:54:19][INFO][SDET]   px[50-99]: total=6242 ok=6144(98.4%) invalid=0 noconv=98 iterlimit=0
[2026-07-28 14:54:19][INFO][SDET]   px[100-299]: total=2460 ok=2432(98.9%) invalid=0 noconv=28 iterlimit=0
[2026-07-28 14:54:19][DEBUG][SDET] [7] FWHM stats: 1.6 ms (med=1.4201 mad=0.2209)
[2026-07-28 14:54:19][INFO][SDET] FWHM stats: med=1.4201 mad=0.2209 (from 16907 fitted stars)
[2026-07-28 14:54:19][DEBUG][SDET] [8] Build normal stars: 25.4 ms (16134 stars, fit_fail=273 fwhm=0 round=501 reject=272)
[2026-07-28 14:54:19][INFO][SDET] Normal stars: 16134 (fit_fail=273 fwhm=0 roundness=501 reject=272)
[2026-07-28 14:54:19][DEBUG][SDET] [9] Saturated star detection skipped (V4.52: use A>dynrange from peaker): 0.1 ms
[2026-07-28 14:54:19][DEBUG][SDET] [10a] Dedup: 6.1 ms
[2026-07-28 14:54:19][DEBUG][SDET] [10b] Sort: 1.4 ms
[2026-07-28 14:54:19][INFO][SDET] After dedup+sort: 16133 stars (saturated=657 normal=15476)
[2026-07-28 14:54:19][INFO][SDET] sdet_detect_ex done: 2000 stars (sat=657 normal=15476), 1.521 s
[2026-07-28 14:54:19][INFO]   检测到星点: 2000 颗 (饱和 657, 正常 1343)
[2026-07-28 14:54:19][INFO] Step 2.5: 调用 callback 导出 detections (INTERNAL_DETECTION_SHARED_EXPORT)
[2026-07-28 14:54:19][INFO]   callback 完成, 源缓冲区已由 callback 复制
[2026-07-28 14:54:19][INFO] Step 3: 图像侧选星
[2026-07-28 14:54:19][INFO] 选星: 按 mag(box积分) 升序取前 60 颗 (含饱和 60 颗)
[2026-07-28 14:54:19][INFO]   U 向量组: 60×2 (s0=6.1879"/px)
[2026-07-28 14:54:19][INFO] Step 4: FOV/密度计算
[2026-07-28 14:54:19][INFO] FOV计算: s0=6.1879"/px, FOV_diag=9.9056°, query_r=5.4481°, img_area=47.86341°², query_area=93.24654°², rho_img=1.25, rho_target=1.88, n_target=60
[2026-07-28 14:54:19][INFO] Step 5: V4.9 密度公式估算极限星等 (替代迭代)
[2026-07-28 14:54:19][INFO] 密度估算极限星等: G=9.815 (n_required=60, area=93.2465°², rho_target=0.64/°²)
[2026-07-28 14:54:19][INFO] Step 6: 用 m_lim=9.815 查询 Gaia 星表
[2026-07-28 14:54:20][INFO] Step 7: Gnomonic 投影 + FOV 过滤
[2026-07-28 14:54:20][INFO]   W 向量组: 60×2 (FOV 内 600, 取最亮 60, gaia_ra/dec 已保存)
[2026-07-28 14:54:20][INFO] === ipv_select_from_memory_with_callback 完成 (INTERNAL_DETECTION_SHARED_EXPORT) ===
[2026-07-28 14:54:20][INFO] === triangle_match 开始: N_U=60, N_W=60, n_A0=60, n_B0=60, tol=0.0020, s0=6.1879 ===
[2026-07-28 14:54:20][INFO] triangle_match: stage=0, nA=60, nB=60
[2026-07-28 14:54:20][INFO] triangle_match_single: n_A=60, n_B=60, tol=0.0020, s0=6.1879, scale=[0.1347,0.2020]
[2026-07-28 14:54:20][DEBUG] stars_to_triangles: N=60, expected=34220, valid=34220, skipped_degenerate=0 (并行, 16 线程)
[2026-07-28 14:54:20][DEBUG] stars_to_triangles: prune_triangle_array ba>0.9 剪枝: before=34220, after=24670, pruned=9550
[2026-07-28 14:54:20][DEBUG] stars_to_triangles: N=60, expected=34220, valid=34220, skipped_degenerate=0 (并行, 16 线程)
[2026-07-28 14:54:20][DEBUG] stars_to_triangles: prune_triangle_array ba>0.9 剪枝: before=34220, after=25292, pruned=8928
[2026-07-28 14:54:20][INFO] make_vote_matrix: n_A=24670, n_B=25292, matched_triangles=36469, vote_matrix=60x60, scale_rejected=50327 (range=[0.1347,0.2020]) [并行 16 线程]
[2026-07-28 14:54:20][INFO] top_vote_getters: 矩阵=60x60, 候选对数(vote>=2)=3597, top_n=60
[2026-07-28 14:54:20][INFO] top_vote_getters: V4.25 去重后 top_pairs=60, 去重剔除=3336
[2026-07-28 14:54:20][INFO]   [调试] top[0]: u=34 w=34, votes=647
[2026-07-28 14:54:20][INFO]   [调试] top[1]: u=50 w=46, votes=645
[2026-07-28 14:54:20][INFO]   [调试] top[2]: u=54 w=35, votes=644
[2026-07-28 14:54:20][INFO]   [调试] top[3]: u=32 w=10, votes=630
[2026-07-28 14:54:20][INFO]   [调试] top[4]: u=33 w=33, votes=630
[2026-07-28 14:54:20][INFO]   [调试] top[5]: u=12 w=9, votes=616
[2026-07-28 14:54:20][INFO]   [调试] top[6]: u=10 w=0, votes=612
[2026-07-28 14:54:20][INFO]   [调试] top[7]: u=47 w=36, votes=609
[2026-07-28 14:54:20][INFO]   [调试] top[8]: u=44 w=16, votes=607
[2026-07-28 14:54:20][INFO]   [调试] top[9]: u=11 w=1, votes=604
[2026-07-28 14:54:20][INFO] triangle_match_single 完成: tri_A=24670, tri_B=25292, vote_matrix=60x60, max_vote=647, 候选对数(vote>=2)=3597, top_pairs=60
[2026-07-28 14:54:20][INFO] triangle_match: stage=0 成功 (max_vote=647 >= 3), 停止自适应
[2026-07-28 14:54:20][INFO] === triangle_match 结束: tri_A=24670, tri_B=25292, top_pairs=60, max_vote=647, success=1 ===
[2026-07-28 14:54:20][INFO] [P02-002] n_target=60, max_vote=647, threshold=2
[2026-07-28 14:54:20][INFO]   [阶段] triangle_match (n=60): 82.07 ms, max_vote=647, top_pairs=60, success=1
[2026-07-28 14:54:20][INFO]   [阶段] triangle_match: 82.08 ms, n_target_used=60
[2026-07-28 14:54:20][INFO]   N_U=60, N_W=60, s0=6.1879 arcsec/px, img=4500x3600, fov_diag=9.9056 deg
[2026-07-28 14:54:20][INFO] iter_trans_solve: U=60, W=60, initial_pairs=60, tol=5.00, order=3
[2026-07-28 14:54:20][DEBUG] calc_trans_general: order=3, n_pairs=20, 拟合成功
[2026-07-28 14:54:20][INFO] iter_trans_inner: 初始拟合完成, 初始工作集=20, order=3
[2026-07-28 14:54:20][INFO]   [调试] 初始 TRANS: x00=61.1860 y00=162.5779, x10=6.307815 x01=-0.001230 y10=-0.002925 y01=-6.308838
[2026-07-28 14:54:20][INFO]   [调试] 初始对[0]: u=34 w=34, U=(-478.00,662.50), W=(-2954.57,-4014.49), pred=(-2954.33,-4014.13), dist=0.4278" (dx=0.23 dy=0.36)
[2026-07-28 14:54:20][INFO]   [调试] 初始对[1]: u=50 w=46, U=(1859.95,-1546.34), W=(11763.89,9889.95), pred=(11763.95,9889.92), dist=0.0627" (dx=0.06 dy=-0.03)
[2026-07-28 14:54:20][INFO]   [调试] 初始对[2]: u=54 w=35, U=(-47.09,913.33), W=(-237.49,-5597.51), pred=(-237.67,-5597.43), dist=0.1899" (dx=-0.17 dy=0.07)
[2026-07-28 14:54:20][INFO]   [调试] 初始对[3]: u=32 w=10, U=(1057.11,237.53), W=(6725.94,-1338.46), pred=(6726.09,-1338.54), dist=0.1694" (dx=0.15 dy=-0.07)
[2026-07-28 14:54:20][INFO]   [调试] 初始对[4]: u=33 w=33, U=(-1769.35,-708.82), W=(-11075.66,4629.86), pred=(-11075.80,4629.93), dist=0.1532" (dx=-0.14 dy=0.07)
[2026-07-28 14:54:20][INFO]   [调试] 初始对[5]: u=12 w=9, U=(948.24,-505.04), W=(6040.40,3344.77), pred=(6040.04,3344.84), dist=0.3689" (dx=-0.36 dy=0.08)
[2026-07-28 14:54:20][INFO] iter_trans_inner: V4.23 工作集扩展 20->60 (nr=nbright)
[2026-07-28 14:54:20][DEBUG] iter 0: 绝对剔除 nr=60→40, nb=20
[2026-07-28 14:54:20][DEBUG] iter 0: sigma(35%)=0.176832 角秒²
[2026-07-28 14:54:20][DEBUG] iter 0: 相对剔除 nr=34, nb=26, rel_thresh=1.768325
[2026-07-28 14:54:20][DEBUG] calc_trans_general: order=3, n_pairs=34, 拟合成功
[2026-07-28 14:54:20][INFO] iter_trans_inner: 完成, nr=34, sig=0.2214, rms=0.4714, iters=1, success=1
[2026-07-28 14:54:20][INFO] iter_trans_solve: 第一轮 iter_trans 成功, inliers=34, rms=0.4714
[2026-07-28 14:54:20][INFO] at_match_lists: U=60, W=60, tol=5.00", U→W单向=40, W→U单向=40, 双向=40, 去重后=40
[2026-07-28 14:54:20][DEBUG] calc_trans_general: order=3, n_pairs=40, 拟合成功
[2026-07-28 14:54:20][INFO] at_recalc_trans: n=40, order=3, sig=0.3329, sx=0.3698, sy=0.3081, rms=0.5200
[2026-07-28 14:54:20][INFO] iter_trans_solve: 第一轮 refit 成功, inliers=40, rms=0.5200
[2026-07-28 14:54:20][INFO] at_match_lists: U=60, W=60, tol=5.00", U→W单向=40, W→U单向=40, 双向=40, 去重后=40
[2026-07-28 14:54:20][DEBUG] calc_trans_general: order=3, n_pairs=40, 拟合成功
[2026-07-28 14:54:20][INFO] at_recalc_trans: n=40, order=3, sig=0.3329, sx=0.3698, sy=0.3081, rms=0.5200
[2026-07-28 14:54:20][INFO] iter_trans_solve: 第二轮 refit 成功, inliers=40, rms=0.5200
[2026-07-28 14:54:20][INFO]   [阶段] iter_trans_solve: 0.33 ms, n_inliers=40, rms=0.5200, iters=3, success=1
[2026-07-28 14:54:20][INFO]   [诊断] iterative_reproject 入口: U.size=60, gaia_ra.size=60, gaia_dec.size=60, initial_inliers.size=40, s0=6.1879, img=4500x3600
[2026-07-28 14:54:20][INFO] iterative_reproject: 开始 (N_W=60, n_inliers=40, s0=6.1879"/px, max_iter=5, conv_thresh=0.0100")
[2026-07-28 14:54:20][INFO]   iter 0: ra_cur=272.808333 dec_cur=-13.176944, xi_center=60.7633" eta_center=162.4796", conv=173.4699" (thresh=0.0100")
[2026-07-28 14:54:20][INFO]   iter 0: 新中心 ra=272.825665 dec=-13.131811 (Δra=0.017332° Δdec=0.045134°)
[2026-07-28 14:54:20][DEBUG] calc_trans_general: order=3, n_pairs=40, 拟合成功
[2026-07-28 14:54:20][INFO] at_recalc_trans: n=40, order=3, sig=0.3327, sx=0.3698, sy=0.3082, rms=0.5201
[2026-07-28 14:54:20][INFO]   iter 0: at_recalc_trans 成功, n=40, sig=0.3327, rms=0.5201, x00=-0.0004 y00=-0.0005 (asec)
[2026-07-28 14:54:20][INFO]   iter 1: 收敛 (TRANS 常数项 = 0.0006" < 0.0100")
[2026-07-28 14:54:20][INFO] iterative_reproject: 完成 (收敛), ra=272.808333→272.825665 dec=-13.176944→-13.131811, n_matched=40 (固定), iters=1, conv=0.0006"
[2026-07-28 14:54:20][INFO]   [阶段] iterative_reproject: 0.21 ms, success=1, ra=272.808333→272.825665, dec=-13.176944→-13.131811, n_matched=40, iters=1, conv=0.0006"
[2026-07-28 14:54:20][INFO] at_match_lists: U=60, W=60, tol=5.00", U→W单向=40, W→U单向=40, 双向=40, 去重后=40
2026-07-28 14:54:20,117 [INFO] wcs_closure_v3: 权威 inlier: n=45 (来自 IPVSolver.get_last_inliers)
2026-07-28 14:54:20,118 [INFO] wcs_closure_v3: [A 层 内部 TRANS 预测] n=45, p68=0.0592 px, p90=0.0777 px, p99=0.0901 px
2026-07-28 14:54:20,121 [INFO] wcs_closure_v3: [B 层 预剔除诊断] n=45, CRPIX_0based=(2250.50,1800.50), det_xy range=[248.8,109.2]~[4426.1,3275.7], ext_pred range=[247.8,108.2]~[4425.1,3274.7], ext_dist: median=1.3734 p68=1.3910 p90=1.4222 p99=1.4419 max=1.4465
2026-07-28 14:54:20,121 [INFO] wcs_closure: Siril 迭代剔除完成: 1 次迭代, 保留 45/45, final p68=1.3912 px
2026-07-28 14:54:20,121 [INFO] wcs_closure_v3: Siril 剔除后保留: 45/45 对 (剔除 0)
2026-07-28 14:54:20,121 [INFO] wcs_closure_v3: [B 层 外部 WCS 回投] n=45, p68=1.3912 px, p90=1.4222 px, p99=1.4419 px
2026-07-28 14:54:20,122 [INFO] wcs_closure_v3: [A vs B 预测差] delta_dist: median=2100.5224 px, p90=2936.6428 px, max=3411.7509 px
2026-07-28 14:54:20,131 [INFO] wcs_closure_v3: 权威星对已保存 (JSONL): engineering_v1.3/evidence/P11-004/reports/gate_v2/T4_RED_Galaxy_Center\matched_pairs_authoritative.jsonl (n=45)
2026-07-28 14:54:20,131 [INFO] wcs_closure_v3: 闭环报告已保存: engineering_v1.3/evidence/P11-004/reports/gate_v2/T4_RED_Galaxy_Center\closure_report.json
2026-07-28 14:54:20,131 [INFO] wcs_closure_v3: [Gate] p68=1.3912 (<=0.75:False) p90=1.4222 (<=1.5:True) p99=1.4419 (<=3.0:True) n=45 (>=5:True) => FAIL
2026-07-28 14:54:21,558 [INFO] wcs_closure: 残差图已保存: engineering_v1.3/evidence/P11-004/reports/gate_v2/T4_RED_Galaxy_Center\residual_plot.png
2026-07-28 14:54:21,925 [INFO] wcs_closure: 四象限分布图已保存: engineering_v1.3/evidence/P11-004/reports/gate_v2/T4_RED_Galaxy_Center\quadrant_plot.png
2026-07-28 14:54:21,925 [INFO] wcs_closure_v3: 权威星对诊断完成: Galaxy_Center_mosaic1_T4_flying_dutchman-20250702@061703-180S-Red (耗时 3.38s)
[2026-07-28 14:54:21] [INFO] [MainThread] solve_and_write_wcs: IPVSolver 资源已释放
[2026-07-28 14:54:20][INFO]   [阶段] hi_order_rematch iter 0: n_matched=40 (min=10, order=3)
[2026-07-28 14:54:20][DEBUG] calc_trans_general: order=3, n_pairs=40, 拟合成功
[2026-07-28 14:54:20][INFO] at_recalc_trans: n=40, order=3, sig=0.3327, sx=0.3698, sy=0.3082, rms=0.5201
[2026-07-28 14:54:20][INFO] at_match_lists: U=60, W=60, tol=5.00", U→W单向=40, W→U单向=40, 双向=40, 去重后=40
[2026-07-28 14:54:20][DEBUG] calc_trans_general: order=3, n_pairs=40, 拟合成功
[2026-07-28 14:54:20][INFO] at_recalc_trans: n=40, order=3, sig=0.3327, sx=0.3698, sy=0.3082, rms=0.5201
[2026-07-28 14:54:20][INFO]   [阶段] hi_order_rematch iter 1: 收敛 (dn=0, drms=0.0000)
[2026-07-28 14:54:20][INFO]   [阶段] hi_order_rematch: 0.44 ms, n_matched=40, trans.order=3
[2026-07-28 14:54:20][INFO] ==== robust_refine_wcs 开始 (V4.30) ====
  U_full=2000, mag_full=2000, gaia=60
  ra0=272.825665, dec0=-13.131811, s0=6.1879"/px, fov=9.9056°, img=4500x3600
  initial_rms=0.3327", trans.order=3
[2026-07-28 14:54:20][INFO]   [robust_refine] 网格采样: FOV=9.906°, G_short=4, N_long=5, n_cells=20, quota=9, narrow_all=0, N_full=2000
[2026-07-28 14:54:20][INFO]   [robust_refine] 网格采样完成: 选中 180 颗 (上限 300, 下限 100)
[2026-07-28 14:54:20][INFO]   [robust_refine] NN 匹配: U=180, W=60, tol=1.000", Lowe通过=53, 双向=53
[2026-07-28 14:54:20][INFO]   [robust_refine] baseline: initial_rms=0.3327" (60星), U_pool RMS=0.4842" (180 星, matched=53)
[2026-07-28 14:54:20][INFO]   [robust_refine] NN 匹配: U=180, W=60, tol=1.000", Lowe通过=53, 双向=53
[2026-07-28 14:54:20][INFO]   [robust_refine] iter 0: tol=1.000", matched=53, rms=0.4842"→0.4618", cd_Δ=5.9794%, damp=0.00e+00
[2026-07-28 14:54:20][INFO]   [robust_refine] NN 匹配: U=180, W=60, tol=0.693", Lowe通过=48, 双向=48
[2026-07-28 14:54:20][INFO]   [robust_refine] iter 1: tol=0.693", matched=48, rms=0.4618"→0.3758", cd_Δ=10.1228%, damp=1.00e+06
[2026-07-28 14:54:20][INFO]   [robust_refine] NN 匹配: U=180, W=60, tol=0.564", Lowe通过=45, 双向=45
[2026-07-28 14:54:20][INFO]   [robust_refine] iter 2: tol=0.564", matched=45, rms=0.3758"→0.3329", cd_Δ=6.9862%, damp=1.00e+06
[2026-07-28 14:54:20][INFO]   [robust_refine] NN 匹配: U=180, W=60, tol=0.333", Lowe通过=25, 双向=25
[2026-07-28 14:54:21] [INFO] [MainThread] solve_and_write_wcs: StarDetector 资源已释放
[2026-07-28 14:54:20][WARN]   [robust_refine] iter 3: matched=25 < 30, 回退
[2026-07-28 14:54:20][INFO] ==== robust_refine_wcs 成功 ====
  iter=3, matched=45, rms=0.3329" (0.0538 px), cd_Δ=10.1228%, pool=180
[2026-07-28 14:54:20][INFO]   [阶段] robust_refine: 成功, n_matched=45, rms=0.3329", iter=3, pool=180, cd_Δ=10.1228%
[2026-07-28 14:54:20][INFO]   [阶段] robust_refine: 0.70 ms
[2026-07-28 14:54:20][INFO]   [诊断] extract_wcs_sip 入口: trans.order=3, trans.valid=1, ra0=272.825665, dec0=-13.131811, img=4500x3600, s0=6.1879, U.size=2000, W.size=60, matched.size=45
[2026-07-28 14:54:20][INFO]   [V4.22] 清零 trans.x00/y00 (saved: x00=0.1042, y00=0.2415)
[2026-07-28 14:54:20][INFO] extract_wcs_sip: SIP A/B 解析公式成功, order=3
[2026-07-28 14:54:20][INFO] extract_wcs_sip: SIP AP/BP 网格反变换成功, ap_order=3, n_inv_coef=10, n_grid=49
[2026-07-28 14:54:20][INFO] extract_wcs_sip: CD=[1.752140e-03 4.006725e-07; -7.117510e-07 1.752457e-03], CRVAL=(272.825665, -13.131811), CRPIX=(2250.5, 1800.5), ctype=[RA---TAN-SIP, DEC--TAN-SIP], n_pairs=45, rms_px=0.0538, rms_arcsec=0.3329, trans_order=3, sip_order=3, ap_order=3
[2026-07-28 14:54:20][INFO]   [阶段] extract_wcs_sip: 0.06 ms, success=1, n_pairs=45, rms_px=0.054, rms_arcsec=0.333, trans_order=3, sip_order=3
[2026-07-28 14:54:20][INFO]   最终: n_pairs=45, rms_px=0.054, rms_arcsec=0.333, trans_order=3, sip_order=3, success=1
[2026-07-28 14:54:20][INFO]   [cache_last_inliers_] 缓存 45 对 inliers (robust=1, s0=6.1879", U_snap.size=2000, gaia.size=60, trans.order=3, ra0=272.825665, dec0=-13.131811)
[2026-07-28 14:54:20][INFO] ==== IPVSolver::solve_from_memory_with_callback 完成 (INTERNAL_DETECTION_SHARED_EXPORT) ====
[2026-07-28 14:54:21][INFO][SDET] StarDetector destroyed
[2026-07-28 14:54:22] [INFO] [MainThread] solve_and_write_wcs: GaiaClient 资源已释放
2026-07-28 14:54:22,401 [INFO] wcs_closure: PlateSolve 环境已释放
