2026-07-28 12:51:54,241 [INFO] wcs_closure: ======================================================================
2026-07-28 12:51:54,241 [INFO] wcs_closure: 诊断帧: T2_RED_LDN43_solved
2026-07-28 12:51:54,241 [INFO] wcs_closure: FITS: f:\Astro dev\Astro CS Normalization Database\T2_RED_LDN43_solved.fits
2026-07-28 12:51:54,379 [INFO] wcs_closure: 读取 FITS: f:\Astro dev\Astro CS Normalization Database\T2_RED_LDN43_solved.fits
2026-07-28 12:51:54,433 [INFO] wcs_closure: 图像尺寸: 4096x4096
2026-07-28 12:51:54,719 [WARNING] astropy: FITSFixedWarning: RADECSYS= 'FK5 ' / Equatorial coordinate system 
the RADECSYS keyword is deprecated, use RADESYSa.
2026-07-28 12:51:54,720 [WARNING] astropy: FITSFixedWarning: 'datfix' made the change 'Set MJD-OBS to 60798.143993 from DATE-OBS'.
2026-07-28 12:51:54,730 [INFO] wcs_closure: WCS 构建: has_sip=True sip_order=3 ctype=['RA---TAN-SIP', 'DEC--TAN-SIP'] crpix=(2048.500,2048.500) crval=(248.609646,-15.759139)
2026-07-28 12:51:54,733 [INFO] wcs_closure: 初始化 PlateSolve 环境 (project_root=f:\Astro dev\Astro CS Normalization Database)
2026-07-28 12:51:55,018 [INFO] wcs_closure: PlateSolve 环境就绪
2026-07-28 12:51:55,023 [INFO] wcs_closure: Siril 自适应星等上限: (l=1.37°, b=20.99°, fov=1.57°, N=2000) -> mag_high=17.334
2026-07-28 12:51:55,023 [INFO] wcs_closure: Gaia cone_search: center=(248.609646, -15.759139) radius=1.1022 deg mag_high=17.3
2026-07-28 12:51:55,032 [INFO] wcs_closure: Gaia 查询返回: n=11025
2026-07-28 12:51:55,046 [INFO] wcs_closure: PlateSolve 环境已释放
2026-07-28 12:52:19,092 [INFO] wcs_closure: ======================================================================
2026-07-28 12:52:19,092 [INFO] wcs_closure: 诊断帧: T2_RED_LDN43_solved
2026-07-28 12:52:19,092 [INFO] wcs_closure: FITS: f:\Astro dev\Astro CS Normalization Database\T2_RED_LDN43_solved.fits
2026-07-28 12:52:19,246 [INFO] wcs_closure: 读取 FITS: f:\Astro dev\Astro CS Normalization Database\T2_RED_LDN43_solved.fits
2026-07-28 12:52:19,301 [INFO] wcs_closure: 图像尺寸: 4096x4096
2026-07-28 12:52:19,579 [WARNING] astropy: FITSFixedWarning: RADECSYS= 'FK5 ' / Equatorial coordinate system 
the RADECSYS keyword is deprecated, use RADESYSa.
2026-07-28 12:52:19,580 [WARNING] astropy: FITSFixedWarning: 'datfix' made the change 'Set MJD-OBS to 60798.143993 from DATE-OBS'.
2026-07-28 12:52:19,580 [INFO] wcs_closure: WCS 构建: has_sip=True sip_order=3 ctype=['RA---TAN-SIP', 'DEC--TAN-SIP'] crpix=(2048.500,2048.500) crval=(248.609646,-15.759139)
2026-07-28 12:52:19,585 [INFO] wcs_closure: 初始化 PlateSolve 环境 (project_root=f:\Astro dev\Astro CS Normalization Database)
2026-07-28 12:52:19,862 [INFO] wcs_closure: PlateSolve 环境就绪
2026-07-28 12:52:19,867 [INFO] wcs_closure: Siril 自适应星等上限: (l=1.37°, b=20.99°, fov=1.57°, N=2000) -> mag_high=17.334
2026-07-28 12:52:19,867 [INFO] wcs_closure: Gaia cone_search: center=(248.609646, -15.759139) radius=1.1022 deg mag_high=17.3
2026-07-28 12:52:19,878 [INFO] wcs_closure: Gaia 查询返回: n=11025
2026-07-28 12:52:19,878 [INFO] wcs_closure: PlateSolve 求解: ra0=248.608333 dec0=-15.759722 fl=1917.50 ps=9.0000
2026-07-28 12:52:20,695 [INFO] wcs_closure: callback 收到 2000 个检测星点
2026-07-28 12:52:20,733 [INFO] wcs_closure: PlateSolve 完成: success=1 n_detected=0 n_pairs=34 rms_px=0.1205 trans_order=3
2026-07-28 12:52:20,739 [INFO] wcs_closure: world_to_pixel 有效: 11025/11025
2026-07-28 12:52:20,739 [INFO] wcs_closure: Gaia 过滤后: ra=11025, dec=11025, mag=11025, pred_xy=11025
2026-07-28 12:52:20,749 [INFO] wcs_closure: 亮星优先匹配: 取最亮 60/11025 颗 Gaia 星 (mag 6.90~10.99)
2026-07-28 12:52:20,750 [INFO] wcs_closure: kd-tree 匹配: 24 对 (max_dist=3.00 px)
2026-07-28 12:52:20,750 [INFO] wcs_closure: 亮星优先匹配完成: 24 对
2026-07-28 12:52:20,751 [INFO] wcs_closure: Siril 迭代剔除完成: 1 次迭代, 保留 24/24, final p68=0.8221 px
2026-07-28 12:52:20,751 [INFO] wcs_closure: Siril 剔除后保留: 24/24 对 (剔除 0)
2026-07-28 12:52:20,769 [INFO] wcs_closure: 匹配对已保存: f:\Astro dev\Astro CS Normalization Database\engineering_v1.2\evidence\P11-004\reports\T2_RED_LDN43_siril_v2\matched_pairs.json (n=24)
2026-07-28 12:52:20,770 [INFO] wcs_closure: 闭环报告已保存: f:\Astro dev\Astro CS Normalization Database\engineering_v1.2\evidence\P11-004\reports\T2_RED_LDN43_siril_v2\closure_report.json
2026-07-28 12:52:20,770 [INFO] wcs_closure: [新版 gate] p68=0.822 px (<=0.75: False), p90=1.318 px (<=1.5: True), p99=1.668 px (<=3.0: True), n=24 (>=5: True) => FAIL
2026-07-28 12:52:20,770 [INFO] wcs_closure: [Legacy gate] median=0.754 px (<=0.75: False) => FAIL
2026-07-28 12:52:21,729 [INFO] wcs_closure: 残差图已保存: f:\Astro dev\Astro CS Normalization Database\engineering_v1.2\evidence\P11-004\reports\T2_RED_LDN43_siril_v2\residual_plot.png
2026-07-28 12:52:21,943 [INFO] wcs_closure: 四象限分布图已保存: f:\Astro dev\Astro CS Normalization Database\engineering_v1.2\evidence\P11-004\reports\T2_RED_LDN43_siril_v2\quadrant_plot.png
2026-07-28 12:52:21,943 [INFO] wcs_closure: 诊断完成: T2_RED_LDN43_solved (耗时 1.68s)
2026-07-28 12:52:21,957 [INFO] wcs_closure: PlateSolve 环境已释放
