2026-07-28 10:24:08,760 [INFO] p11_003_subset: ======================================================================
2026-07-28 10:24:08,760 [INFO] p11_003_subset: P11-003 子集 driver (标签: group_b)
2026-07-28 10:24:08,760 [INFO] p11_003_subset: PROJECT_ROOT: f:\Astro dev\Astro CS Normalization Database
2026-07-28 10:24:08,760 [INFO] p11_003_subset: WORK_DIR: f:\Astro dev\Astro CS Normalization Database\engineering_v1.2\evidence\P11-003\work
2026-07-28 10:24:08,760 [INFO] p11_003_subset: REPORTS_DIR: f:\Astro dev\Astro CS Normalization Database\engineering_v1.2\evidence\P11-003\reports
2026-07-28 10:24:08,770 [INFO] p11_003_subset: 待处理帧数: 4
2026-07-28 10:24:08,770 [INFO] p11_003_subset:   - T3_BLUE_NGC55
2026-07-28 10:24:08,770 [INFO] p11_003_subset:   - T3_HA_NGC55
2026-07-28 10:24:08,770 [INFO] p11_003_subset:   - T3_OIII_NGC55
2026-07-28 10:24:08,770 [INFO] p11_003_subset:   - T3_LUM_NGC55
2026-07-28 10:24:08,770 [INFO] p11_003_subset: ----------------------------------------------------------------------
2026-07-28 10:24:08,770 [INFO] p11_003_subset: 初始化 PlateSolve 环境 (独立)...
2026-07-28 10:24:09,114 [INFO] p11_003_subset: 环境就绪
2026-07-28 10:24:09,114 [INFO] p11_003_subset: #1/4: T3_BLUE_NGC55
2026-07-28 10:24:09,114 [INFO] p11_003_subset: ======================================================================
2026-07-28 10:24:09,114 [INFO] p11_003_subset: 处理帧: T3_BLUE_NGC55 (T3/BLUE/NGC55)
2026-07-28 10:24:09,114 [INFO] p11_003_subset: 源 FITS: f:\Astro dev\Astro CS Normalization Database\testdata\NGC55_T3_flying_dutchman\lights\NGC55_T3_flying_dutchman-20250701@080333-600S-Blue.fts
2026-07-28 10:24:09,115 [INFO] p11_003_subset: 复制到: f:\Astro dev\Astro CS Normalization Database\engineering_v1.2\evidence\P11-003\work\T3_BLUE_NGC55_solved.fits
2026-07-28 10:24:09,211 [INFO] p11_003_subset: ----------------------------------------
2026-07-28 10:24:09,211 [INFO] p11_003_subset: PlateSolve 求解...
2026-07-28 10:24:10,230 [INFO] p11_003_subset: 求解完成: success=True, n_pairs=36, rms_px=0.1336, 耗时=1.02s
2026-07-28 10:24:10,230 [INFO] p11_003_subset: ----------------------------------------
2026-07-28 10:24:10,230 [INFO] p11_003_subset: WCS 闭环诊断 (astropy WCS, 独立于 PlateSolve transform)...
2026-07-28 10:24:10,230 [INFO] wcs_closure: ======================================================================
2026-07-28 10:24:10,230 [INFO] wcs_closure: 诊断帧: T3_BLUE_NGC55_solved
2026-07-28 10:24:10,230 [INFO] wcs_closure: FITS: f:\Astro dev\Astro CS Normalization Database\engineering_v1.2\evidence\P11-003\work\T3_BLUE_NGC55_solved.fits
2026-07-28 10:24:10,231 [INFO] wcs_closure: 读取 FITS: f:\Astro dev\Astro CS Normalization Database\engineering_v1.2\evidence\P11-003\work\T3_BLUE_NGC55_solved.fits
2026-07-28 10:24:10,284 [INFO] wcs_closure: 图像尺寸: 4096x4096
2026-07-28 10:24:10,561 [WARNING] astropy: FITSFixedWarning: RADECSYS= 'FK5 ' / Equatorial coordinate system 
the RADECSYS keyword is deprecated, use RADESYSa.
2026-07-28 10:24:10,563 [WARNING] astropy: FITSFixedWarning: 'datfix' made the change 'Set MJD-OBS to 60857.335891 from DATE-OBS'.
2026-07-28 10:24:10,564 [INFO] wcs_closure: WCS 构建: has_sip=True sip_order=3 ctype=['RA---TAN-SIP', 'DEC--TAN-SIP'] crpix=(2048.500,2048.500) crval=(3.746084,-39.196812)
2026-07-28 10:24:10,565 [INFO] wcs_closure: Gaia cone_search: center=(3.746084, -39.196812) radius=1.0907 deg mag_high=18.0
2026-07-28 10:24:10,566 [INFO] wcs_closure: Gaia 查询返回: n=2451
2026-07-28 10:24:10,566 [INFO] wcs_closure: PlateSolve 求解: ra0=3.745833 dec0=-39.196667 fl=1877.00 ps=9.0000
2026-07-28 10:24:11,149 [INFO] wcs_closure: callback 收到 832 个检测星点
2026-07-28 10:24:11,213 [INFO] wcs_closure: PlateSolve 完成: success=1 n_detected=0 n_pairs=36 rms_px=0.1336 trans_order=3
2026-07-28 10:24:11,216 [INFO] wcs_closure: world_to_pixel 有效: 2451/2451
2026-07-28 10:24:11,216 [INFO] wcs_closure: Gaia 过滤后: ra=2451, dec=2451, mag=2451, pred_xy=2451
2026-07-28 10:24:11,234 [INFO] wcs_closure: kd-tree 匹配: 614 对 (max_dist=3.00 px)
2026-07-28 10:24:11,266 [INFO] wcs_closure: 匹配对已保存: f:\Astro dev\Astro CS Normalization Database\engineering_v1.2\evidence\P11-003\reports\T3_BLUE_NGC55\matched_pairs.json (n=614)
2026-07-28 10:24:11,267 [INFO] wcs_closure: 闭环报告已保存: f:\Astro dev\Astro CS Normalization Database\engineering_v1.2\evidence\P11-003\reports\T3_BLUE_NGC55\closure_report.json
2026-07-28 10:24:11,268 [INFO] wcs_closure: 门限: median=0.773 px (<=0.75: False), p90=1.074 px (<=1.5: True), p99=1.656 px (<=3.0: True)
2026-07-28 10:24:12,209 [INFO] wcs_closure: 残差图已保存: f:\Astro dev\Astro CS Normalization Database\engineering_v1.2\evidence\P11-003\reports\T3_BLUE_NGC55\residual_plot.png
2026-07-28 10:24:12,442 [INFO] wcs_closure: 四象限分布图已保存: f:\Astro dev\Astro CS Normalization Database\engineering_v1.2\evidence\P11-003\reports\T3_BLUE_NGC55\quadrant_plot.png
2026-07-28 10:24:12,442 [INFO] wcs_closure: 诊断完成: T3_BLUE_NGC55_solved (耗时 1.04s)
2026-07-28 10:24:12,444 [INFO] p11_003_subset: 诊断完成: n_matched=614, median=0.773 px, p90=1.074 px, p99=1.656 px, gate=False, 耗时=2.21s
2026-07-28 10:24:12,444 [INFO] p11_003_subset: #2/4: T3_HA_NGC55
2026-07-28 10:24:12,444 [INFO] p11_003_subset: ======================================================================
2026-07-28 10:24:12,445 [INFO] p11_003_subset: 处理帧: T3_HA_NGC55 (T3/HA/NGC55)
2026-07-28 10:24:12,445 [INFO] p11_003_subset: 源 FITS: f:\Astro dev\Astro CS Normalization Database\testdata\NGC55_T3_flying_dutchman\lights\NGC55_T3_flying_dutchman-20250701@081412-1200S-H-alpha.fts
2026-07-28 10:24:12,445 [INFO] p11_003_subset: 复制到: f:\Astro dev\Astro CS Normalization Database\engineering_v1.2\evidence\P11-003\work\T3_HA_NGC55_solved.fits
2026-07-28 10:24:12,541 [INFO] p11_003_subset: ----------------------------------------
2026-07-28 10:24:12,541 [INFO] p11_003_subset: PlateSolve 求解...
2026-07-28 10:24:13,357 [INFO] p11_003_subset: 求解完成: success=True, n_pairs=39, rms_px=0.1416, 耗时=0.82s
2026-07-28 10:24:13,357 [INFO] p11_003_subset: ----------------------------------------
2026-07-28 10:24:13,357 [INFO] p11_003_subset: WCS 闭环诊断 (astropy WCS, 独立于 PlateSolve transform)...
2026-07-28 10:24:13,357 [INFO] wcs_closure: ======================================================================
2026-07-28 10:24:13,357 [INFO] wcs_closure: 诊断帧: T3_HA_NGC55_solved
2026-07-28 10:24:13,357 [INFO] wcs_closure: FITS: f:\Astro dev\Astro CS Normalization Database\engineering_v1.2\evidence\P11-003\work\T3_HA_NGC55_solved.fits
2026-07-28 10:24:13,357 [INFO] wcs_closure: 读取 FITS: f:\Astro dev\Astro CS Normalization Database\engineering_v1.2\evidence\P11-003\work\T3_HA_NGC55_solved.fits
2026-07-28 10:24:13,413 [INFO] wcs_closure: 图像尺寸: 4096x4096
2026-07-28 10:24:13,423 [WARNING] astropy: FITSFixedWarning: RADECSYS= 'FK5 ' / Equatorial coordinate system 
the RADECSYS keyword is deprecated, use RADESYSa.
2026-07-28 10:24:13,425 [WARNING] astropy: FITSFixedWarning: 'datfix' made the change 'Set MJD-OBS to 60857.343356 from DATE-OBS'.
2026-07-28 10:24:13,425 [INFO] wcs_closure: WCS 构建: has_sip=True sip_order=3 ctype=['RA---TAN-SIP', 'DEC--TAN-SIP'] crpix=(2048.500,2048.500) crval=(3.745761,-39.196853)
2026-07-28 10:24:13,428 [INFO] wcs_closure: Gaia cone_search: center=(3.745761, -39.196853) radius=1.0907 deg mag_high=18.0
2026-07-28 10:24:13,428 [INFO] wcs_closure: Gaia 查询返回: n=2451
2026-07-28 10:24:13,428 [INFO] wcs_closure: PlateSolve 求解: ra0=3.745833 dec0=-39.196667 fl=1877.00 ps=9.0000
2026-07-28 10:24:14,006 [INFO] wcs_closure: callback 收到 413 个检测星点
2026-07-28 10:24:14,069 [INFO] wcs_closure: PlateSolve 完成: success=1 n_detected=0 n_pairs=39 rms_px=0.1416 trans_order=3
2026-07-28 10:24:14,072 [INFO] wcs_closure: world_to_pixel 有效: 2451/2451
2026-07-28 10:24:14,072 [INFO] wcs_closure: Gaia 过滤后: ra=2451, dec=2451, mag=2451, pred_xy=2451
2026-07-28 10:24:14,083 [INFO] wcs_closure: kd-tree 匹配: 328 对 (max_dist=3.00 px)
2026-07-28 10:24:14,108 [INFO] wcs_closure: 匹配对已保存: f:\Astro dev\Astro CS Normalization Database\engineering_v1.2\evidence\P11-003\reports\T3_HA_NGC55\matched_pairs.json (n=328)
2026-07-28 10:24:14,108 [INFO] wcs_closure: 闭环报告已保存: f:\Astro dev\Astro CS Normalization Database\engineering_v1.2\evidence\P11-003\reports\T3_HA_NGC55\closure_report.json
2026-07-28 10:24:14,108 [INFO] wcs_closure: 门限: median=0.709 px (<=0.75: True), p90=1.005 px (<=1.5: True), p99=1.433 px (<=3.0: True)
2026-07-28 10:24:14,699 [INFO] wcs_closure: 残差图已保存: f:\Astro dev\Astro CS Normalization Database\engineering_v1.2\evidence\P11-003\reports\T3_HA_NGC55\residual_plot.png
2026-07-28 10:24:14,885 [INFO] wcs_closure: 四象限分布图已保存: f:\Astro dev\Astro CS Normalization Database\engineering_v1.2\evidence\P11-003\reports\T3_HA_NGC55\quadrant_plot.png
2026-07-28 10:24:14,885 [INFO] wcs_closure: 诊断完成: T3_HA_NGC55_solved (耗时 0.75s)
2026-07-28 10:24:14,887 [INFO] p11_003_subset: 诊断完成: n_matched=328, median=0.709 px, p90=1.005 px, p99=1.433 px, gate=True, 耗时=1.53s
2026-07-28 10:24:14,887 [INFO] p11_003_subset: #3/4: T3_OIII_NGC55
2026-07-28 10:24:14,887 [INFO] p11_003_subset: ======================================================================
2026-07-28 10:24:14,887 [INFO] p11_003_subset: 处理帧: T3_OIII_NGC55 (T3/OIII/NGC55)
2026-07-28 10:24:14,887 [INFO] p11_003_subset: 源 FITS: f:\Astro dev\Astro CS Normalization Database\testdata\NGC55_T3_flying_dutchman\lights\NGC55_T3_flying_dutchman-20250701@083458-1200S-Oiii.fts
2026-07-28 10:24:14,888 [INFO] p11_003_subset: 复制到: f:\Astro dev\Astro CS Normalization Database\engineering_v1.2\evidence\P11-003\work\T3_OIII_NGC55_solved.fits
2026-07-28 10:24:14,982 [INFO] p11_003_subset: ----------------------------------------
2026-07-28 10:24:14,982 [INFO] p11_003_subset: PlateSolve 求解...
2026-07-28 10:24:15,780 [INFO] p11_003_subset: 求解完成: success=True, n_pairs=45, rms_px=0.2013, 耗时=0.80s
2026-07-28 10:24:15,780 [INFO] p11_003_subset: ----------------------------------------
2026-07-28 10:24:15,780 [INFO] p11_003_subset: WCS 闭环诊断 (astropy WCS, 独立于 PlateSolve transform)...
2026-07-28 10:24:15,780 [INFO] wcs_closure: ======================================================================
2026-07-28 10:24:15,780 [INFO] wcs_closure: 诊断帧: T3_OIII_NGC55_solved
2026-07-28 10:24:15,780 [INFO] wcs_closure: FITS: f:\Astro dev\Astro CS Normalization Database\engineering_v1.2\evidence\P11-003\work\T3_OIII_NGC55_solved.fits
2026-07-28 10:24:15,780 [INFO] wcs_closure: 读取 FITS: f:\Astro dev\Astro CS Normalization Database\engineering_v1.2\evidence\P11-003\work\T3_OIII_NGC55_solved.fits
2026-07-28 10:24:15,836 [INFO] wcs_closure: 图像尺寸: 4096x4096
2026-07-28 10:24:15,846 [WARNING] astropy: FITSFixedWarning: 'datfix' made the change 'Set MJD-OBS to 60857.357755 from DATE-OBS'.
2026-07-28 10:24:15,847 [INFO] wcs_closure: WCS 构建: has_sip=True sip_order=3 ctype=['RA---TAN-SIP', 'DEC--TAN-SIP'] crpix=(2048.500,2048.500) crval=(3.746175,-39.196776)
2026-07-28 10:24:15,849 [INFO] wcs_closure: Gaia cone_search: center=(3.746175, -39.196776) radius=1.0906 deg mag_high=18.0
2026-07-28 10:24:15,849 [INFO] wcs_closure: Gaia 查询返回: n=2451
2026-07-28 10:24:15,849 [INFO] wcs_closure: PlateSolve 求解: ra0=3.745833 dec0=-39.196667 fl=1877.00 ps=9.0000
2026-07-28 10:24:16,388 [INFO] wcs_closure: callback 收到 411 个检测星点
2026-07-28 10:24:16,451 [INFO] wcs_closure: PlateSolve 完成: success=1 n_detected=0 n_pairs=45 rms_px=0.2013 trans_order=3
2026-07-28 10:24:16,453 [INFO] wcs_closure: world_to_pixel 有效: 2451/2451
2026-07-28 10:24:16,453 [INFO] wcs_closure: Gaia 过滤后: ra=2451, dec=2451, mag=2451, pred_xy=2451
2026-07-28 10:24:16,463 [INFO] wcs_closure: kd-tree 匹配: 306 对 (max_dist=3.00 px)
2026-07-28 10:24:16,487 [INFO] wcs_closure: 匹配对已保存: f:\Astro dev\Astro CS Normalization Database\engineering_v1.2\evidence\P11-003\reports\T3_OIII_NGC55\matched_pairs.json (n=306)
2026-07-28 10:24:16,488 [INFO] wcs_closure: 闭环报告已保存: f:\Astro dev\Astro CS Normalization Database\engineering_v1.2\evidence\P11-003\reports\T3_OIII_NGC55\closure_report.json
2026-07-28 10:24:16,488 [INFO] wcs_closure: 门限: median=0.693 px (<=0.75: True), p90=0.908 px (<=1.5: True), p99=1.328 px (<=3.0: True)
2026-07-28 10:24:17,087 [INFO] wcs_closure: 残差图已保存: f:\Astro dev\Astro CS Normalization Database\engineering_v1.2\evidence\P11-003\reports\T3_OIII_NGC55\residual_plot.png
2026-07-28 10:24:17,276 [INFO] wcs_closure: 四象限分布图已保存: f:\Astro dev\Astro CS Normalization Database\engineering_v1.2\evidence\P11-003\reports\T3_OIII_NGC55\quadrant_plot.png
2026-07-28 10:24:17,276 [INFO] wcs_closure: 诊断完成: T3_OIII_NGC55_solved (耗时 0.71s)
2026-07-28 10:24:17,278 [INFO] p11_003_subset: 诊断完成: n_matched=306, median=0.693 px, p90=0.908 px, p99=1.328 px, gate=True, 耗时=1.50s
2026-07-28 10:24:17,278 [INFO] p11_003_subset: #4/4: T3_LUM_NGC55
2026-07-28 10:24:17,278 [INFO] p11_003_subset: ======================================================================
2026-07-28 10:24:17,278 [INFO] p11_003_subset: 处理帧: T3_LUM_NGC55 (T3/LUM/NGC55)
2026-07-28 10:24:17,278 [INFO] p11_003_subset: 源 FITS: f:\Astro dev\Astro CS Normalization Database\testdata\NGC55_T3_flying_dutchman\lights\NGC55_T3_flying_dutchman-20250703@075400-600S-Lum.fts
2026-07-28 10:24:17,279 [INFO] p11_003_subset: 复制到: f:\Astro dev\Astro CS Normalization Database\engineering_v1.2\evidence\P11-003\work\T3_LUM_NGC55_solved.fits
2026-07-28 10:24:17,370 [INFO] p11_003_subset: ----------------------------------------
2026-07-28 10:24:17,370 [INFO] p11_003_subset: PlateSolve 求解...
2026-07-28 10:24:18,281 [INFO] p11_003_subset: 求解完成: success=True, n_pairs=31, rms_px=0.1508, 耗时=0.91s
2026-07-28 10:24:18,281 [INFO] p11_003_subset: ----------------------------------------
2026-07-28 10:24:18,281 [INFO] p11_003_subset: WCS 闭环诊断 (astropy WCS, 独立于 PlateSolve transform)...
2026-07-28 10:24:18,281 [INFO] wcs_closure: ======================================================================
2026-07-28 10:24:18,281 [INFO] wcs_closure: 诊断帧: T3_LUM_NGC55_solved
2026-07-28 10:24:18,281 [INFO] wcs_closure: FITS: f:\Astro dev\Astro CS Normalization Database\engineering_v1.2\evidence\P11-003\work\T3_LUM_NGC55_solved.fits
2026-07-28 10:24:18,281 [INFO] wcs_closure: 读取 FITS: f:\Astro dev\Astro CS Normalization Database\engineering_v1.2\evidence\P11-003\work\T3_LUM_NGC55_solved.fits
2026-07-28 10:24:18,337 [INFO] wcs_closure: 图像尺寸: 4096x4096
2026-07-28 10:24:18,349 [WARNING] astropy: FITSFixedWarning: 'datfix' made the change 'Set MJD-OBS to 60859.329595 from DATE-OBS'.
2026-07-28 10:24:18,350 [INFO] wcs_closure: WCS 构建: has_sip=True sip_order=3 ctype=['RA---TAN-SIP', 'DEC--TAN-SIP'] crpix=(2048.500,2048.500) crval=(3.749809,-39.194258)
2026-07-28 10:24:18,351 [INFO] wcs_closure: Gaia cone_search: center=(3.749809, -39.194258) radius=1.0907 deg mag_high=18.0
2026-07-28 10:24:18,353 [INFO] wcs_closure: Gaia 查询返回: n=2449
2026-07-28 10:24:18,353 [INFO] wcs_closure: PlateSolve 求解: ra0=3.750000 dec0=-39.194167 fl=1934.70 ps=9.0000
2026-07-28 10:24:18,992 [INFO] wcs_closure: callback 收到 1483 个检测星点
2026-07-28 10:24:19,042 [INFO] wcs_closure: PlateSolve 完成: success=1 n_detected=0 n_pairs=31 rms_px=0.1508 trans_order=3
2026-07-28 10:24:19,044 [INFO] wcs_closure: world_to_pixel 有效: 2449/2449
2026-07-28 10:24:19,044 [INFO] wcs_closure: Gaia 过滤后: ra=2449, dec=2449, mag=2449, pred_xy=2449
2026-07-28 10:24:19,069 [INFO] wcs_closure: kd-tree 匹配: 702 对 (max_dist=3.00 px)
2026-07-28 10:24:19,105 [INFO] wcs_closure: 匹配对已保存: f:\Astro dev\Astro CS Normalization Database\engineering_v1.2\evidence\P11-003\reports\T3_LUM_NGC55\matched_pairs.json (n=702)
2026-07-28 10:24:19,106 [INFO] wcs_closure: 闭环报告已保存: f:\Astro dev\Astro CS Normalization Database\engineering_v1.2\evidence\P11-003\reports\T3_LUM_NGC55\closure_report.json
2026-07-28 10:24:19,106 [INFO] wcs_closure: 门限: median=0.897 px (<=0.75: False), p90=1.284 px (<=1.5: True), p99=1.778 px (<=3.0: True)
2026-07-28 10:24:19,793 [INFO] wcs_closure: 残差图已保存: f:\Astro dev\Astro CS Normalization Database\engineering_v1.2\evidence\P11-003\reports\T3_LUM_NGC55\residual_plot.png
2026-07-28 10:24:19,988 [INFO] wcs_closure: 四象限分布图已保存: f:\Astro dev\Astro CS Normalization Database\engineering_v1.2\evidence\P11-003\reports\T3_LUM_NGC55\quadrant_plot.png
2026-07-28 10:24:19,988 [INFO] wcs_closure: 诊断完成: T3_LUM_NGC55_solved (耗时 0.82s)
2026-07-28 10:24:19,990 [INFO] p11_003_subset: 诊断完成: n_matched=702, median=0.897 px, p90=1.284 px, p99=1.778 px, gate=False, 耗时=1.71s
2026-07-28 10:24:19,990 [INFO] p11_003_subset: ----------------------------------------------------------------------
2026-07-28 10:24:19,990 [INFO] p11_003_subset: 释放 PlateSolve 环境...
2026-07-28 10:24:20,001 [INFO] p11_003_subset: 环境已释放
2026-07-28 10:24:20,002 [INFO] p11_003_subset: ======================================================================
2026-07-28 10:24:20,002 [INFO] p11_003_subset: 汇总报告: f:\Astro dev\Astro CS Normalization Database\engineering_v1.2\evidence\P11-003\reports\group_b_summary.json
2026-07-28 10:24:20,002 [INFO] p11_003_subset: 帧数: 4
2026-07-28 10:24:20,002 [INFO] p11_003_subset: 求解成功: 4
2026-07-28 10:24:20,002 [INFO] p11_003_subset: 诊断成功: 4
2026-07-28 10:24:20,002 [INFO] p11_003_subset: 通过门限: 2
2026-07-28 10:24:20,002 [INFO] p11_003_subset: 错误: 0
2026-07-28 10:24:20,003 [INFO] p11_003_subset: ======================================================================
