[2026-07-26 11:57:49][INFO][logger] 日志系统初始化完成 (log_dir=lib/orchestrator/logs, level=INFO)
[2026-07-26 11:57:49][INFO][orchestrator] 初始化编排器 (骨架版本)
[2026-07-26 11:57:49][INFO][orchestrator] 可用线程数: 16
[2026-07-26 11:57:49][INFO][orchestrator] 加载配置: f:\Astro dev\Astro CS Normalization Database\engineering\evidence\P05-002\configs\stage1_config_T2.json
[2026-07-26 11:57:49][INFO][orchestrator] 配置文件大小: 1964 字节
[2026-07-26 11:57:49][INFO][orchestrator] 检查点目录: output\.checkpoint
[2026-07-26 11:57:49][INFO][orchestrator] 日志级别设置为: INFO
[2026-07-26 11:57:49][INFO][orchestrator] 配置线程数: 0 (0=自动检测)
[2026-07-26 11:57:49][INFO][orchestrator] 配置 Gaia 数据目录: GaiaDR3SP
[2026-07-26 11:57:49][INFO][orchestrator] 配置加载完成 (P03-002: log_level/threads/gaia_data_dir 已解析)
[2026-07-26 11:57:49][INFO][cli] 日志级别设置为: INFO
[2026-07-26 11:57:49][INFO][orchestrator] ========== stage1: 单帧预处理 (FITS -> .hiss) ==========
[2026-07-26 11:57:49][INFO][orchestrator] 输入 FITS: f:\Astro dev\Astro CS Normalization Database\testdata\NGC1727_T2_flying_dutchman\lights\NGC1727_RGBHO_T2_flying_dutchman-20251031@064517-600S-Red.fts
[2026-07-26 11:57:49][INFO][orchestrator] 输出 .hiss: f:\Astro dev\Astro CS Normalization Database\engineering\evidence\P05-003\hiss\S05_cancelled.hiss
[2026-07-26 11:57:49][INFO][orchestrator] 配置 JSON: {
  "_comment": "P05-002 stage1 config for T2 (4096x4096) frames - LDN43/NGC1727/NGC247",
  "project_root": ".",
  "gaia_data_dir": "GaiaDR3SP",
  "calibration_dir": "testdata/T2 calibration files",
  "output_root": "engineering/evidence/P05-002/hiss",
  "stages": [
    "read_fits",
    "calibrate",
    "platesolve",
    "psf",
    "photometric",
    "snr",
    "drizzle"
  ],
  "frame": {
    "id": "T2_canonical",
    "light_path": "",
    "filter": "",
    "qe_curve": "GSENSE2020BSI"
  },
  "calibration": {
    "_comment": "P03-001: master_*_path 为空时从 calibration_dir + 帧尺寸/曝光/滤镜 自动推导",
    "master_bias_path": "",
    "master_dark_path": "",
    "master_flat_path": "",
    "require_size_match": true,
    "require_exposure_match": true,
    "exposure_tolerance_s": 0.5,
    "require_temperature_match": false,
    "temperature_tolerance_c": 1.0,
    "allow_no_calibration": false,
    "dark_optimization": 0,
    "dark_scale_factor": 1.0
  },
  "platesolve": {
    "_comment": "P03-002: initial_ra/dec 为空时从 FITS header OBJCTRA/DEC 读取",
    "initial_ra": "",
    "initial_dec": "",
    "focal_length": 0.0,
    "pixel_size": 0.0,
    "max_stars": 2000,
    "log_dir": "lib/plate_solve/logs"
  },
  "psf": {
    "_comment": "P03-002: PSF 拟合参数",
    "fit_radius": 8,
    "max_iter": 100,
    "tolerance": 1.0e-6,
    "max_stars": 2000
  },
  "photometric": {
    "_comment": "P03-002: 测光校准参数 (mag_max 内部自适应迭代)",
    "mag_min": 6.0,
    "mag_max": 16.0,
    "fov_radius_deg": 0.0,
    "filters_json": "lib/photometric_calib/data/response_curves/filters.json",
    "qe_curves_json": "lib/photometric_calib/data/response_curves/qe_curves.json"
  },
  "drizzle": {
    "_comment": "P03-002: Drizzle 参数 (pixfrac=1.0 避免缝隙)",
    "nside_strategy": "1x_to_2x_drizzle",
    "nside_override": 0,
    "pixfrac": 1.0,
    "nested": true
  },
  "log_level": "INFO",
  "threads": 0
}

[2026-07-26 11:57:49][INFO][orchestrator] P04-004: 取消/超时标志已重置
[2026-07-26 11:57:49][INFO][orchestrator] 自动推导项目根目录: f:\Astro dev\Astro CS Normalization Database
[2026-07-26 11:57:49][INFO][orchestrator] 初始化 DLL 加载 (lib_base_dir=f:\Astro dev\Astro CS Normalization Database)
[dll_loader] 开始加载所有模块 (lib_base_dir=f:\Astro dev\Astro CS Normalization Database)
[dll_loader] 设置运行时 DLL 搜索路径: C:\msys64\mingw64\bin
[dll_loader] 加载模块 AIO: f:\Astro dev\Astro CS Normalization Database/lib/astro_image_io/astro_image_io.dll
[dll_loader] 模块 AIO 加载成功 (handle=0x7ffcd3e20000)
[dll_loader] 预加载 astro_image_io.dll (依赖前置) handle=0x7ffcd3e20000
[dll_loader] 加载模块 CALIBRATE: f:\Astro dev\Astro CS Normalization Database/lib/calibration/astro_calibration.dll
[dll_loader] 模块 CALIBRATE 加载成功 (handle=0x7ffe206d0000)
[dll_loader] 加载模块 PLATESOLVE: f:\Astro dev\Astro CS Normalization Database/lib/plate_solve/cpp/ipv/ipv_solver.dll
[dll_loader] 模块 PLATESOLVE 加载成功 (handle=0x7ffe17360000)
[dll_loader] 加载模块 PSF: f:\Astro dev\Astro CS Normalization Database/lib/dynamic_psf/dynamic_psf.dll
[dll_loader] 模块 PSF 加载成功 (handle=0x7ffe1c720000)
[dll_loader] 预加载 gaia_client.dll (依赖前置) handle=0x7ffe1c6d0000
[dll_loader] 加载模块 PHOTOMETRIC: f:\Astro dev\Astro CS Normalization Database/lib/photometric_calib/cpp/photometric_calib.dll
[dll_loader] 模块 PHOTOMETRIC 加载成功 (handle=0x7ffdddb40000)
[dll_loader] 加载模块 SNR: f:\Astro dev\Astro CS Normalization Database/lib/snr_estimator/cpp/snr_estimator.dll
[dll_loader] 模块 SNR 加载成功 (handle=0x7ffcd38c0000)
[dll_loader] 加载模块 DRIZZLE: f:\Astro dev\Astro CS Normalization Database/lib/healpix_db/healpix_drizzle/healpix_drizzle.dll
[dll_loader] 模块 DRIZZLE 加载成功 (handle=0x7ffcd2d90000)
[dll_loader] 加载模块 GRADIENT_SPHERE: f:\Astro dev\Astro CS Normalization Database/lib/healpix_db/healpix_stack/healpix_stack.dll
[dll_loader] 模块 GRADIENT_SPHERE 加载成功 (handle=0x7ffcd2ca0000)
[dll_loader] 加载模块 STACK: f:\Astro dev\Astro CS Normalization Database/lib/healpix_db/healpix_stack/healpix_stack.dll
[dll_loader] 模块 STACK 加载成功 (handle=0x7ffcd2ca0000)
[dll_loader] 全部模块加载成功
[2026-07-26 11:57:49][INFO][orchestrator] 全部 9 个模块加载成功
[2026-07-26 11:57:49][INFO][orchestrator]   AIO 版本: unknown
[2026-07-26 11:57:49][INFO][orchestrator]   CALIBRATE 版本: Astro Calibration C++ v1.0.0
[2026-07-26 11:57:49][INFO][orchestrator]   PLATESOLVE 版本: unknown
[2026-07-26 11:57:49][INFO][orchestrator]   PSF 版本: unknown
[2026-07-26 11:57:49][INFO][orchestrator]   PHOTOMETRIC 版本: unknown
[2026-07-26 11:57:49][INFO][orchestrator]   SNR 版本: unknown
[2026-07-26 11:57:49][INFO][orchestrator]   DRIZZLE 版本: unknown
[2026-07-26 11:57:49][INFO][orchestrator]   GRADIENT_SPHERE 版本: unknown
[2026-07-26 11:57:49][INFO][orchestrator]   STACK 版本: unknown
[dll_loader] CALIBRATE 线程数设置为 16
[2026-07-26 11:57:49][INFO][orchestrator] CALIBRATE 线程数: 16
[2026-07-26 11:57:49][DEBUG][PIPELINE] frame_create: ok
[2026-07-26 11:57:49][INFO][orchestrator] ---------- stage1 阶段: READ_FITS ----------
[2026-07-26 11:57:49][INFO][orchestrator] [READ_FITS] 开始: f:\Astro dev\Astro CS Normalization Database\testdata\NGC1727_T2_flying_dutchman\lights\NGC1727_RGBHO_T2_flying_dutchman-20251031@064517-600S-Red.fts
[2026-07-26 11:57:49][INFO][FITS] Reading: f:\Astro dev\Astro CS Normalization Database\testdata\NGC1727_T2_flying_dutchman\lights\NGC1727_RGBHO_T2_flying_dutchman-20251031@064517-600S-Red.fts
[2026-07-26 11:57:49][INFO][FITS] Header: BITPIX=16 NAXIS=2 NAXIS1=4096 NAXIS2=4096 NAXIS3=0 BSCALE=1.0 BZERO=32768.0 keywords=119
[2026-07-26 11:57:49][INFO][FITS] Applying BSCALE=1.000000 BZERO=32768.000000
[2026-07-26 11:57:49][INFO][FITS] Read OK: 4096x4096 1ch BITPIX=16
[2026-07-26 11:57:49][INFO][API] aio_read_fits: 0.033 s
[2026-07-26 11:57:49][INFO][orchestrator] [READ_FITS] 图像尺寸: 4096x4096
[2026-07-26 11:57:49][DEBUG][PIPELINE] add_block: 'data' type=0 count=16777216 (67108864 bytes)
[2026-07-26 11:57:49][INFO][orchestrator] [READ_FITS] FITS 关键字数: 119
[2026-07-26 11:57:49][INFO][orchestrator] [READ_FITS] 完成
[2026-07-26 11:57:49][INFO][orchestrator] [0.046142s] READ_FITS 完成
[2026-07-26 11:57:49][INFO][orchestrator] ---------- stage1 阶段: CALIBRATE ----------
[2026-07-26 11:57:49][INFO][orchestrator] [CALIBRATE] 开始
[2026-07-26 11:57:49][INFO][orchestrator] [CALIBRATE] 图像: 4096x4096 (16777216 像素)
[2026-07-26 11:57:49][INFO][orchestrator] [CALIBRATE] 帧元数据: EXPTIME=600.000000s, FILTER='Red', CCD-TEMP=-20.000000C
[2026-07-26 11:57:49][INFO][orchestrator] [CALIBRATE] calibration_dir: f:\Astro dev\Astro CS Normalization Database\testdata/T2 calibration files
[2026-07-26 11:57:49][INFO][orchestrator] [CALIBRATE] 自动推导 master_bias_path: f:\Astro dev\Astro CS Normalization Database\testdata/T2 calibration files\masterBias_BIN-1_4096x4096.xisf
[2026-07-26 11:57:49][INFO][orchestrator] [CALIBRATE] 自动推导 master_dark_path: f:\Astro dev\Astro CS Normalization Database\testdata/T2 calibration files\masterDark_BIN-1_4096x4096_EXPOSURE-600.00s.xisf
[2026-07-26 11:57:49][INFO][orchestrator] [CALIBRATE] 自动推导 master_flat_path: f:\Astro dev\Astro CS Normalization Database\testdata/T2 calibration files\masterFlat_BIN-1_4096x4096_FILTER-Red_mono.xisf
[2026-07-26 11:57:49][INFO][XISF] Reading: f:\Astro dev\Astro CS Normalization Database\testdata/T2 calibration files\masterBias_BIN-1_4096x4096.xisf
[2026-07-26 11:57:49][INFO][XISF] XML header length: 20661 bytes
[2026-07-26 11:57:49][INFO][XISF] Image: 4096x4096x1 fmt=Float32 byteOrder= offset=24576 size=67108864
[2026-07-26 11:57:49][INFO][XISF] Byte order: file= system=little swap=0
[2026-07-26 11:57:49][INFO][XISF] Read OK: 4096x4096 1ch fmt=Float32 keywords=197
[2026-07-26 11:57:49][INFO][API] aio_read_xisf: 0.034 s
[2026-07-26 11:57:49][INFO][orchestrator] [CALIBRATE] 加载 Master: f:\Astro dev\Astro CS Normalization Database\testdata/T2 calibration files\masterBias_BIN-1_4096x4096.xisf (4096x4096)
[2026-07-26 11:57:49][INFO][XISF] Reading: f:\Astro dev\Astro CS Normalization Database\testdata/T2 calibration files\masterDark_BIN-1_4096x4096_EXPOSURE-600.00s.xisf
[2026-07-26 11:57:49][INFO][XISF] XML header length: 19941 bytes
[2026-07-26 11:57:49][INFO][XISF] Image: 4096x4096x1 fmt=Float32 byteOrder= offset=20480 size=67108864
[2026-07-26 11:57:49][INFO][XISF] Byte order: file= system=little swap=0
[2026-07-26 11:57:49][INFO][XISF] Read OK: 4096x4096 1ch fmt=Float32 keywords=192
[2026-07-26 11:57:49][INFO][API] aio_read_xisf: 0.070 s
[2026-07-26 11:57:49][INFO][orchestrator] [CALIBRATE] 加载 Master: f:\Astro dev\Astro CS Normalization Database\testdata/T2 calibration files\masterDark_BIN-1_4096x4096_EXPOSURE-600.00s.xisf (4096x4096)
[2026-07-26 11:57:49][INFO][XISF] Reading: f:\Astro dev\Astro CS Normalization Database\testdata/T2 calibration files\masterFlat_BIN-1_4096x4096_FILTER-Red_mono.xisf
[2026-07-26 11:57:49][INFO][XISF] XML header length: 20705 bytes
[2026-07-26 11:57:49][INFO][XISF] Image: 4096x4096x1 fmt=Float32 byteOrder= offset=24576 size=67108864
[2026-07-26 11:57:49][INFO][XISF] Byte order: file= system=little swap=0
[2026-07-26 11:57:49][INFO][XISF] Read OK: 4096x4096 1ch fmt=Float32 keywords=196
[2026-07-26 11:57:49][INFO][API] aio_read_xisf: 0.063 s
[2026-07-26 11:57:49][INFO][orchestrator] [CALIBRATE] 加载 Master: f:\Astro dev\Astro CS Normalization Database\testdata/T2 calibration files\masterFlat_BIN-1_4096x4096_FILTER-Red_mono.xisf (4096x4096)
[2026-07-26 11:57:49][INFO][orchestrator] [CALIBRATE] master_dark 曝光时间匹配: dark=600.000000s vs frame=600.000000s (diff=0.000000s)
[2026-07-26 11:57:49][INFO][orchestrator] [CALIBRATE] 调用 ac_calibrate_frame: dark_opt=0, k_init=1.000000, has_bias=true, has_dark=true, has_flat=true
[2026-07-26 11:57:49][INFO][orchestrator] [CALIBRATE] 校准统计: light_mean=1508.845125 -> out_mean=7372.642155, bias_mean=0.015291, dark_mean=0.015433, flat_mean=0.204795, actual_k=1.000000
[2026-07-26 11:57:49][DEBUG][PIPELINE] remove_block: 'data' removed (n_blocks=1)
[2026-07-26 11:57:49][DEBUG][PIPELINE] add_block_move: 'data' type=0 count=16777216 (moved ptr=000001ca9a968040)
[2026-07-26 11:57:49][INFO][orchestrator] [CALIBRATE] cal_stats 已写入 (CALIBRATION_STATUS=APPLIED)
[2026-07-26 11:57:49][INFO][orchestrator] [CALIBRATE] 完成 (实际应用 Bias/Dark/Flat)
[2026-07-26 11:57:49][INFO][orchestrator] [0.539330s] CALIBRATE 完成
[2026-07-26 11:57:49][INFO][orchestrator] ---------- stage1 阶段: PLATESOLVE ----------
[2026-07-26 11:57:49][INFO][orchestrator] [PLATESOLVE] 开始
[2026-07-26 11:57:49][INFO][orchestrator] [PLATESOLVE] 初始化环境 (gaia_client + star_detector + ipv_solver)
[2026-07-26 11:57:49][INFO][orchestrator] [PLATESOLVE] gaia_client.dll 加载成功
[2026-07-26 11:57:49][INFO][orchestrator] [PLATESOLVE] star_detector.dll 加载成功
[2026-07-26 11:57:49][INFO][orchestrator] [PLATESOLVE] Gaia 数据目录: f:\Astro dev\Astro CS Normalization Database\GaiaDR3SP (来自 config)
[2026-07-26 11:57:49][INFO][orchestrator] [PLATESOLVE] GaiaClient 创建成功 (data_dir=f:\Astro dev\Astro CS Normalization Database\GaiaDR3SP)
[2026-07-26 11:57:49][INFO][SDET] StarDetector created (fitRadius=0, fwhmClipSigma=3.0, maxAxisRatio=2.0)
[2026-07-26 11:57:49][INFO][orchestrator] [PLATESOLVE] StarDetector 创建成功 (fitRadius=0 自动, maxStars=2000)
[2026-07-26 11:57:49][INFO][orchestrator] [PLATESOLVE] IPVSolver 创建成功, 已注入 Gaia + StarDetector 句柄
[2026-07-26 11:57:49][INFO][orchestrator] [PLATESOLVE] 环境初始化完成
[2026-07-26 11:57:49][INFO][orchestrator] [PLATESOLVE] 图像: 4096x4096
[2026-07-26 11:57:49][INFO][orchestrator] [PLATESOLVE] 初始指向: OBJCTRA='04 52 22.00' -> ra0=73.091667deg, OBJCTDEC='-69 35 23.0' -> dec0=-69.589722deg
[2026-07-26 11:57:49][INFO][orchestrator] [PLATESOLVE] 焦距=1917.500000mm, 像素尺寸=9.000000um
[2026-07-26 11:57:49][INFO][orchestrator] [PLATESOLVE] 调用 ipv_solve_from_memory_with_callback (路径B callback 导出) ...
[2026-07-26 11:57:49][INFO] ==== IPVSolver::solve_from_memory_with_callback 开始 (P02-002 路径 B) ====
[2026-07-26 11:57:49][INFO]   pixels=4096x4096 (内存数据)
[2026-07-26 11:57:49][INFO]   ra0=73.091667 deg, dec0=-69.589722 deg
[2026-07-26 11:57:49][INFO]   focal_length=1917.500 mm, pixel_size=9.000 um
[2026-07-26 11:57:49][INFO]   callback=ENABLED
[2026-07-26 11:57:49][INFO] === ipv_select_from_memory_with_callback 启动 (路径 B) ===
[2026-07-26 11:57:49][INFO] ipv_select: 依赖 DLL 全部加载成功
[2026-07-26 11:57:49][INFO] Step 1: 使用内存像素数据 4096×4096
[2026-07-26 11:57:49][INFO] Step 2: 星点检测 (sdet_detect_ex)
[2026-07-26 11:57:49][INFO][SDET] sdet_detect_ex start: 4096x4096
[2026-07-26 11:57:49][DEBUG][SDET] [1] uint16→float: 16.0 ms
[2026-07-26 11:57:49][DEBUG][SDET] [2] Gaussian YvV smooth (sigma=2.0): 124.2 ms
[2026-07-26 11:57:50][INFO][SDET] peaker: median=7048.0000 bgnoise=131.2330 threshold=7704.1650 (median+5*bgnoise)
[2026-07-26 11:57:50][DEBUG][SDET] [3] Threshold: 290.1 ms
[2026-07-26 11:57:50][INFO][SDET] peaker: bg=7048.0 maxi=65535.0 norm=65535.0 dynrange=58487.0 minsatlevel=40940.9 satrange=5848.7 s_factor=3.7169 locthreshold=656.1650
[2026-07-26 11:57:50][DEBUG][SDET] [4] peaker: 82.6 ms (16008 candidates, full peaker 7-step)
[2026-07-26 11:57:50][INFO][SDET] Candidates: 16008
[2026-07-26 11:57:50][INFO][SDET] Peaker stages: pass_threshold=1854855 pass_localmax=22332 pass_count3=21339 pass_boundary=21339 | cond_meanhigh=619 cond_platform=18657 sat_both=311 nonsat=21028
[2026-07-26 11:57:50][INFO][SDET] Auto fitRadius: med_pixels=63 fwhm_est=3.90 auto_radius=11 actual=11
[2026-07-26 11:57:50][INFO][SDET] Task6 candidates sorted by mag_est (desc): maxstars=2000 candidates=16008
[2026-07-26 11:57:51][DEBUG][SDET] [6] Moffat4 fit: 1491.8 ms (15484/16008 OK)
[2026-07-26 11:57:51][INFO][SDET] Moffat4 fit: 15484/16008 OK
[2026-07-26 11:57:51][INFO][SDET] === Fit statistics by pixel count ===
[2026-07-26 11:57:51][INFO][SDET]   px[5-9]: total=435 ok=418(96.1%) invalid=0 noconv=17 iterlimit=0
[2026-07-26 11:57:51][INFO][SDET]   px[10-19]: total=1179 ok=1148(97.4%) invalid=0 noconv=31 iterlimit=0
[2026-07-26 11:57:51][INFO][SDET]   px[20-49]: total=3896 ok=3780(97.0%) invalid=0 noconv=116 iterlimit=0
[2026-07-26 11:57:51][INFO][SDET]   px[50-99]: total=5228 ok=5035(96.3%) invalid=0 noconv=193 iterlimit=0
[2026-07-26 11:57:51][INFO][SDET]   px[100-299]: total=4363 ok=4229(96.9%) invalid=0 noconv=134 iterlimit=0
[2026-07-26 11:57:51][DEBUG][SDET] [7] FWHM stats: 3.2 ms (med=3.7698 mad=0.3088)
[2026-07-26 11:57:51][INFO][SDET] FWHM stats: med=3.7698 mad=0.3088 (from 15484 fitted stars)
[2026-07-26 11:57:51][DEBUG][SDET] [8] Build normal stars: 13.4 ms (11354 stars, fit_fail=524 fwhm=0 round=599 reject=3531)
[2026-07-26 11:57:51][INFO][SDET] Normal stars: 11354 (fit_fail=524 fwhm=0 roundness=599 reject=3531)
[2026-07-26 11:57:51][DEBUG][SDET] [9] Saturated star detection skipped (V4.52: use A>dynrange from peaker): 0.4 ms
[2026-07-26 11:57:51][DEBUG][SDET] [10a] Dedup: 3.9 ms
[2026-07-26 11:57:51][DEBUG][SDET] [10b] Sort: 0.9 ms
[2026-07-26 11:57:51][INFO][SDET] After dedup+sort: 11354 stars (saturated=498 normal=10856)
[2026-07-26 11:57:51][INFO][SDET] sdet_detect_ex done: 2000 stars (sat=498 normal=10856), 2.027 s
[2026-07-26 11:57:51][INFO]   检测到星点: 2000 颗 (饱和 497, 正常 1503)
[2026-07-26 11:57:51][INFO] Step 2.5: 调用 callback 导出 detections (路径 B)
[2026-07-26 11:57:51][INFO]   callback 完成, 源缓冲区已由 callback 复制
[2026-07-26 11:57:51][INFO] Step 3: 图像侧选星
[2026-07-26 11:57:51][INFO] 选星: 按 mag(box积分) 升序取前 60 颗 (含饱和 57 颗)
[2026-07-26 11:57:51][INFO]   U 向量组: 60×2 (s0=0.9681"/px)
[2026-07-26 11:57:51][INFO] Step 4: FOV/密度计算
[2026-07-26 11:57:51][INFO] FOV计算: s0=0.9681"/px, FOV_diag=1.5578°, query_r=0.8568°, img_area=1.21333°², query_area=2.30614°², rho_img=49.45, rho_target=74.18, n_target=60
[2026-07-26 11:57:51][INFO] Step 5: V4.9 密度公式估算极限星等 (替代迭代)
[2026-07-26 11:57:51][INFO] 密度估算极限星等: G=11.051 (n_required=60, area=2.3061°², rho_target=26.02/°²)
[2026-07-26 11:57:51][INFO] Step 6: 用 m_lim=11.051 查询 Gaia 星表

