=== IPV Plate Solve Log ===
[2026-07-25 12:45:23][INFO] === triangle_match 开始: N_U=60, N_W=60, n_A0=60, n_B0=60, tol=0.0020, s0=6.1879 ===
[2026-07-25 12:45:23][INFO] triangle_match: stage=0, nA=60, nB=60
[2026-07-25 12:45:23][INFO] triangle_match_single: n_A=60, n_B=60, tol=0.0020, s0=6.1879, scale=[0.1347,0.2020]
[2026-07-25 12:45:23][DEBUG] stars_to_triangles: N=60, expected=34220, valid=34220, skipped_degenerate=0 (并行, 16 线程)
[2026-07-25 12:45:23][DEBUG] stars_to_triangles: prune_triangle_array ba>0.9 剪枝: before=34220, after=24058, pruned=10162
[2026-07-25 12:45:23][DEBUG] stars_to_triangles: N=60, expected=34220, valid=34220, skipped_degenerate=0 (并行, 16 线程)
[2026-07-25 12:45:23][DEBUG] stars_to_triangles: prune_triangle_array ba>0.9 剪枝: before=34220, after=25292, pruned=8928
[2026-07-25 12:45:23][INFO] make_vote_matrix: n_A=24058, n_B=25292, matched_triangles=31159, vote_matrix=60x60, scale_rejected=47384 (range=[0.1347,0.2020]) [并行 16 线程]
[2026-07-25 12:45:23][INFO] top_vote_getters: 矩阵=60x60, 候选对数(vote>=2)=3596, top_n=60
[2026-07-25 12:45:23][INFO] top_vote_getters: V4.25 去重后 top_pairs=60, 去重剔除=3197
[2026-07-25 12:45:23][INFO]   [调试] top[0]: u=31 w=16, votes=380
[2026-07-25 12:45:23][INFO]   [调试] top[1]: u=53 w=37, votes=354
[2026-07-25 12:45:23][INFO]   [调试] top[2]: u=28 w=23, votes=348
[2026-07-25 12:45:23][INFO]   [调试] top[3]: u=16 w=30, votes=346
[2026-07-25 12:45:23][INFO]   [调试] top[4]: u=58 w=11, votes=345
[2026-07-25 12:45:23][INFO]   [调试] top[5]: u=27 w=38, votes=342
[2026-07-25 12:45:23][INFO]   [调试] top[6]: u=34 w=2, votes=342
[2026-07-25 12:45:23][INFO]   [调试] top[7]: u=44 w=41, votes=341
[2026-07-25 12:45:23][INFO]   [调试] top[8]: u=24 w=9, votes=340
[2026-07-25 12:45:23][INFO]   [调试] top[9]: u=21 w=20, votes=339
[2026-07-25 12:45:23][INFO] triangle_match_single 完成: tri_A=24058, tri_B=25292, vote_matrix=60x60, max_vote=380, 候选对数(vote>=2)=3596, top_pairs=60
[2026-07-25 12:45:23][INFO] triangle_match: stage=0 成功 (max_vote=380 >= 3), 停止自适应
[2026-07-25 12:45:23][INFO] === triangle_match 结束: tri_A=24058, tri_B=25292, top_pairs=60, max_vote=380, success=1 ===
