=== IPV Plate Solve Log ===
[2026-07-25 12:45:22][INFO] ==== IPVSolver::solve_from_memory_with_callback 开始 (P02-002 路径 B) ====
[2026-07-25 12:45:22][INFO]   pixels=4500x3600 (内存数据)
[2026-07-25 12:45:22][INFO]   ra0=272.808333 deg, dec0=-13.176944 deg
[2026-07-25 12:45:22][INFO]   focal_length=200.000 mm, pixel_size=6.000 um
[2026-07-25 12:45:22][INFO]   callback=ENABLED
[2026-07-25 12:45:22][INFO] === ipv_select_from_memory_with_callback 启动 (路径 B) ===
[2026-07-25 12:45:22][INFO] Step 1: 使用内存像素数据 4500×3600
[2026-07-25 12:45:22][INFO] Step 2: 星点检测 (sdet_detect_ex)
[2026-07-25 12:45:23][INFO]   检测到星点: 2000 颗 (饱和 117, 正常 1883)
[2026-07-25 12:45:23][INFO] Step 2.5: 调用 callback 导出 detections (路径 B)
[2026-07-25 12:45:23][INFO]   callback 完成, 源缓冲区已由 callback 复制
[2026-07-25 12:45:23][INFO] Step 3: 图像侧选星
[2026-07-25 12:45:23][INFO] 选星: 按 mag(box积分) 升序取前 60 颗 (含饱和 47 颗)
[2026-07-25 12:45:23][INFO]   U 向量组: 60×2 (s0=6.1879"/px)
[2026-07-25 12:45:23][INFO] Step 4: FOV/密度计算
[2026-07-25 12:45:23][INFO] FOV计算: s0=6.1879"/px, FOV_diag=9.9056°, query_r=5.4481°, img_area=47.86341°², query_area=93.24654°², rho_img=1.25, rho_target=1.88, n_target=60
[2026-07-25 12:45:23][INFO] Step 5: V4.9 密度公式估算极限星等 (替代迭代)
[2026-07-25 12:45:23][INFO] 密度估算极限星等: G=9.815 (n_required=60, area=93.2465°², rho_target=0.64/°²)
[2026-07-25 12:45:23][INFO] Step 6: 用 m_lim=9.815 查询 Gaia 星表
[2026-07-25 12:45:23][INFO] Step 7: Gnomonic 投影 + FOV 过滤
[2026-07-25 12:45:23][INFO]   W 向量组: 60×2 (FOV 内 600, 取最亮 60, gaia_ra/dec 已保存)
[2026-07-25 12:45:23][INFO] === ipv_select_from_memory_with_callback 完成 (路径 B) ===
[2026-07-25 12:45:23][INFO] [P02-002] n_target=60, max_vote=380, threshold=2
[2026-07-25 12:45:23][INFO]   [阶段] triangle_match (n=60): 70.03 ms, max_vote=380, top_pairs=60, success=1
[2026-07-25 12:45:23][INFO]   [阶段] triangle_match: 70.05 ms, n_target_used=60
[2026-07-25 12:45:23][INFO]   N_U=60, N_W=60, s0=6.1879 arcsec/px, img=4500x3600, fov_diag=9.9056 deg
[2026-07-25 12:45:23][INFO]   [阶段] iter_trans_solve: 0.54 ms, n_inliers=30, rms=0.6497, iters=3, success=1
[2026-07-25 12:45:23][INFO]   [诊断] iterative_reproject 入口: U.size=60, gaia_ra.size=60, gaia_dec.size=60, initial_inliers.size=30, s0=6.1879, img=4500x3600
[2026-07-25 12:45:23][INFO] iterative_reproject: 开始 (N_W=60, n_inliers=30, s0=6.1879"/px, max_iter=5, conv_thresh=0.0100")
[2026-07-25 12:45:23][INFO]   iter 0: ra_cur=272.808333 dec_cur=-13.176944, xi_center=294.0294" eta_center=20.3229", conv=294.7309" (thresh=0.0100")
[2026-07-25 12:45:23][INFO]   iter 0: 新中心 ra=272.892215 dec=-13.171286 (Δra=0.083881° Δdec=0.005659°)
[2026-07-25 12:45:23][INFO]   iter 0: at_recalc_trans 成功, n=30, sig=0.4652, rms=0.6497, x00=-0.0006 y00=-0.0001 (asec)
[2026-07-25 12:45:23][INFO]   iter 1: 收敛 (TRANS 常数项 = 0.0006" < 0.0100")
[2026-07-25 12:45:23][INFO] iterative_reproject: 完成 (收敛), ra=272.808333→272.892215 dec=-13.176944→-13.171286, n_matched=30 (固定), iters=1, conv=0.0006"
[2026-07-25 12:45:23][INFO]   [阶段] iterative_reproject: 0.18 ms, success=1, ra=272.808333→272.892215, dec=-13.176944→-13.171286, n_matched=30, iters=1, conv=0.0006"
[2026-07-25 12:45:23][INFO]   [阶段] hi_order_rematch iter 0: n_matched=30 (min=10, order=3)
[2026-07-25 12:45:23][INFO]   [阶段] hi_order_rematch iter 1: 收敛 (dn=0, drms=0.0000)
[2026-07-25 12:45:23][INFO]   [阶段] hi_order_rematch: 0.09 ms, n_matched=30, trans.order=3
[2026-07-25 12:45:23][INFO] ==== robust_refine_wcs 开始 (V4.30) ====
  U_full=2000, mag_full=2000, gaia=60
  ra0=272.892215, dec0=-13.171286, s0=6.1879"/px, fov=9.9056°, img=4500x3600
  initial_rms=0.4652", trans.order=3
[2026-07-25 12:45:23][INFO]   [robust_refine] 网格采样: FOV=9.906°, G_short=4, N_long=5, n_cells=20, quota=9, narrow_all=0, N_full=2000
[2026-07-25 12:45:23][INFO]   [robust_refine] 网格采样完成: 选中 180 颗 (上限 300, 下限 100)
[2026-07-25 12:45:23][INFO]   [robust_refine] NN 匹配: U=180, W=60, tol=1.000", Lowe通过=40, 双向=40
[2026-07-25 12:45:23][INFO]   [robust_refine] baseline: initial_rms=0.4652" (60星), U_pool RMS=0.6021" (180 星, matched=40)
[2026-07-25 12:45:23][INFO]   [robust_refine] NN 匹配: U=180, W=60, tol=1.204", Lowe通过=43, 双向=43
[2026-07-25 12:45:23][INFO]   [robust_refine] iter 0: tol=1.204", matched=43, rms=0.6021"→0.5964", cd_Δ=3.8080%, damp=0.00e+00
[2026-07-25 12:45:23][INFO]   [robust_refine] NN 匹配: U=180, W=60, tol=0.895", Lowe通过=38, 双向=38
[2026-07-25 12:45:23][INFO]   [robust_refine] iter 1: tol=0.895", matched=38, rms=0.5964"→0.4863", cd_Δ=1.1406%, damp=1.00e+06
[2026-07-25 12:45:23][INFO]   [robust_refine] NN 匹配: U=180, W=60, tol=0.729", Lowe通过=34, 双向=34
[2026-07-25 12:45:23][INFO]   [robust_refine] iter 2: tol=0.729", matched=34, rms=0.4863"→0.4110", cd_Δ=3.2469%, damp=5.04e-04
[2026-07-25 12:45:23][INFO]   [robust_refine] NN 匹配: U=180, W=60, tol=0.411", Lowe通过=18, 双向=18
[2026-07-25 12:45:23][WARN]   [robust_refine] iter 3: matched=18 < 30, 回退
[2026-07-25 12:45:23][INFO] ==== robust_refine_wcs 成功 ====
  iter=3, matched=34, rms=0.4110" (0.0664 px), cd_Δ=3.8080%, pool=180
[2026-07-25 12:45:23][INFO]   [阶段] robust_refine: 成功, n_matched=34, rms=0.4110", iter=3, pool=180, cd_Δ=3.8080%
[2026-07-25 12:45:23][INFO]   [阶段] robust_refine: 0.47 ms
[2026-07-25 12:45:23][INFO]   [诊断] extract_wcs_sip 入口: trans.order=3, trans.valid=1, ra0=272.892215, dec0=-13.171286, img=4500x3600, s0=6.1879, U.size=2000, W.size=60, matched.size=34
[2026-07-25 12:45:23][INFO]   [V4.22] 清零 trans.x00/y00 (saved: x00=0.2191, y00=0.2269)
[2026-07-25 12:45:23][INFO] extract_wcs_sip: SIP A/B 解析公式成功, order=3
[2026-07-25 12:45:23][INFO] extract_wcs_sip: SIP AP/BP 网格反变换成功, ap_order=3, n_inv_coef=10, n_grid=49
[2026-07-25 12:45:23][INFO] extract_wcs_sip: CD=[1.752366e-03 6.098803e-07; -9.969505e-07 1.752605e-03], CRVAL=(272.892215, -13.171286), CRPIX=(2250.5, 1800.5), ctype=[RA---TAN-SIP, DEC--TAN-SIP], n_pairs=34, rms_px=0.0664, rms_arcsec=0.4110, trans_order=3, sip_order=3, ap_order=3
[2026-07-25 12:45:23][INFO]   [阶段] extract_wcs_sip: 0.05 ms, success=1, n_pairs=34, rms_px=0.066, rms_arcsec=0.411, trans_order=3, sip_order=3
[2026-07-25 12:45:23][INFO]   最终: n_pairs=34, rms_px=0.066, rms_arcsec=0.411, trans_order=3, sip_order=3, success=1
[2026-07-25 12:45:23][INFO] ==== IPVSolver::solve_from_memory_with_callback 完成 (P02-002 路径 B) ====
