[2026-07-25 15:16:09][INFO][logger] 日志系统初始化完成 (log_dir=lib/orchestrator/logs, level=INFO)
[2026-07-25 15:16:09][INFO][orchestrator] 初始化编排器 (骨架版本)
[2026-07-25 15:16:09][INFO][orchestrator] 可用线程数: 16
[2026-07-25 15:16:09][INFO][orchestrator] 加载配置: engineering\evidence\P03-001\config_lum_T2_noFlat.json
[2026-07-25 15:16:09][INFO][orchestrator] 配置文件大小: 883 字节
[2026-07-25 15:16:09][INFO][orchestrator] 检查点目录: output\.checkpoint
[2026-07-25 15:16:09][INFO][orchestrator] 日志级别设置为: INFO
[2026-07-25 15:16:09][INFO][orchestrator] 配置加载完成 (骨架: 字段解析待后续 Task 实现)
[2026-07-25 15:16:09][INFO][cli] 日志级别设置为: INFO
[2026-07-25 15:16:09][INFO][orchestrator] ========== stage1: 单帧预处理 (FITS -> .hiss) ==========
[2026-07-25 15:16:09][INFO][orchestrator] 输入 FITS: testdata\_P03_001_tmp\lum_T2_600S.fts
[2026-07-25 15:16:09][INFO][orchestrator] 输出 .hiss: engineering\evidence\P03-001\lum_T2_noFlat_calibrated.hiss
[2026-07-25 15:16:09][INFO][orchestrator] 配置 JSON: {
  "_comment": "P03-001 Lum 帧无 Flat 退化测试配置 (T2, Bias+Dark 有, Flat 缺失)",
  "project_root": ".",
  "gaia_data_dir": "GaiaDR3SP",
  "calibration_dir": "testdata/T2 calibration files",
  "output_root": "output",
  "stages": ["read_fits", "calibrate"],
  "frame": {
    "id": "LDN43_Lum_T2",
    "filter": "Lum",
    "qe_curve": "GSENSE2020BSI"
  },
  "calibration": {
    "_comment": "P03-001: T2 无 Lum Flat, 期望 has_flat=false, 退化模式 (Bias+Dark only)",
    "master_bias_path": "",
    "master_dark_path": "",
    "master_flat_path": "",
    "require_size_match": true,
    "require_exposure_match": true,
    "exposure_tolerance_s": 0.5,
    "require_temperature_match": false,
    "temperature_tolerance_c": 1.0,
    "allow_no_calibration": false,
    "dark_optimization": 0,
    "dark_scale_factor": 1.0
  },
  "log_level": "INFO",
  "threads": 0
}

[2026-07-25 15:16:09][INFO][orchestrator] 自动推导项目根目录: F:\Astro dev\Astro CS Normalization Database
[2026-07-25 15:16:09][INFO][orchestrator] 初始化 DLL 加载 (lib_base_dir=F:\Astro dev\Astro CS Normalization Database)
[dll_loader] 开始加载所有模块 (lib_base_dir=F:\Astro dev\Astro CS Normalization Database)
[dll_loader] 设置运行时 DLL 搜索路径: C:\msys64\mingw64\bin
[dll_loader] 加载模块 AIO: F:\Astro dev\Astro CS Normalization Database/lib/astro_image_io/astro_image_io.dll
[dll_loader] 模块 AIO 加载成功 (handle=0x7ffc19ec0000)
[dll_loader] 预加载 astro_image_io.dll (依赖前置) handle=0x7ffc19ec0000
[dll_loader] 加载模块 CALIBRATE: F:\Astro dev\Astro CS Normalization Database/lib/calibration/astro_calibration.dll
[dll_loader] 模块 CALIBRATE 加载成功 (handle=0x7ffc321f0000)
[dll_loader] 加载模块 PLATESOLVE: F:\Astro dev\Astro CS Normalization Database/lib/plate_solve/cpp/ipv/ipv_solver.dll
[dll_loader] 模块 PLATESOLVE 加载成功 (handle=0x7ffc32030000)
[dll_loader] 加载模块 PSF: F:\Astro dev\Astro CS Normalization Database/lib/dynamic_psf/dynamic_psf.dll
[dll_loader] 模块 PSF 加载成功 (handle=0x7ffc3d8a0000)
[dll_loader] 预加载 gaia_client.dll (依赖前置) handle=0x7ffd78b60000
[dll_loader] 加载模块 PHOTOMETRIC: F:\Astro dev\Astro CS Normalization Database/lib/photometric_calib/cpp/photometric_calib.dll
[dll_loader] 模块 PHOTOMETRIC 加载成功 (handle=0x7ffc30a10000)
[dll_loader] 加载模块 SNR: F:\Astro dev\Astro CS Normalization Database/lib/snr_estimator/cpp/snr_estimator.dll
[dll_loader] 模块 SNR 加载成功 (handle=0x7ffc1c360000)
[dll_loader] 加载模块 DRIZZLE: F:\Astro dev\Astro CS Normalization Database/lib/healpix_db/healpix_drizzle/healpix_drizzle.dll
[dll_loader] 模块 DRIZZLE 加载成功 (handle=0x7ffc19b70000)
[dll_loader] 加载模块 GRADIENT_SPHERE: F:\Astro dev\Astro CS Normalization Database/lib/healpix_db/healpix_stack/healpix_stack.dll
[dll_loader] 模块 GRADIENT_SPHERE 加载成功 (handle=0x7ffbf1d40000)
[dll_loader] 加载模块 STACK: F:\Astro dev\Astro CS Normalization Database/lib/healpix_db/healpix_stack/healpix_stack.dll
[dll_loader] 模块 STACK 加载成功 (handle=0x7ffbf1d40000)
[dll_loader] 全部模块加载成功
[2026-07-25 15:16:09][INFO][orchestrator] 全部 9 个模块加载成功
[2026-07-25 15:16:09][INFO][orchestrator]   AIO 版本: unknown
[2026-07-25 15:16:09][INFO][orchestrator]   CALIBRATE 版本: Astro Calibration C++ v1.0.0
[2026-07-25 15:16:09][INFO][orchestrator]   PLATESOLVE 版本: unknown
[2026-07-25 15:16:09][INFO][orchestrator]   PSF 版本: unknown
[2026-07-25 15:16:09][INFO][orchestrator]   PHOTOMETRIC 版本: unknown
[2026-07-25 15:16:09][INFO][orchestrator]   SNR 版本: unknown
[2026-07-25 15:16:09][INFO][orchestrator]   DRIZZLE 版本: unknown
[2026-07-25 15:16:09][INFO][orchestrator]   GRADIENT_SPHERE 版本: unknown
[2026-07-25 15:16:09][INFO][orchestrator]   STACK 版本: unknown
[dll_loader] CALIBRATE 线程数设置为 16
[2026-07-25 15:16:09][INFO][orchestrator] CALIBRATE 线程数: 16
[2026-07-25 15:16:09][DEBUG][PIPELINE] frame_create: ok
[2026-07-25 15:16:09][INFO][orchestrator] ---------- stage1 阶段: READ_FITS ----------
[2026-07-25 15:16:09][INFO][orchestrator] [READ_FITS] 开始: testdata\_P03_001_tmp\lum_T2_600S.fts
[2026-07-25 15:16:09][INFO][FITS] Reading: testdata\_P03_001_tmp\lum_T2_600S.fts
[2026-07-25 15:16:09][INFO][FITS] Header: BITPIX=16 NAXIS=2 NAXIS1=4096 NAXIS2=4096 NAXIS3=0 BSCALE=1.0 BZERO=32768.0 keywords=119
[2026-07-25 15:16:09][INFO][FITS] Applying BSCALE=1.000000 BZERO=32768.000000
[2026-07-25 15:16:09][INFO][FITS] Read OK: 4096x4096 1ch BITPIX=16
[2026-07-25 15:16:09][INFO][API] aio_read_fits: 0.035 s
[2026-07-25 15:16:09][INFO][orchestrator] [READ_FITS] 图像尺寸: 4096x4096
[2026-07-25 15:16:09][DEBUG][PIPELINE] add_block: 'data' type=0 count=16777216 (67108864 bytes)
[2026-07-25 15:16:09][INFO][orchestrator] [READ_FITS] FITS 关键字数: 119
[2026-07-25 15:16:09][INFO][orchestrator] [READ_FITS] 完成
[2026-07-25 15:16:09][INFO][orchestrator] [0.047300s] READ_FITS 完成
[2026-07-25 15:16:09][INFO][orchestrator] ---------- stage1 阶段: CALIBRATE ----------
[2026-07-25 15:16:09][INFO][orchestrator] [CALIBRATE] 开始
[2026-07-25 15:16:09][INFO][orchestrator] [CALIBRATE] 图像: 4096x4096 (16777216 像素)
[2026-07-25 15:16:09][INFO][orchestrator] [CALIBRATE] 帧元数据: EXPTIME=600.000000s, FILTER='Lum', CCD-TEMP=-20.000000C
[2026-07-25 15:16:09][INFO][orchestrator] [CALIBRATE] calibration_dir: F:\Astro dev\Astro CS Normalization Database\testdata/T2 calibration files
[2026-07-25 15:16:09][INFO][orchestrator] [CALIBRATE] 自动推导 master_bias_path: F:\Astro dev\Astro CS Normalization Database\testdata/T2 calibration files\masterBias_BIN-1_4096x4096.xisf
[2026-07-25 15:16:09][INFO][orchestrator] [CALIBRATE] 自动推导 master_dark_path: F:\Astro dev\Astro CS Normalization Database\testdata/T2 calibration files\masterDark_BIN-1_4096x4096_EXPOSURE-600.00s.xisf
[2026-07-25 15:16:09][INFO][orchestrator] [CALIBRATE] 自动推导 master_flat_path: F:\Astro dev\Astro CS Normalization Database\testdata/T2 calibration files\masterFlat_BIN-1_4096x4096_FILTER-Lum_mono.xisf
[2026-07-25 15:16:09][INFO][XISF] Reading: F:\Astro dev\Astro CS Normalization Database\testdata/T2 calibration files\masterBias_BIN-1_4096x4096.xisf
[2026-07-25 15:16:09][INFO][XISF] XML header length: 20661 bytes
[2026-07-25 15:16:09][INFO][XISF] Image: 4096x4096x1 fmt=Float32 byteOrder= offset=24576 size=67108864
[2026-07-25 15:16:09][INFO][XISF] Byte order: file= system=little swap=0
[2026-07-25 15:16:09][INFO][XISF] Read OK: 4096x4096 1ch fmt=Float32 keywords=197
[2026-07-25 15:16:09][INFO][API] aio_read_xisf: 0.294 s
[2026-07-25 15:16:09][INFO][orchestrator] [CALIBRATE] 加载 Master: F:\Astro dev\Astro CS Normalization Database\testdata/T2 calibration files\masterBias_BIN-1_4096x4096.xisf (4096x4096)
[2026-07-25 15:16:09][INFO][XISF] Reading: F:\Astro dev\Astro CS Normalization Database\testdata/T2 calibration files\masterDark_BIN-1_4096x4096_EXPOSURE-600.00s.xisf
[2026-07-25 15:16:09][INFO][XISF] XML header length: 19941 bytes
[2026-07-25 15:16:09][INFO][XISF] Image: 4096x4096x1 fmt=Float32 byteOrder= offset=20480 size=67108864
[2026-07-25 15:16:10][INFO][XISF] Byte order: file= system=little swap=0
[2026-07-25 15:16:10][INFO][XISF] Read OK: 4096x4096 1ch fmt=Float32 keywords=192
[2026-07-25 15:16:10][INFO][API] aio_read_xisf: 0.212 s
[2026-07-25 15:16:10][INFO][orchestrator] [CALIBRATE] 加载 Master: F:\Astro dev\Astro CS Normalization Database\testdata/T2 calibration files\masterDark_BIN-1_4096x4096_EXPOSURE-600.00s.xisf (4096x4096)
[2026-07-25 15:16:10][WARN][orchestrator] [CALIBRATE] Master 文件不存在: F:\Astro dev\Astro CS Normalization Database\testdata/T2 calibration files\masterFlat_BIN-1_4096x4096_FILTER-Lum_mono.xisf
[2026-07-25 15:16:10][INFO][orchestrator] [CALIBRATE] master_dark 曝光时间匹配: dark=600.000000s vs frame=600.000000s (diff=0.000000s)
[2026-07-25 15:16:10][INFO][orchestrator] [CALIBRATE] 调用 ac_calibrate_frame: dark_opt=0, k_init=1.000000, has_bias=true, has_dark=true, has_flat=false
[2026-07-25 15:16:10][INFO][orchestrator] [CALIBRATE] 校准统计: light_mean=3094.021391 -> out_mean=3094.005965, bias_mean=0.015291, dark_mean=0.015433, flat_mean=0.000000, actual_k=1.000000
[2026-07-25 15:16:10][DEBUG][PIPELINE] remove_block: 'data' removed (n_blocks=1)
[2026-07-25 15:16:10][DEBUG][PIPELINE] add_block_move: 'data' type=0 count=16777216 (moved ptr=0000016d4d05b040)
[2026-07-25 15:16:10][INFO][orchestrator] [CALIBRATE] cal_stats 已写入 (CALIBRATION_STATUS=APPLIED)
[2026-07-25 15:16:10][INFO][orchestrator] [CALIBRATE] 完成 (实际应用 Bias/Dark/Flat)
[2026-07-25 15:16:10][INFO][orchestrator] [0.899219s] CALIBRATE 完成
[2026-07-25 15:16:10][INFO][orchestrator] ---------- stage1 阶段: PLATESOLVE ----------
[2026-07-25 15:16:10][INFO][orchestrator] [PLATESOLVE] 开始
[2026-07-25 15:16:10][INFO][orchestrator] [PLATESOLVE] 初始化环境 (gaia_client + star_detector + ipv_solver)
[2026-07-25 15:16:10][INFO][orchestrator] [PLATESOLVE] gaia_client.dll 加载成功
[2026-07-25 15:16:10][INFO][orchestrator] [PLATESOLVE] star_detector.dll 加载成功
[2026-07-25 15:16:10][INFO][orchestrator] [PLATESOLVE] GaiaClient 创建成功 (data_dir=F:\Astro dev\Astro CS Normalization Database/GaiaDR3SP)
[2026-07-25 15:16:10][INFO][SDET] StarDetector created (fitRadius=0, fwhmClipSigma=3.0, maxAxisRatio=2.0)
[2026-07-25 15:16:10][INFO][orchestrator] [PLATESOLVE] StarDetector 创建成功 (fitRadius=0 自动)
[2026-07-25 15:16:10][INFO][orchestrator] [PLATESOLVE] IPVSolver 创建成功, 已注入 Gaia + StarDetector 句柄
[2026-07-25 15:16:10][INFO][orchestrator] [PLATESOLVE] 环境初始化完成
[2026-07-25 15:16:10][INFO][orchestrator] [PLATESOLVE] 图像: 4096x4096
[2026-07-25 15:16:10][INFO][orchestrator] [PLATESOLVE] 初始指向: OBJCTRA='16 34 26.00' -> ra0=248.608333deg, OBJCTDEC='-15 45 35.0' -> dec0=-15.759722deg
[2026-07-25 15:16:10][INFO][orchestrator] [PLATESOLVE] 焦距=1917.600000mm, 像素尺寸=9.000000um
[2026-07-25 15:16:10][INFO][orchestrator] [PLATESOLVE] 调用 ipv_solve_from_memory_with_callback (路径B callback 导出) ...
[2026-07-25 15:16:10][INFO] ==== IPVSolver::solve_from_memory_with_callback 开始 (P02-002 路径 B) ====
[2026-07-25 15:16:10][INFO]   pixels=4096x4096 (内存数据)
[2026-07-25 15:16:10][INFO]   ra0=248.608333 deg, dec0=-15.759722 deg
[2026-07-25 15:16:10][INFO]   focal_length=1917.600 mm, pixel_size=9.000 um
[2026-07-25 15:16:10][INFO]   callback=ENABLED
[2026-07-25 15:16:10][INFO] === ipv_select_from_memory_with_callback 启动 (路径 B) ===
[2026-07-25 15:16:10][INFO] ipv_select: 依赖 DLL 全部加载成功
[2026-07-25 15:16:10][INFO] Step 1: 使用内存像素数据 4096×4096
[2026-07-25 15:16:10][INFO] Step 2: 星点检测 (sdet_detect_ex)
[2026-07-25 15:16:10][INFO][SDET] sdet_detect_ex start: 4096x4096
[2026-07-25 15:16:10][DEBUG][SDET] [1] uint16→float: 27.4 ms
[2026-07-25 15:16:10][DEBUG][SDET] [2] Gaussian YvV smooth (sigma=2.0): 133.6 ms
[2026-07-25 15:16:11][INFO][SDET] peaker: median=3043.0000 bgnoise=42.4263 threshold=3255.1316 (median+5*bgnoise)
[2026-07-25 15:16:11][DEBUG][SDET] [3] Threshold: 301.5 ms
[2026-07-25 15:16:11][INFO][SDET] peaker: bg=3043.0 maxi=65534.0 norm=65535.0 dynrange=62491.0 minsatlevel=43743.7 satrange=6249.1 s_factor=3.7169 locthreshold=212.1315
[2026-07-25 15:16:11][DEBUG][SDET] [4] peaker: 38.7 ms (6682 candidates, full peaker 7-step)
[2026-07-25 15:16:11][INFO][SDET] Candidates: 6682
[2026-07-25 15:16:11][INFO][SDET] Peaker stages: pass_threshold=592882 pass_localmax=8816 pass_count3=8178 pass_boundary=8178 | cond_meanhigh=224 cond_platform=7006 sat_both=106 nonsat=8072
[2026-07-25 15:16:11][INFO][SDET] Auto fitRadius: med_pixels=55 fwhm_est=3.64 auto_radius=10 actual=10
[2026-07-25 15:16:11][INFO][SDET] Task6 candidates sorted by mag_est (desc): maxstars=2000 candidates=6682
[2026-07-25 15:16:11][DEBUG][SDET] [6] Moffat4 fit: 446.2 ms (6599/6682 OK)
[2026-07-25 15:16:11][INFO][SDET] Moffat4 fit: 6599/6682 OK
[2026-07-25 15:16:11][INFO][SDET] === Fit statistics by pixel count ===
[2026-07-25 15:16:11][INFO][SDET]   px[5-9]: total=125 ok=125(100.0%) invalid=0 noconv=0 iterlimit=0
[2026-07-25 15:16:11][INFO][SDET]   px[10-19]: total=615 ok=610(99.2%) invalid=0 noconv=5 iterlimit=0
[2026-07-25 15:16:11][INFO][SDET]   px[20-49]: total=2013 ok=1998(99.3%) invalid=0 noconv=15 iterlimit=0
[2026-07-25 15:16:11][INFO][SDET]   px[50-99]: total=1988 ok=1959(98.5%) invalid=0 noconv=29 iterlimit=0
[2026-07-25 15:16:11][INFO][SDET]   px[100-299]: total=1606 ok=1577(98.2%) invalid=0 noconv=29 iterlimit=0
[2026-07-25 15:16:11][DEBUG][SDET] [7] FWHM stats: 2.5 ms (med=2.9712 mad=0.2073)
[2026-07-25 15:16:11][INFO][SDET] FWHM stats: med=2.9712 mad=0.2073 (from 6599 fitted stars)
[2026-07-25 15:16:11][DEBUG][SDET] [8] Build normal stars: 8.2 ms (6230 stars, fit_fail=83 fwhm=0 round=56 reject=313)
[2026-07-25 15:16:11][INFO][SDET] Normal stars: 6230 (fit_fail=83 fwhm=0 roundness=56 reject=313)
[2026-07-25 15:16:11][DEBUG][SDET] [9] Saturated star detection skipped (V4.52: use A>dynrange from peaker): 0.4 ms
[2026-07-25 15:16:11][DEBUG][SDET] [10a] Dedup: 1.9 ms
[2026-07-25 15:16:11][DEBUG][SDET] [10b] Sort: 0.6 ms
[2026-07-25 15:16:11][INFO][SDET] After dedup+sort: 6230 stars (saturated=253 normal=5977)
[2026-07-25 15:16:11][INFO][SDET] sdet_detect_ex done: 2000 stars (sat=253 normal=5977), 0.961 s
[2026-07-25 15:16:11][INFO]   检测到星点: 2000 颗 (饱和 253, 正常 1747)
[2026-07-25 15:16:11][INFO] Step 2.5: 调用 callback 导出 detections (路径 B)
[2026-07-25 15:16:11][INFO]   callback 完成, 源缓冲区已由 callback 复制
[2026-07-25 15:16:11][INFO] Step 3: 图像侧选星
[2026-07-25 15:16:11][INFO] 选星: 按 mag(box积分) 升序取前 60 颗 (含饱和 60 颗)
[2026-07-25 15:16:11][INFO]   U 向量组: 60×2 (s0=0.9681"/px)
[2026-07-25 15:16:11][INFO] Step 4: FOV/密度计算
[2026-07-25 15:16:11][INFO] FOV计算: s0=0.9681"/px, FOV_diag=1.5577°, query_r=0.8567°, img_area=1.21321°², query_area=2.30590°², rho_img=49.46, rho_target=74.18, n_target=60
[2026-07-25 15:16:11][INFO] Step 5: V4.9 密度公式估算极限星等 (替代迭代)
[2026-07-25 15:16:11][INFO] 密度估算极限星等: G=11.051 (n_required=60, area=2.3059°², rho_target=26.02/°²)
[2026-07-25 15:16:11][INFO] Step 6: 用 m_lim=11.051 查询 Gaia 星表
[2026-07-25 15:16:11][WARN] V4.9 补救查询 1: Gaia 返回 36 < n_target=60, 放宽到 m=12.051
[2026-07-25 15:16:11][INFO] Step 7: Gnomonic 投影 + FOV 过滤
[2026-07-25 15:16:11][INFO]   W 向量组: 44×2 (FOV 内 44, 取最亮 44, gaia_ra/dec 已保存)
[2026-07-25 15:16:11][INFO] === ipv_select_from_memory_with_callback 完成 (路径 B) ===
[2026-07-25 15:16:11][INFO] === triangle_match 开始: N_U=60, N_W=44, n_A0=60, n_B0=60, tol=0.0020, s0=0.9681 ===
[2026-07-25 15:16:11][INFO] triangle_match: stage=0 nA=60 nB=60 超过实际星数, 停止扩充
[2026-07-25 15:16:11][INFO] triangle_match_single: n_A=60, n_B=44, tol=0.0020, s0=0.9681, scale=[0.8608,1.2912]
[2026-07-25 15:16:11][DEBUG] stars_to_triangles: N=60, expected=34220, valid=34220, skipped_degenerate=0 (并行, 16 线程)
[2026-07-25 15:16:11][DEBUG] stars_to_triangles: prune_triangle_array ba>0.9 剪枝: before=34220, after=24531, pruned=9689
[2026-07-25 15:16:11][DEBUG] stars_to_triangles: N=44, expected=13244, valid=13244, skipped_degenerate=0 (并行, 16 线程)
[2026-07-25 15:16:11][DEBUG] stars_to_triangles: prune_triangle_array ba>0.9 剪枝: before=13244, after=9418, pruned=3826
[2026-07-25 15:16:11][INFO] make_vote_matrix: n_A=24531, n_B=9418, matched_triangles=17701, vote_matrix=60x44, scale_rejected=16312 (range=[0.8608,1.2912]) [并行 16 线程]
[2026-07-25 15:16:11][INFO] top_vote_getters: 矩阵=60x44, 候选对数(vote>=2)=2611, top_n=60
[2026-07-25 15:16:11][INFO] top_vote_getters: V4.25 去重后 top_pairs=44, 去重剔除=2567
[2026-07-25 15:16:11][INFO]   [调试] top[0]: u=29 w=26, votes=612
[2026-07-25 15:16:11][INFO]   [调试] top[1]: u=3 w=4, votes=602
[2026-07-25 15:16:11][INFO]   [调试] top[2]: u=26 w=32, votes=602
[2026-07-25 15:16:11][INFO]   [调试] top[3]: u=9 w=12, votes=590
[2026-07-25 15:16:11][INFO]   [调试] top[4]: u=7 w=9, votes=587
[2026-07-25 15:16:11][INFO]   [调试] top[5]: u=13 w=15, votes=584
[2026-07-25 15:16:11][INFO]   [调试] top[6]: u=22 w=28, votes=570
[2026-07-25 15:16:11][INFO]   [调试] top[7]: u=28 w=24, votes=566
[2026-07-25 15:16:11][INFO]   [调试] top[8]: u=4 w=5, votes=565
[2026-07-25 15:16:11][INFO]   [调试] top[9]: u=11 w=14, votes=563
[2026-07-25 15:16:11][INFO] triangle_match_single 完成: tri_A=24531, tri_B=9418, vote_matrix=60x44, max_vote=612, 候选对数(vote>=2)=2611, top_pairs=44
[2026-07-25 15:16:11][INFO] === triangle_match 结束: tri_A=24531, tri_B=9418, top_pairs=44, max_vote=612, success=1 ===
[2026-07-25 15:16:11][INFO] [P02-002] n_target=60, max_vote=612, threshold=2
[2026-07-25 15:16:11][INFO]   [阶段] triangle_match (n=60): 31.33 ms, max_vote=612, top_pairs=44, success=1
[2026-07-25 15:16:11][INFO]   [阶段] triangle_match: 31.56 ms, n_target_used=60
[2026-07-25 15:16:11][INFO]   N_U=60, N_W=44, s0=0.9681 arcsec/px, img=4096x4096, fov_diag=1.5577 deg
[2026-07-25 15:16:11][INFO] iter_trans_solve: U=60, W=44, initial_pairs=44, tol=5.00, order=3
[2026-07-25 15:16:11][DEBUG] calc_trans_general: order=3, n_pairs=20, 拟合成功
[2026-07-25 15:16:11][INFO] iter_trans_inner: 初始拟合完成, 初始工作集=20, order=3
[2026-07-25 15:16:11][INFO]   [调试] 初始 TRANS: x00=4.3931 y00=2.3009, x10=0.011468 x01=-0.967096 y10=-0.966665 y01=-0.011425
[2026-07-25 15:16:11][INFO]   [调试] 初始对[0]: u=29 w=26, U=(682.79,-304.89), W=(306.79,-654.10), pred=(306.94,-653.95), dist=0.2179" (dx=0.16 dy=0.15)
[2026-07-25 15:16:11][INFO]   [调试] 初始对[1]: u=3 w=4, U=(-1743.40,680.88), W=(-671.15,1673.44), pred=(-671.25,1673.33), dist=0.1587" (dx=-0.11 dy=-0.12)
[2026-07-25 15:16:11][INFO]   [调试] 初始对[2]: u=26 w=32, U=(817.13,329.95), W=(-305.05,-790.81), pred=(-305.11,-790.87), dist=0.0854" (dx=-0.06 dy=-0.06)
[2026-07-25 15:16:11][INFO]   [调试] 初始对[3]: u=9 w=12, U=(-174.53,-1877.72), W=(1811.82,192.23), pred=(1811.46,192.05), dist=0.4014" (dx=-0.36 dy=-0.18)
[2026-07-25 15:16:11][INFO]   [调试] 初始对[4]: u=7 w=9, U=(447.84,-736.92), W=(721.84,-421.67), pred=(721.67,-421.88), dist=0.2701" (dx=-0.17 dy=-0.21)
[2026-07-25 15:16:11][INFO]   [调试] 初始对[5]: u=13 w=15, U=(1912.14,615.30), W=(-566.47,-1846.52), pred=(-566.30,-1846.47), dist=0.1844" (dx=0.18 dy=0.06)
[2026-07-25 15:16:11][INFO] iter_trans_inner: V4.23 工作集扩展 20->44 (nr=nbright)
[2026-07-25 15:16:11][DEBUG] iter 0: 绝对剔除 nr=44→42, nb=2
[2026-07-25 15:16:11][DEBUG] iter 0: sigma(35%)=0.029449 角秒²
[2026-07-25 15:16:11][DEBUG] iter 0: 相对剔除 nr=36, nb=8, rel_thresh=0.294488
[2026-07-25 15:16:11][DEBUG] calc_trans_general: order=3, n_pairs=36, 拟合成功
[2026-07-25 15:16:11][INFO] iter_trans_inner: 完成, nr=36, sig=0.0385, rms=0.2047, iters=1, success=1
[2026-07-25 15:16:11][INFO] iter_trans_solve: 第一轮 iter_trans 成功, inliers=36, rms=0.2047
[2026-07-25 15:16:11][INFO] at_match_lists: U=60, W=44, tol=5.00", U→W单向=42, W→U单向=42, 双向=42, 去重后=42
[2026-07-25 15:16:11][DEBUG] calc_trans_general: order=3, n_pairs=42, 拟合成功
[2026-07-25 15:16:11][INFO] at_recalc_trans: 二轮 sigma-clip (thresh=0.796", 剔除=1, 保留=41)
[2026-07-25 15:16:11][DEBUG] calc_trans_general: order=3, n_pairs=41, 拟合成功
[2026-07-25 15:16:11][INFO] at_recalc_trans: 二轮完成, n=41, sig=0.0460, sx=0.1714, sy=0.1312, rms=0.2564
[2026-07-25 15:16:11][INFO] at_recalc_trans: n=41, order=3, sig=0.0460, sx=0.1714, sy=0.1312, rms=0.2564
[2026-07-25 15:16:11][INFO] iter_trans_solve: 第一轮 refit 成功, inliers=41, rms=0.2564
[2026-07-25 15:16:11][INFO] at_match_lists: U=60, W=44, tol=5.00", U→W单向=42, W→U单向=42, 双向=42, 去重后=42
[2026-07-25 15:16:11][DEBUG] calc_trans_general: order=3, n_pairs=42, 拟合成功
[2026-07-25 15:16:11][INFO] at_recalc_trans: 二轮 sigma-clip (thresh=0.796", 剔除=1, 保留=41)
[2026-07-25 15:16:11][DEBUG] calc_trans_general: order=3, n_pairs=41, 拟合成功
[2026-07-25 15:16:11][INFO] at_recalc_trans: 二轮完成, n=41, sig=0.0460, sx=0.1714, sy=0.1312, rms=0.2564
[2026-07-25 15:16:11][INFO] at_recalc_trans: n=41, order=3, sig=0.0460, sx=0.1714, sy=0.1312, rms=0.2564
[2026-07-25 15:16:11][INFO] iter_trans_solve: 第二轮 refit 成功, inliers=41, rms=0.2564
[2026-07-25 15:16:11][INFO]   [阶段] iter_trans_solve: 4.65 ms, n_inliers=41, rms=0.2564, iters=3, success=1
[2026-07-25 15:16:11][INFO]   [诊断] iterative_reproject 入口: U.size=60, gaia_ra.size=44, gaia_dec.size=44, initial_inliers.size=41, s0=0.9681, img=4096x4096
[2026-07-25 15:16:11][INFO] iterative_reproject: 开始 (N_W=44, n_inliers=41, s0=0.9681"/px, max_iter=5, conv_thresh=0.0100")
[2026-07-25 15:16:11][INFO]   iter 0: ra_cur=248.608333 dec_cur=-15.759722, xi_center=4.4644" eta_center=2.2436", conv=4.9964" (thresh=0.0100")
[2026-07-25 15:16:11][INFO]   iter 0: 新中心 ra=248.609622 dec=-15.759099 (Δra=0.001289° Δdec=0.000623°)
[2026-07-25 15:16:11][DEBUG] calc_trans_general: order=3, n_pairs=41, 拟合成功
[2026-07-25 15:16:11][INFO] at_recalc_trans: 二轮 sigma-clip (thresh=0.643", 剔除=1, 保留=40)
[2026-07-25 15:16:11][DEBUG] calc_trans_general: order=3, n_pairs=40, 拟合成功
[2026-07-25 15:16:11][INFO] at_recalc_trans: 二轮完成, n=40, sig=0.0400, sx=0.1626, sy=0.1323, rms=0.2224
[2026-07-25 15:16:11][INFO] at_recalc_trans: n=40, order=3, sig=0.0400, sx=0.1626, sy=0.1323, rms=0.2224
[2026-07-25 15:16:11][INFO]   iter 0: at_recalc_trans 成功, n=40, sig=0.0400, rms=0.2224, x00=0.0053 y00=0.0003 (asec)
[2026-07-25 15:16:11][INFO]   iter 1: 收敛 (TRANS 常数项 = 0.0053" < 0.0100")
[2026-07-25 15:16:11][INFO] iterative_reproject: 完成 (收敛), ra=248.608333→248.609622 dec=-15.759722→-15.759099, n_matched=41 (固定), iters=1, conv=0.0053"
[2026-07-25 15:16:11][INFO]   [阶段] iterative_reproject: 2.21 ms, success=1, ra=248.608333→248.609622, dec=-15.759722→-15.759099, n_matched=41, iters=1, conv=0.0053"
[2026-07-25 15:16:11][INFO] at_match_lists: U=60, W=44, tol=5.00", U→W单向=42, W→U单向=42, 双向=42, 去重后=42
[2026-07-25 15:16:11][INFO]   [阶段] hi_order_rematch iter 0: n_matched=42 (min=10, order=3)
[2026-07-25 15:16:11][DEBUG] calc_trans_general: order=3, n_pairs=42, 拟合成功
[2026-07-25 15:16:11][INFO] at_recalc_trans: 二轮 sigma-clip (thresh=0.796", 剔除=1, 保留=41)
[2026-07-25 15:16:11][DEBUG] calc_trans_general: order=3, n_pairs=41, 拟合成功
[2026-07-25 15:16:11][INFO] at_recalc_trans: 二轮完成, n=41, sig=0.0460, sx=0.1714, sy=0.1312, rms=0.2564
[2026-07-25 15:16:11][INFO] at_recalc_trans: n=41, order=3, sig=0.0460, sx=0.1714, sy=0.1312, rms=0.2564
[2026-07-25 15:16:11][INFO] at_match_lists: U=60, W=44, tol=5.00", U→W单向=42, W→U单向=42, 双向=42, 去重后=42
[2026-07-25 15:16:11][DEBUG] calc_trans_general: order=3, n_pairs=42, 拟合成功
[2026-07-25 15:16:11][INFO] at_recalc_trans: 二轮 sigma-clip (thresh=0.796", 剔除=1, 保留=41)
[2026-07-25 15:16:11][DEBUG] calc_trans_general: order=3, n_pairs=41, 拟合成功
[2026-07-25 15:16:11][INFO] at_recalc_trans: 二轮完成, n=41, sig=0.0460, sx=0.1714, sy=0.1312, rms=0.2564
[2026-07-25 15:16:11][INFO] at_recalc_trans: n=41, order=3, sig=0.0460, sx=0.1714, sy=0.1312, rms=0.2564
[2026-07-25 15:16:11][INFO]   [阶段] hi_order_rematch iter 1: 收敛 (dn=0, drms=0.0000)
[2026-07-25 15:16:11][INFO]   [阶段] hi_order_rematch: 1.78 ms, n_matched=42, trans.order=3
[2026-07-25 15:16:11][INFO] ==== robust_refine_wcs 开始 (V4.30) ====
  U_full=2000, mag_full=2000, gaia=44
  ra0=248.609622, dec0=-15.759099, s0=0.9681"/px, fov=1.5577°, img=4096x4096
  initial_rms=0.0460", trans.order=3
[2026-07-25 15:16:11][INFO]   [robust_refine] 网格采样: FOV=1.558°, G_short=3, N_long=3, n_cells=9, quota=20, narrow_all=0, N_full=2000
[2026-07-25 15:16:11][INFO]   [robust_refine] 网格采样完成: 选中 180 颗 (上限 300, 下限 100)
[2026-07-25 15:16:11][INFO]   [robust_refine] NN 匹配: U=180, W=44, tol=1.000", Lowe通过=41, 双向=41
[2026-07-25 15:16:11][INFO]   [robust_refine] baseline: initial_rms=0.0460" (60星), U_pool RMS=0.2564" (180 星, matched=41)
[2026-07-25 15:16:11][INFO]   [robust_refine] NN 匹配: U=180, W=44, tol=1.000", Lowe通过=41, 双向=41
[2026-07-25 15:16:11][INFO]   [robust_refine] 空间一致性: 2/41 可疑 (K=8, σ=0.089")
[2026-07-25 15:16:11][INFO]   [robust_refine] iter 0: tol=1.000", matched=41, rms=0.2564"→0.2691", cd_Δ=0.1645%, damp=0.00e+00
[2026-07-25 15:16:11][INFO]   [robust_refine] NN 匹配: U=180, W=44, tol=0.500", Lowe通过=37, 双向=37
[2026-07-25 15:16:11][INFO]   [robust_refine] iter 1: tol=0.500", matched=37, rms=0.2691"→0.1602", cd_Δ=0.1653%, damp=0.00e+00
[2026-07-25 15:16:11][INFO]   [robust_refine] NN 匹配: U=180, W=44, tol=0.500", Lowe通过=37, 双向=37
[2026-07-25 15:16:11][INFO]   [robust_refine] iter 2: tol=0.500", matched=37, rms=0.1602"→0.1657", cd_Δ=0.1439%, damp=0.00e+00
[2026-07-25 15:16:11][INFO]   [robust_refine] NN 匹配: U=180, W=44, tol=0.300", Lowe通过=34, 双向=34
[2026-07-25 15:16:11][INFO]   [robust_refine] iter 3: tol=0.300", matched=34, rms=0.1657"→0.1262", cd_Δ=0.0907%, damp=0.00e+00
[2026-07-25 15:16:11][INFO]   [robust_refine] NN 匹配: U=180, W=44, tol=0.300", Lowe通过=34, 双向=34
[2026-07-25 15:16:11][INFO]   [robust_refine] iter 4: tol=0.300", matched=34, rms=0.1262"→0.1266", cd_Δ=0.0348%, damp=0.00e+00
[2026-07-25 15:16:11][INFO]   [robust_refine] NN 匹配: U=180, W=44, tol=0.300", Lowe通过=34, 双向=34
[2026-07-25 15:16:11][INFO]   [robust_refine] iter 5: tol=0.300", matched=34, rms=0.1266"→0.1271", cd_Δ=0.0165%, damp=0.00e+00
[2026-07-25 15:16:11][INFO]   [robust_refine] NN 匹配: U=180, W=44, tol=0.300", Lowe通过=34, 双向=34
[2026-07-25 15:16:11][INFO]   [robust_refine] iter 6: tol=0.300", matched=34, rms=0.1271"→0.1277", cd_Δ=0.0251%, damp=0.00e+00
[2026-07-25 15:16:11][INFO]   [robust_refine] NN 匹配: U=180, W=44, tol=0.300", Lowe通过=34, 双向=34
[2026-07-25 15:16:11][INFO]   [robust_refine] iter 7: tol=0.300", matched=34, rms=0.1277"→0.1288", cd_Δ=0.0493%, damp=0.00e+00
[2026-07-25 15:16:11][INFO]   [robust_refine] NN 匹配: U=180, W=44, tol=0.300", Lowe通过=34, 双向=34
[2026-07-25 15:16:11][INFO]   [robust_refine] iter 8: tol=0.300", matched=34, rms=0.1288"→0.1319", cd_Δ=0.0995%, damp=0.00e+00
[2026-07-25 15:16:11][INFO]   [robust_refine] NN 匹配: U=180, W=44, tol=0.300", Lowe通过=34, 双向=34
[2026-07-25 15:16:11][INFO]   [robust_refine] iter 9: tol=0.300", matched=34, rms=0.1319"→0.1431", cd_Δ=0.1972%, damp=0.00e+00
[2026-07-25 15:16:11][INFO]   [robust_refine] 达到最大迭代次数 10
[2026-07-25 15:16:11][INFO] ==== robust_refine_wcs 成功 ====
  iter=10, matched=34, rms=0.1431" (0.1478 px), cd_Δ=0.1972%, pool=180
[2026-07-25 15:16:11][INFO]   [阶段] robust_refine: 成功, n_matched=34, rms=0.1431", iter=10, pool=180, cd_Δ=0.1972%
[2026-07-25 15:16:11][INFO]   [阶段] robust_refine: 5.04 ms
[2026-07-25 15:16:11][INFO]   [诊断] extract_wcs_sip 入口: trans.order=3, trans.valid=1, ra0=248.609622, dec0=-15.759099, img=4096x4096, s0=0.9681, U.size=2000, W.size=44, matched.size=34
[2026-07-25 15:16:11][INFO]   [V4.22] 清零 trans.x00/y00 (saved: x00=-0.0313, y00=-0.1046)
[2026-07-25 15:16:11][INFO] extract_wcs_sip: SIP A/B 解析公式成功, order=3
[2026-07-25 15:16:11][INFO] extract_wcs_sip: SIP AP/BP 网格反变换成功, ap_order=3, n_inv_coef=10, n_grid=49
[2026-07-25 15:16:11][INFO] extract_wcs_sip: CD=[3.126943e-06 2.685907e-04; -2.685584e-04 3.247101e-06], CRVAL=(248.609622, -15.759099), CRPIX=(2048.5, 2048.5), ctype=[RA---TAN-SIP, DEC--TAN-SIP], n_pairs=34, rms_px=0.1478, rms_arcsec=0.1431, trans_order=3, sip_order=3, ap_order=3
[2026-07-25 15:16:11][INFO]   [阶段] extract_wcs_sip: 0.85 ms, success=1, n_pairs=34, rms_px=0.148, rms_arcsec=0.143, trans_order=3, sip_order=3
[2026-07-25 15:16:11][INFO]   最终: n_pairs=34, rms_px=0.148, rms_arcsec=0.143, trans_order=3, sip_order=3, success=1
[2026-07-25 15:16:11][INFO] ==== IPVSolver::solve_from_memory_with_callback 完成 (P02-002 路径 B) ====
[2026-07-25 15:16:11][INFO][orchestrator] [PLATESOLVE] callback 导出: n_detected=2000, copied=true, wcs_result.n_detected=0
[2026-07-25 15:16:11][INFO][orchestrator] [PLATESOLVE] 求解成功: rms=0.143058arcsec, n_pairs=34, n_detected=0, n_catalog=0, trans_order=3
[2026-07-25 15:16:11][INFO][orchestrator] [PLATESOLVE] WCS 已写入: CTYPE1=RA---TAN-SIP, CRVAL=(248.609622, -15.759099), CRPIX=(2048.500000, 2048.500000)
[2026-07-25 15:16:11][INFO][orchestrator] [PLATESOLVE] SIP 已写入: order=3, ap_order=3
[2026-07-25 15:16:11][DEBUG][PIPELINE] add_block: 'star_det' type=0 count=8000 (32000 bytes)
[2026-07-25 15:16:11][INFO][orchestrator] [PLATESOLVE] star_det 块已写入 (路径B): 2000 颗星
[2026-07-25 15:16:11][INFO][orchestrator] [PLATESOLVE] 完成
[2026-07-25 15:16:11][INFO][orchestrator] [1.109029s] PLATESOLVE 完成
[2026-07-25 15:16:11][INFO][orchestrator] ---------- stage1 阶段: PSF ----------
[2026-07-25 15:16:11][INFO][orchestrator] [PSF] 开始
[2026-07-25 15:16:11][INFO][orchestrator] [PSF] 图像: 4096x4096
[2026-07-25 15:16:11][INFO][orchestrator] [PSF] star_det: 2000 颗星
[2026-07-25 15:16:11][INFO][orchestrator] [PSF] 调用 dpsf_fit_batch (fitRadius=8, maxIter=100) ...
[2026-07-25 15:16:11][WARN][DPSF] Invalid fit params: finite=1 A=0.00 sx=3.8234 sy=3.8223
[2026-07-25 15:16:11][WARN][DPSF] Background constraint violated: B=-4664.9807 bkg0=6487.0000 ratio=1.7191
[2026-07-25 15:16:11][WARN][DPSF] Background constraint violated: B=-7199.8681 bkg0=6966.5000 ratio=2.0335
[2026-07-25 15:16:11][WARN][DPSF] Background constraint violated: B=-7095.0819 bkg0=6064.0000 ratio=2.1700
[2026-07-25 15:16:11][WARN][DPSF] Background constraint violated: B=-6863.6607 bkg0=6728.0000 ratio=2.0202
[2026-07-25 15:16:11][WARN][DPSF] Background constraint violated: B=-6050.8024 bkg0=5968.0000 ratio=2.0139
[2026-07-25 15:16:11][WARN][DPSF] Background constraint violated: B=-6839.1704 bkg0=6418.0000 ratio=2.0656
[2026-07-25 15:16:11][WARN][DPSF] Background constraint violated: B=-3122.7901 bkg0=5117.0000 ratio=1.6103
[2026-07-25 15:16:11][WARN][DPSF] Background constraint violated: B=-3351.3300 bkg0=5058.5000 ratio=1.6625
[2026-07-25 15:16:11][WARN][DPSF] FWHM exceeds rect: fwhm_x=37.59 fwhm_y=37.38 rect=17x17
[2026-07-25 15:16:11][WARN][DPSF] Background constraint violated: B=9571.2951 bkg0=4756.0000 ratio=1.0125
[2026-07-25 15:16:11][WARN][DPSF] Background constraint violated: B=-12910.8772 bkg0=7725.0000 ratio=2.6713
[2026-07-25 15:16:11][WARN][DPSF] Background constraint violated: B=-2775.0773 bkg0=5042.0000 ratio=1.5504
[2026-07-25 15:16:11][WARN][DPSF] Background constraint violated: B=-1942.7193 bkg0=4668.0000 ratio=1.4162
[2026-07-25 15:16:11][WARN][DPSF] Background constraint violated: B=-607.1993 bkg0=4380.5000 ratio=1.1386
[2026-07-25 15:16:11][WARN][DPSF] Background constraint violated: B=-2435.8841 bkg0=5038.5000 ratio=1.4835
[2026-07-25 15:16:11][WARN][DPSF] Background constraint violated: B=-2133.2826 bkg0=5074.5000 ratio=1.4204
[2026-07-25 15:16:11][WARN][DPSF] Background constraint violated: B=-15509.2530 bkg0=8358.0000 ratio=2.8556
[2026-07-25 15:16:11][WARN][DPSF] Background constraint violated: B=-716.4530 bkg0=4133.0000 ratio=1.1733
[2026-07-25 15:16:11][WARN][DPSF] Background constraint violated: B=-635.2506 bkg0=5080.0000 ratio=1.1250
[2026-07-25 15:16:11][WARN][DPSF] Background constraint violated: B=-1461.5172 bkg0=4679.0000 ratio=1.3124
[2026-07-25 15:16:11][WARN][DPSF] Background constraint violated: B=-393.8149 bkg0=4371.0000 ratio=1.0901
[2026-07-25 15:16:11][WARN][DPSF] Background constraint violated: B=-1204.4809 bkg0=4508.0000 ratio=1.2672
[2026-07-25 15:16:11][WARN][DPSF] Background constraint violated: B=18.2857 bkg0=4229.0000 ratio=0.9957
[2026-07-25 15:16:11][WARN][DPSF] FWHM exceeds rect: fwhm_x=23.79 fwhm_y=25.25 rect=17x17
[2026-07-25 15:16:11][WARN][DPSF] Background constraint violated: B=-109.7844 bkg0=4240.0000 ratio=1.0259
[2026-07-25 15:16:11][WARN][DPSF] Background constraint violated: B=3.1208 bkg0=4135.0000 ratio=0.9992
[2026-07-25 15:16:11][WARN][DPSF] Background constraint violated: B=394.2191 bkg0=4191.0000 ratio=0.9059
[2026-07-25 15:16:11][WARN][DPSF] Background constraint violated: B=345.6575 bkg0=3986.0000 ratio=0.9133
[2026-07-25 15:16:11][WARN][DPSF] Background constraint violated: B=507.3408 bkg0=3988.5000 ratio=0.8728
[2026-07-25 15:16:11][WARN][DPSF] Background constraint violated: B=1070.1346 bkg0=3754.0000 ratio=0.7149
[2026-07-25 15:16:11][WARN][DPSF] Background constraint violated: B=1102.3980 bkg0=3758.0000 ratio=0.7067
[2026-07-25 15:16:11][WARN][DPSF] FWHM exceeds rect: fwhm_x=18.38 fwhm_y=17.99 rect=17x17
[2026-07-25 15:16:11][WARN][DPSF] Background constraint violated: B=663.4276 bkg0=3776.0000 ratio=0.8243
[2026-07-25 15:16:11][WARN][DPSF] Background constraint violated: B=864.7743 bkg0=3526.0000 ratio=0.7547
[2026-07-25 15:16:11][WARN][DPSF] Background constraint violated: B=-1900.6996 bkg0=11263.0000 ratio=1.1688
[2026-07-25 15:16:11][WARN][DPSF] Background constraint violated: B=957.8156 bkg0=4080.0000 ratio=0.7652
[2026-07-25 15:16:11][WARN][DPSF] Background constraint violated: B=1442.3111 bkg0=3609.0000 ratio=0.6004
[2026-07-25 15:16:11][WARN][DPSF] Background constraint violated: B=1439.8336 bkg0=3734.0000 ratio=0.6144
[2026-07-25 15:16:11][WARN][DPSF] Background constraint violated: B=1192.0289 bkg0=3629.0000 ratio=0.6715
[2026-07-25 15:16:11][WARN][DPSF] Background constraint violated: B=1208.7539 bkg0=3443.0000 ratio=0.6489
[2026-07-25 15:16:11][WARN][DPSF] Background constraint violated: B=1154.7069 bkg0=3483.0000 ratio=0.6685
[2026-07-25 15:16:11][WARN][DPSF] Background constraint violated: B=1361.7143 bkg0=3601.5000 ratio=0.6219
[2026-07-25 15:16:11][WARN][DPSF] Background constraint violated: B=1438.1744 bkg0=3459.0000 ratio=0.5842
[2026-07-25 15:16:11][WARN][DPSF] Background constraint violated: B=1387.0143 bkg0=3434.0000 ratio=0.5961
[2026-07-25 15:16:11][WARN][DPSF] Background constraint violated: B=1628.1110 bkg0=3716.5000 ratio=0.5619
[2026-07-25 15:16:11][WARN][DPSF] Background constraint violated: B=1849.7046 bkg0=3774.0000 ratio=0.5099
[2026-07-25 15:16:11][WARN][DPSF] Background constraint violated: B=1733.8693 bkg0=3695.0000 ratio=0.5308
[2026-07-25 15:16:11][WARN][DPSF] Background constraint violated: B=1559.8268 bkg0=3340.0000 ratio=0.5330
[2026-07-25 15:16:11][WARN][DPSF] Background constraint violated: B=1561.5915 bkg0=3383.0000 ratio=0.5384
[2026-07-25 15:16:11][WARN][DPSF] Background constraint violated: B=4783.7161 bkg0=3097.0000 ratio=0.5446
[2026-07-25 15:16:11][WARN][DPSF] Invalid fit params: finite=1 A=21025.51 sx=0.3000 sy=1.2147
[2026-07-25 15:16:11][INFO][orchestrator] [PSF] 拟合完成: 1948/2000 成功 (97%)
[2026-07-25 15:16:11][DEBUG][PIPELINE] add_block: 'psf' type=1 count=18000 (144000 bytes)
[2026-07-25 15:16:11][INFO][orchestrator] [PSF] 完成: 2000 颗星, 1948 成功
[2026-07-25 15:16:11][INFO][orchestrator] [0.228412s] PSF 完成
[2026-07-25 15:16:11][INFO][orchestrator] ---------- stage1 阶段: PHOTOMETRIC ----------
[2026-07-25 15:16:11][INFO][orchestrator] [PHOTOMETRIC] 开始
[2026-07-25 15:16:11][INFO][orchestrator] [PHOTOMETRIC] 图像: 4096x4096
[2026-07-25 15:16:11][INFO][orchestrator] [PHOTOMETRIC] psf: 2000 颗星
[2026-07-25 15:16:11][INFO][orchestrator] [PHOTOMETRIC] FILTER='Lum' -> 'Baader UV/IR Cut / L CMOS Optimized'
[2026-07-25 15:16:11][INFO][orchestrator] [PHOTOMETRIC] 滤光片: 7 点
[2026-07-25 15:16:11][INFO][orchestrator] [PHOTOMETRIC] QE 曲线 'GSENSE2020BSI': 447 点
[2026-07-25 15:16:11][INFO][orchestrator] [PHOTOMETRIC] spectrum_wl: 343 点
[2026-07-25 15:16:11][INFO][orchestrator] [PHOTOMETRIC] FOV 半径: 0.933516deg
[2026-07-25 15:16:11][INFO][orchestrator] [PHOTOMETRIC] 调用 pc_calibrate_simple_with_gaia ...
[pc_api] ====== pc_calibrate_simple_with_gaia 开始 ======
[pc_api] OpenMP线程数: 16
[INFO] 锥形搜索: ra=248.6096 dec=-15.7591 r=0.934 mag_min=6.0 (自适应迭代 mag_max, 不缩小半径)
[INFO] 自适应星等查询: mag_max=12.0
[INFO] 自适应星等查询: mag_max=12.0, n_gaia=92
[INFO] 自适应星等查询: mag_max=13.0
[INFO] 自适应星等查询: mag_max=13.0, n_gaia=253
[INFO] 自适应星等查询: mag_max=14.0
[INFO] 自适应星等查询: mag_max=14.0, n_gaia=625
[INFO] 自适应星等查询: mag_max=15.0
[INFO] 自适应星等查询: mag_max=15.0, n_gaia=1375
[INFO] 自适应星等查询: mag_max=16.0
[INFO] 自适应星等查询: mag_max=16.0, n_gaia=2996
[INFO] 自适应星等查询完成: mag_max=16.0, n_gaia=2996
[pc_api] 搜索到 2996 颗光谱星, 光谱点数=343 (wl_start=336, wl_step=2)
[INFO] [spec_int] prepare_filter_cache: 滤光片 7 点 + QE 447 点 -> 光谱 343 点, 范围 F[300.0,800.0] Q[204.0,1096.0] nm
[INFO] 滤光片/QE 预处理完成: filter=7 点, qe=447 点 -> 光谱 343 点
[pc_api] F_syn 并行计算完成: 2990/2996 颗有效
[wcs_transform] 初始化: CRVAL=(248.609622,-15.759099), CRPIX=(2048.500,2048.500), CD=[3.127e-06,2.686e-04;-2.686e-04,3.247e-06], det=7.214e-08, sip_order=3
[INFO] [star_matcher] 初始化: KD-tree + IRLS/Tukey 清洗 (GAP-013)
[INFO] [star_matcher] PSF有效星: 1948 / 2000, Gaia星: 2996, 匹配半径: 2.00 px
[INFO] [star_matcher] KD-tree 匹配完成: 0 对
[INFO] [star_matcher] cleanAndScale: 输入 0 颗, 星等容忍 3.00 mag
[pc_api] 匹配+清洗完成: 0 颗, scale=1.000000e+00, sigma_residual=0.000000
[image_corrector] 图像校正: 4096x4096, scale=1.000000e+00, 并行16线程
[image_corrector] 校正完成
[pc_api] ====== pc_calibrate_simple_with_gaia 完成: n_matched=0, scale=1.000000e+00, sigma_residual=0.000000 ======
[2026-07-25 15:16:11][INFO][orchestrator] [PHOTOMETRIC] 完成: n_matched=0, scale=1.000000, sigma_residual=0.000000
[2026-07-25 15:16:11][DEBUG][PIPELINE] remove_block: 'data' removed (n_blocks=4)
[2026-07-25 15:16:11][DEBUG][PIPELINE] add_block_move: 'data' type=0 count=16777216 (moved ptr=0000016d07c55040)
[2026-07-25 15:16:11][INFO][orchestrator] [PHOTOMETRIC] photo_stats 已写入
[2026-07-25 15:16:11][INFO][orchestrator] [0.043116s] PHOTOMETRIC 完成
[2026-07-25 15:16:11][INFO][orchestrator] ---------- stage1 阶段: SNR ----------
[2026-07-25 15:16:11][INFO][orchestrator] [SNR] 开始
[2026-07-25 15:16:11][INFO][orchestrator] [SNR] n_stars=2000 sigma_residual=0.000000 CRVAL=(248.609622,-15.759099) CRPIX=(2048.500000,2048.500000)
[snr_model] degenerate: sigma_residual=0 <= 0
[2026-07-25 15:16:11][WARN][orchestrator] [SNR] sigma_residual<=0, 跳过 snr_model 块
[2026-07-25 15:16:11][INFO][orchestrator] [0.000130s] SNR 完成
[2026-07-25 15:16:11][INFO][orchestrator] ---------- stage1 阶段: DRIZZLE ----------
[2026-07-25 15:16:11][INFO][orchestrator] [DRIZZLE] 开始
[2026-07-25 15:16:11][INFO][orchestrator] [NSIDE] 自适应: pixel_scale=0.967"/px, strategy=1x_to_2x_drizzle, nside=2048
[2026-07-25 15:16:11][INFO][orchestrator] [DRIZZLE] nside=2048 (strategy=1x_to_2x_drizzle, override=0, cd11=0.000003 cd12=0.000269)
[2026-07-25 15:16:11][INFO][orchestrator] [DRIZZLE] 输出: engineering\evidence\P03-001\lum_T2_noFlat_calibrated.hiss
[hp_drizzle_api] hp_drizzle_run: 开始 (nside=2048, nested=1, pixfrac=1.0000, output=engineering\evidence\P03-001\lum_T2_noFlat_calibrated.hiss)
[hp_drizzle_api] hp_drizzle_run: data 块 4096x4096 float32
[hp_drizzle_api] hp_drizzle_run: WCS CRVAL=(248.609622,-15.759099) CRPIX=(2048.500,2048.500) CD=[3.127e-06,2.686e-04,-2.686e-04,3.247e-06]
[hp_drizzle_api] hp_drizzle_run: SIP A_ORDER=3 B_ORDER=3 AP_ORDER=3 BP_ORDER=3
[hp_drizzle_api] hp_drizzle_run: 无 snr_model 块, 使用 nullptr (snr=1.0)
[wcs_sip] WCS 初始化: CRVAL=(248.609622, -15.759099)°, CRPIX=(2048.500, 2048.500), CD=[3.127e-06, 2.686e-04; -2.686e-04, 3.247e-06], det=7.214e-08
[wcs_sip] SIP: A/B order=3, AP/BP order=3
[drizzle_engine] HEALPix: nside=2048 nested=1 npix=50331648 res=103.06"
[drizzle_engine] 完成: 16777216 源像素 → 1574 HEALPix 像素, 耗时 14.611s
[hp_drizzle_api] hp_drizzle_run: Drizzle 完成 (16777216 源像素 → 1574 HEALPix 像素, 耗时 14.611s)
[hp_drizzle_api] hp_drizzle_run: 写入 .hiss (filter=Lum, exptime=600.0, date=2025-05-03T03:16:10, fits_meta=15)
[drizzle_engine] 写入 1574 个 HEALPix 像素到 engineering\evidence\P03-001\lum_T2_noFlat_calibrated.hiss
[drizzle_engine] hiss_write: meta_json=717 bytes, has_snr=false
[hio] hiss_write: path=engineering\evidence\P03-001\lum_T2_noFlat_calibrated.hiss nside=2048 nested=1 n_pix=1574 has_snr=0
[hio] hiss_write: JSON 头 773 -> 542 字节 (zstd level=5, snr_format=0)
[hio] hiss_write: 写入完成: engineering\evidence\P03-001\lum_T2_noFlat_calibrated.hiss (has_snr=0)
[drizzle_engine] 写入成功: engineering\evidence\P03-001\lum_T2_noFlat_calibrated.hiss (1574 像素)
[hp_drizzle_api] hp_drizzle_run: .hiss 已写入 engineering\evidence\P03-001\lum_T2_noFlat_calibrated.hiss
[2026-07-25 15:16:26][INFO][orchestrator] [DRIZZLE] 完成: n_healpix=1574 n_source=16777216 耗时=14.611225s
[2026-07-25 15:16:26][INFO][orchestrator] [14.643939s] DRIZZLE 完成
[2026-07-25 15:16:26][DEBUG][PIPELINE] frame_destroy: ok
[2026-07-25 15:16:26][INFO][orchestrator] ========== stage1 完成 (成功) ==========
{
  "success": true,
  "frame_name": "testdata\\_P03_001_tmp\\lum_T2_600S.fts",
  "timings": [
    {"stage": "CALIBRATE", "name": "READ_FITS", "duration_sec": 0.0472996, "success": true},
    {"stage": "CALIBRATE", "name": "CALIBRATE", "duration_sec": 0.899219, "success": true},
    {"stage": "CALIBRATE", "name": "PLATESOLVE", "duration_sec": 1.10903, "success": true},
    {"stage": "CALIBRATE", "name": "PSF", "duration_sec": 0.228412, "success": true},
    {"stage": "CALIBRATE", "name": "PHOTOMETRIC", "duration_sec": 0.0431155, "success": true},
    {"stage": "CALIBRATE", "name": "SNR", "duration_sec": 0.0001298, "success": true},
    {"stage": "CALIBRATE", "name": "DRIZZLE", "duration_sec": 14.6439, "success": true}
  ],
  "wcs_fields": {},
  "photo_stats": {},
  "output_ahpx_path": "engineering\\evidence\\P03-001\\lum_T2_noFlat_calibrated.hiss",
  "error_msg": ""
}
[2026-07-25 15:16:26][INFO][orchestrator] [PLATESOLVE] 释放环境资源
[2026-07-25 15:16:26][INFO][SDET] StarDetector destroyed
[2026-07-25 15:16:26][INFO][orchestrator] 析构完成
[dll_loader] 卸载所有模块
[dll_loader] 卸载模块 CALIBRATE
[dll_loader] 卸载模块 PLATESOLVE
[dll_loader] 卸载模块 PSF
[dll_loader] 卸载模块 PHOTOMETRIC
[dll_loader] 卸载模块 SNR
[dll_loader] 卸载模块 DRIZZLE
[dll_loader] 卸载模块 GRADIENT_SPHERE
[dll_loader] 卸载模块 AIO
