[2026-07-25 15:18:32][INFO][logger] 日志系统初始化完成 (log_dir=lib/orchestrator/logs, level=INFO)
[2026-07-25 15:18:32][INFO][orchestrator] 初始化编排器 (骨架版本)
[2026-07-25 15:18:32][INFO][orchestrator] 可用线程数: 16
[2026-07-25 15:18:32][INFO][orchestrator] 加载配置: engineering\evidence\P03-001\config_negative3_exposure_mismatch.json
[2026-07-25 15:18:32][INFO][orchestrator] 配置文件大小: 837 字节
[2026-07-25 15:18:32][INFO][orchestrator] 检查点目录: output\.checkpoint
[2026-07-25 15:18:32][INFO][orchestrator] 日志级别设置为: INFO
[2026-07-25 15:18:32][INFO][orchestrator] 配置加载完成 (骨架: 字段解析待后续 Task 实现)
[2026-07-25 15:18:32][INFO][cli] 日志级别设置为: INFO
[2026-07-25 15:18:32][INFO][orchestrator] ========== stage1: 单帧预处理 (FITS -> .hiss) ==========
[2026-07-25 15:18:32][INFO][orchestrator] 输入 FITS: testdata\Galaxy_Center_T4\lights\panel1\Galaxy_Center_mosaic1_T4_flying_dutchman-20250702@061703-180S-Red.fts
[2026-07-25 15:18:32][INFO][orchestrator] 输出 .hiss: engineering\evidence\P03-001\neg3_exposure_mismatch_output.hiss
[2026-07-25 15:18:32][INFO][orchestrator] 配置 JSON: {
  "_comment": "P03-001 负面测试3: 曝光时间不匹配 (300s Dark 配 180s Light, 应失败)",
  "project_root": ".",
  "gaia_data_dir": "GaiaDR3SP",
  "calibration_dir": "testdata/T4 calibration files",
  "output_root": "output",
  "stages": ["read_fits", "calibrate"],
  "frame": { "id": "negative_test_3", "filter": "Red", "qe_curve": "GSENSE2020BSI" },
  "calibration": {
    "master_bias_path": "",
    "master_dark_path": "testdata/T4 calibration files/masterDark_BIN-1_4500x3600_EXPOSURE-300.00s.xisf",
    "master_flat_path": "",
    "require_size_match": true, "require_exposure_match": true, "exposure_tolerance_s": 0.5,
    "require_temperature_match": false, "temperature_tolerance_c": 1.0,
    "allow_no_calibration": false, "dark_optimization": 0, "dark_scale_factor": 1.0
  },
  "log_level": "INFO", "threads": 0
}

[2026-07-25 15:18:32][INFO][orchestrator] 自动推导项目根目录: F:\Astro dev\Astro CS Normalization Database
[2026-07-25 15:18:32][INFO][orchestrator] 初始化 DLL 加载 (lib_base_dir=F:\Astro dev\Astro CS Normalization Database)
[dll_loader] 开始加载所有模块 (lib_base_dir=F:\Astro dev\Astro CS Normalization Database)
[dll_loader] 设置运行时 DLL 搜索路径: C:\msys64\mingw64\bin
[dll_loader] 加载模块 AIO: F:\Astro dev\Astro CS Normalization Database/lib/astro_image_io/astro_image_io.dll
[dll_loader] 模块 AIO 加载成功 (handle=0x7ffbd2fa0000)
[dll_loader] 预加载 astro_image_io.dll (依赖前置) handle=0x7ffbd2fa0000
[dll_loader] 加载模块 CALIBRATE: F:\Astro dev\Astro CS Normalization Database/lib/calibration/astro_calibration.dll
[dll_loader] 模块 CALIBRATE 加载成功 (handle=0x7ffd26520000)
[dll_loader] 加载模块 PLATESOLVE: F:\Astro dev\Astro CS Normalization Database/lib/plate_solve/cpp/ipv/ipv_solver.dll
[dll_loader] 模块 PLATESOLVE 加载成功 (handle=0x7ffc3ce90000)
[dll_loader] 加载模块 PSF: F:\Astro dev\Astro CS Normalization Database/lib/dynamic_psf/dynamic_psf.dll
[dll_loader] 模块 PSF 加载成功 (handle=0x7ffc3d8a0000)
[dll_loader] 预加载 gaia_client.dll (依赖前置) handle=0x7ffd8ca90000
[dll_loader] 加载模块 PHOTOMETRIC: F:\Astro dev\Astro CS Normalization Database/lib/photometric_calib/cpp/photometric_calib.dll
[dll_loader] 模块 PHOTOMETRIC 加载成功 (handle=0x7ffc32030000)
[dll_loader] 加载模块 SNR: F:\Astro dev\Astro CS Normalization Database/lib/snr_estimator/cpp/snr_estimator.dll
[dll_loader] 模块 SNR 加载成功 (handle=0x7ffc30a20000)
[dll_loader] 加载模块 DRIZZLE: F:\Astro dev\Astro CS Normalization Database/lib/healpix_db/healpix_drizzle/healpix_drizzle.dll
[dll_loader] 模块 DRIZZLE 加载成功 (handle=0x7ffc1c350000)
[dll_loader] 加载模块 GRADIENT_SPHERE: F:\Astro dev\Astro CS Normalization Database/lib/healpix_db/healpix_stack/healpix_stack.dll
[dll_loader] 模块 GRADIENT_SPHERE 加载成功 (handle=0x7ffbd2c20000)
[dll_loader] 加载模块 STACK: F:\Astro dev\Astro CS Normalization Database/lib/healpix_db/healpix_stack/healpix_stack.dll
[dll_loader] 模块 STACK 加载成功 (handle=0x7ffbd2c20000)
[dll_loader] 全部模块加载成功
[2026-07-25 15:18:32][INFO][orchestrator] 全部 9 个模块加载成功
[2026-07-25 15:18:32][INFO][orchestrator]   AIO 版本: unknown
[2026-07-25 15:18:32][INFO][orchestrator]   CALIBRATE 版本: Astro Calibration C++ v1.0.0
[2026-07-25 15:18:32][INFO][orchestrator]   PLATESOLVE 版本: unknown
[2026-07-25 15:18:32][INFO][orchestrator]   PSF 版本: unknown
[2026-07-25 15:18:32][INFO][orchestrator]   PHOTOMETRIC 版本: unknown
[2026-07-25 15:18:32][INFO][orchestrator]   SNR 版本: unknown
[2026-07-25 15:18:32][INFO][orchestrator]   DRIZZLE 版本: unknown
[2026-07-25 15:18:32][INFO][orchestrator]   GRADIENT_SPHERE 版本: unknown
[2026-07-25 15:18:32][INFO][orchestrator]   STACK 版本: unknown
[dll_loader] CALIBRATE 线程数设置为 16
[2026-07-25 15:18:32][INFO][orchestrator] CALIBRATE 线程数: 16
[2026-07-25 15:18:32][DEBUG][PIPELINE] frame_create: ok
[2026-07-25 15:18:32][INFO][orchestrator] ---------- stage1 阶段: READ_FITS ----------
[2026-07-25 15:18:32][INFO][orchestrator] [READ_FITS] 开始: testdata\Galaxy_Center_T4\lights\panel1\Galaxy_Center_mosaic1_T4_flying_dutchman-20250702@061703-180S-Red.fts
[2026-07-25 15:18:32][INFO][FITS] Reading: testdata\Galaxy_Center_T4\lights\panel1\Galaxy_Center_mosaic1_T4_flying_dutchman-20250702@061703-180S-Red.fts
[2026-07-25 15:18:32][INFO][FITS] Header: BITPIX=16 NAXIS=2 NAXIS1=4500 NAXIS2=3600 NAXIS3=0 BSCALE=1.0 BZERO=32768.0 keywords=68
[2026-07-25 15:18:32][INFO][FITS] Applying BSCALE=1.000000 BZERO=32768.000000
[2026-07-25 15:18:32][INFO][FITS] Read OK: 4500x3600 1ch BITPIX=16
[2026-07-25 15:18:32][INFO][API] aio_read_fits: 0.038 s
[2026-07-25 15:18:32][INFO][orchestrator] [READ_FITS] 图像尺寸: 4500x3600
[2026-07-25 15:18:32][DEBUG][PIPELINE] add_block: 'data' type=0 count=16200000 (64800000 bytes)
[2026-07-25 15:18:32][INFO][orchestrator] [READ_FITS] FITS 关键字数: 68
[2026-07-25 15:18:32][INFO][orchestrator] [READ_FITS] 完成
[2026-07-25 15:18:32][INFO][orchestrator] [0.064063s] READ_FITS 完成
[2026-07-25 15:18:32][INFO][orchestrator] ---------- stage1 阶段: CALIBRATE ----------
[2026-07-25 15:18:32][INFO][orchestrator] [CALIBRATE] 开始
[2026-07-25 15:18:32][INFO][orchestrator] [CALIBRATE] 图像: 4500x3600 (16200000 像素)
[2026-07-25 15:18:32][INFO][orchestrator] [CALIBRATE] 帧元数据: EXPTIME=180.000000s, FILTER='Red', CCD-TEMP=-20.000000C
[2026-07-25 15:18:32][INFO][orchestrator] [CALIBRATE] calibration_dir: F:\Astro dev\Astro CS Normalization Database\testdata/T4 calibration files
[2026-07-25 15:18:32][INFO][orchestrator] [CALIBRATE] 自动推导 master_bias_path: F:\Astro dev\Astro CS Normalization Database\testdata/T4 calibration files\masterBias_BIN-1_4500x3600.xisf
[2026-07-25 15:18:32][INFO][orchestrator] [CALIBRATE] 自动推导 master_flat_path: F:\Astro dev\Astro CS Normalization Database\testdata/T4 calibration files\masterFlat_BIN-1_4500x3600_FILTER-Red_mono.xisf
[2026-07-25 15:18:32][INFO][XISF] Reading: F:\Astro dev\Astro CS Normalization Database\testdata/T4 calibration files\masterBias_BIN-1_4500x3600.xisf
[2026-07-25 15:18:32][INFO][XISF] XML header length: 47448 bytes
[2026-07-25 15:18:32][INFO][XISF] Image: 4500x3600x1 fmt=Float32 byteOrder= offset=49152 size=64800000
[2026-07-25 15:18:32][INFO][XISF] Byte order: file= system=little swap=0
[2026-07-25 15:18:32][INFO][XISF] Read OK: 4500x3600 1ch fmt=Float32 keywords=492
[2026-07-25 15:18:32][INFO][API] aio_read_xisf: 0.049 s
[2026-07-25 15:18:32][INFO][orchestrator] [CALIBRATE] 加载 Master: F:\Astro dev\Astro CS Normalization Database\testdata/T4 calibration files\masterBias_BIN-1_4500x3600.xisf (4500x3600)
[2026-07-25 15:18:32][INFO][XISF] Reading: testdata/T4 calibration files/masterDark_BIN-1_4500x3600_EXPOSURE-300.00s.xisf
[2026-07-25 15:18:32][INFO][XISF] XML header length: 19931 bytes
[2026-07-25 15:18:32][INFO][XISF] Image: 4500x3600x1 fmt=Float32 byteOrder= offset=20480 size=64800000
[2026-07-25 15:18:32][INFO][XISF] Byte order: file= system=little swap=0
[2026-07-25 15:18:32][INFO][XISF] Read OK: 4500x3600 1ch fmt=Float32 keywords=192
[2026-07-25 15:18:32][INFO][API] aio_read_xisf: 0.211 s
[2026-07-25 15:18:32][INFO][orchestrator] [CALIBRATE] 加载 Master: testdata/T4 calibration files/masterDark_BIN-1_4500x3600_EXPOSURE-300.00s.xisf (4500x3600)
[2026-07-25 15:18:32][INFO][XISF] Reading: F:\Astro dev\Astro CS Normalization Database\testdata/T4 calibration files\masterFlat_BIN-1_4500x3600_FILTER-Red_mono.xisf
[2026-07-25 15:18:32][INFO][XISF] XML header length: 20520 bytes
[2026-07-25 15:18:32][INFO][XISF] Image: 4500x3600x1 fmt=Float32 byteOrder= offset=24576 size=64800000
[2026-07-25 15:18:32][INFO][XISF] Byte order: file= system=little swap=0
[2026-07-25 15:18:32][INFO][XISF] Read OK: 4500x3600 1ch fmt=Float32 keywords=193
[2026-07-25 15:18:32][INFO][API] aio_read_xisf: 0.037 s
[2026-07-25 15:18:32][INFO][orchestrator] [CALIBRATE] 加载 Master: F:\Astro dev\Astro CS Normalization Database\testdata/T4 calibration files\masterFlat_BIN-1_4500x3600_FILTER-Red_mono.xisf (4500x3600)
[2026-07-25 15:18:32][ERROR][orchestrator] [CALIBRATE] master_dark 曝光时间不匹配: dark=300.000000s vs frame=180.000000s (tolerance=0.500000s)
[2026-07-25 15:18:32][ERROR][orchestrator] [CALIBRATE] Master 文件验证失败, 中止校准
[2026-07-25 15:18:32][INFO][orchestrator] [0.302906s] CALIBRATE 失败
[2026-07-25 15:18:32][DEBUG][PIPELINE] frame_destroy: ok
[2026-07-25 15:18:32][INFO][orchestrator] ========== stage1 失败 ==========
{
  "success": false,
  "frame_name": "testdata\\Galaxy_Center_T4\\lights\\panel1\\Galaxy_Center_mosaic1_T4_flying_dutchman-20250702@061703-180S-Red.fts",
  "timings": [
    {"stage": "CALIBRATE", "name": "READ_FITS", "duration_sec": 0.0640633, "success": true},
    {"stage": "CALIBRATE", "name": "CALIBRATE", "duration_sec": 0.302906, "success": false}
  ],
  "wcs_fields": {},
  "photo_stats": {},
  "output_ahpx_path": "",
  "error_msg": "[CALIBRATE] Master 文件验证失败 (尺寸/曝光/温度不匹配)"
}
[2026-07-25 15:18:32][INFO][orchestrator] 析构完成
[dll_loader] 卸载所有模块
[dll_loader] 卸载模块 CALIBRATE
[dll_loader] 卸载模块 PLATESOLVE
[dll_loader] 卸载模块 PSF
[dll_loader] 卸载模块 PHOTOMETRIC
[dll_loader] 卸载模块 SNR
[dll_loader] 卸载模块 DRIZZLE
[dll_loader] 卸载模块 GRADIENT_SPHERE
[dll_loader] 卸载模块 AIO
