=== IPV Plate Solve Log ===
[2026-07-25 12:43:36][INFO] === triangle_match 开始: N_U=60, N_W=60, n_A0=60, n_B0=60, tol=0.0020, s0=6.1879 ===
[2026-07-25 12:43:36][INFO] triangle_match: stage=0, nA=60, nB=60
[2026-07-25 12:43:36][INFO] triangle_match_single: n_A=60, n_B=60, tol=0.0020, s0=6.1879, scale=[0.1347,0.2020]
[2026-07-25 12:43:36][DEBUG] stars_to_triangles: N=60, expected=34220, valid=34220, skipped_degenerate=0 (并行, 16 线程)
[2026-07-25 12:43:36][DEBUG] stars_to_triangles: prune_triangle_array ba>0.9 剪枝: before=34220, after=24670, pruned=9550
[2026-07-25 12:43:36][DEBUG] stars_to_triangles: N=60, expected=34220, valid=34220, skipped_degenerate=0 (并行, 16 线程)
[2026-07-25 12:43:36][DEBUG] stars_to_triangles: prune_triangle_array ba>0.9 剪枝: before=34220, after=25292, pruned=8928
[2026-07-25 12:43:36][INFO] make_vote_matrix: n_A=24670, n_B=25292, matched_triangles=36469, vote_matrix=60x60, scale_rejected=50327 (range=[0.1347,0.2020]) [并行 16 线程]
[2026-07-25 12:43:36][INFO] top_vote_getters: 矩阵=60x60, 候选对数(vote>=2)=3597, top_n=60
[2026-07-25 12:43:36][INFO] top_vote_getters: V4.25 去重后 top_pairs=60, 去重剔除=3336
[2026-07-25 12:43:36][INFO]   [调试] top[0]: u=34 w=34, votes=647
[2026-07-25 12:43:36][INFO]   [调试] top[1]: u=50 w=46, votes=645
[2026-07-25 12:43:36][INFO]   [调试] top[2]: u=54 w=35, votes=644
[2026-07-25 12:43:36][INFO]   [调试] top[3]: u=32 w=10, votes=630
[2026-07-25 12:43:36][INFO]   [调试] top[4]: u=33 w=33, votes=630
[2026-07-25 12:43:36][INFO]   [调试] top[5]: u=12 w=9, votes=616
[2026-07-25 12:43:36][INFO]   [调试] top[6]: u=10 w=0, votes=612
[2026-07-25 12:43:36][INFO]   [调试] top[7]: u=47 w=36, votes=609
[2026-07-25 12:43:36][INFO]   [调试] top[8]: u=44 w=16, votes=607
[2026-07-25 12:43:36][INFO]   [调试] top[9]: u=11 w=1, votes=604
[2026-07-25 12:43:36][INFO] triangle_match_single 完成: tri_A=24670, tri_B=25292, vote_matrix=60x60, max_vote=647, 候选对数(vote>=2)=3597, top_pairs=60
[2026-07-25 12:43:36][INFO] triangle_match: stage=0 成功 (max_vote=647 >= 3), 停止自适应
[2026-07-25 12:43:36][INFO] === triangle_match 结束: tri_A=24670, tri_B=25292, top_pairs=60, max_vote=647, success=1 ===
