[P12-006] 开始处理 16 帧正式 HISS
  源目录: f:\Astro dev\Astro CS Normalization Database\engineering_v1.3\evidence\P12-004\raw_logs
  目标目录: f:\Astro dev\Astro CS Normalization Database\engineering_v1.3\evidence\P12-006\hiss

=== [1/16] T4/RED/Galaxy_Center ===
[P12-006] T4/RED/Galaxy_Center: Galaxy_Center_mosaic1_T4_flying_dutchman-20250702@061703-180S-Red.fts
  复制: T4_RED_Galaxy_Center.hiss -> f:\Astro dev\Astro CS Normalization Database\engineering_v1.3\evidence\P12-006\hiss\T4_RED_Galaxy_Center.hiss
  PASS: nside=512 n_pix=3928 n_points=1984 snr_phot=0.0000 median_snr=0.0000

=== [2/16] T4/GREEN/Galaxy_Center ===
[P12-006] T4/GREEN/Galaxy_Center: Galaxy_Center_mosaic1_T4_flying_dutchman-20250702@063620-180S-Green.fts
  复制: T4_GREEN_Galaxy_Center.hiss -> f:\Astro dev\Astro CS Normalization Database\engineering_v1.3\evidence\P12-006\hiss\T4_GREEN_Galaxy_Center.hiss
  PASS: nside=512 n_pix=3931 n_points=1966 snr_phot=0.0000 median_snr=0.0000

=== [3/16] T4/BLUE/Galaxy_Center ===
[P12-006] T4/BLUE/Galaxy_Center: Galaxy_Center_mosaic1_T4_flying_dutchman-20250703@055414-180S-Blue.fts
  复制: T4_BLUE_Galaxy_Center.hiss -> f:\Astro dev\Astro CS Normalization Database\engineering_v1.3\evidence\P12-006\hiss\T4_BLUE_Galaxy_Center.hiss
  PASS: nside=512 n_pix=3943 n_points=1922 snr_phot=0.0000 median_snr=0.0000

=== [4/16] T4/HA/Galaxy_Center ===
[P12-006] T4/HA/Galaxy_Center: Galaxy_Center_mosaic1_T4_flying_dutchman-20250703@061318-300S-H-alpha.fts
  复制: T4_HA_Galaxy_Center.hiss -> f:\Astro dev\Astro CS Normalization Database\engineering_v1.3\evidence\P12-006\hiss\T4_HA_Galaxy_Center.hiss
  PASS: nside=512 n_pix=3933 n_points=1945 snr_phot=0.0000 median_snr=0.0000

=== [5/16] T4/OIII/Galaxy_Center ===
[P12-006] T4/OIII/Galaxy_Center: Galaxy_Center_mosaic1_T4_flying_dutchman-20250703@063631-600S-Oiii.fts
  复制: T4_OIII_Galaxy_Center.hiss -> f:\Astro dev\Astro CS Normalization Database\engineering_v1.3\evidence\P12-006\hiss\T4_OIII_Galaxy_Center.hiss
  PASS: nside=512 n_pix=3941 n_points=1849 snr_phot=0.0000 median_snr=0.0000

=== [6/16] T2/RED/LDN43 ===
[P12-006] T2/RED/LDN43: LDN43_LRGBH_flying_dutchman-20250503@032713-1200S-Red.fts
  复制: T2_RED_LDN43.hiss -> f:\Astro dev\Astro CS Normalization Database\engineering_v1.3\evidence\P12-006\hiss\T2_RED_LDN43.hiss
  PASS: nside=2048 n_pix=1573 n_points=1930 snr_phot=0.0000 median_snr=0.0000

=== [7/16] T2/GREEN/LDN43 ===
[P12-006] T2/GREEN/LDN43: LDN43_LRGBH_flying_dutchman-20250503@034804-1200S-Green.fts
  复制: T2_GREEN_LDN43.hiss -> f:\Astro dev\Astro CS Normalization Database\engineering_v1.3\evidence\P12-006\hiss\T2_GREEN_LDN43.hiss
  PASS: nside=2048 n_pix=1573 n_points=1953 snr_phot=0.0000 median_snr=0.0000

=== [8/16] T2/BLUE/LDN43 ===
[P12-006] T2/BLUE/LDN43: LDN43_LRGBH_flying_dutchman-20250503@040855-1200S-Blue.fts
  复制: T2_BLUE_LDN43.hiss -> f:\Astro dev\Astro CS Normalization Database\engineering_v1.3\evidence\P12-006\hiss\T2_BLUE_LDN43.hiss
  PASS: nside=2048 n_pix=1573 n_points=1908 snr_phot=0.0000 median_snr=0.0000

=== [9/16] T2/HA/LDN43 ===
[P12-006] T2/HA/LDN43: LDN43_LRGBH_flying_dutchman-20250503@042947-1200S-H-alpha.fts
  复制: T2_HA_LDN43.hiss -> f:\Astro dev\Astro CS Normalization Database\engineering_v1.3\evidence\P12-006\hiss\T2_HA_LDN43.hiss
  PASS: nside=2048 n_pix=1572 n_points=499 snr_phot=0.0000 median_snr=0.0000

=== [10/16] T2/OIII/NGC1727 ===
[P12-006] T2/OIII/NGC1727: NGC1727_RGBHO_T2_flying_dutchman-20251031@075259-1800S-OIII.fts
  复制: T2_OIII_NGC1727.hiss -> f:\Astro dev\Astro CS Normalization Database\engineering_v1.3\evidence\P12-006\hiss\T2_OIII_NGC1727.hiss
  PASS: nside=2048 n_pix=1564 n_points=1940 snr_phot=0.0000 median_snr=0.0000

=== [11/16] T3/RED/NGC55 ===
[P12-006] T3/RED/NGC55: NGC55_T3_flying_dutchman-20250701@074114-600S-Red.fts
  复制: T3_RED_NGC55.hiss -> f:\Astro dev\Astro CS Normalization Database\engineering_v1.3\evidence\P12-006\hiss\T3_RED_NGC55.hiss
  PASS: nside=2048 n_pix=1536 n_points=557 snr_phot=0.0000 median_snr=0.0000

=== [12/16] T3/GREEN/NGC55 ===
[P12-006] T3/GREEN/NGC55: NGC55_T3_flying_dutchman-20250701@075153-600S-Green.fts
  复制: T3_GREEN_NGC55.hiss -> f:\Astro dev\Astro CS Normalization Database\engineering_v1.3\evidence\P12-006\hiss\T3_GREEN_NGC55.hiss
  PASS: nside=2048 n_pix=1535 n_points=546 snr_phot=0.0000 median_snr=0.0000

=== [13/16] T3/BLUE/NGC55 ===
[P12-006] T3/BLUE/NGC55: NGC55_T3_flying_dutchman-20250701@080333-600S-Blue.fts
  复制: T3_BLUE_NGC55.hiss -> f:\Astro dev\Astro CS Normalization Database\engineering_v1.3\evidence\P12-006\hiss\T3_BLUE_NGC55.hiss
  PASS: nside=2048 n_pix=1533 n_points=494 snr_phot=0.0000 median_snr=0.0000

=== [14/16] T3/HA/NGC55 ===
[P12-006] T3/HA/NGC55: NGC55_T3_flying_dutchman-20250701@081412-1200S-H-alpha.fts
  复制: T3_HA_NGC55.hiss -> f:\Astro dev\Astro CS Normalization Database\engineering_v1.3\evidence\P12-006\hiss\T3_HA_NGC55.hiss
  PASS: nside=2048 n_pix=1535 n_points=234 snr_phot=0.0000 median_snr=0.0000

=== [15/16] T3/OIII/NGC55 ===
[P12-006] T3/OIII/NGC55: NGC55_T3_flying_dutchman-20250701@083458-1200S-Oiii.fts
  复制: T3_OIII_NGC55.hiss -> f:\Astro dev\Astro CS Normalization Database\engineering_v1.3\evidence\P12-006\hiss\T3_OIII_NGC55.hiss
  PASS: nside=2048 n_pix=1535 n_points=235 snr_phot=0.0000 median_snr=0.0000

=== [16/16] T3/LUM/NGC55 ===
[P12-006] T3/LUM/NGC55: NGC55_T3_flying_dutchman-20250703@075400-600S-Lum.fts
  复制: T3_LUM_NGC55.hiss -> f:\Astro dev\Astro CS Normalization Database\engineering_v1.3\evidence\P12-006\hiss\T3_LUM_NGC55.hiss
  PASS: nside=2048 n_pix=1536 n_points=875 snr_phot=0.0000 median_snr=0.0000

[P12-006] 完成: 16/16 PASS, 0 FAIL, 0 MISSING, 总耗时 0.11s
[P12-006] HISS 清单: f:\Astro dev\Astro CS Normalization Database\engineering_v1.3\evidence\P12-006\reports\hiss_inventory.csv
[P12-006] 摘要: f:\Astro dev\Astro CS Normalization Database\engineering_v1.3\evidence\P12-006\reports\hiss_generation_summary.json
