=== IPV Plate Solve Log ===
[2026-07-25 12:45:16][INFO] iter_trans_solve: U=60, W=60, initial_pairs=60, tol=5.00, order=3
[2026-07-25 12:45:16][DEBUG] calc_trans_general: order=3, n_pairs=20, 拟合成功
[2026-07-25 12:45:16][INFO] iter_trans_inner: 初始拟合完成, 初始工作集=20, order=3
[2026-07-25 12:45:16][INFO]   [调试] 初始 TRANS: x00=-127.3482 y00=562.2288, x10=6.307989 x01=-0.000886 y10=-0.002089 y01=-6.309462
[2026-07-25 12:45:16][INFO]   [调试] 初始对[0]: u=26 w=34, U=(-448.26,725.79), W=(-2954.57,-4014.49), pred=(-2954.90,-4014.56), dist=0.3439" (dx=-0.34 dy=-0.06)
[2026-07-25 12:45:16][INFO]   [调试] 初始对[1]: u=46 w=37, U=(-706.68,674.44), W=(-4584.56,-3689.30), pred=(-4583.95,-3689.53), dist=0.6514" (dx=0.61 dy=-0.23)
[2026-07-25 12:45:16][INFO]   [调试] 初始对[2]: u=7 w=14, U=(-1971.99,1542.84), W=(-12532.76,-9137.71), pred=(-12533.33,-9137.60), dist=0.5829" (dx=-0.57 dy=0.11)
[2026-07-25 12:45:16][INFO]   [调试] 初始对[3]: u=28 w=13, U=(-1597.73,1229.33), W=(-10188.58,-7176.08), pred=(-10188.76,-7174.88), dist=1.2173" (dx=-0.18 dy=1.20)
[2026-07-25 12:45:16][INFO]   [调试] 初始对[4]: u=53 w=36, U=(-844.90,1299.63), W=(-5452.89,-7626.09), pred=(-5452.91,-7626.24), dist=0.1510" (dx=-0.01 dy=-0.15)
[2026-07-25 12:45:16][INFO]   [调试] 初始对[5]: u=31 w=0, U=(-1216.98,-395.75), W=(-7797.25,3058.87), pred=(-7797.01,3059.52), dist=0.6916" (dx=0.24 dy=0.65)
[2026-07-25 12:45:16][INFO] iter_trans_inner: V4.23 工作集扩展 20->60 (nr=nbright)
[2026-07-25 12:45:16][DEBUG] iter 0: 绝对剔除 nr=60→33, nb=27
[2026-07-25 12:45:16][DEBUG] iter 0: sigma(35%)=0.102474 角秒²
[2026-07-25 12:45:16][DEBUG] iter 0: 相对剔除 nr=27, nb=33, rel_thresh=1.024741
[2026-07-25 12:45:16][DEBUG] calc_trans_general: order=3, n_pairs=27, 拟合成功
[2026-07-25 12:45:16][INFO] iter_trans_inner: 完成, nr=27, sig=0.1044, rms=0.3725, iters=1, success=1
[2026-07-25 12:45:16][INFO] iter_trans_solve: 第一轮 iter_trans 成功, inliers=27, rms=0.3725
[2026-07-25 12:45:16][INFO] at_match_lists: U=60, W=60, tol=5.00", U→W单向=33, W→U单向=33, 双向=33, 去重后=33
[2026-07-25 12:45:16][DEBUG] calc_trans_general: order=3, n_pairs=33, 拟合成功
[2026-07-25 12:45:16][INFO] at_recalc_trans: n=33, order=3, sig=0.3498, sx=0.3832, sy=0.4462, rms=0.5882
[2026-07-25 12:45:16][INFO] iter_trans_solve: 第一轮 refit 成功, inliers=33, rms=0.5882
[2026-07-25 12:45:16][INFO] at_match_lists: U=60, W=60, tol=5.00", U→W单向=33, W→U单向=33, 双向=33, 去重后=33
[2026-07-25 12:45:16][DEBUG] calc_trans_general: order=3, n_pairs=33, 拟合成功
[2026-07-25 12:45:16][INFO] at_recalc_trans: n=33, order=3, sig=0.3498, sx=0.3832, sy=0.4462, rms=0.5882
[2026-07-25 12:45:16][INFO] iter_trans_solve: 第二轮 refit 成功, inliers=33, rms=0.5882
[2026-07-25 12:45:16][DEBUG] calc_trans_general: order=3, n_pairs=33, 拟合成功
[2026-07-25 12:45:16][INFO] at_recalc_trans: n=33, order=3, sig=0.3496, sx=0.3833, sy=0.4462, rms=0.5882
[2026-07-25 12:45:16][INFO] at_match_lists: U=60, W=60, tol=5.00", U→W单向=33, W→U单向=33, 双向=33, 去重后=33
[2026-07-25 12:45:16][DEBUG] calc_trans_general: order=3, n_pairs=33, 拟合成功
[2026-07-25 12:45:16][INFO] at_recalc_trans: n=33, order=3, sig=0.3496, sx=0.3833, sy=0.4462, rms=0.5882
[2026-07-25 12:45:16][INFO] at_match_lists: U=60, W=60, tol=5.00", U→W单向=33, W→U单向=33, 双向=33, 去重后=33
[2026-07-25 12:45:16][DEBUG] calc_trans_general: order=3, n_pairs=33, 拟合成功
[2026-07-25 12:45:16][INFO] at_recalc_trans: n=33, order=3, sig=0.3496, sx=0.3833, sy=0.4462, rms=0.5882
