P09-003 canonical_dataset 生成开始: 2026-07-27T10:33:22.538319+00:00

=== 阶段 1: T1-T4 测光代表帧 (7 个 canonical 失败帧) ===
  [P05-001-C001] testdata/Galaxy_Center_T4/lights/panel1/Galaxy_Center_mosaic1_T4_flying_dutchman-20250702@061703-180S-Red.fts size=30.905MB sha256=EC34DD3DB9E90314...
  [P05-001-C002] testdata/LDN43_T2素材_flying_dutchman/lights/LDN43_LRGBH_flying_dutchman-20250503@031525-600S-Lum.fts size=32.011MB sha256=D67D56BB142DD1BC...
  [P05-001-C003] testdata/NGC1727_T2_flying_dutchman/lights/NGC1727_RGBHO_T2_flying_dutchman-20251031@064517-600S-Red.fts size=32.011MB sha256=F0AADA0594B8475D...
  [P05-001-C004] testdata/NGC247_T2_flying_dutchman/lights/NGC247_T2_flying_dutchman-20250816@033428-600S-Lum.fts size=32.011MB sha256=6B0A2D2D0C330870...
  [P05-001-C005] testdata/NGC55_T3_flying_dutchman/lights/NGC55_T3_flying_dutchman-20250701@074114-600S-Red.fts size=32.006MB sha256=AA5172C6BB652E95...
  [P05-001-C006] testdata/NGC83_cluster_T3_Flying_Dutchman/lights/NGC90_2025wwk_T3_flying_dutchman-20251011@020846-600S-Red.fts size=32.011MB sha256=72F3AD2487D0F201...
  [P05-001-C007] testdata/Victory_Nebula_T4_Flying_Dutchman/lights/Victory_Nebula_mosaic1_flying_dutchman-20250204@035646-180S-Lum.fts size=30.905MB sha256=E43B88A4BDD8C930...

=== 阶段 2: Galaxy Center 32 Red 帧 (panel1=11, panel2=11, panel3=10) ===
  [panel1] Galaxy_Center_mosaic1_T4_flying_dutchman-20250702@061703-180S-Red.fts size=30.905MB sha256=EC34DD3DB9E90314...
  [panel1] Galaxy_Center_mosaic1_T4_flying_dutchman-20250702@062109-180S-Red.fts size=30.905MB sha256=55D3E8B581DB56DF...
  [panel1] Galaxy_Center_mosaic1_T4_flying_dutchman-20250702@062457-180S-Red.fts size=30.905MB sha256=DE5D64A976AC7447...
  [panel1] Galaxy_Center_mosaic1_T4_flying_dutchman-20250702@062844-180S-Red.fts size=30.905MB sha256=E9BF3BBC49A4A771...
  [panel1] Galaxy_Center_mosaic1_T4_flying_dutchman-20250702@063231-180S-Red.fts size=30.905MB sha256=3A4F4DD2F96E330A...
  [panel1] Galaxy_Center_mosaic1_T4_flying_dutchman-20250703@051551-180S-Red.fts size=30.905MB sha256=EF997CD9419D3F10...
  [panel1] Galaxy_Center_mosaic1_T4_flying_dutchman-20250703@051958-180S-Red.fts size=30.905MB sha256=24A14D003635021B...
  [panel1] Galaxy_Center_mosaic1_T4_flying_dutchman-20250703@052346-180S-Red.fts size=30.905MB sha256=234DDD317EB0BB0B...
  [panel1] Galaxy_Center_mosaic1_T4_flying_dutchman-20250703@052735-180S-Red.fts size=30.905MB sha256=2DE9CD701DF01CDF...
  [panel1] Galaxy_Center_mosaic1_T4_flying_dutchman-20250703@053123-180S-Red.fts size=30.905MB sha256=951748C7AF832ABA...
  [panel1] Galaxy_Center_mosaic1_T4_flying_dutchman-20250813@011752-180S-Red.fts size=30.905MB sha256=715EDE0F76F4329B...
  [panel2] Galaxy_Center_mosaic2_T4_flying_dutchman-20250716@002647-180S-Red.fts size=30.905MB sha256=46B09D79CB3EF0A8...
  [panel2] Galaxy_Center_mosaic2_T4_flying_dutchman-20250716@003055-180S-Red.fts size=30.905MB sha256=6F34B9F039F852F2...
  [panel2] Galaxy_Center_mosaic2_T4_flying_dutchman-20250716@003443-180S-Red.fts size=30.905MB sha256=D2BE9F71AE849797...
  [panel2] Galaxy_Center_mosaic2_T4_flying_dutchman-20250716@003831-180S-Red.fts size=30.905MB sha256=2C1F45EC8BF203E4...
  [panel2] Galaxy_Center_mosaic2_T4_flying_dutchman-20250716@004219-180S-Red.fts size=30.905MB sha256=B0D3C25EC92E3D97...
  [panel2] Galaxy_Center_mosaic2_T4_flying_dutchman-20250717@031324-180S-Red.fts size=30.905MB sha256=F38159B2C09BB1D0...
  [panel2] Galaxy_Center_mosaic2_T4_flying_dutchman-20250717@031717-180S-Red.fts size=30.905MB sha256=71F8B0CEC7DEF4C7...
  [panel2] Galaxy_Center_mosaic2_T4_flying_dutchman-20250717@032221-180S-Red.fts size=30.905MB sha256=E7FDDABD7D18695B...
  [panel2] Galaxy_Center_mosaic2_T4_flying_dutchman-20250717@032620-180S-Red.fts size=30.905MB sha256=6D6A6ED6FFF438ED...
  [panel2] Galaxy_Center_mosaic2_T4_flying_dutchman-20250717@033543-180S-Red.fts size=30.905MB sha256=392BA187D20FC61A...
  [panel2] Galaxy_Center_mosaic2_T4_flying_dutchman-20250717@033941-180S-Red.fts size=30.905MB sha256=F4519121AA5F0375...
  [panel3] Galaxy_Center_mosaic3_T4_flying_dutchman-20250718@001638-180S-Red.fts size=30.905MB sha256=FDB14265C5ECFA05...
  [panel3] Galaxy_Center_mosaic3_T4_flying_dutchman-20250718@002045-180S-Red.fts size=30.905MB sha256=6D769B01DE4E2814...
  [panel3] Galaxy_Center_mosaic3_T4_flying_dutchman-20250718@002432-180S-Red.fts size=30.905MB sha256=A5402EA48014692E...
  [panel3] Galaxy_Center_mosaic3_T4_flying_dutchman-20250718@002821-180S-Red.fts size=30.905MB sha256=FF53A3330414BA69...
  [panel3] Galaxy_Center_mosaic3_T4_flying_dutchman-20250718@003210-180S-Red.fts size=30.905MB sha256=309AAA79A79F9F27...
  [panel3] Galaxy_Center_mosaic3_T4_flying_dutchman-20250718@003556-180S-Red.fts size=30.905MB sha256=8733DC19EA18E3AE...
  [panel3] Galaxy_Center_mosaic3_T4_flying_dutchman-20250718@003945-180S-Red.fts size=30.905MB sha256=1D64C29B4BBA25DA...
  [panel3] Galaxy_Center_mosaic3_T4_flying_dutchman-20250718@004333-180S-Red.fts size=30.905MB sha256=A2B2EAA450C99475...
  [panel3] Galaxy_Center_mosaic3_T4_flying_dutchman-20250718@004720-180S-Red.fts size=30.905MB sha256=ACCCC612F268FD77...
  [panel3] Galaxy_Center_mosaic3_T4_flying_dutchman-20250718@005108-180S-Red.fts size=30.905MB sha256=53530B10BF9F4EE4...
  总计 Galaxy Center Red 帧: 32

=== 阶段 3: 当前 HCSD 代表文件 ===
  [P07-001-stage2-run1] engineering/evidence/P07-001/output/stage2_run1.hcsd size=178.771MB sha256=2A9BD12E0F91BB59...
  [P07-001-stage2-run2] engineering/evidence/P07-001/output/stage2_run2.hcsd size=178.771MB sha256=2A9BD12E0F91BB59...
  [P07-002-stage2-repeat-1] engineering/evidence/P07-002/output/stage2_repeat_1.hcsd size=178.771MB sha256=2A9BD12E0F91BB59...
  [P08-002-clean-env-stage2-baseline] engineering/evidence/P08-002/clean_env/testdata/stage2_baseline.hcsd size=178.771MB sha256=2A9BD12E0F91BB59...

=== 阶段 4: 浏览器默认 HISS + 固定视角 ===
  [browser_default_hiss] output/pipeline_debug/Galaxy_Center_mosaic1_T4_flying_dutchman-20250702@061703-180S-Red/drizzle/T4_2x_nside65536.hiss size=705.087MB sha256=54B571C4B11CAF17...

=== 阶段 5: 装配 canonical_dataset_v1.2.json ===
  写出: engineering_v1.2\evidence\P09-003\canonical_dataset_v1.2.json
  写出: engineering_v1.2\evidence\P09-003\hashes\all_hashes.json

P09-003 canonical_dataset 生成完成. 耗时 6.66s