=== IPV Plate Solve Log ===
[2026-07-25 12:45:21][INFO] ==== IPVSolver::solve_from_detections_v1 开始 (P02-002 路径 A) ====
[2026-07-25 12:45:21][INFO]   detections=2000 颗, image=4500x3600
[2026-07-25 12:45:21][INFO]   ra0=272.808333 deg, dec0=-13.176944 deg
[2026-07-25 12:45:21][INFO]   focal_length=200.000 mm, pixel_size=6.000 um
[2026-07-25 12:45:21][INFO] === ipv_select_from_detections 启动 (路径 A) ===
[2026-07-25 12:45:21][INFO] Step 1: 使用外部 detections 2000 颗, 图像 4500×3600 (路径 A, 跳过 sdet_detect_ex)
[2026-07-25 12:45:21][INFO]   detections: 2000 颗 (饱和 73, 正常 1927)
[2026-07-25 12:45:21][INFO] Step 3: 图像侧选星
[2026-07-25 12:45:21][INFO] 选星: 按 mag(box积分) 升序取前 60 颗 (含饱和 50 颗)
[2026-07-25 12:45:21][INFO]   U 向量组: 60×2 (s0=6.1879"/px)
[2026-07-25 12:45:21][INFO] Step 4: FOV/密度计算
[2026-07-25 12:45:21][INFO] FOV计算: s0=6.1879"/px, FOV_diag=9.9056°, query_r=5.4481°, img_area=47.86341°², query_area=93.24654°², rho_img=1.25, rho_target=1.88, n_target=60
[2026-07-25 12:45:21][INFO] Step 5: V4.9 密度公式估算极限星等 (替代迭代)
[2026-07-25 12:45:21][INFO] 密度估算极限星等: G=9.815 (n_required=60, area=93.2465°², rho_target=0.64/°²)
[2026-07-25 12:45:21][INFO] Step 6: 用 m_lim=9.815 查询 Gaia 星表
[2026-07-25 12:45:21][INFO] Step 7: Gnomonic 投影 + FOV 过滤
[2026-07-25 12:45:21][INFO]   W 向量组: 60×2 (FOV 内 600, 取最亮 60, gaia_ra/dec 已保存)
[2026-07-25 12:45:21][INFO] === ipv_select_from_detections 完成 (路径 A) ===
[2026-07-25 12:45:21][INFO] [P02-002] n_target=60, max_vote=686, threshold=2
[2026-07-25 12:45:21][INFO]   [阶段] triangle_match (n=60): 70.30 ms, max_vote=686, top_pairs=60, success=1
[2026-07-25 12:45:21][INFO]   [阶段] triangle_match: 70.32 ms, n_target_used=60
[2026-07-25 12:45:21][INFO]   N_U=60, N_W=60, s0=6.1879 arcsec/px, img=4500x3600, fov_diag=9.9056 deg
[2026-07-25 12:45:21][INFO]   [阶段] iter_trans_solve: 0.74 ms, n_inliers=41, rms=0.5863, iters=3, success=1
[2026-07-25 12:45:21][INFO]   [诊断] iterative_reproject 入口: U.size=60, gaia_ra.size=60, gaia_dec.size=60, initial_inliers.size=41, s0=6.1879, img=4500x3600
[2026-07-25 12:45:21][INFO] iterative_reproject: 开始 (N_W=60, n_inliers=41, s0=6.1879"/px, max_iter=5, conv_thresh=0.0100")
[2026-07-25 12:45:21][INFO]   iter 0: ra_cur=272.808333 dec_cur=-13.176944, xi_center=243.6465" eta_center=93.8229", conv=261.0869" (thresh=0.0100")
[2026-07-25 12:45:21][INFO]   iter 0: 新中心 ra=272.877836 dec=-13.150873 (Δra=0.069502° Δdec=0.026071°)
[2026-07-25 12:45:21][INFO]   iter 0: at_recalc_trans 成功, n=41, sig=0.3755, rms=0.5864, x00=-0.0010 y00=-0.0007 (asec)
[2026-07-25 12:45:21][INFO]   iter 1: 收敛 (TRANS 常数项 = 0.0012" < 0.0100")
[2026-07-25 12:45:21][INFO] iterative_reproject: 完成 (收敛), ra=272.808333→272.877836 dec=-13.176944→-13.150873, n_matched=41 (固定), iters=1, conv=0.0012"
[2026-07-25 12:45:21][INFO]   [阶段] iterative_reproject: 0.21 ms, success=1, ra=272.808333→272.877836, dec=-13.176944→-13.150873, n_matched=41, iters=1, conv=0.0012"
[2026-07-25 12:45:21][INFO]   [阶段] hi_order_rematch iter 0: n_matched=41 (min=10, order=3)
[2026-07-25 12:45:21][INFO]   [阶段] hi_order_rematch iter 1: 收敛 (dn=0, drms=0.0000)
[2026-07-25 12:45:21][INFO]   [阶段] hi_order_rematch: 0.11 ms, n_matched=41, trans.order=3
[2026-07-25 12:45:21][INFO] ==== robust_refine_wcs 开始 (V4.30) ====
  U_full=2000, mag_full=2000, gaia=60
  ra0=272.877836, dec0=-13.150873, s0=6.1879"/px, fov=9.9056°, img=4500x3600
  initial_rms=0.3755", trans.order=3
[2026-07-25 12:45:21][INFO]   [robust_refine] 网格采样: FOV=9.906°, G_short=4, N_long=5, n_cells=20, quota=9, narrow_all=0, N_full=2000
[2026-07-25 12:45:21][INFO]   [robust_refine] 网格采样完成: 选中 180 颗 (上限 300, 下限 100)
[2026-07-25 12:45:21][INFO]   [robust_refine] NN 匹配: U=180, W=60, tol=1.000", Lowe通过=51, 双向=51
[2026-07-25 12:45:21][INFO]   [robust_refine] baseline: initial_rms=0.3755" (60星), U_pool RMS=0.5279" (180 星, matched=51)
[2026-07-25 12:45:21][INFO]   [robust_refine] NN 匹配: U=180, W=60, tol=1.056", Lowe通过=52, 双向=52
[2026-07-25 12:45:21][INFO]   [robust_refine] 空间一致性: 1/52 可疑 (K=8, σ=0.470")
[2026-07-25 12:45:21][INFO]   [robust_refine] iter 0: tol=1.056", matched=52, rms=0.5279"→0.5124", cd_Δ=5.1068%, damp=0.00e+00
[2026-07-25 12:45:21][INFO]   [robust_refine] NN 匹配: U=180, W=60, tol=0.769", Lowe通过=48, 双向=48
[2026-07-25 12:45:21][INFO]   [robust_refine] iter 1: tol=0.769", matched=48, rms=0.5124"→0.4522", cd_Δ=2.5079%, damp=1.00e+06
[2026-07-25 12:45:21][INFO]   [robust_refine] NN 匹配: U=180, W=60, tol=0.678", Lowe通过=44, 双向=44
[2026-07-25 12:45:21][INFO]   [robust_refine] iter 2: tol=0.678", matched=44, rms=0.4522"→0.4030", cd_Δ=3.3865%, damp=3.46e+03
[2026-07-25 12:45:21][INFO]   [robust_refine] NN 匹配: U=180, W=60, tol=0.403", Lowe通过=26, 双向=26
[2026-07-25 12:45:21][WARN]   [robust_refine] iter 3: matched=26 < 30, 回退
[2026-07-25 12:45:21][INFO] ==== robust_refine_wcs 成功 ====
  iter=3, matched=44, rms=0.4030" (0.0651 px), cd_Δ=5.1068%, pool=180
[2026-07-25 12:45:21][INFO]   [阶段] robust_refine: 成功, n_matched=44, rms=0.4030", iter=3, pool=180, cd_Δ=5.1068%
[2026-07-25 12:45:21][INFO]   [阶段] robust_refine: 0.50 ms
[2026-07-25 12:45:21][INFO]   [诊断] extract_wcs_sip 入口: trans.order=3, trans.valid=1, ra0=272.877836, dec0=-13.150873, img=4500x3600, s0=6.1879, U.size=2000, W.size=60, matched.size=44
[2026-07-25 12:45:21][INFO]   [V4.22] 清零 trans.x00/y00 (saved: x00=-0.0888, y00=-0.1097)
[2026-07-25 12:45:21][INFO] extract_wcs_sip: SIP A/B 解析公式成功, order=3
[2026-07-25 12:45:21][INFO] extract_wcs_sip: SIP AP/BP 网格反变换成功, ap_order=3, n_inv_coef=10, n_grid=49
[2026-07-25 12:45:21][INFO] extract_wcs_sip: CD=[1.751990e-03 4.589385e-07; -7.332235e-07 1.752103e-03], CRVAL=(272.877836, -13.150873), CRPIX=(2250.5, 1800.5), ctype=[RA---TAN-SIP, DEC--TAN-SIP], n_pairs=44, rms_px=0.0651, rms_arcsec=0.4030, trans_order=3, sip_order=3, ap_order=3
[2026-07-25 12:45:21][INFO]   [阶段] extract_wcs_sip: 0.05 ms, success=1, n_pairs=44, rms_px=0.065, rms_arcsec=0.403, trans_order=3, sip_order=3
[2026-07-25 12:45:21][INFO]   最终: n_pairs=44, rms_px=0.065, rms_arcsec=0.403, trans_order=3, sip_order=3, success=1
[2026-07-25 12:45:21][INFO] ==== IPVSolver::solve_from_detections_v1 完成 (P02-002 路径 A) ====
