=== IPV Plate Solve Log ===
[2026-07-25 12:45:21][INFO] iter_trans_solve: U=60, W=60, initial_pairs=60, tol=5.00, order=3
[2026-07-25 12:45:21][DEBUG] calc_trans_general: order=3, n_pairs=20, 拟合成功
[2026-07-25 12:45:21][INFO] iter_trans_inner: 初始拟合完成, 初始工作集=20, order=3
[2026-07-25 12:45:21][INFO]   [调试] 初始 TRANS: x00=243.6729 y00=93.8220, x10=6.307275 x01=-0.003350 y10=-0.004641 y01=-6.307493
[2026-07-25 12:45:21][INFO]   [调试] 初始对[0]: u=46 w=35, U=(-75.83,902.58), W=(-237.49,-5597.51), pred=(-237.75,-5597.41), dist=0.2770" (dx=-0.26 dy=0.10)
[2026-07-25 12:45:21][INFO]   [调试] 初始对[1]: u=50 w=46, U=(1830.69,-1558.04), W=(11763.89,9889.95), pred=(11763.91,9889.98), dist=0.0290" (dx=0.01 dy=0.03)
[2026-07-25 12:45:21][INFO]   [调试] 初始对[2]: u=30 w=10, U=(1028.36,226.38), W=(6725.94,-1338.46), pred=(6726.72,-1338.25), dist=0.8057" (dx=0.78 dy=0.21)
[2026-07-25 12:45:21][INFO]   [调试] 初始对[3]: u=43 w=34, U=(-506.92,652.02), W=(-2954.57,-4014.49), pred=(-2954.95,-4015.09), dist=0.7040" (dx=-0.38 dy=-0.59)
[2026-07-25 12:45:21][INFO]   [调试] 初始对[4]: u=7 w=2, U=(-245.56,-814.22), W=(-1302.10,5228.19), pred=(-1301.87,5228.30), dist=0.2511" (dx=0.22 dy=0.11)
[2026-07-25 12:45:21][INFO]   [调试] 初始对[5]: u=32 w=33, U=(-1799.12,-719.33), W=(-11075.66,4629.86), pred=(-11075.91,4629.58), dist=0.3736" (dx=-0.24 dy=-0.28)
[2026-07-25 12:45:21][INFO] iter_trans_inner: V4.23 工作集扩展 20->60 (nr=nbright)
[2026-07-25 12:45:21][DEBUG] iter 0: 绝对剔除 nr=60→41, nb=19
[2026-07-25 12:45:21][DEBUG] iter 0: sigma(35%)=0.122480 角秒²
[2026-07-25 12:45:21][DEBUG] iter 0: 相对剔除 nr=34, nb=26, rel_thresh=1.224798
[2026-07-25 12:45:21][DEBUG] calc_trans_general: order=3, n_pairs=34, 拟合成功
[2026-07-25 12:45:21][INFO] iter_trans_inner: 完成, nr=34, sig=0.1894, rms=0.4154, iters=1, success=1
[2026-07-25 12:45:21][INFO] iter_trans_solve: 第一轮 iter_trans 成功, inliers=34, rms=0.4154
[2026-07-25 12:45:21][INFO] at_match_lists: U=60, W=60, tol=5.00", U→W单向=41, W→U单向=41, 双向=41, 去重后=41
[2026-07-25 12:45:21][DEBUG] calc_trans_general: order=3, n_pairs=41, 拟合成功
[2026-07-25 12:45:21][INFO] at_recalc_trans: n=41, order=3, sig=0.3744, sx=0.4545, sy=0.3703, rms=0.5863
[2026-07-25 12:45:21][INFO] iter_trans_solve: 第一轮 refit 成功, inliers=41, rms=0.5863
[2026-07-25 12:45:21][INFO] at_match_lists: U=60, W=60, tol=5.00", U→W单向=41, W→U单向=41, 双向=41, 去重后=41
[2026-07-25 12:45:21][DEBUG] calc_trans_general: order=3, n_pairs=41, 拟合成功
[2026-07-25 12:45:21][INFO] at_recalc_trans: n=41, order=3, sig=0.3744, sx=0.4545, sy=0.3703, rms=0.5863
[2026-07-25 12:45:21][INFO] iter_trans_solve: 第二轮 refit 成功, inliers=41, rms=0.5863
[2026-07-25 12:45:21][DEBUG] calc_trans_general: order=3, n_pairs=41, 拟合成功
[2026-07-25 12:45:21][INFO] at_recalc_trans: n=41, order=3, sig=0.3755, sx=0.4547, sy=0.3703, rms=0.5864
[2026-07-25 12:45:21][INFO] at_match_lists: U=60, W=60, tol=5.00", U→W单向=41, W→U单向=41, 双向=41, 去重后=41
[2026-07-25 12:45:21][DEBUG] calc_trans_general: order=3, n_pairs=41, 拟合成功
[2026-07-25 12:45:21][INFO] at_recalc_trans: n=41, order=3, sig=0.3755, sx=0.4547, sy=0.3703, rms=0.5864
[2026-07-25 12:45:21][INFO] at_match_lists: U=60, W=60, tol=5.00", U→W单向=41, W→U单向=41, 双向=41, 去重后=41
[2026-07-25 12:45:21][DEBUG] calc_trans_general: order=3, n_pairs=41, 拟合成功
[2026-07-25 12:45:21][INFO] at_recalc_trans: n=41, order=3, sig=0.3755, sx=0.4547, sy=0.3703, rms=0.5864
