=== IPV Plate Solve Log ===
[2026-07-25 12:43:36][INFO] iter_trans_solve: U=60, W=60, initial_pairs=60, tol=5.00, order=3
[2026-07-25 12:43:36][DEBUG] calc_trans_general: order=3, n_pairs=20, 拟合成功
[2026-07-25 12:43:36][INFO] iter_trans_inner: 初始拟合完成, 初始工作集=20, order=3
[2026-07-25 12:43:36][INFO]   [调试] 初始 TRANS: x00=61.1860 y00=162.5779, x10=6.307815 x01=-0.001230 y10=-0.002925 y01=-6.308838
[2026-07-25 12:43:36][INFO]   [调试] 初始对[0]: u=34 w=34, U=(-478.00,662.50), W=(-2954.57,-4014.49), pred=(-2954.33,-4014.13), dist=0.4278" (dx=0.23 dy=0.36)
[2026-07-25 12:43:36][INFO]   [调试] 初始对[1]: u=50 w=46, U=(1859.95,-1546.34), W=(11763.89,9889.95), pred=(11763.95,9889.92), dist=0.0627" (dx=0.06 dy=-0.03)
[2026-07-25 12:43:36][INFO]   [调试] 初始对[2]: u=54 w=35, U=(-47.09,913.33), W=(-237.49,-5597.51), pred=(-237.67,-5597.43), dist=0.1899" (dx=-0.17 dy=0.07)
[2026-07-25 12:43:36][INFO]   [调试] 初始对[3]: u=32 w=10, U=(1057.11,237.53), W=(6725.94,-1338.46), pred=(6726.09,-1338.54), dist=0.1694" (dx=0.15 dy=-0.07)
[2026-07-25 12:43:36][INFO]   [调试] 初始对[4]: u=33 w=33, U=(-1769.35,-708.82), W=(-11075.66,4629.86), pred=(-11075.80,4629.93), dist=0.1532" (dx=-0.14 dy=0.07)
[2026-07-25 12:43:36][INFO]   [调试] 初始对[5]: u=12 w=9, U=(948.24,-505.04), W=(6040.40,3344.77), pred=(6040.04,3344.84), dist=0.3689" (dx=-0.36 dy=0.08)
[2026-07-25 12:43:36][INFO] iter_trans_inner: V4.23 工作集扩展 20->60 (nr=nbright)
[2026-07-25 12:43:36][DEBUG] iter 0: 绝对剔除 nr=60→40, nb=20
[2026-07-25 12:43:36][DEBUG] iter 0: sigma(35%)=0.176832 角秒²
[2026-07-25 12:43:36][DEBUG] iter 0: 相对剔除 nr=34, nb=26, rel_thresh=1.768325
[2026-07-25 12:43:36][DEBUG] calc_trans_general: order=3, n_pairs=34, 拟合成功
[2026-07-25 12:43:36][INFO] iter_trans_inner: 完成, nr=34, sig=0.2214, rms=0.4714, iters=1, success=1
[2026-07-25 12:43:36][INFO] iter_trans_solve: 第一轮 iter_trans 成功, inliers=34, rms=0.4714
[2026-07-25 12:43:36][INFO] at_match_lists: U=60, W=60, tol=5.00", U→W单向=40, W→U单向=40, 双向=40, 去重后=40
[2026-07-25 12:43:36][DEBUG] calc_trans_general: order=3, n_pairs=40, 拟合成功
[2026-07-25 12:43:36][INFO] at_recalc_trans: n=40, order=3, sig=0.3329, sx=0.3698, sy=0.3081, rms=0.5200
[2026-07-25 12:43:36][INFO] iter_trans_solve: 第一轮 refit 成功, inliers=40, rms=0.5200
[2026-07-25 12:43:36][INFO] at_match_lists: U=60, W=60, tol=5.00", U→W单向=40, W→U单向=40, 双向=40, 去重后=40
[2026-07-25 12:43:36][DEBUG] calc_trans_general: order=3, n_pairs=40, 拟合成功
[2026-07-25 12:43:36][INFO] at_recalc_trans: n=40, order=3, sig=0.3329, sx=0.3698, sy=0.3081, rms=0.5200
[2026-07-25 12:43:36][INFO] iter_trans_solve: 第二轮 refit 成功, inliers=40, rms=0.5200
[2026-07-25 12:43:36][DEBUG] calc_trans_general: order=3, n_pairs=40, 拟合成功
[2026-07-25 12:43:36][INFO] at_recalc_trans: n=40, order=3, sig=0.3327, sx=0.3698, sy=0.3082, rms=0.5201
[2026-07-25 12:43:36][INFO] at_match_lists: U=60, W=60, tol=5.00", U→W单向=40, W→U单向=40, 双向=40, 去重后=40
[2026-07-25 12:43:36][DEBUG] calc_trans_general: order=3, n_pairs=40, 拟合成功
[2026-07-25 12:43:36][INFO] at_recalc_trans: n=40, order=3, sig=0.3327, sx=0.3698, sy=0.3082, rms=0.5201
[2026-07-25 12:43:36][INFO] at_match_lists: U=60, W=60, tol=5.00", U→W单向=40, W→U单向=40, 双向=40, 去重后=40
[2026-07-25 12:43:36][DEBUG] calc_trans_general: order=3, n_pairs=40, 拟合成功
[2026-07-25 12:43:36][INFO] at_recalc_trans: n=40, order=3, sig=0.3327, sx=0.3698, sy=0.3082, rms=0.5201
=== Log End ===
