{
  "ok": true,
  "results": [
    {
      "ok": true,
      "exit_code": 0,
      "stdout": "",
      "stderr": "",
      "elapsed_sec": 0.07,
      "cmd": [
        "git",
        "add",
        "engineering_v1.2/control/CURRENT_TASK.md",
        "engineering_v1.2/control/PROJECT_STATE.yaml",
        "lib/orchestrator/cpp/src/cli_command.cpp",
        "lib/orchestrator/cpp/src/orchestrator.cpp",
        "lib/plate_solve/cpp/ipv/src/ipv_entry.cpp",
        "lib/plate_solve/cpp/ipv/src/ipv_select.cpp",
        "lib/plate_solve/cpp/ipv/src/ipv_solver.cpp"
      ],
      "step": 0,
      "type": "git_add"
    },
    {
      "ok": true,
      "exit_code": 0,
      "stdout": "",
      "stderr": "",
      "elapsed_sec": 0.062,
      "cmd": [
        "git",
        "add",
        "engineering_v1.2/evidence/P09-002/BASELINE_BEFORE_RENAME.md",
        "engineering_v1.2/evidence/P09-002/EVIDENCE_INDEX.md",
        "engineering_v1.2/evidence/P09-002/REVIEW_REPORT.md",
        "engineering_v1.2/evidence/P09-002/TASK_REPORT.md",
        "engineering_v1.2/evidence/P09-002/TEST_REPORT.md",
        "engineering_v1.2/evidence/P09-002/build_config.json",
        "engineering_v1.2/evidence/P09-002/COMMIT_MSG.txt",
        "engineering_v1.2/evidence/P09-002/commit_config.json"
      ],
      "step": 1,
      "type": "git_add"
    },
    {
      "ok": true,
      "exit_code": 0,
      "stdout": "[main 06df865] P09-002: 统一共享检测命名为 INTERNAL_DETECTION_SHARED_EXPORT\n 15 files changed, 923 insertions(+), 35 deletions(-)\n create mode 100644 engineering_v1.2/evidence/P09-002/BASELINE_BEFORE_RENAME.md\n create mode 100644 engineering_v1.2/evidence/P09-002/COMMIT_MSG.txt\n create mode 100644 engineering_v1.2/evidence/P09-002/EVIDENCE_INDEX.md\n create mode 100644 engineering_v1.2/evidence/P09-002/REVIEW_REPORT.md\n create mode 100644 engineering_v1.2/evidence/P09-002/TASK_REPORT.md\n create mode 100644 engineering_v1.2/evidence/P09-002/TEST_REPORT.md\n create mode 100644 engineering_v1.2/evidence/P09-002/build_config.json\n create mode 100644 engineering_v1.2/evidence/P09-002/commit_config.json\n",
      "stderr": "",
      "elapsed_sec": 0.13,
      "cmd": [
        "git",
        "commit",
        "-F",
        ".\\engineering_v1.2/evidence/P09-002/COMMIT_MSG.txt"
      ],
      "step": 2,
      "type": "git_commit"
    },
    {
      "ok": true,
      "exit_code": 0,
      "stdout": "",
      "stderr": "To https://github.com/fujiaze/Astro-CS-Database.git\n   ed145a7..06df865  main -> main\n",
      "elapsed_sec": 3.722,
      "cmd": [
        "git",
        "push",
        "origin",
        "main"
      ],
      "step": 3,
      "type": "git_push"
    },
    {
      "ok": true,
      "exit_code": 0,
      "stdout": "06df865 P09-002: 统一共享检测命名为 INTERNAL_DETECTION_SHARED_EXPORT\n0d1857d P09-001 冻结 v1.1 事实基线并建立 v1.2 证据 (VERDICT: PASS)\ned145a7 docs: 补充项目 README + 生成 v1.1 审计包\na3b468d P08-002 补充提交: logs/ 证据文件 (被 .gitignore logs/ 规则忽略, 用 -f 强制添加)\ndc774c6 P08-002 最终独立复核与交接: v1.1 开发包交付完成 (VERDICT: PASS)\n",
      "stderr": "",
      "elapsed_sec": 0.034,
      "cmd": [
        "git",
        "log",
        "--oneline",
        "-n",
        "5"
      ],
      "step": 4,
      "type": "git_log"
    }
  ]
}