[2026-07-27 11:11:42][INFO][logger] 日志系统初始化完成 (log_dir=lib/orchestrator/logs, level=INFO)
[2026-07-27 11:11:42][INFO][orchestrator] 初始化编排器 (骨架版本)
[2026-07-27 11:11:42][INFO][orchestrator] 可用线程数: 16
[2026-07-27 11:11:42][INFO][orchestrator] 加载配置: engineering/evidence/P06-002/configs/stage2_config_gradient.json
[2026-07-27 11:11:42][INFO][orchestrator] 配置文件大小: 920 字节
[2026-07-27 11:11:42][INFO][orchestrator] 检查点目录: output\.checkpoint
[2026-07-27 11:11:42][INFO][orchestrator] 日志级别设置为: INFO
[2026-07-27 11:11:42][INFO][orchestrator] 配置线程数: 0 (0=自动检测)
[2026-07-27 11:11:42][INFO][orchestrator] 配置 Gaia 数据目录: GaiaDR3SP
[2026-07-27 11:11:42][INFO][orchestrator] 配置加载完成 (P03-002: log_level/threads/gaia_data_dir 已解析)
[2026-07-27 11:11:42][INFO][cli] 日志级别设置为: DEBUG
[2026-07-27 11:11:42][INFO][orchestrator] ========== stage2: 多帧合并 (.hiss -> .hcsd) ==========
[2026-07-27 11:11:42][INFO][orchestrator] 输入 .hiss 目录: engineering/evidence/P06-002/test_B_overlap_duplicate/input
[2026-07-27 11:11:42][INFO][orchestrator] 输出 .hcsd: engineering/evidence/P06-002/T5_gradient/output/T5_gradient.hcsd
[2026-07-27 11:11:42][INFO][orchestrator] 配置 JSON: {
  "_comment": "P06-002 stage2 配置 - 启用梯度校正 (gaia_data_dir=GaiaDR3SP)",
  "frames_dir": "output/hiss_output/",
  "output_hcsd": "output/stacked.hcsd",
  "stages": [
    "gradient_sphere",
    "stack"
  ],
  "stack": {
    "_comment": "P03-002: 堆叠参数. weighting=snr_squared 在 DLL 内部实现; sigma_clip_max_iter 默认 5",
    "sigma_clip_method": "winsorized",
    "sigma_clip_sigma": 3.0,
    "sigma_clip_max_iter": 5,
    "winsorize_low_pct": 0.05,
    "winsorize_high_pct": 0.95,
    "weighting": "snr_squared",
    "mosaic_fov_ra": 0.0,
    "mosaic_fov_dec": 0.0,
    "mosaic_fov_radius_deg": 0.0
  },
  "gradient_sphere": {
    "_comment": "P06-002: 启用 GaiaDR3SP 星拒绝. orchestrator 用 orc_findJsonKey 字符串搜索, 顶层/嵌套均可",
    "gaia_data_dir": "GaiaDR3SP",
    "gradient_max_iter": 10,
    "gradient_lambda": 1.0e-4
  },
  "log_level": "INFO",
  "threads": 0
}

[2026-07-27 11:11:42][INFO][orchestrator] P04-004: 取消/超时标志已重置
[2026-07-27 11:11:42][INFO][orchestrator] 发现 2 个 .hiss 文件
[2026-07-27 11:11:42][INFO][orchestrator] 自动推导项目根目录: F:\Astro dev\Astro CS Normalization Database
[2026-07-27 11:11:42][INFO][orchestrator] 初始化 DLL 加载 (lib_base_dir=F:\Astro dev\Astro CS Normalization Database)
[dll_loader] 开始加载所有模块 (lib_base_dir=F:\Astro dev\Astro CS Normalization Database)
[dll_loader] 设置运行时 DLL 搜索路径: C:\msys64\mingw64\bin
[dll_loader] 加载模块 AIO: F:\Astro dev\Astro CS Normalization Database/lib/astro_image_io/astro_image_io.dll
[dll_loader] 模块 AIO 加载成功 (handle=0x7ff888700000)
[dll_loader] 预加载 astro_image_io.dll (依赖前置) handle=0x7ff888700000
[dll_loader] 加载模块 CALIBRATE: F:\Astro dev\Astro CS Normalization Database/lib/calibration/astro_calibration.dll
[dll_loader] 模块 CALIBRATE 加载成功 (handle=0x7ff8e84a0000)
[dll_loader] 加载模块 PLATESOLVE: F:\Astro dev\Astro CS Normalization Database/lib/plate_solve/cpp/ipv/ipv_solver.dll
[dll_loader] 模块 PLATESOLVE 加载成功 (handle=0x7ff8e79a0000)
[dll_loader] 加载模块 PSF: F:\Astro dev\Astro CS Normalization Database/lib/dynamic_psf/dynamic_psf.dll
[dll_loader] 模块 PSF 加载成功 (handle=0x7ff8e8300000)
[dll_loader] 预加载 gaia_client.dll (依赖前置) handle=0x7ff8e8f80000
[dll_loader] 加载模块 PHOTOMETRIC: F:\Astro dev\Astro CS Normalization Database/lib/photometric_calib/cpp/photometric_calib.dll
[dll_loader] 模块 PHOTOMETRIC 加载成功 (handle=0x7ff8d4070000)
[dll_loader] 加载模块 SNR: F:\Astro dev\Astro CS Normalization Database/lib/snr_estimator/cpp/snr_estimator.dll
[dll_loader] 模块 SNR 加载成功 (handle=0x7ff8c4430000)
[dll_loader] 加载模块 DRIZZLE: F:\Astro dev\Astro CS Normalization Database/lib/healpix_db/healpix_drizzle/healpix_drizzle.dll
[dll_loader] 模块 DRIZZLE 加载成功 (handle=0x7ff8a8120000)
[dll_loader] 加载模块 GRADIENT_SPHERE: F:\Astro dev\Astro CS Normalization Database/lib/healpix_db/healpix_stack/healpix_stack.dll
[dll_loader] 模块 GRADIENT_SPHERE 加载成功 (handle=0x7ff888610000)
[dll_loader] 加载模块 STACK: F:\Astro dev\Astro CS Normalization Database/lib/healpix_db/healpix_stack/healpix_stack.dll
[dll_loader] 模块 STACK 加载成功 (handle=0x7ff888610000)
[dll_loader] 全部模块加载成功
[2026-07-27 11:11:42][INFO][orchestrator] 全部 9 个模块加载成功
[2026-07-27 11:11:42][INFO][orchestrator]   AIO 版本: unknown
[2026-07-27 11:11:42][INFO][orchestrator]   CALIBRATE 版本: Astro Calibration C++ v1.0.0
[2026-07-27 11:11:42][INFO][orchestrator]   PLATESOLVE 版本: unknown
[2026-07-27 11:11:42][INFO][orchestrator]   PSF 版本: unknown
[2026-07-27 11:11:42][INFO][orchestrator]   PHOTOMETRIC 版本: unknown
[2026-07-27 11:11:42][INFO][orchestrator]   SNR 版本: unknown
[2026-07-27 11:11:42][INFO][orchestrator]   DRIZZLE 版本: unknown
[2026-07-27 11:11:42][INFO][orchestrator]   GRADIENT_SPHERE 版本: unknown
[2026-07-27 11:11:42][INFO][orchestrator]   STACK 版本: unknown
[dll_loader] CALIBRATE 线程数设置为 16
[2026-07-27 11:11:42][INFO][orchestrator] CALIBRATE 线程数: 16
[2026-07-27 11:11:42][INFO][orchestrator] ---------- stage2 阶段: GRADIENT_SPHERE ----------
[2026-07-27 11:11:42][INFO][orchestrator] [GRADIENT_SPHERE] 开始
[2026-07-27 11:11:42][INFO][orchestrator] [GRADIENT_SPHERE] 帧数: 2 输出: engineering/evidence/P06-002/T5_gradient/output/T5_gradient.hcsd sigma_clip=winsorized sigma=3.000000 max_iter=5
[2026-07-27 11:11:42][INFO][orchestrator] [GRADIENT_SPHERE] gradient_max_iter=10 gradient_lambda=0.000100 gaia_data_dir=F:\Astro dev\Astro CS Normalization Database\GaiaDR3SP
[hp_stack_gradient_corrected] 开始: 2 帧 → engineering/evidence/P06-002/T5_gradient/output/T5_gradient.hcsd (sigma=3.00, max_iter=5, grad_iter=10, grad_lambda=1.0e-04, sigma_clip=winsorized, winsor_low=0.05, winsor_high=0.95)
[hp_stack_gradient_corrected] === 阶段1: 球面背景采样 ===
[gradient_sampler] 开始采样: 2 帧, gaia_dir=F:\Astro dev\Astro CS Normalization Database\GaiaDR3SP
[gradient_sampler] 帧 1/2 (id=0): engineering/evidence/P06-002/test_B_overlap_duplicate/input\frame_C003_copy1.hiss
[hio] hiss_read: nside=2048 nested=1 n_pix=1566 has_snr=0 snr_format=0
[hio] hiss_read: 读取完成: engineering/evidence/P06-002/test_B_overlap_duplicate/input\frame_C003_copy1.hiss (has_snr=0 snr_format=0)
[gradient_sampler] .hiss 加载: nside=2048 nested=1 n_pix=1566
[hio] hiss_read_snr_model: nside=2048 n_pix=1566 has_snr=0 snr_format=0 n_points=0
[hio] hiss_read_snr_model: 读取完成: engineering/evidence/P06-002/test_B_overlap_duplicate/input\frame_C003_copy1.hiss
[gradient_sampler] 无 SNR 模型 (rc=0), snr=1.0
[gradient_sampler] 有效像素: 1566 / 1566 (零值拒绝 0)
[gradient_sampler] FOV: center=(73.1049, -69.5838) radius=0.7854°
[gradient_sampler] Gaia 星: 43383 颗 (半径 0.942°)
[gradient_sampler] nside_i=1024 (k_target=100, FOV内像素=1566)
[gradient_sampler] 控制点候选: 425
[gradient_sampler] 帧 0 采样: 425 控制点 → 425 样本
[gradient_sampler] 帧 2/2 (id=1): engineering/evidence/P06-002/test_B_overlap_duplicate/input\frame_C003_copy2.hiss
[hio] hiss_read: nside=2048 nested=1 n_pix=1566 has_snr=0 snr_format=0
[hio] hiss_read: 读取完成: engineering/evidence/P06-002/test_B_overlap_duplicate/input\frame_C003_copy2.hiss (has_snr=0 snr_format=0)
[gradient_sampler] .hiss 加载: nside=2048 nested=1 n_pix=1566
[hio] hiss_read_snr_model: nside=2048 n_pix=1566 has_snr=0 snr_format=0 n_points=0
[hio] hiss_read_snr_model: 读取完成: engineering/evidence/P06-002/test_B_overlap_duplicate/input\frame_C003_copy2.hiss
[gradient_sampler] 无 SNR 模型 (rc=0), snr=1.0
[gradient_sampler] 有效像素: 1566 / 1566 (零值拒绝 0)
[gradient_sampler] FOV: center=(73.1049, -69.5838) radius=0.7854°
[gradient_sampler] Gaia 星: 43383 颗 (半径 0.942°)
[gradient_sampler] nside_i=1024 (k_target=100, FOV内像素=1566)
[gradient_sampler] 控制点候选: 425
[gradient_sampler] 帧 1 采样: 425 控制点 → 425 样本
[gradient_sampler] 完成: 2 帧处理, 0 帧跳过, 850 样本
[hp_stack_gradient_corrected] 采样完成: 850 样本, 2 帧处理
[hp_stack_gradient_corrected] === 阶段2: 差异拟合 (3D 嵌入球面样条) ===
[hp_stack_gradient_corrected] 差异拟合完成: success=1, lambda=1.000000e-04
[hp_stack_gradient_corrected] 帧 0: n_ctrl=425 w_range=[0.0000, 0.0000] w_absmax=0.0000 v=[0.0000, 0.0000, 0.0000, 0.0000] fit_rms=0.0000
[hp_stack_gradient_corrected] 帧 1: n_ctrl=425 w_range=[0.0000, 0.0000] w_absmax=0.0000 v=[0.0000, 0.0000, 0.0000, 0.0000] fit_rms=0.0000
[hp_stack_gradient_corrected] === 阶段3: 读取帧数据 + SNR 重建 ===
[hio] hiss_read: nside=2048 nested=1 n_pix=1566 has_snr=0 snr_format=0
[hio] hiss_read: 读取完成: engineering/evidence/P06-002/test_B_overlap_duplicate/input\frame_C003_copy1.hiss (has_snr=0 snr_format=0)
[hio] hiss_read_snr_model: nside=2048 n_pix=1566 has_snr=0 snr_format=0 n_points=0
[hio] hiss_read_snr_model: 读取完成: engineering/evidence/P06-002/test_B_overlap_duplicate/input\frame_C003_copy1.hiss
[hp_stack_gradient_corrected] 帧 0: n_pix=1566, snr_built=0
[hio] hiss_read: nside=2048 nested=1 n_pix=1566 has_snr=0 snr_format=0
[hio] hiss_read: 读取完成: engineering/evidence/P06-002/test_B_overlap_duplicate/input\frame_C003_copy2.hiss (has_snr=0 snr_format=0)
[hio] hiss_read_snr_model: nside=2048 n_pix=1566 has_snr=0 snr_format=0 n_points=0
[hio] hiss_read_snr_model: 读取完成: engineering/evidence/P06-002/test_B_overlap_duplicate/input\frame_C003_copy2.hiss
[hp_stack_gradient_corrected] 帧 1: n_pix=1566, snr_built=0
[hp_stack_gradient_corrected] === 阶段4: 梯度校正叠加 ===
[hp_stack_gradient_corrected] 叠加完成: 1566 像素
[hp_stack_gradient_corrected] === 阶段5: 写入 .hcsd ===
[hio] hcsd_write: path=engineering/evidence/P06-002/T5_gradient/output/T5_gradient.hcsd nside=2048 nested=1 n_pix=1566
[hio] hcsd_write: 子叶位移 shift=10 (nside=2048)
[hio] hcsd_write: 非空子叶 5 / 49152
[hio] hcsd_write: 写入完成: engineering/evidence/P06-002/T5_gradient/output/T5_gradient.hcsd
[hp_stack_gradient_corrected] 成功: engineering/evidence/P06-002/T5_gradient/output/T5_gradient.hcsd (1566 像素)
[2026-07-27 11:13:09][INFO][orchestrator] [GRADIENT_SPHERE] 完成
[2026-07-27 11:13:09][INFO][orchestrator] [86.784426s] GRADIENT_SPHERE 完成
[2026-07-27 11:13:09][INFO][orchestrator] ---------- stage2 阶段: STACK ----------
[2026-07-27 11:13:09][INFO][orchestrator] [STACK] 开始
[2026-07-27 11:13:09][INFO][orchestrator] [STACK] 跳过 (骨架): .hcsd 已由 GRADIENT_SPHERE 生成
[2026-07-27 11:13:09][INFO][orchestrator] [0.000040s] STACK 完成
[2026-07-27 11:13:09][INFO][orchestrator] ========== stage2 完成 (成功) ==========
[2026-07-27 11:13:09][INFO][orchestrator] 析构完成
[dll_loader] 卸载所有模块
[dll_loader] 卸载模块 CALIBRATE
[dll_loader] 卸载模块 PLATESOLVE
[dll_loader] 卸载模块 PSF
[dll_loader] 卸载模块 PHOTOMETRIC
[dll_loader] 卸载模块 SNR
[dll_loader] 卸载模块 DRIZZLE
[dll_loader] 卸载模块 GRADIENT_SPHERE
[dll_loader] 卸载模块 AIO
