[2026-07-25 22:50:22][INFO][logger] 日志系统初始化完成 (log_dir=lib/orchestrator/logs, level=INFO)
[2026-07-25 22:50:22][INFO][orchestrator] 初始化编排器 (骨架版本)
[2026-07-25 22:50:22][INFO][orchestrator] 可用线程数: 16
[2026-07-25 22:50:22][INFO][orchestrator] 加载配置: engineering\evidence\P05-003\configs\size_mismatch_config.json
[2026-07-25 22:50:22][INFO][orchestrator] 配置文件大小: 1621 字节
[2026-07-25 22:50:22][INFO][orchestrator] 检查点目录: output\.checkpoint
[2026-07-25 22:50:22][INFO][orchestrator] 日志级别设置为: INFO
[2026-07-25 22:50:22][INFO][orchestrator] 配置线程数: 0 (0=自动检测)
[2026-07-25 22:50:22][INFO][orchestrator] 配置 Gaia 数据目录: GaiaDR3SP
[2026-07-25 22:50:22][INFO][orchestrator] 配置加载完成 (P03-002: log_level/threads/gaia_data_dir 已解析)
[2026-07-25 22:50:22][INFO][cli] 日志级别设置为: INFO
[2026-07-25 22:50:22][INFO][orchestrator] ========== stage1: 单帧预处理 (FITS -> .hiss) ==========
[2026-07-25 22:50:22][INFO][orchestrator] 输入 FITS: testdata\Galaxy_Center_T4\lights\panel1\Galaxy_Center_mosaic1_T4_flying_dutchman-20250702@061703-180S-Red.fts
[2026-07-25 22:50:22][INFO][orchestrator] 输出 .hiss: engineering\evidence\P05-003\hiss\s1_3_1_size_mismatch.hiss
[2026-07-25 22:50:22][INFO][orchestrator] 配置 JSON: {
  "_comment": "P05-003 size mismatch: T4 frame (4500x3600) vs T2 calibration masters (4096x4096) - triggers CALIBRATE_FAILED",
  "project_root": ".",
  "gaia_data_dir": "GaiaDR3SP",
  "calibration_dir": "testdata/T2 calibration files",
  "output_root": "engineering/evidence/P05-003/hiss",
  "stages": [
    "read_fits",
    "calibrate",
    "platesolve",
    "psf",
    "photometric",
    "snr",
    "drizzle"
  ],
  "frame": {
    "id": "P05003_size_mismatch",
    "light_path": "",
    "filter": "",
    "qe_curve": "GSENSE2020BSI"
  },
  "calibration": {
    "master_bias_path": "",
    "master_dark_path": "",
    "master_flat_path": "",
    "require_size_match": true,
    "require_exposure_match": false,
    "exposure_tolerance_s": 0.5,
    "require_temperature_match": false,
    "temperature_tolerance_c": 1.0,
    "allow_no_calibration": false,
    "dark_optimization": 0,
    "dark_scale_factor": 1.0
  },
  "platesolve": {
    "initial_ra": "",
    "initial_dec": "",
    "focal_length": 0.0,
    "pixel_size": 0.0,
    "max_stars": 2000,
    "log_dir": "lib/plate_solve/logs"
  },
  "psf": {
    "fit_radius": 8,
    "max_iter": 100,
    "tolerance": 1.0e-6,
    "max_stars": 2000
  },
  "photometric": {
    "mag_min": 6.0,
    "mag_max": 16.0,
    "fov_radius_deg": 0.0,
    "filters_json": "lib/photometric_calib/data/response_curves/filters.json",
    "qe_curves_json": "lib/photometric_calib/data/response_curves/qe_curves.json"
  },
  "drizzle": {
    "nside_strategy": "1x_to_2x_drizzle",
    "nside_override": 0,
    "pixfrac": 1.0,
    "nested": true
  },
  "log_level": "INFO",
  "threads": 0
}

[2026-07-25 22:50:22][INFO][orchestrator] P04-004: 取消/超时标志已重置
[2026-07-25 22:50:22][INFO][orchestrator] 自动推导项目根目录: F:\Astro dev\Astro CS Normalization Database
[2026-07-25 22:50:22][INFO][orchestrator] 初始化 DLL 加载 (lib_base_dir=F:\Astro dev\Astro CS Normalization Database)
[dll_loader] 开始加载所有模块 (lib_base_dir=F:\Astro dev\Astro CS Normalization Database)
[dll_loader] 设置运行时 DLL 搜索路径: C:\msys64\mingw64\bin
[dll_loader] 加载模块 AIO: F:\Astro dev\Astro CS Normalization Database/lib/astro_image_io/astro_image_io.dll
[dll_loader] 模块 AIO 加载成功 (handle=0x7ffd87800000)
[dll_loader] 预加载 astro_image_io.dll (依赖前置) handle=0x7ffd87800000
[dll_loader] 加载模块 CALIBRATE: F:\Astro dev\Astro CS Normalization Database/lib/calibration/astro_calibration.dll
[dll_loader] 模块 CALIBRATE 加载成功 (handle=0x7ffda8150000)
[dll_loader] 加载模块 PLATESOLVE: F:\Astro dev\Astro CS Normalization Database/lib/plate_solve/cpp/ipv/ipv_solver.dll
[dll_loader] 模块 PLATESOLVE 加载成功 (handle=0x7ffd8c600000)
[dll_loader] 加载模块 PSF: F:\Astro dev\Astro CS Normalization Database/lib/dynamic_psf/dynamic_psf.dll
[dll_loader] 模块 PSF 加载成功 (handle=0x7ffdb02e0000)
[dll_loader] 预加载 gaia_client.dll (依赖前置) handle=0x7ffdb0780000
[dll_loader] 加载模块 PHOTOMETRIC: F:\Astro dev\Astro CS Normalization Database/lib/photometric_calib/cpp/photometric_calib.dll
[dll_loader] 模块 PHOTOMETRIC 加载成功 (handle=0x7ffd8ca60000)
[dll_loader] 加载模块 SNR: F:\Astro dev\Astro CS Normalization Database/lib/snr_estimator/cpp/snr_estimator.dll
[dll_loader] 模块 SNR 加载成功 (handle=0x7ffd87640000)
[dll_loader] 加载模块 DRIZZLE: F:\Astro dev\Astro CS Normalization Database/lib/healpix_db/healpix_drizzle/healpix_drizzle.dll
[dll_loader] 模块 DRIZZLE 加载成功 (handle=0x7ffd85bf0000)
[dll_loader] 加载模块 GRADIENT_SPHERE: F:\Astro dev\Astro CS Normalization Database/lib/healpix_db/healpix_stack/healpix_stack.dll
[dll_loader] 模块 GRADIENT_SPHERE 加载成功 (handle=0x7ffd24fe0000)
[dll_loader] 加载模块 STACK: F:\Astro dev\Astro CS Normalization Database/lib/healpix_db/healpix_stack/healpix_stack.dll
[dll_loader] 模块 STACK 加载成功 (handle=0x7ffd24fe0000)
[dll_loader] 全部模块加载成功
[2026-07-25 22:50:22][INFO][orchestrator] 全部 9 个模块加载成功
[2026-07-25 22:50:22][INFO][orchestrator]   AIO 版本: unknown
[2026-07-25 22:50:22][INFO][orchestrator]   CALIBRATE 版本: Astro Calibration C++ v1.0.0
[2026-07-25 22:50:22][INFO][orchestrator]   PLATESOLVE 版本: unknown
[2026-07-25 22:50:22][INFO][orchestrator]   PSF 版本: unknown
[2026-07-25 22:50:22][INFO][orchestrator]   PHOTOMETRIC 版本: unknown
[2026-07-25 22:50:22][INFO][orchestrator]   SNR 版本: unknown
[2026-07-25 22:50:22][INFO][orchestrator]   DRIZZLE 版本: unknown
[2026-07-25 22:50:22][INFO][orchestrator]   GRADIENT_SPHERE 版本: unknown
[2026-07-25 22:50:22][INFO][orchestrator]   STACK 版本: unknown
[dll_loader] CALIBRATE 线程数设置为 16
[2026-07-25 22:50:22][INFO][orchestrator] CALIBRATE 线程数: 16
[2026-07-25 22:50:22][DEBUG][PIPELINE] frame_create: ok
[2026-07-25 22:50:22][INFO][orchestrator] ---------- stage1 阶段: READ_FITS ----------
[2026-07-25 22:50:22][INFO][orchestrator] [READ_FITS] 开始: testdata\Galaxy_Center_T4\lights\panel1\Galaxy_Center_mosaic1_T4_flying_dutchman-20250702@061703-180S-Red.fts
[2026-07-25 22:50:22][INFO][FITS] Reading: testdata\Galaxy_Center_T4\lights\panel1\Galaxy_Center_mosaic1_T4_flying_dutchman-20250702@061703-180S-Red.fts
[2026-07-25 22:50:22][INFO][FITS] Header: BITPIX=16 NAXIS=2 NAXIS1=4500 NAXIS2=3600 NAXIS3=0 BSCALE=1.0 BZERO=32768.0 keywords=68
[2026-07-25 22:50:22][INFO][FITS] Applying BSCALE=1.000000 BZERO=32768.000000
[2026-07-25 22:50:22][INFO][FITS] Read OK: 4500x3600 1ch BITPIX=16
[2026-07-25 22:50:22][INFO][API] aio_read_fits: 0.179 s
[2026-07-25 22:50:22][INFO][orchestrator] [READ_FITS] 图像尺寸: 4500x3600
[2026-07-25 22:50:22][DEBUG][PIPELINE] add_block: 'data' type=0 count=16200000 (64800000 bytes)
[2026-07-25 22:50:22][INFO][orchestrator] [READ_FITS] FITS 关键字数: 68
[2026-07-25 22:50:22][INFO][orchestrator] [READ_FITS] 完成
[2026-07-25 22:50:22][INFO][orchestrator] [0.245040s] READ_FITS 完成
[2026-07-25 22:50:22][INFO][orchestrator] ---------- stage1 阶段: CALIBRATE ----------
[2026-07-25 22:50:22][INFO][orchestrator] [CALIBRATE] 开始
[2026-07-25 22:50:22][INFO][orchestrator] [CALIBRATE] 图像: 4500x3600 (16200000 像素)
[2026-07-25 22:50:22][INFO][orchestrator] [CALIBRATE] 帧元数据: EXPTIME=180.000000s, FILTER='Red', CCD-TEMP=-20.000000C
[2026-07-25 22:50:22][INFO][orchestrator] [CALIBRATE] calibration_dir: F:\Astro dev\Astro CS Normalization Database\testdata/T2 calibration files
[2026-07-25 22:50:22][INFO][orchestrator] [CALIBRATE] 自动推导 master_bias_path: F:\Astro dev\Astro CS Normalization Database\testdata/T2 calibration files\masterBias_BIN-1_4500x3600.xisf
[2026-07-25 22:50:22][INFO][orchestrator] [CALIBRATE] 自动推导 master_dark_path: F:\Astro dev\Astro CS Normalization Database\testdata/T2 calibration files\masterDark_BIN-1_4500x3600_EXPOSURE-180.00s.xisf
[2026-07-25 22:50:22][INFO][orchestrator] [CALIBRATE] 自动推导 master_flat_path: F:\Astro dev\Astro CS Normalization Database\testdata/T2 calibration files\masterFlat_BIN-1_4500x3600_FILTER-Red_mono.xisf
[2026-07-25 22:50:22][WARN][orchestrator] [CALIBRATE] Master 文件不存在: F:\Astro dev\Astro CS Normalization Database\testdata/T2 calibration files\masterBias_BIN-1_4500x3600.xisf
[2026-07-25 22:50:22][WARN][orchestrator] [CALIBRATE] Master 文件不存在: F:\Astro dev\Astro CS Normalization Database\testdata/T2 calibration files\masterDark_BIN-1_4500x3600_EXPOSURE-180.00s.xisf
[2026-07-25 22:50:22][WARN][orchestrator] [CALIBRATE] Master 文件不存在: F:\Astro dev\Astro CS Normalization Database\testdata/T2 calibration files\masterFlat_BIN-1_4500x3600_FILTER-Red_mono.xisf
[2026-07-25 22:50:22][ERROR][orchestrator] [CALIBRATE] 无任何 Master 文件可用且 allow_no_calibration=false
[2026-07-25 22:50:22][INFO][orchestrator] [0.006224s] CALIBRATE 失败
[2026-07-25 22:50:22][DEBUG][PIPELINE] frame_destroy: ok
[2026-07-25 22:50:22][INFO][orchestrator] P04-004: 原子性清理 - stage1 失败/取消/超时, 删除部分输出
[2026-07-25 22:50:22][INFO][orchestrator] ========== stage1 失败 ==========
[2026-07-25 22:50:22][INFO][orchestrator] 析构完成
[dll_loader] 卸载所有模块
[dll_loader] 卸载模块 CALIBRATE
[dll_loader] 卸载模块 PLATESOLVE
[dll_loader] 卸载模块 PSF
[dll_loader] 卸载模块 PHOTOMETRIC
[dll_loader] 卸载模块 SNR
[dll_loader] 卸载模块 DRIZZLE
[dll_loader] 卸载模块 GRADIENT_SPHERE
[dll_loader] 卸载模块 AIO
