2026-07-27 22:50:11,179 [INFO] p11_002_driver: ======================================================================
2026-07-27 22:50:11,179 [INFO] p11_002_driver: P11-002 WCS 闭环诊断 driver
2026-07-27 22:50:11,179 [INFO] p11_002_driver: PROJECT_ROOT: f:\Astro dev\Astro CS Normalization Database
2026-07-27 22:50:11,180 [INFO] p11_002_driver: WORK_DIR: f:\Astro dev\Astro CS Normalization Database\engineering_v1.2\evidence\P11-002\work
2026-07-27 22:50:11,180 [INFO] p11_002_driver: REPORTS_DIR: f:\Astro dev\Astro CS Normalization Database\engineering_v1.2\evidence\P11-002\reports
2026-07-27 22:50:11,189 [INFO] p11_002_driver: 验证帧数: 2
2026-07-27 22:50:11,189 [INFO] p11_002_driver: ----------------------------------------------------------------------
2026-07-27 22:50:11,189 [INFO] p11_002_driver: 初始化 PlateSolve 环境...
2026-07-27 22:50:11,702 [INFO] p11_002_driver: 环境就绪
2026-07-27 22:50:11,702 [INFO] p11_002_driver: ======================================================================
2026-07-27 22:50:11,702 [INFO] p11_002_driver: 处理帧: T3_LUM_NGC55
2026-07-27 22:50:11,703 [INFO] p11_002_driver: 源 FITS: f:\Astro dev\Astro CS Normalization Database\testdata\NGC55_T3_flying_dutchman\lights\NGC55_T3_flying_dutchman-20250703@075400-600S-Lum.fts
2026-07-27 22:50:11,703 [INFO] p11_002_driver: 复制到: f:\Astro dev\Astro CS Normalization Database\engineering_v1.2\evidence\P11-002\work\T3_LUM_NGC55_solved.fits
2026-07-27 22:50:11,717 [INFO] p11_002_driver: ----------------------------------------
2026-07-27 22:50:11,717 [INFO] p11_002_driver: PlateSolve 求解...
2026-07-27 22:50:13,087 [INFO] p11_002_driver: 求解完成: success=True, n_pairs=31, rms_px=0.1508, 耗时=1.37s
2026-07-27 22:50:13,087 [INFO] p11_002_driver: ----------------------------------------
2026-07-27 22:50:13,087 [INFO] p11_002_driver: WCS 闭环诊断 (astropy WCS, 独立于 PlateSolve transform)...
2026-07-27 22:50:13,087 [INFO] wcs_closure: ======================================================================
2026-07-27 22:50:13,087 [INFO] wcs_closure: 诊断帧: T3_LUM_NGC55_solved
2026-07-27 22:50:13,087 [INFO] wcs_closure: FITS: f:\Astro dev\Astro CS Normalization Database\engineering_v1.2\evidence\P11-002\work\T3_LUM_NGC55_solved.fits
2026-07-27 22:50:13,087 [INFO] wcs_closure: 读取 FITS: f:\Astro dev\Astro CS Normalization Database\engineering_v1.2\evidence\P11-002\work\T3_LUM_NGC55_solved.fits
2026-07-27 22:50:13,154 [INFO] wcs_closure: 图像尺寸: 4096x4096
2026-07-27 22:50:13,462 [WARNING] astropy: FITSFixedWarning: RADECSYS= 'FK5 ' / Equatorial coordinate system 
the RADECSYS keyword is deprecated, use RADESYSa.
2026-07-27 22:50:13,464 [WARNING] astropy: FITSFixedWarning: 'datfix' made the change 'Set MJD-OBS to 60859.329595 from DATE-OBS'.
2026-07-27 22:50:13,465 [INFO] wcs_closure: WCS 构建: has_sip=True sip_order=3 ctype=['RA---TAN-SIP', 'DEC--TAN-SIP'] crpix=(2048.500,2048.500) crval=(3.749809,-39.194258)
2026-07-27 22:50:13,467 [INFO] wcs_closure: Gaia cone_search: center=(3.749809, -39.194258) radius=1.0907 deg mag_high=18.0
2026-07-27 22:50:13,467 [INFO] wcs_closure: Gaia 查询返回: n=2449
2026-07-27 22:50:13,469 [INFO] wcs_closure: PlateSolve 求解: ra0=3.750000 dec0=-39.194167 fl=1934.70 ps=9.0000
2026-07-27 22:50:14,246 [INFO] wcs_closure: callback 收到 1483 个检测星点
2026-07-27 22:50:14,300 [INFO] wcs_closure: PlateSolve 完成: success=1 n_detected=0 n_pairs=31 rms_px=0.1508 trans_order=3
2026-07-27 22:50:14,305 [INFO] wcs_closure: world_to_pixel 有效: 2449/2449
2026-07-27 22:50:14,305 [INFO] wcs_closure: Gaia 过滤后: ra=2449, dec=2449, mag=2449, pred_xy=2449
2026-07-27 22:50:14,323 [INFO] wcs_closure: kd-tree 匹配: 702 对 (max_dist=3.00 px)
2026-07-27 22:50:14,374 [INFO] wcs_closure: 匹配对已保存: f:\Astro dev\Astro CS Normalization Database\engineering_v1.2\evidence\P11-002\reports\T3_LUM_NGC55\matched_pairs.json (n=702)
2026-07-27 22:50:14,375 [INFO] wcs_closure: 闭环报告已保存: f:\Astro dev\Astro CS Normalization Database\engineering_v1.2\evidence\P11-002\reports\T3_LUM_NGC55\closure_report.json
2026-07-27 22:50:14,375 [INFO] wcs_closure: 门限: median=0.897 px (<=0.75: False), p90=1.284 px (<=1.5: True), p99=1.778 px (<=3.0: True)
2026-07-27 22:50:15,620 [INFO] wcs_closure: 残差图已保存: f:\Astro dev\Astro CS Normalization Database\engineering_v1.2\evidence\P11-002\reports\T3_LUM_NGC55\residual_plot.png
2026-07-27 22:50:15,927 [INFO] wcs_closure: 四象限分布图已保存: f:\Astro dev\Astro CS Normalization Database\engineering_v1.2\evidence\P11-002\reports\T3_LUM_NGC55\quadrant_plot.png
2026-07-27 22:50:15,927 [INFO] wcs_closure: 诊断完成: T3_LUM_NGC55_solved (耗时 1.29s)
2026-07-27 22:50:15,931 [INFO] p11_002_driver: 诊断完成: n_matched=702, median=0.897 px, p90=1.284 px, p99=1.778 px, gate=False, 耗时=2.84s
2026-07-27 22:50:15,931 [INFO] p11_002_driver: ======================================================================
2026-07-27 22:50:15,932 [INFO] p11_002_driver: 处理帧: T2_HA_LDN43
2026-07-27 22:50:15,932 [INFO] p11_002_driver: 源 FITS: f:\Astro dev\Astro CS Normalization Database\testdata\LDN43_T2素材_flying_dutchman\lights\LDN43_LRGBH_flying_dutchman-20250503@042947-1200S-H-alpha.fts
2026-07-27 22:50:15,932 [INFO] p11_002_driver: 复制到: f:\Astro dev\Astro CS Normalization Database\engineering_v1.2\evidence\P11-002\work\T2_HA_LDN43_solved.fits
2026-07-27 22:50:15,949 [INFO] p11_002_driver: ----------------------------------------
2026-07-27 22:50:15,949 [INFO] p11_002_driver: PlateSolve 求解...
2026-07-27 22:50:17,182 [INFO] p11_002_driver: 求解完成: success=True, n_pairs=33, rms_px=0.1076, 耗时=1.23s
2026-07-27 22:50:17,182 [INFO] p11_002_driver: ----------------------------------------
2026-07-27 22:50:17,182 [INFO] p11_002_driver: WCS 闭环诊断 (astropy WCS, 独立于 PlateSolve transform)...
2026-07-27 22:50:17,182 [INFO] wcs_closure: ======================================================================
2026-07-27 22:50:17,182 [INFO] wcs_closure: 诊断帧: T2_HA_LDN43_solved
2026-07-27 22:50:17,182 [INFO] wcs_closure: FITS: f:\Astro dev\Astro CS Normalization Database\engineering_v1.2\evidence\P11-002\work\T2_HA_LDN43_solved.fits
2026-07-27 22:50:17,182 [INFO] wcs_closure: 读取 FITS: f:\Astro dev\Astro CS Normalization Database\engineering_v1.2\evidence\P11-002\work\T2_HA_LDN43_solved.fits
2026-07-27 22:50:17,254 [INFO] wcs_closure: 图像尺寸: 4096x4096
2026-07-27 22:50:17,272 [WARNING] astropy: FITSFixedWarning: RADECSYS= 'FK5 ' / Equatorial coordinate system 
the RADECSYS keyword is deprecated, use RADESYSa.
2026-07-27 22:50:17,273 [WARNING] astropy: FITSFixedWarning: 'datfix' made the change 'Set MJD-OBS to 60798.187512 from DATE-OBS'.
2026-07-27 22:50:17,273 [INFO] wcs_closure: WCS 构建: has_sip=True sip_order=3 ctype=['RA---TAN-SIP', 'DEC--TAN-SIP'] crpix=(2048.500,2048.500) crval=(248.609843,-15.759623)
2026-07-27 22:50:17,277 [INFO] wcs_closure: Gaia cone_search: center=(248.609843, -15.759623) radius=1.1025 deg mag_high=18.0
2026-07-27 22:50:17,284 [INFO] wcs_closure: Gaia 查询返回: n=13799
2026-07-27 22:50:17,284 [INFO] wcs_closure: PlateSolve 求解: ra0=248.608333 dec0=-15.759722 fl=1917.70 ps=9.0000
2026-07-27 22:50:18,017 [INFO] wcs_closure: callback 收到 1347 个检测星点
2026-07-27 22:50:18,065 [INFO] wcs_closure: PlateSolve 完成: success=1 n_detected=0 n_pairs=33 rms_px=0.1076 trans_order=3
2026-07-27 22:50:18,073 [INFO] wcs_closure: world_to_pixel 有效: 13799/13799
2026-07-27 22:50:18,073 [INFO] wcs_closure: Gaia 过滤后: ra=13799, dec=13799, mag=13799, pred_xy=13799
2026-07-27 22:50:18,124 [INFO] wcs_closure: kd-tree 匹配: 1237 对 (max_dist=3.00 px)
2026-07-27 22:50:18,175 [INFO] wcs_closure: 匹配对已保存: f:\Astro dev\Astro CS Normalization Database\engineering_v1.2\evidence\P11-002\reports\T2_HA_LDN43\matched_pairs.json (n=1237)
2026-07-27 22:50:18,176 [INFO] wcs_closure: 闭环报告已保存: f:\Astro dev\Astro CS Normalization Database\engineering_v1.2\evidence\P11-002\reports\T2_HA_LDN43\closure_report.json
2026-07-27 22:50:18,176 [INFO] wcs_closure: 门限: median=0.772 px (<=0.75: False), p90=0.958 px (<=1.5: True), p99=2.058 px (<=3.0: True)
2026-07-27 22:50:18,983 [INFO] wcs_closure: 残差图已保存: f:\Astro dev\Astro CS Normalization Database\engineering_v1.2\evidence\P11-002\reports\T2_HA_LDN43\residual_plot.png
2026-07-27 22:50:19,248 [INFO] wcs_closure: 四象限分布图已保存: f:\Astro dev\Astro CS Normalization Database\engineering_v1.2\evidence\P11-002\reports\T2_HA_LDN43\quadrant_plot.png
2026-07-27 22:50:19,248 [INFO] wcs_closure: 诊断完成: T2_HA_LDN43_solved (耗时 0.99s)
2026-07-27 22:50:19,253 [INFO] p11_002_driver: 诊断完成: n_matched=1237, median=0.772 px, p90=0.958 px, p99=2.058 px, gate=False, 耗时=2.07s
2026-07-27 22:50:19,253 [INFO] p11_002_driver: ----------------------------------------------------------------------
2026-07-27 22:50:19,253 [INFO] p11_002_driver: 释放 PlateSolve 环境...
2026-07-27 22:50:19,283 [INFO] p11_002_driver: 环境已释放
2026-07-27 22:50:19,284 [INFO] p11_002_driver: ======================================================================
2026-07-27 22:50:19,284 [INFO] p11_002_driver: 汇总报告: f:\Astro dev\Astro CS Normalization Database\engineering_v1.2\evidence\P11-002\reports\driver_summary.json
2026-07-27 22:50:19,284 [INFO] p11_002_driver: 帧数: 2
2026-07-27 22:50:19,284 [INFO] p11_002_driver: 通过: 0
2026-07-27 22:50:19,284 [INFO] p11_002_driver: 错误: 0
2026-07-27 22:50:19,284 [INFO] p11_002_driver: ======================================================================
