=== IPV Plate Solve Log ===
[2026-07-25 12:45:14][INFO] === triangle_match 开始: N_U=60, N_W=60, n_A0=60, n_B0=60, tol=0.0020, s0=6.1879 ===
[2026-07-25 12:45:14][INFO] triangle_match: stage=0, nA=60, nB=60
[2026-07-25 12:45:14][INFO] triangle_match_single: n_A=60, n_B=60, tol=0.0020, s0=6.1879, scale=[0.1347,0.2020]
[2026-07-25 12:45:14][DEBUG] stars_to_triangles: N=60, expected=34220, valid=34220, skipped_degenerate=0 (并行, 16 线程)
[2026-07-25 12:45:14][DEBUG] stars_to_triangles: prune_triangle_array ba>0.9 剪枝: before=34220, after=24606, pruned=9614
[2026-07-25 12:45:14][DEBUG] stars_to_triangles: N=60, expected=34220, valid=34220, skipped_degenerate=0 (并行, 16 线程)
[2026-07-25 12:45:14][DEBUG] stars_to_triangles: prune_triangle_array ba>0.9 剪枝: before=34220, after=25292, pruned=8928
[2026-07-25 12:45:15][INFO] make_vote_matrix: n_A=24606, n_B=25292, matched_triangles=33493, vote_matrix=60x60, scale_rejected=48594 (range=[0.1347,0.2020]) [并行 16 线程]
[2026-07-25 12:45:15][INFO] top_vote_getters: 矩阵=60x60, 候选对数(vote>=2)=3594, top_n=60
[2026-07-25 12:45:15][INFO] top_vote_getters: V4.25 去重后 top_pairs=60, 去重剔除=2850
[2026-07-25 12:45:15][INFO]   [调试] top[0]: u=26 w=34, votes=469
[2026-07-25 12:45:15][INFO]   [调试] top[1]: u=46 w=37, votes=452
[2026-07-25 12:45:15][INFO]   [调试] top[2]: u=7 w=14, votes=450
[2026-07-25 12:45:15][INFO]   [调试] top[3]: u=28 w=13, votes=432
[2026-07-25 12:45:15][INFO]   [调试] top[4]: u=53 w=36, votes=422
[2026-07-25 12:45:15][INFO]   [调试] top[5]: u=31 w=0, votes=420
[2026-07-25 12:45:15][INFO]   [调试] top[6]: u=29 w=38, votes=418
[2026-07-25 12:45:15][INFO]   [调试] top[7]: u=45 w=11, votes=416
[2026-07-25 12:45:15][INFO]   [调试] top[8]: u=50 w=33, votes=416
[2026-07-25 12:45:15][INFO]   [调试] top[9]: u=23 w=18, votes=412
[2026-07-25 12:45:15][INFO] triangle_match_single 完成: tri_A=24606, tri_B=25292, vote_matrix=60x60, max_vote=469, 候选对数(vote>=2)=3594, top_pairs=60
[2026-07-25 12:45:15][INFO] triangle_match: stage=0 成功 (max_vote=469 >= 3), 停止自适应
[2026-07-25 12:45:15][INFO] === triangle_match 结束: tri_A=24606, tri_B=25292, top_pairs=60, max_vote=469, success=1 ===
