[2026-07-30 12:24:14][INFO][logger] 日志系统初始化完成 (log_dir=lib/orchestrator/logs, level=INFO)
[2026-07-30 12:24:14][INFO][orchestrator] 初始化编排器 (骨架版本)
[2026-07-30 12:24:14][INFO][orchestrator] 可用线程数: 16
[2026-07-30 12:24:14][INFO][orchestrator] 加载配置: engineering_authoritative/evidence/B-001/configs/stage1_config_T3_Red.json
[2026-07-30 12:24:14][INFO][orchestrator] 配置文件大小: 2708 字节
[2026-07-30 12:24:14][INFO][orchestrator] 检查点目录: output\.checkpoint
[2026-07-30 12:24:14][INFO][orchestrator] 日志级别设置为: INFO
[2026-07-30 12:24:14][INFO][orchestrator] 配置线程数: 0 (0=自动检测)
[2026-07-30 12:24:14][INFO][orchestrator] 配置 Gaia 数据目录: GaiaDR3SP
[2026-07-30 12:24:14][INFO][orchestrator] 配置加载完成 (P03-002: log_level/threads/gaia_data_dir 已解析)
[2026-07-30 12:24:14][INFO][orchestrator] ========== stage1: 单帧预处理 (FITS -> .hiss) ==========
[2026-07-30 12:24:14][INFO][orchestrator] 输入 FITS: testdata/NGC55_T3_flying_dutchman/lights/NGC55_T3_flying_dutchman-20250703@080546-600S-Red.fts
[2026-07-30 12:24:14][INFO][orchestrator] 输出 .hiss: output/B-002/T3_RED_NGC55.hiss
[2026-07-30 12:24:14][INFO][orchestrator] 配置 JSON: {
  "_comment": "B-001 Stage1 配置 - T3 代表帧 (NGC55 Red 600s). 校准链经 A-004 严格模式验证 RESOLVED.",
  "_task": "B-001",
  "_frame_id": "T3_RED_NGC55",
  "_verified_by": "engineering_authoritative/evidence/B-001/results/representative_resolution.csv",
  "project_root": ".",
  "gaia_data_dir": "GaiaDR3SP",
  "calibration_dir": "testdata/T3 calibration files",
  "output_root": "output",
  "stages": [
    "read_fits",
    "calibrate",
    "platesolve",
    "psf",
    "photometric",
    "snr",
    "drizzle"
  ],
  "frame": {
    "id": "T3_RED_NGC55",
    "light_path": "testdata/NGC55_T3_flying_dutchman/lights/NGC55_T3_flying_dutchman-20250703@080546-600S-Red.fts",
    "output_hiss": "output/B-001/T3_RED_NGC55.hiss",
    "filter": "Red",
    "qe_curve": "KAF-16803",
    "target": "NGC55",
    "panel": "",
    "exposure_s": 600.0
  },
  "calibration": {
    "_comment": "B-001: 校准输入已由 A-004 严格模式验证为 exact 匹配 (Bias/Dark/Flat 三链完整)",
    "master_bias_path": "testdata/T3 calibration files/masterBias_BIN-1_4096x4096.xisf",
    "master_dark_path": "testdata/T3 calibration files/masterDark_BIN-1_4096x4096_EXPOSURE-600.00s.xisf",
    "master_flat_path": "testdata/T3 calibration files/masterFlat_BIN-1_4096x4096_FILTER-Red_mono.xisf",
    "require_size_match": true,
    "require_exposure_match": true,
    "exposure_tolerance_s": 0.5,
    "require_temperature_match": false,
    "temperature_tolerance_c": 1.0,
    "allow_no_calibration": false,
    "dark_optimization": 0,
    "dark_scale_factor": 1.0
  },
  "platesolve": {
    "_comment": "T3: ASA 500N 焦距 1900mm (文档值), FLI 16803 像素 9.0um. focal_length/pixel_size 为 0 时从 FITS header 读取",
    "initial_ra": "",
    "initial_dec": "",
    "focal_length": 1900.0,
    "pixel_size": 9.0,
    "max_stars": 2000,
    "log_dir": "lib/plate_solve/logs"
  },
  "psf": {
    "_comment": "PSF 拟合参数. fit_radius=0 表示自动; max_stars=0 表示不限制",
    "fit_radius": 8,
    "max_iter": 100,
    "tolerance": 1e-06,
    "max_stars": 2000
  },
  "photometric": {
    "_comment": "测光校准参数. mag_max 内部会自适应迭代 (2000-10000 星范围)",
    "mag_min": 6.0,
    "mag_max": 16.0,
    "fov_radius_deg": 0.0,
    "filters_json": "lib/photometric_calib/data/response_curves/filters.json",
    "qe_curves_json": "lib/photometric_calib/data/response_curves/qe_curves.json"
  },
  "drizzle": {
    "_comment": "Drizzle 参数. nside_strategy=1x_to_2x_drizzle 自适应; pixfrac 默认 1.0 避免缝隙",
    "nside_strategy": "1x_to_2x_drizzle",
    "nside_override": 0,
    "pixfrac": 1.0,
    "nested": true
  },
  "log_level": "INFO",
  "threads": 0
}

[2026-07-30 12:24:14][INFO][orchestrator] P04-004: 取消/超时标志已重置
[2026-07-30 12:24:14][INFO][orchestrator] 自动推导项目根目录: F:\Astro dev\Astro CS Normalization Database
[2026-07-30 12:24:14][INFO][orchestrator] 初始化 DLL 加载 (lib_base_dir=F:\Astro dev\Astro CS Normalization Database)
[dll_loader] 开始加载所有模块 (lib_base_dir=F:\Astro dev\Astro CS Normalization Database)
[dll_loader] 设置运行时 DLL 搜索路径: C:\msys64\mingw64\bin
[dll_loader] 加载模块 AIO: F:\Astro dev\Astro CS Normalization Database/lib/astro_image_io/astro_image_io.dll
[dll_loader] 模块 AIO 加载成功 (handle=0x7ffec6450000)
[dll_loader] 预加载 astro_image_io.dll (依赖前置) handle=0x7ffec6450000
[dll_loader] 加载模块 CALIBRATE: F:\Astro dev\Astro CS Normalization Database/lib/calibration/astro_calibration.dll
[dll_loader] 模块 CALIBRATE 加载成功 (handle=0x7fff52f10000)
[dll_loader] 加载模块 PLATESOLVE: F:\Astro dev\Astro CS Normalization Database/lib/plate_solve/cpp/ipv/ipv_solver.dll
[dll_loader] 模块 PLATESOLVE 加载成功 (handle=0x7ffec5790000)
[dll_loader] 加载模块 PSF: F:\Astro dev\Astro CS Normalization Database/lib/dynamic_psf/dynamic_psf.dll
[dll_loader] 模块 PSF 加载成功 (handle=0x7fff512a0000)
[dll_loader] 预加载 gaia_client.dll (依赖前置) handle=0x7fff51250000
[dll_loader] 加载模块 PHOTOMETRIC: F:\Astro dev\Astro CS Normalization Database/lib/photometric_calib/cpp/photometric_calib.dll
[dll_loader] 模块 PHOTOMETRIC 加载成功 (handle=0x7ffec56d0000)
[dll_loader] 加载模块 SNR: F:\Astro dev\Astro CS Normalization Database/lib/snr_estimator/cpp/snr_estimator.dll
[dll_loader] 模块 SNR 加载成功 (handle=0x7ffec5620000)
[dll_loader] 加载模块 DRIZZLE: F:\Astro dev\Astro CS Normalization Database/lib/healpix_db/healpix_drizzle/healpix_drizzle.dll
[dll_loader] 模块 DRIZZLE 加载成功 (handle=0x7ffec5080000)
[dll_loader] 加载模块 GRADIENT_SPHERE: F:\Astro dev\Astro CS Normalization Database/lib/healpix_db/healpix_stack/healpix_stack.dll
[dll_loader] 模块 GRADIENT_SPHERE 加载成功 (handle=0x7ffec4f90000)
[dll_loader] 加载模块 STACK: F:\Astro dev\Astro CS Normalization Database/lib/healpix_db/healpix_stack/healpix_stack.dll
[dll_loader] 模块 STACK 加载成功 (handle=0x7ffec4f90000)
[dll_loader] 全部模块加载成功
[2026-07-30 12:24:14][INFO][orchestrator] 全部 9 个模块加载成功
[2026-07-30 12:24:14][INFO][orchestrator]   AIO 版本: unknown
[2026-07-30 12:24:14][INFO][orchestrator]   CALIBRATE 版本: Astro Calibration C++ v1.0.0
[2026-07-30 12:24:14][INFO][orchestrator]   PLATESOLVE 版本: unknown
[2026-07-30 12:24:14][INFO][orchestrator]   PSF 版本: unknown
[2026-07-30 12:24:14][INFO][orchestrator]   PHOTOMETRIC 版本: unknown
[2026-07-30 12:24:14][INFO][orchestrator]   SNR 版本: unknown
[2026-07-30 12:24:14][INFO][orchestrator]   DRIZZLE 版本: unknown
[2026-07-30 12:24:14][INFO][orchestrator]   GRADIENT_SPHERE 版本: unknown
[2026-07-30 12:24:14][INFO][orchestrator]   STACK 版本: unknown
[dll_loader] CALIBRATE 线程数设置为 16
[2026-07-30 12:24:14][INFO][orchestrator] CALIBRATE 线程数: 16
[2026-07-30 12:24:14][DEBUG][PIPELINE] frame_create: ok
[2026-07-30 12:24:14][INFO][orchestrator] ---------- stage1 阶段: READ_FITS ----------
[2026-07-30 12:24:14][INFO][orchestrator] [READ_FITS] 开始: testdata/NGC55_T3_flying_dutchman/lights/NGC55_T3_flying_dutchman-20250703@080546-600S-Red.fts
[2026-07-30 12:24:14][INFO][FITS] Reading: testdata/NGC55_T3_flying_dutchman/lights/NGC55_T3_flying_dutchman-20250703@080546-600S-Red.fts
[2026-07-30 12:24:14][INFO][FITS] Header: BITPIX=16 NAXIS=2 NAXIS1=4096 NAXIS2=4096 NAXIS3=0 BSCALE=1.0 BZERO=32768.0 keywords=119
[2026-07-30 12:24:14][INFO][FITS] Applying BSCALE=1.000000 BZERO=32768.000000
[2026-07-30 12:24:14][INFO][FITS] Read OK: 4096x4096 1ch BITPIX=16
[2026-07-30 12:24:14][INFO][API] aio_read_fits: 0.089 s
[2026-07-30 12:24:14][INFO][orchestrator] [READ_FITS] 图像尺寸: 4096x4096
[2026-07-30 12:24:14][DEBUG][PIPELINE] add_block: 'data' type=0 count=16777216 (67108864 bytes)
[2026-07-30 12:24:14][INFO][orchestrator] [READ_FITS] FITS 关键字数: 119
[2026-07-30 12:24:14][INFO][orchestrator] [READ_FITS] 完成
[2026-07-30 12:24:14][INFO][orchestrator] [0.102467s] READ_FITS 完成
[2026-07-30 12:24:14][INFO][orchestrator] ---------- stage1 阶段: CALIBRATE ----------
[2026-07-30 12:24:14][INFO][orchestrator] [CALIBRATE] 开始
[2026-07-30 12:24:14][INFO][orchestrator] [CALIBRATE] 图像: 4096x4096 (16777216 像素)
[2026-07-30 12:24:14][INFO][orchestrator] [CALIBRATE] 帧元数据: EXPTIME=600.000000s, FILTER='Red', CCD-TEMP=-20.000000C
[2026-07-30 12:24:14][INFO][orchestrator] [CALIBRATE] calibration_dir: F:\Astro dev\Astro CS Normalization Database\testdata/T3 calibration files
[2026-07-30 12:24:14][INFO][XISF] Reading: testdata/T3 calibration files/masterBias_BIN-1_4096x4096.xisf
[2026-07-30 12:24:14][INFO][XISF] XML header length: 20702 bytes
[2026-07-30 12:24:14][INFO][XISF] Image: 4096x4096x1 fmt=Float32 byteOrder= offset=24576 size=67108864
[2026-07-30 12:24:14][INFO][XISF] Byte order: file= system=little swap=0
[2026-07-30 12:24:14][INFO][XISF] Read OK: 4096x4096 1ch fmt=Float32 keywords=197
[2026-07-30 12:24:14][INFO][API] aio_read_xisf: 0.132 s
[2026-07-30 12:24:14][INFO][orchestrator] [CALIBRATE] 加载 Master: testdata/T3 calibration files/masterBias_BIN-1_4096x4096.xisf (4096x4096)
[2026-07-30 12:24:14][INFO][XISF] Reading: testdata/T3 calibration files/masterDark_BIN-1_4096x4096_EXPOSURE-600.00s.xisf
[2026-07-30 12:24:14][INFO][XISF] XML header length: 20514 bytes
[2026-07-30 12:24:14][INFO][XISF] Image: 4096x4096x1 fmt=Float32 byteOrder= offset=24576 size=67108864
[2026-07-30 12:24:14][INFO][XISF] Byte order: file= system=little swap=0
[2026-07-30 12:24:14][INFO][XISF] Read OK: 4096x4096 1ch fmt=Float32 keywords=196
[2026-07-30 12:24:14][INFO][API] aio_read_xisf: 0.130 s
[2026-07-30 12:24:14][INFO][orchestrator] [CALIBRATE] 加载 Master: testdata/T3 calibration files/masterDark_BIN-1_4096x4096_EXPOSURE-600.00s.xisf (4096x4096)
[2026-07-30 12:24:14][INFO][XISF] Reading: testdata/T3 calibration files/masterFlat_BIN-1_4096x4096_FILTER-Red_mono.xisf
[2026-07-30 12:24:14][INFO][XISF] XML header length: 20746 bytes
[2026-07-30 12:24:14][INFO][XISF] Image: 4096x4096x1 fmt=Float32 byteOrder= offset=24576 size=67108864
[2026-07-30 12:24:14][INFO][XISF] Byte order: file= system=little swap=0
[2026-07-30 12:24:14][INFO][XISF] Read OK: 4096x4096 1ch fmt=Float32 keywords=196
[2026-07-30 12:24:14][INFO][API] aio_read_xisf: 0.080 s
[2026-07-30 12:24:14][INFO][orchestrator] [CALIBRATE] 加载 Master: testdata/T3 calibration files/masterFlat_BIN-1_4096x4096_FILTER-Red_mono.xisf (4096x4096)
[2026-07-30 12:24:14][INFO][orchestrator] [CALIBRATE] master_dark 曝光时间匹配: dark=600.000000s vs frame=600.000000s (diff=0.000000s)
[2026-07-30 12:24:14][INFO][orchestrator] [CALIBRATE] 调用 ac_calibrate_frame: dark_opt=0, k_init=1.000000, has_bias=true, has_dark=true, has_flat=true
[2026-07-30 12:24:15][INFO][orchestrator] [CALIBRATE] 校准统计: light_mean=1282.132185 -> out_mean=12821.167031, bias_mean=0.015146, dark_mean=0.015438, flat_mean=0.060763, actual_k=1.000000
[2026-07-30 12:24:15][DEBUG][PIPELINE] remove_block: 'data' removed (n_blocks=1)
[2026-07-30 12:24:15][DEBUG][PIPELINE] add_block_move: 'data' type=0 count=16777216 (moved ptr=000001de0fdf3040)
[2026-07-30 12:24:15][INFO][orchestrator] [CALIBRATE] cal_stats 已写入 (CALIBRATION_STATUS=APPLIED)
[2026-07-30 12:24:15][INFO][orchestrator] [CALIBRATE] 完成 (实际应用 Bias/Dark/Flat)
[2026-07-30 12:24:15][INFO][orchestrator] [0.698881s] CALIBRATE 完成
[2026-07-30 12:24:15][INFO][orchestrator] ---------- stage1 阶段: PLATESOLVE ----------
[2026-07-30 12:24:15][INFO][orchestrator] [PLATESOLVE] 开始
[2026-07-30 12:24:15][INFO][orchestrator] [PLATESOLVE] 初始化环境 (gaia_client + star_detector + ipv_solver)
[2026-07-30 12:24:15][INFO][orchestrator] [PLATESOLVE] gaia_client.dll 加载成功
[2026-07-30 12:24:15][INFO][orchestrator] [PLATESOLVE] star_detector.dll 加载成功
[2026-07-30 12:24:15][INFO][orchestrator] [PLATESOLVE] Gaia 数据目录: F:\Astro dev\Astro CS Normalization Database\GaiaDR3SP (来自 config)
[2026-07-30 12:24:15][INFO][orchestrator] [PLATESOLVE] GaiaClient 创建成功 (data_dir=F:\Astro dev\Astro CS Normalization Database\GaiaDR3SP)
[2026-07-30 12:24:15][INFO][SDET] StarDetector created (fitRadius=0, fwhmClipSigma=3.0, maxAxisRatio=2.0)
[2026-07-30 12:24:15][INFO][orchestrator] [PLATESOLVE] StarDetector 创建成功 (fitRadius=0 自动, maxStars=2000)
[2026-07-30 12:24:15][INFO][orchestrator] [PLATESOLVE] IPVSolver 创建成功, 已注入 Gaia + StarDetector 句柄
[2026-07-30 12:24:15][INFO][orchestrator] [PLATESOLVE] 环境初始化完成
[2026-07-30 12:24:15][INFO][orchestrator] [PLATESOLVE] 图像: 4096x4096
[2026-07-30 12:24:15][INFO][orchestrator] [PLATESOLVE] 初始指向: OBJCTRA='00 15 00.00' -> ra0=3.750000deg, OBJCTDEC='-39 11 39.0' -> dec0=-39.194167deg
[2026-07-30 12:24:15][INFO][orchestrator] [PLATESOLVE] 焦距=1900.000000mm, 像素尺寸=9.000000um (部分来自 config)
[2026-07-30 12:24:15][INFO][orchestrator] [PLATESOLVE] 调用 ipv_solve_from_memory_with_callback (INTERNAL_DETECTION_SHARED_EXPORT callback 导出) ...
[2026-07-30 12:24:15][INFO] ==== IPVSolver::solve_from_memory_with_callback 开始 (INTERNAL_DETECTION_SHARED_EXPORT) ====
[2026-07-30 12:24:15][INFO]   pixels=4096x4096 (内存数据)
[2026-07-30 12:24:15][INFO]   ra0=3.750000 deg, dec0=-39.194167 deg
[2026-07-30 12:24:15][INFO]   focal_length=1900.000 mm, pixel_size=9.000 um
[2026-07-30 12:24:15][INFO]   callback=ENABLED
[2026-07-30 12:24:15][INFO] === ipv_select_from_memory_with_callback 启动 (INTERNAL_DETECTION_SHARED_EXPORT) ===
[2026-07-30 12:24:15][INFO] ipv_select: 依赖 DLL 全部加载成功
[2026-07-30 12:24:15][INFO] Step 1: 使用内存像素数据 4096×4096
[2026-07-30 12:24:15][INFO] Step 2: 星点检测 (sdet_detect_ex)
[2026-07-30 12:24:15][INFO][SDET] sdet_detect_ex start: 4096x4096
[2026-07-30 12:24:15][DEBUG][SDET] [1] uint16→float: 15.7 ms
[2026-07-30 12:24:15][DEBUG][SDET] [2] Gaussian YvV smooth (sigma=2.0): 112.4 ms
[2026-07-30 12:24:15][INFO][SDET] peaker: median=12699.0000 bgnoise=173.8232 threshold=13568.1162 (median+5*bgnoise)
[2026-07-30 12:24:15][DEBUG][SDET] [3] Threshold: 276.0 ms
[2026-07-30 12:24:15][INFO][SDET] peaker: bg=12699.0 maxi=65535.0 norm=65535.0 dynrange=52836.0 minsatlevel=36985.2 satrange=5283.6 s_factor=3.7169 locthreshold=869.1161
[2026-07-30 12:24:15][DEBUG][SDET] [4] peaker: 34.1 ms (1090 candidates, full peaker 7-step)
[2026-07-30 12:24:15][INFO][SDET] Candidates: 1090
[2026-07-30 12:24:15][INFO][SDET] Peaker stages: pass_threshold=353659 pass_localmax=4893 pass_count3=1909 pass_boundary=1909 | cond_meanhigh=213 cond_platform=988 sat_both=115 nonsat=1794
[2026-07-30 12:24:15][INFO][SDET] Auto fitRadius: med_pixels=66 fwhm_est=3.99 auto_radius=11 actual=11
[2026-07-30 12:24:15][INFO][SDET] Task6 candidates sorted by mag_est (desc): maxstars=2000 candidates=1090
[2026-07-30 12:24:15][DEBUG][SDET] [6] Moffat4 fit: 101.2 ms (1067/1090 OK)
[2026-07-30 12:24:15][INFO][SDET] Moffat4 fit: 1067/1090 OK
[2026-07-30 12:24:15][INFO][SDET] === Fit statistics by pixel count ===
[2026-07-30 12:24:15][INFO][SDET]   px[5-9]: total=12 ok=12(100.0%) invalid=0 noconv=0 iterlimit=0
[2026-07-30 12:24:15][INFO][SDET]   px[10-19]: total=85 ok=82(96.5%) invalid=0 noconv=3 iterlimit=0
[2026-07-30 12:24:15][INFO][SDET]   px[20-49]: total=303 ok=298(98.3%) invalid=0 noconv=5 iterlimit=0
[2026-07-30 12:24:15][INFO][SDET]   px[50-99]: total=292 ok=292(100.0%) invalid=0 noconv=0 iterlimit=0
[2026-07-30 12:24:15][INFO][SDET]   px[100-299]: total=361 ok=346(95.8%) invalid=0 noconv=15 iterlimit=0
[2026-07-30 12:24:15][DEBUG][SDET] [7] FWHM stats: 1.1 ms (med=2.4964 mad=0.3223)
[2026-07-30 12:24:15][INFO][SDET] FWHM stats: med=2.4964 mad=0.3223 (from 1067 fitted stars)
[2026-07-30 12:24:15][DEBUG][SDET] [8] Build normal stars: 1.3 ms (996 stars, fit_fail=23 fwhm=0 round=23 reject=48)
[2026-07-30 12:24:15][INFO][SDET] Normal stars: 996 (fit_fail=23 fwhm=0 roundness=23 reject=48)
[2026-07-30 12:24:15][DEBUG][SDET] [9] Saturated star detection skipped (V4.52: use A>dynrange from peaker): 0.3 ms
[2026-07-30 12:24:15][DEBUG][SDET] [10a] Dedup: 0.8 ms
[2026-07-30 12:24:15][DEBUG][SDET] [10b] Sort: 0.1 ms
[2026-07-30 12:24:15][INFO][SDET] After dedup+sort: 996 stars (saturated=251 normal=745)
[2026-07-30 12:24:15][INFO][SDET] sdet_detect_ex done: 996 stars (sat=251 normal=745), 0.543 s
[2026-07-30 12:24:15][INFO]   检测到星点: 996 颗 (饱和 251, 正常 745)
[2026-07-30 12:24:15][INFO] Step 2.5: 调用 callback 导出 detections (INTERNAL_DETECTION_SHARED_EXPORT)
[2026-07-30 12:24:15][INFO]   callback 完成, 源缓冲区已由 callback 复制
[2026-07-30 12:24:15][INFO] Step 3: 图像侧选星
[2026-07-30 12:24:15][INFO] 选星: 按 mag(box积分) 升序取前 60 颗 (含饱和 59 颗)
[2026-07-30 12:24:15][INFO]   U 向量组: 60×2 (s0=0.9770"/px)
[2026-07-30 12:24:15][INFO] Step 4: FOV/密度计算
[2026-07-30 12:24:15][INFO] FOV计算: s0=0.9770"/px, FOV_diag=1.5721°, query_r=0.8647°, img_area=1.23579°², query_area=2.34882°², rho_img=48.55, rho_target=72.83, n_target=60
[2026-07-30 12:24:15][INFO] Step 5: V4.9 密度公式估算极限星等 (替代迭代)
[2026-07-30 12:24:15][INFO] 密度估算极限星等: G=11.045 (n_required=60, area=2.3488°², rho_target=25.54/°²)
[2026-07-30 12:24:15][INFO] Step 6: 用 m_lim=11.045 查询 Gaia 星表
[2026-07-30 12:24:15][WARN] V4.9 补救查询 1: Gaia 返回 23 < n_target=60, 放宽到 m=12.045
[2026-07-30 12:24:15][WARN] V4.9 补救查询 2: Gaia 返回 52 < n_target=60, 放宽到 m=13.045
[2026-07-30 12:24:15][INFO] Step 7: Gnomonic 投影 + FOV 过滤
[2026-07-30 12:24:15][INFO]   W 向量组: 49×2 (FOV 内 49, 取最亮 49, gaia_ra/dec 已保存)
[2026-07-30 12:24:15][INFO] === ipv_select_from_memory_with_callback 完成 (INTERNAL_DETECTION_SHARED_EXPORT) ===
[2026-07-30 12:24:15][INFO] === triangle_match 开始: N_U=60, N_W=49, n_A0=60, n_B0=60, tol=0.0020, s0=0.9770 ===
[2026-07-30 12:24:15][INFO] triangle_match: stage=0 nA=60 nB=60 超过实际星数, 停止扩充
[2026-07-30 12:24:15][INFO] triangle_match_single: n_A=60, n_B=49, tol=0.0020, s0=0.9770, scale=[0.8529,1.2794]
[2026-07-30 12:24:15][DEBUG] stars_to_triangles: N=60, expected=34220, valid=34220, skipped_degenerate=0 (并行, 16 线程)
[2026-07-30 12:24:16][DEBUG] stars_to_triangles: prune_triangle_array ba>0.9 剪枝: before=34220, after=24803, pruned=9417
[2026-07-30 12:24:16][DEBUG] stars_to_triangles: N=49, expected=18424, valid=18424, skipped_degenerate=0 (并行, 16 线程)
[2026-07-30 12:24:16][DEBUG] stars_to_triangles: prune_triangle_array ba>0.9 剪枝: before=18424, after=13409, pruned=5015
[2026-07-30 12:24:16][INFO] make_vote_matrix: n_A=24803, n_B=13409, matched_triangles=27432, vote_matrix=60x49, scale_rejected=26032 (range=[0.8529,1.2794]) [并行 16 线程]
[2026-07-30 12:24:16][INFO] top_vote_getters: 矩阵=60x49, 候选对数(vote>=2)=2918, top_n=60
[2026-07-30 12:24:16][INFO] top_vote_getters: V4.25 去重后 top_pairs=49, 去重剔除=2869
[2026-07-30 12:24:16][INFO]   [调试] top[0]: u=11 w=17, votes=907
[2026-07-30 12:24:16][INFO]   [调试] top[1]: u=19 w=20, votes=877
[2026-07-30 12:24:16][INFO]   [调试] top[2]: u=27 w=26, votes=834
[2026-07-30 12:24:16][INFO]   [调试] top[3]: u=15 w=12, votes=828
[2026-07-30 12:24:16][INFO]   [调试] top[4]: u=49 w=42, votes=801
[2026-07-30 12:24:16][INFO]   [调试] top[5]: u=20 w=19, votes=798
[2026-07-30 12:24:16][INFO]   [调试] top[6]: u=35 w=36, votes=793
[2026-07-30 12:24:16][INFO]   [调试] top[7]: u=9 w=7, votes=786
[2026-07-30 12:24:16][INFO]   [调试] top[8]: u=4 w=4, votes=785
[2026-07-30 12:24:16][INFO]   [调试] top[9]: u=8 w=8, votes=784
[2026-07-30 12:24:16][INFO] triangle_match_single 完成: tri_A=24803, tri_B=13409, vote_matrix=60x49, max_vote=907, 候选对数(vote>=2)=2918, top_pairs=49
[2026-07-30 12:24:16][INFO] === triangle_match 结束: tri_A=24803, tri_B=13409, top_pairs=49, max_vote=907, success=1 ===
[2026-07-30 12:24:16][INFO] [P02-002] n_target=60, max_vote=907, threshold=2
[2026-07-30 12:24:16][INFO]   [阶段] triangle_match (n=60): 37.88 ms, max_vote=907, top_pairs=49, success=1
[2026-07-30 12:24:16][INFO]   [阶段] triangle_match: 38.10 ms, n_target_used=60
[2026-07-30 12:24:16][INFO]   N_U=60, N_W=49, s0=0.9770 arcsec/px, img=4096x4096, fov_diag=1.5721 deg
[2026-07-30 12:24:16][INFO] iter_trans_solve: U=60, W=49, initial_pairs=49, tol=5.00, order=3
[2026-07-30 12:24:16][DEBUG] calc_trans_general: order=3, n_pairs=20, 拟合成功
[2026-07-30 12:24:16][INFO] iter_trans_inner: 初始拟合完成, 初始工作集=20, order=3
[2026-07-30 12:24:16][INFO]   [调试] 初始 TRANS: x00=-1.0254 y00=-0.4441, x10=-0.009826 x01=-0.958633 y10=-0.958450 y01=0.009943
[2026-07-30 12:24:16][INFO]   [调试] 初始对[0]: u=11 w=17, U=(185.39,169.53), W=(-165.27,-176.55), pred=(-165.34,-176.44), dist=0.1283" (dx=-0.07 dy=0.11)
[2026-07-30 12:24:16][INFO]   [调试] 初始对[1]: u=19 w=20, U=(254.55,-347.81), W=(329.80,-247.78), pred=(329.84,-247.82), dist=0.0576" (dx=0.05 dy=-0.03)
[2026-07-30 12:24:16][INFO]   [调试] 初始对[2]: u=27 w=26, U=(541.85,74.51), W=(-77.52,-518.87), pred=(-77.73,-518.92), dist=0.2136" (dx=-0.21 dy=-0.05)
[2026-07-30 12:24:16][INFO]   [调试] 初始对[3]: u=15 w=12, U=(57.59,579.77), W=(-557.07,-49.97), pred=(-557.15,-49.86), dist=0.1341" (dx=-0.08 dy=0.10)
[2026-07-30 12:24:16][INFO]   [调试] 初始对[4]: u=49 w=42, U=(675.90,-364.72), W=(341.82,-651.45), pred=(341.79,-651.49), dist=0.0527" (dx=-0.04 dy=-0.04)
[2026-07-30 12:24:16][INFO]   [调试] 初始对[5]: u=20 w=19, U=(540.70,1608.69), W=(-1543.29,-501.47), pred=(-1543.40,-501.46), dist=0.1123" (dx=-0.11 dy=0.02)
[2026-07-30 12:24:16][INFO] iter_trans_inner: V4.23 工作集扩展 20->49 (nr=nbright)
[2026-07-30 12:24:16][DEBUG] iter 0: 绝对剔除 nr=49→48, nb=1
[2026-07-30 12:24:16][DEBUG] iter 0: sigma(35%)=0.016456 角秒²
[2026-07-30 12:24:16][DEBUG] iter 0: 相对剔除 nr=29, nb=20, rel_thresh=0.164563
[2026-07-30 12:24:16][DEBUG] calc_trans_general: order=3, n_pairs=29, 拟合成功
[2026-07-30 12:24:16][INFO] iter_trans_inner: 完成, nr=29, sig=0.0271, rms=0.1372, iters=1, success=1
[2026-07-30 12:24:16][INFO] iter_trans_solve: 第一轮 iter_trans 成功, inliers=29, rms=0.1372
[2026-07-30 12:24:16][INFO] at_match_lists: U=60, W=49, tol=5.00", U→W单向=48, W→U单向=48, 双向=48, 去重后=48
[2026-07-30 12:24:16][DEBUG] calc_trans_general: order=3, n_pairs=48, 拟合成功
[2026-07-30 12:24:16][INFO] at_recalc_trans: n=48, order=3, sig=0.0700, sx=0.1984, sy=0.1586, rms=0.2540
[2026-07-30 12:24:16][INFO] iter_trans_solve: 第一轮 refit 成功, inliers=48, rms=0.2540
[2026-07-30 12:24:16][INFO] at_match_lists: U=60, W=49, tol=5.00", U→W单向=48, W→U单向=48, 双向=48, 去重后=48
[2026-07-30 12:24:16][DEBUG] calc_trans_general: order=3, n_pairs=48, 拟合成功
[2026-07-30 12:24:16][INFO] at_recalc_trans: n=48, order=3, sig=0.0700, sx=0.1984, sy=0.1586, rms=0.2540
[2026-07-30 12:24:16][INFO] iter_trans_solve: 第二轮 refit 成功, inliers=48, rms=0.2540
[2026-07-30 12:24:16][INFO]   [阶段] iter_trans_solve: 4.27 ms, n_inliers=48, rms=0.2540, iters=3, success=1
[2026-07-30 12:24:16][INFO]   [诊断] iterative_reproject 入口: U.size=60, gaia_ra.size=49, gaia_dec.size=49, initial_inliers.size=48, s0=0.9770, img=4096x4096
[2026-07-30 12:24:16][INFO] iterative_reproject: 开始 (N_W=49, n_inliers=48, s0=0.9770"/px, max_iter=5, conv_thresh=0.0100")
[2026-07-30 12:24:16][INFO]   iter 0: ra_cur=3.750000 dec_cur=-39.194167, xi_center=-0.9557" eta_center=-0.4373", conv=1.0510" (thresh=0.0100")
[2026-07-30 12:24:16][INFO]   iter 0: 新中心 ra=3.749657 dec=-39.194288 (Δra=-0.000343° Δdec=-0.000121°)
[2026-07-30 12:24:16][DEBUG] calc_trans_general: order=3, n_pairs=48, 拟合成功
[2026-07-30 12:24:16][INFO] at_recalc_trans: n=48, order=3, sig=0.0700, sx=0.1984, sy=0.1586, rms=0.2540
[2026-07-30 12:24:16][INFO]   iter 0: at_recalc_trans 成功, n=48, sig=0.0700, rms=0.2540, x00=0.0000 y00=0.0000 (asec)
[2026-07-30 12:24:16][INFO]   iter 1: 收敛 (TRANS 常数项 = 0.0000" < 0.0100")
[2026-07-30 12:24:16][INFO] iterative_reproject: 完成 (收敛), ra=3.750000→3.749657 dec=-39.194167→-39.194288, n_matched=48 (固定), iters=1, conv=0.0000"
[2026-07-30 12:24:16][INFO]   [阶段] iterative_reproject: 1.49 ms, success=1, ra=3.750000→3.749657, dec=-39.194167→-39.194288, n_matched=48, iters=1, conv=0.0000"
[2026-07-30 12:24:16][INFO] at_match_lists: U=60, W=49, tol=5.00", U→W单向=48, W→U单向=48, 双向=48, 去重后=48
[2026-07-30 12:24:16][INFO]   [阶段] hi_order_rematch iter 0: n_matched=48 (min=10, order=3)
[2026-07-30 12:24:16][DEBUG] calc_trans_general: order=3, n_pairs=48, 拟合成功
[2026-07-30 12:24:16][INFO] at_recalc_trans: n=48, order=3, sig=0.0700, sx=0.1984, sy=0.1586, rms=0.2540
[2026-07-30 12:24:16][INFO] at_match_lists: U=60, W=49, tol=5.00", U→W单向=48, W→U单向=48, 双向=48, 去重后=48
[2026-07-30 12:24:16][DEBUG] calc_trans_general: order=3, n_pairs=48, 拟合成功
[2026-07-30 12:24:16][INFO] at_recalc_trans: n=48, order=3, sig=0.0700, sx=0.1984, sy=0.1586, rms=0.2540
[2026-07-30 12:24:16][INFO]   [阶段] hi_order_rematch iter 1: 收敛 (dn=0, drms=0.0000)
[2026-07-30 12:24:16][INFO]   [阶段] hi_order_rematch: 1.02 ms, n_matched=48, trans.order=3
[2026-07-30 12:24:16][INFO] ==== robust_refine_wcs 开始 (V4.30) ====
  U_full=996, mag_full=996, gaia=49
  ra0=3.749657, dec0=-39.194288, s0=0.9770"/px, fov=1.5721°, img=4096x4096
  initial_rms=0.0700", trans.order=3
[2026-07-30 12:24:16][INFO]   [robust_refine] 网格采样: FOV=1.572°, G_short=3, N_long=3, n_cells=9, quota=20, narrow_all=0, N_full=996
[2026-07-30 12:24:16][INFO]   [robust_refine] 网格采样完成: 选中 180 颗 (上限 300, 下限 100)
[2026-07-30 12:24:16][INFO]   [robust_refine] NN 匹配: U=180, W=49, tol=1.000", Lowe通过=48, 双向=48
[2026-07-30 12:24:16][INFO]   [robust_refine] baseline: initial_rms=0.0700" (60星), U_pool RMS=0.2540" (180 星, matched=48)
[2026-07-30 12:24:16][INFO]   [robust_refine] NN 匹配: U=180, W=49, tol=1.000", Lowe通过=48, 双向=48
[2026-07-30 12:24:16][INFO]   [robust_refine] 空间一致性: 4/48 可疑 (K=8, σ=0.470")
[2026-07-30 12:24:16][INFO]   [robust_refine] iter 0: tol=1.000", matched=48, rms=0.2540"→0.2822", cd_Δ=0.4887%, damp=0.00e+00
[2026-07-30 12:24:16][INFO]   [robust_refine] NN 匹配: U=180, W=49, tol=0.500", Lowe通过=44, 双向=44
[2026-07-30 12:24:16][INFO]   [robust_refine] 空间一致性: 3/44 可疑 (K=8, σ=0.432")
[2026-07-30 12:24:16][INFO]   [robust_refine] iter 1: tol=0.500", matched=44, rms=0.2822"→0.1884", cd_Δ=0.0479%, damp=0.00e+00
[2026-07-30 12:24:16][INFO]   [robust_refine] NN 匹配: U=180, W=49, tol=0.500", Lowe通过=44, 双向=44
[2026-07-30 12:24:16][INFO]   [robust_refine] 空间一致性: 4/44 可疑 (K=8, σ=0.431")
[2026-07-30 12:24:16][INFO]   [robust_refine] iter 2: tol=0.500", matched=44, rms=0.1884"→0.1909", cd_Δ=0.0548%, damp=0.00e+00
[2026-07-30 12:24:16][INFO]   [robust_refine] NN 匹配: U=180, W=49, tol=0.300", Lowe通过=40, 双向=40
[2026-07-30 12:24:16][INFO]   [robust_refine] iter 3: tol=0.300", matched=40, rms=0.1909"→0.1433", cd_Δ=0.0547%, damp=0.00e+00
[2026-07-30 12:24:16][INFO]   [robust_refine] NN 匹配: U=180, W=49, tol=0.300", Lowe通过=39, 双向=39
[2026-07-30 12:24:16][INFO]   [robust_refine] iter 4: tol=0.300", matched=39, rms=0.1433"→0.1376", cd_Δ=0.0494%, damp=0.00e+00
[2026-07-30 12:24:16][INFO]   [robust_refine] NN 匹配: U=180, W=49, tol=0.300", Lowe通过=39, 双向=39
[2026-07-30 12:24:16][INFO]   [robust_refine] iter 5: tol=0.300", matched=39, rms=0.1376"→0.1379", cd_Δ=0.0126%, damp=0.00e+00
[2026-07-30 12:24:16][INFO]   [robust_refine] NN 匹配: U=180, W=49, tol=0.300", Lowe通过=39, 双向=39
[2026-07-30 12:24:16][INFO]   [robust_refine] iter 6: tol=0.300", matched=39, rms=0.1379"→0.1381", cd_Δ=0.0031%, damp=0.00e+00
[2026-07-30 12:24:16][INFO]   [robust_refine] NN 匹配: U=180, W=49, tol=0.300", Lowe通过=39, 双向=39
[2026-07-30 12:24:16][INFO]   [robust_refine] iter 7: tol=0.300", matched=39, rms=0.1381"→0.1383", cd_Δ=0.0034%, damp=0.00e+00
[2026-07-30 12:24:16][INFO]   [robust_refine] NN 匹配: U=180, W=49, tol=0.300", Lowe通过=39, 双向=39
[2026-07-30 12:24:16][INFO]   [robust_refine] iter 8: tol=0.300", matched=39, rms=0.1383"→0.1384", cd_Δ=0.0049%, damp=0.00e+00
[2026-07-30 12:24:16][INFO]   [robust_refine] NN 匹配: U=180, W=49, tol=0.300", Lowe通过=39, 双向=39
[2026-07-30 12:24:16][INFO]   [robust_refine] iter 9: tol=0.300", matched=39, rms=0.1384"→0.1387", cd_Δ=0.0053%, damp=0.00e+00
[2026-07-30 12:24:16][INFO]   [robust_refine] 达到最大迭代次数 10
[2026-07-30 12:24:16][INFO] ==== robust_refine_wcs 成功 ====
  iter=10, matched=39, rms=0.1387" (0.1420 px), cd_Δ=0.4887%, pool=180
[2026-07-30 12:24:16][INFO]   [阶段] robust_refine: 成功, n_matched=39, rms=0.1387", iter=10, pool=180, cd_Δ=0.4887%
[2026-07-30 12:24:16][INFO]   [阶段] robust_refine: 5.34 ms
[2026-07-30 12:24:16][INFO]   [诊断] extract_wcs_sip 入口: trans.order=3, trans.valid=1, ra0=3.749657, dec0=-39.194288, img=4096x4096, s0=0.9770, U.size=996, W.size=49, matched.size=39
[2026-07-30 12:24:16][INFO]   [V4.22] 清零 trans.x00/y00 (saved: x00=0.0225, y00=-0.0432)
[2026-07-30 12:24:16][INFO] extract_wcs_sip: SIP A/B 解析公式成功, order=3
[2026-07-30 12:24:16][INFO] extract_wcs_sip: SIP AP/BP 网格反变换成功, ap_order=3, n_inv_coef=10, n_grid=49
[2026-07-30 12:24:16][INFO] extract_wcs_sip: CD=[-2.730153e-06 2.662908e-04; -2.662224e-04 -2.737786e-06], CRVAL=(3.749657, -39.194288), CRPIX=(2048.5, 2048.5), ctype=[RA---TAN-SIP, DEC--TAN-SIP], n_pairs=39, rms_px=0.1420, rms_arcsec=0.1387, trans_order=3, sip_order=3, ap_order=3
[2026-07-30 12:24:16][INFO]   [阶段] extract_wcs_sip: 1.39 ms, success=1, n_pairs=39, rms_px=0.142, rms_arcsec=0.139, trans_order=3, sip_order=3
[2026-07-30 12:24:16][INFO]   最终: n_pairs=39, rms_px=0.142, rms_arcsec=0.139, trans_order=3, sip_order=3, success=1
[2026-07-30 12:24:16][INFO]   [cache_last_inliers_] 缓存 39 对 inliers (robust=1, s0=0.9770", U_snap.size=996, gaia.size=49, trans.order=3, ra0=3.749657, dec0=-39.194288)
[2026-07-30 12:24:16][INFO] ==== IPVSolver::solve_from_memory_with_callback 完成 (INTERNAL_DETECTION_SHARED_EXPORT) ====
[2026-07-30 12:24:16][INFO][orchestrator] [PLATESOLVE] callback 导出: n_detected=996, copied=true, wcs_result.n_detected=0
[2026-07-30 12:24:16][INFO][orchestrator] [PLATESOLVE] 求解成功: rms=0.138709arcsec, n_pairs=39, n_detected=0, n_catalog=0, trans_order=3
[2026-07-30 12:24:16][INFO][orchestrator] [PLATESOLVE] WCS 已写入: CTYPE1=RA---TAN-SIP, CRVAL=(3.749657, -39.194288), CRPIX=(2048.500000, 2048.500000)
[2026-07-30 12:24:16][INFO][orchestrator] [PLATESOLVE] SIP 已写入: order=3, ap_order=3
[2026-07-30 12:24:16][DEBUG][PIPELINE] add_block: 'star_det' type=0 count=3984 (15936 bytes)
[2026-07-30 12:24:16][INFO][orchestrator] [PLATESOLVE] star_det 块已写入 (INTERNAL_DETECTION_SHARED_EXPORT): 996 颗星
[2026-07-30 12:24:16][INFO][orchestrator] [PLATESOLVE] 完成
[2026-07-30 12:24:16][INFO][orchestrator] [0.805224s] PLATESOLVE 完成
[2026-07-30 12:24:16][INFO][orchestrator] ---------- stage1 阶段: PSF ----------
[2026-07-30 12:24:16][INFO][orchestrator] [PSF] 开始
[2026-07-30 12:24:16][INFO][orchestrator] [PSF] 图像: 4096x4096
[2026-07-30 12:24:16][INFO][orchestrator] [PSF] star_det: 996 颗星
[2026-07-30 12:24:16][INFO][orchestrator] [PSF] 调用 dpsf_fit_batch (fitRadius=8, maxIter=100, tol=1.0e-06) ...
[2026-07-30 12:24:16][WARN][DPSF] FWHM exceeds rect: fwhm_x=56.72 fwhm_y=682.28 rect=17x17
[2026-07-30 12:24:16][WARN][DPSF] Background constraint violated: B=4666.0635 bkg0=16084.0000 ratio=0.7099
[2026-07-30 12:24:16][WARN][DPSF] Background constraint violated: B=4488.1754 bkg0=15889.0000 ratio=0.7175
[2026-07-30 12:24:16][WARN][DPSF] Background constraint violated: B=6784.8838 bkg0=15859.0000 ratio=0.5722
[2026-07-30 12:24:16][WARN][DPSF] Background constraint violated: B=-15858.1857 bkg0=20869.0000 ratio=1.7599
[2026-07-30 12:24:16][WARN][DPSF] FWHM exceeds rect: fwhm_x=153.52 fwhm_y=330.34 rect=17x17
[2026-07-30 12:24:16][WARN][DPSF] Background constraint violated: B=-17851.5402 bkg0=21694.0000 ratio=1.8229
[2026-07-30 12:24:16][WARN][DPSF] Background constraint violated: B=-1633.2058 bkg0=17149.0000 ratio=1.0952
[2026-07-30 12:24:16][WARN][DPSF] Background constraint violated: B=-1517.3218 bkg0=17114.0000 ratio=1.0887
[2026-07-30 12:24:16][WARN][DPSF] FWHM exceeds rect: fwhm_x=513.45 fwhm_y=78.55 rect=17x17
[2026-07-30 12:24:16][WARN][DPSF] FWHM exceeds rect: fwhm_x=1084.33 fwhm_y=905.78 rect=17x17
[2026-07-30 12:24:16][INFO][orchestrator] [PSF] 拟合完成: 981/996 成功 (98%)
[2026-07-30 12:24:16][DEBUG][PIPELINE] add_block: 'psf' type=1 count=8964 (71712 bytes)
[2026-07-30 12:24:16][INFO][orchestrator] [PSF] 完成: 996 颗星, 981 成功
[2026-07-30 12:24:16][INFO][orchestrator] [0.160569s] PSF 完成
[2026-07-30 12:24:16][INFO][orchestrator] ---------- stage1 阶段: PHOTOMETRIC ----------
[2026-07-30 12:24:16][INFO][orchestrator] [PHOTOMETRIC] 开始
[2026-07-30 12:24:16][INFO][orchestrator] [PHOTOMETRIC] 图像: 4096x4096
[2026-07-30 12:24:16][INFO][orchestrator] [PHOTOMETRIC] psf: 996 颗星
[2026-07-30 12:24:16][INFO][orchestrator] [PHOTOMETRIC] FILTER='Red' -> 'Baader R'
[2026-07-30 12:24:16][INFO][orchestrator] [PHOTOMETRIC] filters_json: F:\Astro dev\Astro CS Normalization Database\lib/photometric_calib/data/response_curves/filters.json
[2026-07-30 12:24:16][INFO][orchestrator] [PHOTOMETRIC] 滤光片: 73 点
[2026-07-30 12:24:16][INFO][orchestrator] [PHOTOMETRIC] qe_curves_json: F:\Astro dev\Astro CS Normalization Database\lib/photometric_calib/data/response_curves/qe_curves.json
[2026-07-30 12:24:16][INFO][orchestrator] [PHOTOMETRIC] QE 曲线 'KAF-16803': 343 点
[2026-07-30 12:24:16][INFO][orchestrator] [PHOTOMETRIC] spectrum_wl: 343 点
[2026-07-30 12:24:16][INFO][orchestrator] [PHOTOMETRIC] FOV 半径: 0.925443deg
[2026-07-30 12:24:16][INFO][orchestrator] [PHOTOMETRIC] 调用 pc_calibrate_simple_with_gaia (mag_min=6.0, mag_max=16.0, fov=0.925deg) ...
[pc_api] ====== pc_calibrate_simple_with_gaia 开始 ======
[pc_api] OpenMP线程数: 16
[INFO] 锥形搜索: ra=3.7497 dec=-39.1943 r=0.925 mag_min=6.0 (自适应迭代 mag_max, 不缩小半径)
[INFO] 自适应星等查询: mag_max=12.0
[INFO] 自适应星等查询: mag_max=12.0, n_gaia=60
[INFO] 自适应星等查询: mag_max=13.0
[INFO] 自适应星等查询: mag_max=13.0, n_gaia=125
[INFO] 自适应星等查询: mag_max=14.0
[INFO] 自适应星等查询: mag_max=14.0, n_gaia=242
[INFO] 自适应星等查询: mag_max=15.0
[INFO] 自适应星等查询: mag_max=15.0, n_gaia=452
[INFO] 自适应星等查询: mag_max=16.0
[INFO] 自适应星等查询: mag_max=16.0, n_gaia=757
[INFO] 自适应星等查询完成: mag_max=16.0, n_gaia=757
[pc_api] 搜索到 757 颗光谱星, 光谱点数=343 (wl_start=336, wl_step=2)
[INFO] [spec_int] prepare_filter_cache: 滤光片 73 点 + QE 343 点 -> 光谱 343 点, 范围 F[572.0,716.0] Q[360.0,1044.0] nm
[INFO] 滤光片/QE 预处理完成: filter=73 点, qe=343 点 -> 光谱 343 点
[pc_api] F_syn 并行计算完成: 757/757 颗有效
[INFO] [pc_api] P12-001 阶段1: spectrum_rows_total=757, valid_fsyn=757
[wcs_transform] 初始化: CRVAL=(3.749657,-39.194288), CRPIX=(2048.500,2048.500), CD=[-2.730e-06,2.663e-04;-2.662e-04,-2.738e-06], det=7.090e-08, sip_order=3
[INFO] [star_matcher] 初始化: KD-tree + IRLS/Tukey 清洗 (GAP-013)
[INFO] [star_matcher] P12-001 阶段2: gaia_projected_in_frame=311 / 757
[INFO] [star_matcher] P12-001 阶段3: psf_total=996, psf_valid=981
[INFO] [star_matcher] PSF有效星: 981 / 996, Gaia星: 757, 匹配半径: 2.00 px
[INFO] [star_matcher] P12-002 正向匹配 (PSF→Gaia): 288 / 981 命中
[INFO] [star_matcher] P12-002 反向匹配 (Gaia→PSF): 288 / 757 命中
[INFO] [star_matcher] P12-002 阶段4/5/6: spatial_candidates=288 (正向命中), unique_matches=288 (双向唯一), rejected_ambiguous=0 (非互为最近邻), rejected_distance=693 (距离超阈值)
[INFO] [star_matcher] P12-001 阶段8: match_distance median=0.5393 p90=0.9476 max=1.6423 px
[INFO] [star_matcher] P12-002 KD-tree 双向匹配完成: 288 对 (正向 288, 歧义 0)
[INFO] [star_matcher] cleanAndScale: 输入 288 颗, 星等容忍 3.00 mag
[INFO] [star_matcher] 星等一致性: 通过 288, 拒绝 0 (median_delta=-29.5476, tol=3.00 mag)
[INFO] [star_matcher] IRLS 初始: location=4.989586, MAD=0.087369, S=0.129532
[INFO] [star_matcher] IRLS 收敛于迭代 6: location=4.993429
[INFO] [star_matcher] 亮度比例一致性:
[INFO]   - 输入匹配: 288
[INFO]   - 星等一致性通过: 288 (拒绝 0)
[INFO]   - IRLS inliers: 285 (outliers: 3)
[INFO]   - location(r) = 4.993429 (dex), scale = 10^(-location) = 1.015245e-05
[INFO]   - MAD(r) = 0.087369, S = 0.129532, sigma_residual = 0.128846
[INFO]   - r_inliers 范围: [4.407656, 5.527080] (spread 1.119424 dex = 2.799 mag)
[INFO] [star_matcher] 清洗完成: 保留 285, 排除 3 (无效/星等不一致/IRLS离群)
[INFO] [star_matcher] P12-001 阶段6/7/8: rejected_quality=3 (invalid=0 + mag=0 + irls=3), fit_used=285, robust_iterations=7, scale=1.015245e-05, sigma=0.128846
[INFO] [star_matcher] P12-001 阶段8: r_inliers median=4.990144 p90=5.140362 max=5.527080 dex
[pc_api] 匹配+清洗完成: 285 颗, scale=1.015245e-05, sigma_residual=0.128846
[image_corrector] 图像校正: 4096x4096, scale=1.015245e-05, 并行16线程
[image_corrector] 校正完成
[pc_api] ====== pc_calibrate_simple_with_gaia 完成: n_matched=285, scale=1.015245e-05, sigma_residual=0.128846 ======
[2026-07-30 12:24:16][INFO][orchestrator] [PHOTOMETRIC] 完成: n_matched=285, scale=0.000010, sigma_residual=0.128846
[2026-07-30 12:24:16][DEBUG][PIPELINE] remove_block: 'data' removed (n_blocks=4)
[2026-07-30 12:24:16][DEBUG][PIPELINE] add_block_move: 'data' type=0 count=16777216 (moved ptr=000001ede04ec040)
[2026-07-30 12:24:16][INFO][orchestrator] [PHOTOMETRIC] photometry_report.json 已生成: output/B-002\photometry_report.json
[2026-07-30 12:24:16][INFO][orchestrator] [PHOTOMETRIC] photo_stats 已写入 (含 17 个诊断字段)
[2026-07-30 12:24:16][INFO][orchestrator] [0.037817s] PHOTOMETRIC 完成
[2026-07-30 12:24:16][INFO][orchestrator] ---------- stage1 阶段: SNR ----------
[2026-07-30 12:24:16][INFO][orchestrator] [SNR] 开始
[2026-07-30 12:24:16][INFO][orchestrator] [SNR] SIP 前向系数加载: A_ORDER=3 B_ORDER=3 (P03-004 WCS+SIP 一致性)
[2026-07-30 12:24:16][INFO][orchestrator] [SNR] n_stars=996 sigma_residual=0.128846 CRVAL=(3.749657,-39.194288) CRPIX=(2048.500000,2048.500000) SIP(a_order=3, b_order=3)
[snr_model] SNR_phot = 3.370637
[snr_model] PSF stars: total=996 valid=617 skipped=379 (status=15 A<=B=364 mad<=0=0)
[snr_model] median(SNR_psf) = 86.590256
[snr_model] WCS+SIP: a_order=3 b_order=3 (前向 SIP 启用, 与 drizzle WcsSip.pixelToSky 一致)
[snr_model] ctrl_point[0]: ra=3.690738 dec=-39.243197 snr_psf=21.5697 (src px x=2233.02 y=1878.03)
[snr_model] ctrl_point[1]: ra=4.188997 dec=-39.317217 snr_psf=22.0015 (src px x=2500.00 y=3331.00)
[snr_model] ctrl_point[2]: ra=4.395658 dec=-39.346840 snr_psf=21.1995 (src px x=2610.04 y=3937.01)
[snr_model] done: n_points=617, snr_phot=3.370637, median=86.590256, power=2.0
[2026-07-30 12:24:16][INFO][orchestrator] [SNR] 提取稀疏控制点: n_points=617, snr_phot=3.370637, median_snr=86.590256, idw_power=2.000000
[2026-07-30 12:24:16][DEBUG][PIPELINE] add_block_move: 'snr_model' type=6 count=12368 (moved ptr=000001de047468e0)
[2026-07-30 12:24:16][INFO][orchestrator] [SNR] 完成 (snr_model 块已写入, payload=12368B)
[2026-07-30 12:24:16][INFO][orchestrator] [0.001995s] SNR 完成
[2026-07-30 12:24:16][INFO][orchestrator] ---------- stage1 阶段: DRIZZLE ----------
[2026-07-30 12:24:16][INFO][orchestrator] [DRIZZLE] 开始
[2026-07-30 12:24:16][INFO][orchestrator] [NSIDE] 自适应: pixel_scale=0.959"/px, strategy=1x_to_2x_drizzle, nside=2048
[2026-07-30 12:24:16][INFO][orchestrator] [DRIZZLE] nside=2048 (strategy=1x_to_2x_drizzle, override=0, cd11=-0.000003 cd12=0.000266), pixfrac=1.000, nested=1
[2026-07-30 12:24:16][INFO][orchestrator] [DRIZZLE] 输出: output/B-002/T3_RED_NGC55.hiss
[hp_drizzle_api] hp_drizzle_run: 开始 (nside=2048, nested=1, pixfrac=1.0000, output=output/B-002/T3_RED_NGC55.hiss)
[hp_drizzle_api] hp_drizzle_run: data 块 4096x4096 float32
[hp_drizzle_api] hp_drizzle_run: WCS CRVAL=(3.749657,-39.194288) CRPIX=(2048.500,2048.500) CD=[-2.730e-06,2.663e-04,-2.662e-04,-2.738e-06]
[hp_drizzle_api] hp_drizzle_run: SIP A_ORDER=3 B_ORDER=3 AP_ORDER=3 BP_ORDER=3
[hp_drizzle_api] hp_drizzle_run: snr_model 块加载: n_points=617, snr_phot=3.3706, median_snr=86.5903, idw_power=2.00
[snr_evaluator] build 成功: 617 控制点 (有效 617/617), snr_phot=3.3706, median_snr=86.5903, idw_power=2.00
[wcs_sip] WCS 初始化: CRVAL=(3.749657, -39.194288)°, CRPIX=(2048.500, 2048.500), CD=[-2.730e-06, 2.663e-04; -2.662e-04, -2.738e-06], det=7.090e-08
[wcs_sip] SIP: A/B order=3, AP/BP order=3
[hp_drizzle_api] hp_drizzle_run: SNR 重建完成 (16777216 像素)
[wcs_sip] WCS 初始化: CRVAL=(3.749657, -39.194288)°, CRPIX=(2048.500, 2048.500), CD=[-2.730e-06, 2.663e-04; -2.662e-04, -2.738e-06], det=7.090e-08
[wcs_sip] SIP: A/B order=3, AP/BP order=3
[drizzle_engine] HEALPix: nside=2048 nested=1 npix=50331648 res=103.06"
[drizzle_engine] 完成: 16777216 源像素 → 1535 HEALPix 像素, 耗时 13.338s
[hp_drizzle_api] hp_drizzle_run: Drizzle 完成 (16777216 源像素 → 1535 HEALPix 像素, 耗时 13.338s)
[hp_drizzle_api] hp_drizzle_run: 写入 .hiss (filter=Red, exptime=600.0, date=2025-07-03T08:05:55, fits_meta=15)
[drizzle_engine] 写入 1535 个 HEALPix 像素到 output/B-002/T3_RED_NGC55.hiss
[drizzle_engine] hiss_write_snr_model: meta_json=714 bytes, n_points=617
[hio] hiss_write_snr_model: path=output/B-002/T3_RED_NGC55.hiss nside=2048 n_pix=1535 has_snr=1 n_points=617
[hio] hiss_write_snr_model: 写入完成: output/B-002/T3_RED_NGC55.hiss (has_snr=1 n_points=617)
[drizzle_engine] 写入成功: output/B-002/T3_RED_NGC55.hiss (1535 像素)
[hp_drizzle_api] hp_drizzle_run: .hiss 已写入 output/B-002/T3_RED_NGC55.hiss
[2026-07-30 12:24:38][INFO][orchestrator] [DRIZZLE] 完成: n_healpix=1535 n_source=16777216 耗时=13.337551s
[2026-07-30 12:24:38][INFO][orchestrator] [22.554665s] DRIZZLE 完成
[2026-07-30 12:24:38][DEBUG][PIPELINE] frame_destroy: ok
[2026-07-30 12:24:38][INFO][orchestrator] ========== stage1 完成 (成功) ==========
{
  "success": true,
  "frame_name": "testdata/NGC55_T3_flying_dutchman/lights/NGC55_T3_flying_dutchman-20250703@080546-600S-Red.fts",
  "timings": [
    {"stage": "CALIBRATE", "name": "READ_FITS", "duration_sec": 0.102467, "success": true},
    {"stage": "CALIBRATE", "name": "CALIBRATE", "duration_sec": 0.698881, "success": true},
    {"stage": "CALIBRATE", "name": "PLATESOLVE", "duration_sec": 0.805224, "success": true},
    {"stage": "CALIBRATE", "name": "PSF", "duration_sec": 0.160569, "success": true},
    {"stage": "CALIBRATE", "name": "PHOTOMETRIC", "duration_sec": 0.0378172, "success": true},
    {"stage": "CALIBRATE", "name": "SNR", "duration_sec": 0.0019952, "success": true},
    {"stage": "CALIBRATE", "name": "DRIZZLE", "duration_sec": 22.5547, "success": true}
  ],
  "wcs_fields": {},
  "photo_stats": {"FIT_USED": "285", "GAIA_IN_FRAME": "311", "MATCH_DIST_MAX": "1.642294", "MATCH_DIST_MEDIAN": "0.539278", "MATCH_DIST_P90": "0.947564", "N_MATCHED": "285", "PSF_TOTAL": "996", "PSF_VALID": "981", "REJECTED_AMBIGUOUS": "0", "REJECTED_DISTANCE": "693", "REJECTED_QUALITY": "3", "ROBUST_ITERATIONS": "7", "R_MAX": "5.527080", "R_MEDIAN": "4.990144", "R_P90": "5.140362", "SCALE_FACTOR": "0.000010", "SIGMA_RESIDUAL": "0.128846", "SPATIAL_CANDIDATES": "288", "SPECTRUM_ROWS_TOTAL": "757", "STATUS": "OK", "UNIQUE_MATCHES": "288", "VALID_FSYN": "757"},
  "output_ahpx_path": "output/B-002/T3_RED_NGC55.hiss",
  "error_msg": ""
}
[2026-07-30 12:24:38][INFO][orchestrator] [PLATESOLVE] 释放环境资源
[2026-07-30 12:24:38][INFO][SDET] StarDetector destroyed
[2026-07-30 12:24:38][INFO][orchestrator] 析构完成
[dll_loader] 卸载所有模块
[dll_loader] 卸载模块 CALIBRATE
[dll_loader] 卸载模块 PLATESOLVE
[dll_loader] 卸载模块 PSF
[dll_loader] 卸载模块 PHOTOMETRIC
[dll_loader] 卸载模块 SNR
[dll_loader] 卸载模块 DRIZZLE
[dll_loader] 卸载模块 GRADIENT_SPHERE
[dll_loader] 卸载模块 AIO
