[  0%] Building CXX object CMakeFiles/astrocs_core.dir/lib/core/src/artifact.cpp.o
[  1%] Building CXX object CMakeFiles/astrocs_common.dir/lib/common/crypto/sha256.cpp.o
[  1%] Building CXX object CMakeFiles/astrocs_common.dir/lib/common/healpix/healpix_core.cpp.o
[  1%] Building CXX object CMakeFiles/astrocs_core.dir/lib/core/src/artifact_store.cpp.o
[  2%] Linking CXX static library libastrocs_common.a
[  2%] Built target astrocs_common
[  3%] Building CXX object CMakeFiles/astrocs_core.dir/lib/core/src/module.cpp.o
[  3%] Building C object CMakeFiles/astrocs_cfitsio.dir/lib/astro_image_io/third_party/cfitsio/buffers.c.o
[  3%] Building C object CMakeFiles/astrocs_cfitsio.dir/lib/astro_image_io/third_party/cfitsio/cfileio.c.o
[  3%] Building CXX object CMakeFiles/astrocs_core.dir/lib/core/src/pipeline.cpp.o
[  4%] Building C object CMakeFiles/astrocs_cfitsio.dir/lib/astro_image_io/third_party/cfitsio/checksum.c.o
[  4%] Building C object CMakeFiles/astrocs_cfitsio.dir/lib/astro_image_io/third_party/cfitsio/drvrfile.c.o
[  4%] Building C object CMakeFiles/astrocs_cfitsio.dir/lib/astro_image_io/third_party/cfitsio/drvrmem.c.o
[  5%] Building C object CMakeFiles/astrocs_cfitsio.dir/lib/astro_image_io/third_party/cfitsio/drvrnet.c.o
[  5%] Building C object CMakeFiles/astrocs_cfitsio.dir/lib/astro_image_io/third_party/cfitsio/editcol.c.o
[  6%] Building C object CMakeFiles/astrocs_cfitsio.dir/lib/astro_image_io/third_party/cfitsio/edithdu.c.o
[  6%] Building C object CMakeFiles/astrocs_cfitsio.dir/lib/astro_image_io/third_party/cfitsio/eval_f.c.o
[  6%] Building C object CMakeFiles/astrocs_cfitsio.dir/lib/astro_image_io/third_party/cfitsio/eval_l.c.o
[  7%] Building C object CMakeFiles/astrocs_cfitsio.dir/lib/astro_image_io/third_party/cfitsio/eval_y.c.o
[  7%] Building C object CMakeFiles/astrocs_cfitsio.dir/lib/astro_image_io/third_party/cfitsio/fits_hcompress.c.o
[  7%] Building C object CMakeFiles/astrocs_cfitsio.dir/lib/astro_image_io/third_party/cfitsio/fits_hdecompress.c.o
[  8%] Building C object CMakeFiles/astrocs_cfitsio.dir/lib/astro_image_io/third_party/cfitsio/fitscore.c.o
[  8%] Building C object CMakeFiles/astrocs_cfitsio.dir/lib/astro_image_io/third_party/cfitsio/getcol.c.o
[  8%] Building C object CMakeFiles/astrocs_cfitsio.dir/lib/astro_image_io/third_party/cfitsio/getcolb.c.o
[  9%] Building C object CMakeFiles/astrocs_cfitsio.dir/lib/astro_image_io/third_party/cfitsio/getcold.c.o
[  9%] Building C object CMakeFiles/astrocs_cfitsio.dir/lib/astro_image_io/third_party/cfitsio/getcole.c.o
[ 10%] Building C object CMakeFiles/astrocs_cfitsio.dir/lib/astro_image_io/third_party/cfitsio/getcoli.c.o
[ 10%] Building C object CMakeFiles/astrocs_cfitsio.dir/lib/astro_image_io/third_party/cfitsio/getcolj.c.o
[ 10%] Building C object CMakeFiles/astrocs_cfitsio.dir/lib/astro_image_io/third_party/cfitsio/getcolk.c.o
[ 11%] Building C object CMakeFiles/astrocs_cfitsio.dir/lib/astro_image_io/third_party/cfitsio/getcoll.c.o
[ 11%] Building C object CMakeFiles/astrocs_cfitsio.dir/lib/astro_image_io/third_party/cfitsio/getcols.c.o
[ 11%] Building C object CMakeFiles/astrocs_cfitsio.dir/lib/astro_image_io/third_party/cfitsio/getcolsb.c.o
[ 11%] Building CXX object CMakeFiles/astrocs_core.dir/lib/core/src/context.cpp.o
[ 12%] Building C object CMakeFiles/astrocs_cfitsio.dir/lib/astro_image_io/third_party/cfitsio/getcolui.c.o
[ 12%] Building C object CMakeFiles/astrocs_cfitsio.dir/lib/astro_image_io/third_party/cfitsio/getcoluj.c.o
[ 12%] Building C object CMakeFiles/astrocs_cfitsio.dir/lib/astro_image_io/third_party/cfitsio/getcoluk.c.o
[ 13%] Building C object CMakeFiles/astrocs_cfitsio.dir/lib/astro_image_io/third_party/cfitsio/getkey.c.o
[ 13%] Building C object CMakeFiles/astrocs_cfitsio.dir/lib/astro_image_io/third_party/cfitsio/group.c.o
[ 14%] Building C object CMakeFiles/astrocs_cfitsio.dir/lib/astro_image_io/third_party/cfitsio/grparser.c.o
[ 15%] Building CXX object CMakeFiles/astrocs_core.dir/lib/core/src/runtime.cpp.o
[ 15%] Building C object CMakeFiles/astrocs_cfitsio.dir/lib/astro_image_io/third_party/cfitsio/histo.c.o
[ 15%] Building C object CMakeFiles/astrocs_cfitsio.dir/lib/astro_image_io/third_party/cfitsio/imcompress.c.o
[ 16%] Building C object CMakeFiles/astrocs_cfitsio.dir/lib/astro_image_io/third_party/cfitsio/iraffits.c.o
[ 16%] Building C object CMakeFiles/astrocs_cfitsio.dir/lib/astro_image_io/third_party/cfitsio/modkey.c.o
[ 16%] Building C object CMakeFiles/astrocs_cfitsio.dir/lib/astro_image_io/third_party/cfitsio/pliocomp.c.o
[ 17%] Building C object CMakeFiles/astrocs_cfitsio.dir/lib/astro_image_io/third_party/cfitsio/putcol.c.o
[ 17%] Building C object CMakeFiles/astrocs_cfitsio.dir/lib/astro_image_io/third_party/cfitsio/putcolb.c.o
[ 17%] Building C object CMakeFiles/astrocs_cfitsio.dir/lib/astro_image_io/third_party/cfitsio/putcold.c.o
[ 18%] Building C object CMakeFiles/astrocs_cfitsio.dir/lib/astro_image_io/third_party/cfitsio/putcole.c.o
[ 18%] Building C object CMakeFiles/astrocs_cfitsio.dir/lib/astro_image_io/third_party/cfitsio/putcoli.c.o
[ 19%] Building C object CMakeFiles/astrocs_cfitsio.dir/lib/astro_image_io/third_party/cfitsio/putcolj.c.o
[ 19%] Building C object CMakeFiles/astrocs_cfitsio.dir/lib/astro_image_io/third_party/cfitsio/putcolk.c.o
[ 19%] Building C object CMakeFiles/astrocs_cfitsio.dir/lib/astro_image_io/third_party/cfitsio/putcoll.c.o
[ 20%] Building C object CMakeFiles/astrocs_cfitsio.dir/lib/astro_image_io/third_party/cfitsio/putcols.c.o
[ 20%] Building C object CMakeFiles/astrocs_cfitsio.dir/lib/astro_image_io/third_party/cfitsio/putcolsb.c.o
[ 20%] Building C object CMakeFiles/astrocs_cfitsio.dir/lib/astro_image_io/third_party/cfitsio/putcolu.c.o
[ 21%] Building C object CMakeFiles/astrocs_cfitsio.dir/lib/astro_image_io/third_party/cfitsio/putcolui.c.o
[ 21%] Building C object CMakeFiles/astrocs_cfitsio.dir/lib/astro_image_io/third_party/cfitsio/putcoluj.c.o
[ 21%] Building C object CMakeFiles/astrocs_cfitsio.dir/lib/astro_image_io/third_party/cfitsio/putcoluk.c.o
[ 22%] Building C object CMakeFiles/astrocs_cfitsio.dir/lib/astro_image_io/third_party/cfitsio/putkey.c.o
[ 22%] Building C object CMakeFiles/astrocs_cfitsio.dir/lib/astro_image_io/third_party/cfitsio/quantize.c.o
[ 23%] Building C object CMakeFiles/astrocs_cfitsio.dir/lib/astro_image_io/third_party/cfitsio/region.c.o
[ 23%] Building C object CMakeFiles/astrocs_cfitsio.dir/lib/astro_image_io/third_party/cfitsio/ricecomp.c.o
[ 23%] Building C object CMakeFiles/astrocs_cfitsio.dir/lib/astro_image_io/third_party/cfitsio/scalnull.c.o
[ 24%] Building C object CMakeFiles/astrocs_cfitsio.dir/lib/astro_image_io/third_party/cfitsio/simplerng.c.o
[ 24%] Building C object CMakeFiles/astrocs_cfitsio.dir/lib/astro_image_io/third_party/cfitsio/swapproc.c.o
[ 24%] Building C object CMakeFiles/astrocs_cfitsio.dir/lib/astro_image_io/third_party/cfitsio/wcssub.c.o
[ 25%] Building C object CMakeFiles/astrocs_cfitsio.dir/lib/astro_image_io/third_party/cfitsio/wcsutil.c.o
[ 25%] Building C object CMakeFiles/astrocs_cfitsio.dir/lib/astro_image_io/third_party/cfitsio/zcompress.c.o
[ 25%] Building C object CMakeFiles/astrocs_cfitsio.dir/lib/astro_image_io/third_party/cfitsio/zuncompress.c.o
[ 26%] Linking C static library libastrocs_cfitsio.a
[ 26%] Built target astrocs_cfitsio
[ 27%] Building CXX object CMakeFiles/astrocs_cpu.dir/lib/backend_host/cpu_features.cpp.o
[ 27%] Building CXX object CMakeFiles/astrocs_core.dir/lib/core/src/scheduler.cpp.o
[ 27%] Building CXX object CMakeFiles/astrocs_cpu.dir/lib/backend_host/hardware_inspect.cpp.o
[ 27%] Building CXX object CMakeFiles/astrocs_core.dir/lib/core/src/checkpoint.cpp.o
[ 28%] Building CXX object CMakeFiles/astrocs_core.dir/lib/core/src/logging.cpp.o
[ 28%] Linking CXX static library libastrocs_core.a
[ 28%] Built target astrocs_core
[ 28%] Building CXX object CMakeFiles/astrocs_cpu_avx2.dir/lib/backend_host/avx2_backend.cpp.o
[ 29%] Linking CXX static library libastrocs_cpu_avx2.a
[ 29%] Built target astrocs_cpu_avx2
[ 29%] Building CXX object CMakeFiles/astrocs_cpu_avx512.dir/lib/backend_host/avx512_backend.cpp.o
[ 29%] Building CXX object CMakeFiles/astrocs_cpu.dir/lib/backend_host/backend_loader.cpp.o
[ 29%] Linking CXX static library libastrocs_cpu_avx512.a
[ 29%] Built target astrocs_cpu_avx512
[ 30%] Building CXX object CMakeFiles/astrocs_cpu.dir/lib/backend_host/baseline_backend.cpp.o
[ 30%] Building CXX object CMakeFiles/astrocs_cpu.dir/lib/backend_host/profile_gen.cpp.o
[ 30%] Building CXX object CMakeFiles/astrocs_cpu.dir/lib/backend_host/profile_gen_v2.cpp.o
[ 31%] Building CXX object CMakeFiles/astrocs_cpu.dir/lib/backend_host/cpu_routing.cpp.o
[ 31%] Building CXX object CMakeFiles/astrocs_cpu.dir/lib/backend_host/host_services.cpp.o
[ 31%] Building CXX object CMakeFiles/astrocs_cpu.dir/lib/backend_host/bench_harness.cpp.o
[ 31%] Building CXX object CMakeFiles/astrocs_phase1_wcs.dir/lib/phase1/wcs/wcs_tan.cpp.o
[ 32%] Linking CXX static library libastrocs_cpu.a
[ 32%] Linking CXX static library libastrocs_phase1_wcs.a
[ 32%] Built target astrocs_phase1_wcs
[ 33%] Building CXX object CMakeFiles/astrocs_phase1_phot.dir/lib/phase1/photometry/photometer.cpp.o
[ 33%] Built target astrocs_cpu
[ 33%] Building CXX object CMakeFiles/astrocs_phase1_noise.dir/lib/phase1/noise/noise_model.cpp.o
[ 33%] Linking CXX static library libastrocs_phase1_phot.a
[ 33%] Built target astrocs_phase1_phot
[ 33%] Building CXX object CMakeFiles/astrocs_phase1_stars.dir/lib/phase1/stars/star_detector.cpp.o
[ 33%] Linking CXX static library libastrocs_phase1_noise.a
[ 33%] Built target astrocs_phase1_noise
[ 33%] Building CXX object tests/unit/CMakeFiles/core_contracts_test.dir/core_contracts_test.cpp.o
[ 33%] Linking CXX executable core_contracts_test
[ 33%] Built target core_contracts_test
[ 34%] Building CXX object tests/unit/CMakeFiles/core_artifact_test.dir/core_artifact_test.cpp.o
[ 35%] Linking CXX static library libastrocs_phase1_stars.a
[ 35%] Built target astrocs_phase1_stars
[ 35%] Building CXX object tests/unit/CMakeFiles/core_module_test.dir/core_module_test.cpp.o
[ 35%] Linking CXX executable core_artifact_test
[ 35%] Built target core_artifact_test
[ 35%] Building CXX object tests/unit/CMakeFiles/core_pipeline_test.dir/core_pipeline_test.cpp.o
[ 36%] Linking CXX executable core_module_test
[ 36%] Built target core_module_test
[ 36%] Building CXX object tests/unit/CMakeFiles/core_context_test.dir/core_context_test.cpp.o
[ 37%] Linking CXX executable core_pipeline_test
[ 37%] Built target core_pipeline_test
[ 37%] Building CXX object tests/unit/CMakeFiles/core_scheduler_test.dir/core_scheduler_test.cpp.o
[ 38%] Linking CXX executable core_context_test
[ 38%] Built target core_context_test
[ 39%] Building CXX object tests/unit/CMakeFiles/core_checkpoint_test.dir/core_checkpoint_test.cpp.o
[ 39%] Linking CXX executable core_checkpoint_test
[ 39%] Built target core_checkpoint_test
[ 40%] Building CXX object tests/unit/CMakeFiles/core_logging_test.dir/core_logging_test.cpp.o
[ 40%] Linking CXX executable core_scheduler_test
[ 40%] Built target core_scheduler_test
[ 40%] Building CXX object tests/unit/CMakeFiles/rt001_abi_test.dir/rt001_abi_test.cpp.o
[ 40%] Linking CXX executable core_logging_test
[ 40%] Built target core_logging_test
[ 41%] Building CXX object tests/unit/CMakeFiles/rt002_budget_test.dir/rt002_budget_test.cpp.o
[ 41%] Linking CXX executable rt001_abi_test
[ 41%] Built target rt001_abi_test
[ 42%] Building CXX object tests/unit/CMakeFiles/rt003_context_test.dir/rt003_context_test.cpp.o
[ 42%] Linking CXX executable rt002_budget_test
[ 42%] Built target rt002_budget_test
[ 43%] Building CXX object tests/unit/CMakeFiles/rt007_artifact_store_test.dir/rt007_artifact_store_test.cpp.o
[ 43%] Linking CXX executable rt003_context_test
[ 43%] Built target rt003_context_test
[ 44%] Building CXX object tests/unit/CMakeFiles/io_reentrant_test.dir/io_reentrant_test.cpp.o
[ 44%] Linking CXX executable rt007_artifact_store_test
[ 44%] Built target rt007_artifact_store_test
[ 44%] Building CXX object tests/unit/CMakeFiles/cpu_abi_test.dir/cpu_abi_test.cpp.o
[ 45%] Linking CXX executable cpu_abi_test
[ 45%] Built target cpu_abi_test
[ 45%] Building CXX object tests/unit/CMakeFiles/cpu_lease_test.dir/cpu_lease_test.cpp.o
[ 45%] Linking CXX executable io_reentrant_test
[ 46%] Linking CXX executable cpu_lease_test
[ 46%] Built target io_reentrant_test
[ 47%] Building CXX object tests/unit/CMakeFiles/cpu_features_test.dir/cpu_features_test.cpp.o
[ 47%] Built target cpu_lease_test
[ 48%] Building CXX object tests/unit/CMakeFiles/cpu_provider_test.dir/cpu_provider_test.cpp.o
[ 48%] Linking CXX executable cpu_features_test
[ 48%] Built target cpu_features_test
[ 48%] Building CXX object tests/unit/CMakeFiles/cpu_fallback_test.dir/cpu_fallback_test.cpp.o
[ 48%] Linking CXX executable cpu_provider_test
[ 48%] Built target cpu_provider_test
[ 48%] Building CXX object tests/unit/CMakeFiles/cpu_bench_test.dir/cpu_bench_test.cpp.o
[ 48%] Linking CXX executable cpu_fallback_test
[ 48%] Built target cpu_fallback_test
[ 49%] Building CXX object tests/unit/CMakeFiles/cpu_profile_test.dir/cpu_profile_test.cpp.o
[ 50%] Linking CXX executable cpu_bench_test
[ 50%] Built target cpu_bench_test
[ 50%] Linking CXX executable cpu_profile_test
[ 50%] Building CXX object tests/unit/CMakeFiles/cpu003_profile_v2_test.dir/cpu003_profile_v2_test.cpp.o
[ 50%] Built target cpu_profile_test
[ 51%] Building CXX object tests/unit/CMakeFiles/cpu004_routing_test.dir/cpu004_routing_test.cpp.o
[ 51%] Linking CXX executable cpu003_profile_v2_test
[ 51%] Linking CXX executable cpu004_routing_test
[ 51%] Built target cpu003_profile_v2_test
[ 51%] Building CXX object tests/unit/CMakeFiles/mon001_recorder_test.dir/mon001_recorder_test.cpp.o
[ 51%] Built target cpu004_routing_test
[ 51%] Building CXX object tests/unit/CMakeFiles/mon002_gate_test.dir/mon002_gate_test.cpp.o
[ 51%] Linking CXX executable mon002_gate_test
[ 51%] Built target mon002_gate_test
[ 51%] Building CXX object tests/unit/CMakeFiles/cpu001_provider_selftest_baseline.dir/cpu001_provider_selftest.cpp.o
[ 52%] Linking CXX executable cpu001_provider_selftest_baseline
[ 52%] Built target cpu001_provider_selftest_baseline
[ 52%] Building CXX object tests/unit/CMakeFiles/cpu001_provider_selftest_avx2.dir/cpu001_provider_selftest.cpp.o
[ 53%] Linking CXX executable mon001_recorder_test
[ 53%] Built target mon001_recorder_test
[ 54%] Building CXX object tests/unit/CMakeFiles/cpu001_provider_selftest_avx512.dir/cpu001_provider_selftest.cpp.o
[ 55%] Building CXX object tests/unit/CMakeFiles/cpu001_provider_selftest_avx2.dir/__/__/lib/backend_host/host_services.cpp.o
[ 55%] Building CXX object tests/unit/CMakeFiles/cpu001_provider_selftest_avx2.dir/__/__/lib/backend_host/cpu_features.cpp.o
[ 55%] Building CXX object tests/unit/CMakeFiles/cpu001_provider_selftest_avx512.dir/__/__/lib/backend_host/host_services.cpp.o
[ 56%] Building CXX object tests/unit/CMakeFiles/cpu001_provider_selftest_avx512.dir/__/__/lib/backend_host/cpu_features.cpp.o
[ 56%] Linking CXX executable cpu001_provider_selftest_avx2
[ 56%] Built target cpu001_provider_selftest_avx2
[ 57%] Building CXX object tests/unit/CMakeFiles/cpu001_negative_test.dir/cpu001_negative_test.cpp.o
[ 57%] Linking CXX executable cpu001_provider_selftest_avx512
[ 57%] Built target cpu001_provider_selftest_avx512
[ 57%] Building CXX object tests/unit/CMakeFiles/cpu_monitor_test.dir/cpu_monitor_test.cpp.o
[ 57%] Linking CXX executable cpu001_negative_test
[ 57%] Built target cpu001_negative_test
[ 57%] Building CXX object tests/unit/CMakeFiles/p1_stars_test.dir/p1_stars_test.cpp.o
[ 57%] Linking CXX executable cpu_monitor_test
[ 57%] Built target cpu_monitor_test
[ 58%] Building CXX object tests/unit/CMakeFiles/p1_wcs_phot_test.dir/p1_wcs_phot_test.cpp.o
[ 58%] Linking CXX executable p1_stars_test
[ 58%] Built target p1_stars_test
[ 59%] Building CXX object tests/unit/CMakeFiles/p1_noise_test.dir/p1_noise_test.cpp.o
[ 59%] Linking CXX executable p1_wcs_phot_test
[ 59%] Built target p1_wcs_phot_test
[ 59%] Building CXX object tests/unit/CMakeFiles/p2_upm_synthetic_test.dir/p2_upm_synthetic_test.cpp.o
[ 59%] Linking CXX executable p1_noise_test
[ 59%] Built target p1_noise_test
[ 59%] Building CXX object tests/unit/CMakeFiles/p2_ir_facade_test.dir/p2_ir_facade_test.cpp.o
[ 59%] Linking CXX executable p2_upm_synthetic_test
[ 59%] Built target p2_upm_synthetic_test
[ 59%] Building CXX object tests/unit/CMakeFiles/p2_seam_gate_test.dir/p2_seam_gate_test.cpp.o
[ 59%] Linking CXX executable p2_ir_facade_test
[ 59%] Built target p2_ir_facade_test
[ 59%] Building CXX object tests/unit/CMakeFiles/p3_interp_test.dir/p3_interp_test.cpp.o
[ 60%] Linking CXX executable p2_seam_gate_test
[ 60%] Linking CXX executable p3_interp_test
[ 60%] Built target p2_seam_gate_test
[ 60%] Built target p3_interp_test
[ 60%] Building CXX object tests/unit/CMakeFiles/p3_coverage_test.dir/p3_coverage_test.cpp.o
[ 61%] Building CXX object CMakeFiles/astrocs_io.dir/lib/io/src/io_adapter.cpp.o
[ 62%] Linking CXX executable p3_coverage_test
[ 62%] Built target p3_coverage_test
[ 63%] Building CXX object CMakeFiles/astrocs_aio.dir/lib/astro_image_io/src/aio_fits.cpp.o
[ 63%] Linking CXX static library libastrocs_io.a
[ 63%] Built target astrocs_io
[ 63%] Building CXX object tests/unit/CMakeFiles/io_adapter_test.dir/io_adapter_test.cpp.o
[ 63%] Building CXX object CMakeFiles/astrocs_aio.dir/lib/astro_image_io/src/aio_api.cpp.o
[ 64%] Linking CXX executable io_adapter_test
[ 64%] Built target io_adapter_test
[ 64%] Building CXX object CMakeFiles/astrocs_aio.dir/lib/astro_image_io/src/aio_log.cpp.o
[ 65%] Building CXX object CMakeFiles/astrocs_aio.dir/lib/astro_image_io/src/aio_compressor.cpp.o
[ 65%] Building CXX object CMakeFiles/astrocs_aio.dir/lib/astro_image_io/src/aio_xisf.cpp.o
[ 65%] Building CXX object CMakeFiles/astrocs_aio.dir/lib/astro_image_io/src/aio_pipeline.cpp.o
[ 66%] Linking CXX static library libastrocs_aio.a
[ 66%] Built target astrocs_aio
[ 66%] Building CXX object CMakeFiles/astrocs_calibration.dir/lib/calibration/src/calibrator.cpp.o
[ 66%] Building CXX object CMakeFiles/astrocs_hips.dir/lib/astro_image_io/src/hips/aio_hips_reader.cpp.o
[ 67%] Building CXX object CMakeFiles/astrocs_calibration.dir/lib/calibration/src/master_generator.cpp.o
[ 68%] Building CXX object CMakeFiles/astrocs_hips.dir/lib/astro_image_io/src/hips/aio_hips_writer.cpp.o
[ 68%] Building CXX object CMakeFiles/astrocs_calibration.dir/lib/calibration/src/cosmetic_corrector.cpp.o
[ 68%] Building CXX object CMakeFiles/astrocs_calibration.dir/lib/calibration/src/ac_api.cpp.o
[ 69%] Linking CXX static library libastrocs_calibration.a
[ 69%] Built target astrocs_calibration
[ 70%] Building CXX object CMakeFiles/astrocs_phase3_session.dir/lib/phase3_session/p3_session.cpp.o
[ 70%] Building CXX object CMakeFiles/astrocs_hips.dir/lib/astro_image_io/src/healpix/aio_healpix_io.cpp.o
[ 70%] Building CXX object CMakeFiles/astrocs_hips.dir/lib/astro_image_io/src/hiss_codec.cpp.o
[ 71%] Building CXX object CMakeFiles/astrocs_hips.dir/lib/astro_image_io/src/hiss_common.cpp.o
[ 71%] Building CXX object CMakeFiles/astrocs_hips.dir/lib/astro_image_io/src/hiss_reader.cpp.o
[ 71%] Building CXX object CMakeFiles/astrocs_phase3_session.dir/lib/phase3_session/p3_wcs.cpp.o
[ 71%] Building CXX object CMakeFiles/astrocs_hips.dir/lib/astro_image_io/src/hiss_stream_writer.cpp.o
[ 71%] Building CXX object CMakeFiles/astrocs_phase3_session.dir/lib/phase3_session/hips_properties.cpp.o
[ 72%] Building CXX object CMakeFiles/astrocs_phase3_session.dir/lib/phase3_session/p3_output.cpp.o
[ 73%] Building CXX object CMakeFiles/astrocs_hips.dir/lib/astro_image_io/src/hiss_tile_model.cpp.o
[ 73%] Building CXX object CMakeFiles/astrocs_phase3_session.dir/lib/phase3_session/p3_resample.cpp.o
[ 73%] Building CXX object CMakeFiles/astrocs_hips.dir/lib/astro_image_io/src/hiss_transform.cpp.o
[ 74%] Building CXX object CMakeFiles/astrocs_hips.dir/lib/astro_image_io/src/hiss_writer.cpp.o
[ 74%] Linking CXX static library libastrocs_phase3_session.a
[ 74%] Built target astrocs_phase3_session
[ 74%] Building CXX object tests/unit/CMakeFiles/io_ownership_test.dir/io_ownership_test.cpp.o
[ 74%] Linking CXX executable io_ownership_test
[ 74%] Built target io_ownership_test
[ 75%] Building CXX object tests/unit/CMakeFiles/p1_calibration_test.dir/p1_calibration_test.cpp.o
[ 75%] Linking CXX executable p1_calibration_test
[ 75%] Built target p1_calibration_test
[ 75%] Building CXX object tests/unit/CMakeFiles/p1_ir_facade_test.dir/p1_ir_facade_test.cpp.o
[ 75%] Building CXX object CMakeFiles/astrocs_hips.dir/lib/astro_image_io/src/aio_upm.cpp.o
[ 75%] Linking CXX executable p1_ir_facade_test
[ 75%] Built target p1_ir_facade_test
[ 75%] Building CXX object tests/unit/CMakeFiles/p1_resource_test.dir/p1_resource_test.cpp.o
[ 76%] Linking CXX executable p1_resource_test
[ 76%] Built target p1_resource_test
[ 76%] Building CXX object tests/unit/CMakeFiles/p3_wcs_test.dir/p3_wcs_test.cpp.o
[ 77%] Linking CXX executable p3_wcs_test
[ 77%] Built target p3_wcs_test
[ 78%] Building CXX object CMakeFiles/astrocs_phase1_session.dir/lib/phase1_session/p1_session.cpp.o
[ 78%] Linking CXX static library libastrocs_hips.a
[ 78%] Built target astrocs_hips
[ 79%] Building CXX object CMakeFiles/astrocs_phase2.dir/lib/phase2/src/upm.cpp.o
[ 79%] Linking CXX static library libastrocs_phase1_session.a
[ 79%] Built target astrocs_phase1_session
[ 79%] Building CXX object CMakeFiles/astrocs_phase2.dir/lib/phase2/src/stage2_common.cpp.o
[ 79%] Building CXX object CMakeFiles/astrocs_phase2.dir/lib/phase2/src/rejection.cpp.o
[ 80%] Building CXX object CMakeFiles/astrocs_phase2.dir/lib/phase2/src/coverage.cpp.o
[ 80%] Building CXX object CMakeFiles/astrocs_phase2.dir/lib/phase2/src/sampler.cpp.o
[ 80%] Building CXX object CMakeFiles/astrocs_phase2.dir/lib/phase2/src/block.cpp.o
[ 81%] Building CXX object CMakeFiles/astrocs_phase2.dir/lib/phase2/src/integrate.cpp.o
[ 81%] Building CXX object CMakeFiles/astrocs_phase2.dir/lib/phase2/src/cuda_bridge_stub.cpp.o
[ 82%] Building CXX object CMakeFiles/astrocs_drizzle.dir/lib/healpix_db/healpix_drizzle/fits_reader.cpp.o
[ 82%] Building CXX object CMakeFiles/astrocs_drizzle.dir/lib/healpix_db/healpix_drizzle/wcs_sip.cpp.o
[ 82%] Building CXX object CMakeFiles/astrocs_drizzle.dir/lib/healpix_db/healpix_drizzle/poly_clip.cpp.o
[ 83%] Linking CXX static library libastrocs_phase2.a
[ 84%] Building CXX object CMakeFiles/astrocs_drizzle.dir/lib/healpix_db/healpix_drizzle/spherical_overlap.cpp.o
[ 84%] Built target astrocs_phase2
[ 84%] Building CXX object tests/unit/CMakeFiles/p1_nside_test.dir/p1_nside_test.cpp.o
[ 85%] Linking CXX executable p1_nside_test
[ 85%] Built target p1_nside_test
[ 85%] Building CXX object CMakeFiles/astrocs_drizzle.dir/lib/healpix_db/healpix_drizzle/drizzle_engine.cpp.o
[ 85%] Building CXX object CMakeFiles/astrocs_drizzle.dir/lib/healpix_db/healpix_drizzle/reverse_drizzle.cpp.o
[ 86%] Building CXX object CMakeFiles/astrocs_drizzle.dir/lib/healpix_db/healpix_drizzle/hp_drizzle_api.cpp.o
[ 86%] Building CXX object CMakeFiles/astrocs_drizzle.dir/lib/healpix_db/healpix_drizzle/astro_sphere_sink.cpp.o
[ 86%] Building CXX object tests/unit/CMakeFiles/p1_hips_writer_test.dir/p1_hips_writer_test.cpp.o
[ 87%] Linking CXX executable p1_hips_writer_test
[ 88%] Building CXX object CMakeFiles/astrocs_drizzle.dir/lib/healpix_db/healpix_drizzle/snr_evaluator.cpp.o
[ 88%] Built target p1_hips_writer_test
[ 89%] Building CXX object tests/unit/CMakeFiles/p2_workers_test.dir/p2_workers_test.cpp.o
[ 89%] Linking CXX static library libastrocs_drizzle.a
[ 89%] Built target astrocs_drizzle
[ 89%] Building CXX object tests/unit/CMakeFiles/p2_block_plan_test.dir/p2_block_plan_test.cpp.o
[ 90%] Linking CXX executable p2_block_plan_test
[ 90%] Built target p2_block_plan_test
[ 91%] Building CXX object tests/unit/CMakeFiles/p2_rejection_test.dir/p2_rejection_test.cpp.o
[ 91%] Linking CXX executable p2_rejection_test
[ 91%] Linking CXX executable p2_workers_test
[ 91%] Built target p2_rejection_test
[ 92%] Building CXX object tests/unit/CMakeFiles/p2_output_semantics_test.dir/p2_output_semantics_test.cpp.o
[ 92%] Built target p2_workers_test
[ 93%] Building CXX object tests/unit/CMakeFiles/p3_output_test.dir/p3_output_test.cpp.o
[ 93%] Linking CXX executable p2_output_semantics_test
[ 93%] Built target p2_output_semantics_test
[ 93%] Building CXX object tests/unit/CMakeFiles/p3_assembly_test.dir/p3_assembly_test.cpp.o
[ 93%] Linking CXX executable p3_output_test
[ 93%] Built target p3_output_test
[ 93%] Building CXX object CMakeFiles/astrocs_phase2_session.dir/lib/phase2_session/p2_session.cpp.o
[ 94%] Linking CXX executable p3_assembly_test
[ 94%] Built target p3_assembly_test
[ 94%] Linking CXX static library libastrocs_phase2_session.a
[ 94%] Built target astrocs_phase2_session
[ 94%] Building CXX object CMakeFiles/astrocs_module_adapters.dir/lib/core/src/module_adapters.cpp.o
[ 95%] Linking CXX static library libastrocs_module_adapters.a
[ 95%] Built target astrocs_module_adapters
[ 95%] Building CXX object CMakeFiles/astrocs_cli_runtime.dir/cli/runtime_client.cpp.o
[ 95%] Building CXX object tests/unit/CMakeFiles/rt005_registry_test.dir/rt005_registry_test.cpp.o
[ 96%] Linking CXX executable rt005_registry_test
[ 96%] Built target rt005_registry_test
[ 96%] Building CXX object tests/unit/CMakeFiles/rt006_scheduler_test.dir/rt006_scheduler_test.cpp.o
[ 96%] Linking CXX executable rt006_scheduler_test
[ 96%] Built target rt006_scheduler_test
[ 97%] Building CXX object tests/unit/CMakeFiles/p1001_modules_test.dir/p1001_modules_test.cpp.o
[ 97%] Linking CXX executable p1001_modules_test
[ 97%] Built target p1001_modules_test
[ 97%] Linking CXX static library libastrocs_cli_runtime.a
[ 97%] Built target astrocs_cli_runtime
[ 97%] Building CXX object tests/unit/CMakeFiles/rt008_runtime_client_test.dir/rt008_runtime_client_test.cpp.o
[ 97%] Building CXX object CMakeFiles/astrocs.dir/cli/main.cpp.o
[ 98%] Linking CXX executable rt008_runtime_client_test
[ 98%] Built target rt008_runtime_client_test
[ 98%] Building CXX object tests/unit/CMakeFiles/rt009_node_trace_test.dir/rt009_node_trace_test.cpp.o
[ 98%] Building CXX object CMakeFiles/astrocs.dir/cli/parser.cpp.o
[ 99%] Linking CXX executable rt009_node_trace_test
[ 99%] Built target rt009_node_trace_test
[100%] Building CXX object CMakeFiles/astrocs.dir/cli/commands.cpp.o
[100%] Building CXX object CMakeFiles/astrocs.dir/cli/runtime_client.cpp.o
[100%] Linking CXX executable astrocs
[100%] Built target astrocs
