=== TSan 定向 28 测试逐项结果 ===
core_scheduler                  PASS
core_context                    PASS
rt001_abi                       PASS
rt002_budget                    PASS
rt003_context                   PASS
rt005_registry                  PASS
rt006_scheduler                 PASS
rt007_artifact_store            PASS
rt008_runtime_client            PASS
rt009_node_trace                PASS
p2_workers                      PASS
p2_block_plan                   PASS
p2_seam_gate                    PASS
p2_ir_facade                    PASS
p2_upm_synthetic                PASS
p3_assembly                     PASS
p3_coverage                     PASS
p3_interp                       PASS
p3_output                       PASS
p1_resource                     PASS
io_reentrant                    PASS
io_ownership                    PASS
cpu_lease                       PASS
cpu_provider                    PASS
cpu_fallback                    PASS
cpu_features                    PASS
mon001_recorder                 PASS
mon002_gate                     PASS
