=== COMMAND ===
f:\Astro dev\Astro CS Normalization Database\lib\orchestrator\cpp\orchestrator.exe stage1 --frame f:\Astro dev\Astro CS Normalization Database\testdata\Galaxy_Center_T4\lights\panel1\Galaxy_Center_mosaic1_T4_flying_dutchman-20250703@063631-600S-Oiii.fts --output f:\Astro dev\Astro CS Normalization Database\engineering_v1.3\evidence\P12-004\raw_logs\T4_OIII_Galaxy_Center\T4_OIII_Galaxy_Center.hiss --gaia-data GaiaDR3SP --filter OIII --config f:\Astro dev\Astro CS Normalization Database\engineering_v1.3\evidence\P12-004\scripts\stage1_config_T4.json --log-level INFO

=== EXIT CODE ===
0

=== STDOUT ===
{
  "success": true,
  "frame_name": "f:\\Astro dev\\Astro CS Normalization Database\\testdata\\Galaxy_Center_T4\\lights\\panel1\\Galaxy_Center_mosaic1_T4_flying_dutchman-20250703@063631-600S-Oiii.fts",
  "timings": [
    {"stage": "CALIBRATE", "name": "READ_FITS", "duration_sec": 0.0542836, "success": true},
    {"stage": "CALIBRATE", "name": "CALIBRATE", "duration_sec": 0.583597, "success": true},
    {"stage": "CALIBRATE", "name": "PLATESOLVE", "duration_sec": 1.8272, "success": true},
    {"stage": "CALIBRATE", "name": "PSF", "duration_sec": 0.729528, "success": true},
    {"stage": "CALIBRATE", "name": "PHOTOMETRIC", "duration_sec": 0.234264, "success": true},
    {"stage": "CALIBRATE", "name": "SNR", "duration_sec": 0.0015198, "success": true},
    {"stage": "CALIBRATE", "name": "DRIZZLE", "duration_sec": 24.971, "success": true}
  ],
  "wcs_fields": {},
  "photo_stats": {"FIT_USED": "1519", "GAIA_IN_FRAME": "6120", "MATCH_DIST_MAX": "1.844147", "MATCH_DIST_MEDIAN": "0.441413", "MATCH_DIST_P90": "0.717796", "N_MATCHED": "1519", "PSF_TOTAL": "2000", "PSF_VALID": "1849", "REJECTED_AMBIGUOUS": "0", "REJECTED_DISTANCE": "325", "REJECTED_QUALITY": "5", "ROBUST_ITERATIONS": "7", "R_MAX": "3.837437", "R_MEDIAN": "3.210085", "R_P90": "3.428652", "SCALE_FACTOR": "0.000592", "SIGMA_RESIDUAL": "0.146881", "SPATIAL_CANDIDATES": "1524", "SPECTRUM_ROWS_TOTAL": "14761", "STATUS": "OK", "UNIQUE_MATCHES": "1524", "VALID_FSYN": "14662"},
  "output_ahpx_path": "f:\\Astro dev\\Astro CS Normalization Database\\engineering_v1.3\\evidence\\P12-004\\raw_logs\\T4_OIII_Galaxy_Center\\T4_OIII_Galaxy_Center.hiss",
  "error_msg": ""
}

=== STDERR ===
[2026-07-28 23:08:48][INFO][cli] stage1 gaia-data: GaiaDR3SP
[2026-07-28 23:08:48][INFO][cli] stage1 filter: OIII
[2026-07-28 23:08:48][INFO][logger] 日志系统初始化完成 (log_dir=lib/orchestrator/logs, level=INFO)
[2026-07-28 23:08:48][INFO][orchestrator] 初始化编排器 (骨架版本)
[2026-07-28 23:08:48][INFO][orchestrator] 可用线程数: 16
[2026-07-28 23:08:48][INFO][orchestrator] 加载配置: f:\Astro dev\Astro CS Normalization Database\engineering_v1.3\evidence\P12-004\scripts\stage1_config_T4.json
[2026-07-28 23:08:48][INFO][orchestrator] 配置文件大小: 2299 字节
[2026-07-28 23:08:48][INFO][orchestrator] 检查点目录: output\.checkpoint
[2026-07-28 23:08:48][INFO][orchestrator] 日志级别设置为: INFO
[2026-07-28 23:08:48][INFO][orchestrator] 配置线程数: 0 (0=自动检测)
[2026-07-28 23:08:48][INFO][orchestrator] 配置 Gaia 数据目录: GaiaDR3SP
[2026-07-28 23:08:48][INFO][orchestrator] 配置加载完成 (P03-002: log_level/threads/gaia_data_dir 已解析)
[2026-07-28 23:08:48][INFO][cli] 日志级别设置为: INFO
[2026-07-28 23:08:48][INFO][orchestrator] ========== stage1: 单帧预处理 (FITS -> .hiss) ==========
[2026-07-28 23:08:48][INFO][orchestrator] 输入 FITS: f:\Astro dev\Astro CS Normalization Database\testdata\Galaxy_Center_T4\lights\panel1\Galaxy_Center_mosaic1_T4_flying_dutchman-20250703@063631-600S-Oiii.fts
[2026-07-28 23:08:48][INFO][orchestrator] 输出 .hiss: f:\Astro dev\Astro CS Normalization Database\engineering_v1.3\evidence\P12-004\raw_logs\T4_OIII_Galaxy_Center\T4_OIII_Galaxy_Center.hiss
[2026-07-28 23:08:48][INFO][orchestrator] 配置 JSON: {

  "_comment": "stage1 配置文件模板 (spec §2.3.3) - 单帧预处理 FITS -> .hiss, stage 0-6 (2026-07-18 归档 GRADIENT_2D; 2026-07-25 P03-002 扩展参数追踪)",

  "project_root": ".",

  "gaia_data_dir": "GaiaDR3SP",

  "calibration_dir": "testdata/T4 calibration files",

  "output_root": "output",

  "stages": [

    "read_fits",

    "calibrate",

    "platesolve",

    "psf",

    "photometric",

    "snr",

    "drizzle"

  ],

  "frame": {

    "id": "panel1_Red",

    "light_path": "",

    "filter": "Red",

    "qe_curve": "GSENSE2020BSI"

  },

  "calibration": {

    "_comment": "P03-001: 校准输入接线配置。master_*_path 为空时从 calibration_dir 自动推导",

    "master_bias_path": "",

    "master_dark_path": "",

    "master_flat_path": "",

    "require_size_match": true,

    "require_exposure_match": true,

    "exposure_tolerance_s": 0.5,

    "require_temperature_match": false,

    "temperature_tolerance_c": 1.0,

    "allow_no_calibration": false,

    "dark_optimization": 0,

    "dark_scale_factor": 1.0

  },

  "platesolve": {

    "_comment": "P03-002: PlateSolve 参数。initial_ra/dec 为空时从 FITS header OBJCTRA/DEC 读取; focal_length/pixel_size 为 0 时从 FITS header 读取",

    "initial_ra": "",

    "initial_dec": "",

    "focal_length": 0.0,

    "pixel_size": 0.0,

    "max_stars": 2000,

    "log_dir": "lib/plate_solve/logs"

  },

  "psf": {

    "_comment": "P03-002: PSF 拟合参数。fit_radius=0 表示自动; max_stars=0 表示不限制",

    "fit_radius": 8,

    "max_iter": 100,

    "tolerance": 1e-06,

    "max_stars": 2000

  },

  "photometric": {

    "_comment": "P03-002: 测光校准参数。mag_max 内部会自适应迭代 (2000-10000 星范围)",

    "mag_min": 6.0,

    "mag_max": 16.0,

    "fov_radius_deg": 0.0,

    "filters_json": "lib/photometric_calib/data/response_curves/filters.json",

    "qe_curves_json": "lib/photometric_calib/data/response_curves/qe_curves.json"

  },

  "drizzle": {

    "_comment": "P03-002: Drizzle 参数。nside_strategy=1x_to_2x_drizzle 自适应; pixfrac 默认 1.0 避免缝隙",

    "nside_strategy": "1x_to_2x_drizzle",

    "nside_override": 0,

    "pixfrac": 1.0,

    "nested": true

  },

  "log_level": "INFO",

  "threads": 0

}
[2026-07-28 23:08:48][INFO][orchestrator] P04-004: 取消/超时标志已重置
[2026-07-28 23:08:48][INFO][orchestrator] 自动推导项目根目录: f:\Astro dev\Astro CS Normalization Database
[2026-07-28 23:08:48][INFO][orchestrator] 初始化 DLL 加载 (lib_base_dir=f:\Astro dev\Astro CS Normalization Database)
[dll_loader] 开始加载所有模块 (lib_base_dir=f:\Astro dev\Astro CS Normalization Database)
[dll_loader] 设置运行时 DLL 搜索路径: C:\msys64\mingw64\bin
[dll_loader] 加载模块 AIO: f:\Astro dev\Astro CS Normalization Database/lib/astro_image_io/astro_image_io.dll
[dll_loader] 模块 AIO 加载成功 (handle=0x7fffd8ce0000)
[dll_loader] 预加载 astro_image_io.dll (依赖前置) handle=0x7fffd8ce0000
[dll_loader] 加载模块 CALIBRATE: f:\Astro dev\Astro CS Normalization Database/lib/calibration/astro_calibration.dll
[dll_loader] 模块 CALIBRATE 加载成功 (handle=0x7fffe5710000)
[dll_loader] 加载模块 PLATESOLVE: f:\Astro dev\Astro CS Normalization Database/lib/plate_solve/cpp/ipv/ipv_solver.dll
[dll_loader] 模块 PLATESOLVE 加载成功 (handle=0x7fffe4570000)
[dll_loader] 加载模块 PSF: f:\Astro dev\Astro CS Normalization Database/lib/dynamic_psf/dynamic_psf.dll
[dll_loader] 模块 PSF 加载成功 (handle=0x7fffe5ee0000)
[dll_loader] 预加载 gaia_client.dll (依赖前置) handle=0x7fffe6460000
[dll_loader] 加载模块 PHOTOMETRIC: f:\Astro dev\Astro CS Normalization Database/lib/photometric_calib/cpp/photometric_calib.dll
[dll_loader] 模块 PHOTOMETRIC 加载成功 (handle=0x7fffddc70000)
[dll_loader] 加载模块 SNR: f:\Astro dev\Astro CS Normalization Database/lib/snr_estimator/cpp/snr_estimator.dll
[dll_loader] 模块 SNR 加载成功 (handle=0x7fffdc710000)
[dll_loader] 加载模块 DRIZZLE: f:\Astro dev\Astro CS Normalization Database/lib/healpix_db/healpix_drizzle/healpix_drizzle.dll
[dll_loader] 模块 DRIZZLE 加载成功 (handle=0x7fffd98d0000)
[dll_loader] 加载模块 GRADIENT_SPHERE: f:\Astro dev\Astro CS Normalization Database/lib/healpix_db/healpix_stack/healpix_stack.dll
[dll_loader] 模块 GRADIENT_SPHERE 加载成功 (handle=0x7fffd8910000)
[dll_loader] 加载模块 STACK: f:\Astro dev\Astro CS Normalization Database/lib/healpix_db/healpix_stack/healpix_stack.dll
[dll_loader] 模块 STACK 加载成功 (handle=0x7fffd8910000)
[dll_loader] 全部模块加载成功
[2026-07-28 23:08:48][INFO][orchestrator] 全部 9 个模块加载成功
[2026-07-28 23:08:48][INFO][orchestrator]   AIO 版本: unknown
[2026-07-28 23:08:48][INFO][orchestrator]   CALIBRATE 版本: Astro Calibration C++ v1.0.0
[2026-07-28 23:08:48][INFO][orchestrator]   PLATESOLVE 版本: unknown
[2026-07-28 23:08:48][INFO][orchestrator]   PSF 版本: unknown
[2026-07-28 23:08:48][INFO][orchestrator]   PHOTOMETRIC 版本: unknown
[2026-07-28 23:08:48][INFO][orchestrator]   SNR 版本: unknown
[2026-07-28 23:08:48][INFO][orchestrator]   DRIZZLE 版本: unknown
[2026-07-28 23:08:48][INFO][orchestrator]   GRADIENT_SPHERE 版本: unknown
[2026-07-28 23:08:48][INFO][orchestrator]   STACK 版本: unknown
[dll_loader] CALIBRATE 线程数设置为 16
[2026-07-28 23:08:48][INFO][orchestrator] CALIBRATE 线程数: 16
[2026-07-28 23:08:48][DEBUG][PIPELINE] frame_create: ok
[2026-07-28 23:08:48][INFO][orchestrator] ---------- stage1 阶段: READ_FITS ----------
[2026-07-28 23:08:48][INFO][orchestrator] [READ_FITS] 开始: f:\Astro dev\Astro CS Normalization Database\testdata\Galaxy_Center_T4\lights\panel1\Galaxy_Center_mosaic1_T4_flying_dutchman-20250703@063631-600S-Oiii.fts
[2026-07-28 23:08:48][INFO][FITS] Reading: f:\Astro dev\Astro CS Normalization Database\testdata\Galaxy_Center_T4\lights\panel1\Galaxy_Center_mosaic1_T4_flying_dutchman-20250703@063631-600S-Oiii.fts
[2026-07-28 23:08:48][INFO][FITS] Header: BITPIX=16 NAXIS=2 NAXIS1=4500 NAXIS2=3600 NAXIS3=0 BSCALE=1.0 BZERO=32768.0 keywords=124
[2026-07-28 23:08:48][INFO][FITS] Applying BSCALE=1.000000 BZERO=32768.000000
[2026-07-28 23:08:48][INFO][FITS] Read OK: 4500x3600 1ch BITPIX=16
[2026-07-28 23:08:48][INFO][API] aio_read_fits: 0.041 s
[2026-07-28 23:08:48][INFO][orchestrator] [READ_FITS] 图像尺寸: 4500x3600
[2026-07-28 23:08:48][DEBUG][PIPELINE] add_block: 'data' type=0 count=16200000 (64800000 bytes)
[2026-07-28 23:08:48][INFO][orchestrator] [READ_FITS] FITS 关键字数: 124
[2026-07-28 23:08:48][INFO][orchestrator] [READ_FITS] 完成
[2026-07-28 23:08:48][INFO][orchestrator] [0.054284s] READ_FITS 完成
[2026-07-28 23:08:48][INFO][orchestrator] ---------- stage1 阶段: CALIBRATE ----------
[2026-07-28 23:08:48][INFO][orchestrator] [CALIBRATE] 开始
[2026-07-28 23:08:48][INFO][orchestrator] [CALIBRATE] 图像: 4500x3600 (16200000 像素)
[2026-07-28 23:08:48][INFO][orchestrator] [CALIBRATE] 帧元数据: EXPTIME=600.000000s, FILTER='Oiii', CCD-TEMP=-20.000000C
[2026-07-28 23:08:48][INFO][orchestrator] [CALIBRATE] calibration_dir: f:\Astro dev\Astro CS Normalization Database\testdata/T4 calibration files
[2026-07-28 23:08:48][INFO][orchestrator] [CALIBRATE] 自动推导 master_bias_path: f:\Astro dev\Astro CS Normalization Database\testdata/T4 calibration files\masterBias_BIN-1_4500x3600.xisf
[2026-07-28 23:08:48][INFO][orchestrator] [CALIBRATE] 自动推导 master_dark_path: f:\Astro dev\Astro CS Normalization Database\testdata/T4 calibration files\masterDark_BIN-1_4500x3600_EXPOSURE-600.00s.xisf
[2026-07-28 23:08:48][INFO][orchestrator] [CALIBRATE] 自动推导 master_flat_path: f:\Astro dev\Astro CS Normalization Database\testdata/T4 calibration files\masterFlat_BIN-1_4500x3600_FILTER-Oiii_mono.xisf
[2026-07-28 23:08:48][INFO][XISF] Reading: f:\Astro dev\Astro CS Normalization Database\testdata/T4 calibration files\masterBias_BIN-1_4500x3600.xisf
[2026-07-28 23:08:48][INFO][XISF] XML header length: 47448 bytes
[2026-07-28 23:08:48][INFO][XISF] Image: 4500x3600x1 fmt=Float32 byteOrder= offset=49152 size=64800000
[2026-07-28 23:08:48][INFO][XISF] Byte order: file= system=little swap=0
[2026-07-28 23:08:48][INFO][XISF] Read OK: 4500x3600 1ch fmt=Float32 keywords=492
[2026-07-28 23:08:48][INFO][API] aio_read_xisf: 0.043 s
[2026-07-28 23:08:48][INFO][orchestrator] [CALIBRATE] 加载 Master: f:\Astro dev\Astro CS Normalization Database\testdata/T4 calibration files\masterBias_BIN-1_4500x3600.xisf (4500x3600)
[2026-07-28 23:08:48][INFO][XISF] Reading: f:\Astro dev\Astro CS Normalization Database\testdata/T4 calibration files\masterDark_BIN-1_4500x3600_EXPOSURE-600.00s.xisf
[2026-07-28 23:08:48][INFO][XISF] XML header length: 19933 bytes
[2026-07-28 23:08:48][INFO][XISF] Image: 4500x3600x1 fmt=Float32 byteOrder= offset=20480 size=64800000
[2026-07-28 23:08:48][INFO][XISF] Byte order: file= system=little swap=0
[2026-07-28 23:08:48][INFO][XISF] Read OK: 4500x3600 1ch fmt=Float32 keywords=192
[2026-07-28 23:08:48][INFO][API] aio_read_xisf: 0.038 s
[2026-07-28 23:08:48][INFO][orchestrator] [CALIBRATE] 加载 Master: f:\Astro dev\Astro CS Normalization Database\testdata/T4 calibration files\masterDark_BIN-1_4500x3600_EXPOSURE-600.00s.xisf (4500x3600)
[2026-07-28 23:08:48][INFO][XISF] Reading: f:\Astro dev\Astro CS Normalization Database\testdata/T4 calibration files\masterFlat_BIN-1_4500x3600_FILTER-Oiii_mono.xisf
[2026-07-28 23:08:48][INFO][XISF] XML header length: 18203 bytes
[2026-07-28 23:08:48][INFO][XISF] Image: 4500x3600x1 fmt=Float32 byteOrder= offset=20480 size=64800000
[2026-07-28 23:08:48][INFO][XISF] Byte order: file= system=little swap=0
[2026-07-28 23:08:48][INFO][XISF] Read OK: 4500x3600 1ch fmt=Float32 keywords=168
[2026-07-28 23:08:48][INFO][API] aio_read_xisf: 0.041 s
[2026-07-28 23:08:48][INFO][orchestrator] [CALIBRATE] 加载 Master: f:\Astro dev\Astro CS Normalization Database\testdata/T4 calibration files\masterFlat_BIN-1_4500x3600_FILTER-Oiii_mono.xisf (4500x3600)
[2026-07-28 23:08:48][INFO][orchestrator] [CALIBRATE] master_dark 曝光时间匹配: dark=600.000000s vs frame=600.000000s (diff=0.000000s)
[2026-07-28 23:08:48][INFO][orchestrator] [CALIBRATE] 调用 ac_calibrate_frame: dark_opt=0, k_init=1.000000, has_bias=true, has_dark=true, has_flat=true
[2026-07-28 23:08:49][INFO][orchestrator] [CALIBRATE] 校准统计: light_mean=1359.897699 -> out_mean=3397.651122, bias_mean=0.013990, dark_mean=0.019511, flat_mean=0.401366, actual_k=1.000000
[2026-07-28 23:08:49][DEBUG][PIPELINE] remove_block: 'data' removed (n_blocks=1)
[2026-07-28 23:08:49][DEBUG][PIPELINE] add_block_move: 'data' type=0 count=16200000 (moved ptr=000001189eb55040)
[2026-07-28 23:08:49][INFO][orchestrator] [CALIBRATE] cal_stats 已写入 (CALIBRATION_STATUS=APPLIED)
[2026-07-28 23:08:49][INFO][orchestrator] [CALIBRATE] 完成 (实际应用 Bias/Dark/Flat)
[2026-07-28 23:08:49][INFO][orchestrator] [0.583597s] CALIBRATE 完成
[2026-07-28 23:08:49][INFO][orchestrator] ---------- stage1 阶段: PLATESOLVE ----------
[2026-07-28 23:08:49][INFO][orchestrator] [PLATESOLVE] 开始
[2026-07-28 23:08:49][INFO][orchestrator] [PLATESOLVE] 初始化环境 (gaia_client + star_detector + ipv_solver)
[2026-07-28 23:08:49][INFO][orchestrator] [PLATESOLVE] gaia_client.dll 加载成功
[2026-07-28 23:08:49][INFO][orchestrator] [PLATESOLVE] star_detector.dll 加载成功
[2026-07-28 23:08:49][INFO][orchestrator] [PLATESOLVE] Gaia 数据目录: f:\Astro dev\Astro CS Normalization Database\GaiaDR3SP (来自 config)
[2026-07-28 23:08:49][INFO][orchestrator] [PLATESOLVE] GaiaClient 创建成功 (data_dir=f:\Astro dev\Astro CS Normalization Database\GaiaDR3SP)
[2026-07-28 23:08:49][INFO][SDET] StarDetector created (fitRadius=0, fwhmClipSigma=3.0, maxAxisRatio=2.0)
[2026-07-28 23:08:49][INFO][orchestrator] [PLATESOLVE] StarDetector 创建成功 (fitRadius=0 自动, maxStars=2000)
[2026-07-28 23:08:49][INFO][orchestrator] [PLATESOLVE] IPVSolver 创建成功, 已注入 Gaia + StarDetector 句柄
[2026-07-28 23:08:49][INFO][orchestrator] [PLATESOLVE] 环境初始化完成
[2026-07-28 23:08:49][INFO][orchestrator] [PLATESOLVE] 图像: 4500x3600
[2026-07-28 23:08:49][INFO][orchestrator] [PLATESOLVE] 初始指向: OBJCTRA='18 11 14.00' -> ra0=272.808333deg, OBJCTDEC='-13 10 37.0' -> dec0=-13.176944deg
[2026-07-28 23:08:49][INFO][orchestrator] [PLATESOLVE] 焦距=200.000000mm, 像素尺寸=6.000000um
[2026-07-28 23:08:49][INFO][orchestrator] [PLATESOLVE] 调用 ipv_solve_from_memory_with_callback (INTERNAL_DETECTION_SHARED_EXPORT callback 导出) ...
[2026-07-28 23:08:49][INFO] ==== IPVSolver::solve_from_memory_with_callback 开始 (INTERNAL_DETECTION_SHARED_EXPORT) ====
[2026-07-28 23:08:49][INFO]   pixels=4500x3600 (内存数据)
[2026-07-28 23:08:49][INFO]   ra0=272.808333 deg, dec0=-13.176944 deg
[2026-07-28 23:08:49][INFO]   focal_length=200.000 mm, pixel_size=6.000 um
[2026-07-28 23:08:49][INFO]   callback=ENABLED
[2026-07-28 23:08:49][INFO] === ipv_select_from_memory_with_callback 启动 (INTERNAL_DETECTION_SHARED_EXPORT) ===
[2026-07-28 23:08:49][INFO] ipv_select: 依赖 DLL 全部加载成功
[2026-07-28 23:08:49][INFO] Step 1: 使用内存像素数据 4500×3600
[2026-07-28 23:08:49][INFO] Step 2: 星点检测 (sdet_detect_ex)
[2026-07-28 23:08:49][INFO][SDET] sdet_detect_ex start: 4500x3600
[2026-07-28 23:08:49][DEBUG][SDET] [1] uint16→float: 19.3 ms
[2026-07-28 23:08:49][DEBUG][SDET] [2] Gaussian YvV smooth (sigma=2.0): 70.5 ms
[2026-07-28 23:08:49][INFO][SDET] peaker: median=3317.0000 bgnoise=75.8760 threshold=3696.3801 (median+5*bgnoise)
[2026-07-28 23:08:49][DEBUG][SDET] [3] Threshold: 332.6 ms
[2026-07-28 23:08:49][INFO][SDET] peaker: bg=3317.0 maxi=65535.0 norm=65535.0 dynrange=62218.0 minsatlevel=43552.6 satrange=6221.8 s_factor=3.7169 locthreshold=379.3801
[2026-07-28 23:08:49][DEBUG][SDET] [4] peaker: 51.6 ms (4763 candidates, full peaker 7-step)
[2026-07-28 23:08:49][INFO][SDET] Candidates: 4763
[2026-07-28 23:08:49][INFO][SDET] Peaker stages: pass_threshold=1400101 pass_localmax=15238 pass_count3=13350 pass_boundary=13350 | cond_meanhigh=17 cond_platform=8671 sat_both=1 nonsat=13349
[2026-07-28 23:08:49][INFO][SDET] Auto fitRadius: med_pixels=49 fwhm_est=3.44 auto_radius=10 actual=10
[2026-07-28 23:08:49][INFO][SDET] Task6 candidates sorted by mag_est (desc): maxstars=2000 candidates=4763
[2026-07-28 23:08:50][DEBUG][SDET] [6] Moffat4 fit: 388.0 ms (4580/4763 OK)
[2026-07-28 23:08:50][INFO][SDET] Moffat4 fit: 4580/4763 OK
[2026-07-28 23:08:50][INFO][SDET] === Fit statistics by pixel count ===
[2026-07-28 23:08:50][INFO][SDET]   px[5-9]: total=132 ok=127(96.2%) invalid=0 noconv=5 iterlimit=0
[2026-07-28 23:08:50][INFO][SDET]   px[10-19]: total=501 ok=492(98.2%) invalid=0 noconv=9 iterlimit=0
[2026-07-28 23:08:50][INFO][SDET]   px[20-49]: total=1578 ok=1536(97.3%) invalid=0 noconv=42 iterlimit=0
[2026-07-28 23:08:50][INFO][SDET]   px[50-99]: total=1289 ok=1251(97.1%) invalid=0 noconv=38 iterlimit=0
[2026-07-28 23:08:50][INFO][SDET]   px[100-299]: total=1048 ok=963(91.9%) invalid=0 noconv=85 iterlimit=0
[2026-07-28 23:08:50][DEBUG][SDET] [7] FWHM stats: 4.5 ms (med=1.3161 mad=0.1956)
[2026-07-28 23:08:50][INFO][SDET] FWHM stats: med=1.3161 mad=0.1956 (from 4580 fitted stars)
[2026-07-28 23:08:50][DEBUG][SDET] [8] Build normal stars: 9.8 ms (4368 stars, fit_fail=183 fwhm=0 round=186 reject=26)
[2026-07-28 23:08:50][INFO][SDET] Normal stars: 4368 (fit_fail=183 fwhm=0 roundness=186 reject=26)
[2026-07-28 23:08:50][DEBUG][SDET] [9] Saturated star detection skipped (V4.52: use A>dynrange from peaker): 1.1 ms
[2026-07-28 23:08:50][DEBUG][SDET] [10a] Dedup: 2.6 ms
[2026-07-28 23:08:50][DEBUG][SDET] [10b] Sort: 0.7 ms
[2026-07-28 23:08:50][INFO][SDET] After dedup+sort: 4368 stars (saturated=410 normal=3958)
[2026-07-28 23:08:50][INFO][SDET] sdet_detect_ex done: 2000 stars (sat=410 normal=3958), 0.882 s
[2026-07-28 23:08:50][INFO]   检测到星点: 2000 颗 (饱和 410, 正常 1590)
[2026-07-28 23:08:50][INFO] Step 2.5: 调用 callback 导出 detections (INTERNAL_DETECTION_SHARED_EXPORT)
[2026-07-28 23:08:50][INFO]   callback 完成, 源缓冲区已由 callback 复制
[2026-07-28 23:08:50][INFO] Step 3: 图像侧选星
[2026-07-28 23:08:50][INFO] 选星: 按 mag(box积分) 升序取前 60 颗 (含饱和 56 颗)
[2026-07-28 23:08:50][INFO]   U 向量组: 60×2 (s0=6.1879"/px)
[2026-07-28 23:08:50][INFO] Step 4: FOV/密度计算
[2026-07-28 23:08:50][INFO] FOV计算: s0=6.1879"/px, FOV_diag=9.9056°, query_r=5.4481°, img_area=47.86341°², query_area=93.24654°², rho_img=1.25, rho_target=1.88, n_target=60
[2026-07-28 23:08:50][INFO] Step 5: V4.9 密度公式估算极限星等 (替代迭代)
[2026-07-28 23:08:50][INFO] 密度估算极限星等: G=9.815 (n_required=60, area=93.2465°², rho_target=0.64/°²)
[2026-07-28 23:08:50][INFO] Step 6: 用 m_lim=9.815 查询 Gaia 星表
[2026-07-28 23:08:51][INFO] Step 7: Gnomonic 投影 + FOV 过滤
[2026-07-28 23:08:51][INFO]   W 向量组: 60×2 (FOV 内 600, 取最亮 60, gaia_ra/dec 已保存)
[2026-07-28 23:08:51][INFO] === ipv_select_from_memory_with_callback 完成 (INTERNAL_DETECTION_SHARED_EXPORT) ===
[2026-07-28 23:08:51][INFO] === triangle_match 开始: N_U=60, N_W=60, n_A0=60, n_B0=60, tol=0.0020, s0=6.1879 ===
[2026-07-28 23:08:51][INFO] triangle_match: stage=0, nA=60, nB=60
[2026-07-28 23:08:51][INFO] triangle_match_single: n_A=60, n_B=60, tol=0.0020, s0=6.1879, scale=[0.1347,0.2020]
[2026-07-28 23:08:51][DEBUG] stars_to_triangles: N=60, expected=34220, valid=34220, skipped_degenerate=0 (并行, 16 线程)
[2026-07-28 23:08:51][DEBUG] stars_to_triangles: prune_triangle_array ba>0.9 剪枝: before=34220, after=24133, pruned=10087
[2026-07-28 23:08:51][DEBUG] stars_to_triangles: N=60, expected=34220, valid=34220, skipped_degenerate=0 (并行, 16 线程)
[2026-07-28 23:08:51][DEBUG] stars_to_triangles: prune_triangle_array ba>0.9 剪枝: before=34220, after=25292, pruned=8928
[2026-07-28 23:08:51][INFO] make_vote_matrix: n_A=24133, n_B=25292, matched_triangles=31657, vote_matrix=60x60, scale_rejected=49028 (range=[0.1347,0.2020]) [并行 16 线程]
[2026-07-28 23:08:51][INFO] top_vote_getters: 矩阵=60x60, 候选对数(vote>=2)=3595, top_n=60
[2026-07-28 23:08:51][INFO] top_vote_getters: V4.25 去重后 top_pairs=60, 去重剔除=3233
[2026-07-28 23:08:51][INFO]   [调试] top[0]: u=32 w=16, votes=345
[2026-07-28 23:08:51][INFO]   [调试] top[1]: u=37 w=53, votes=342
[2026-07-28 23:08:51][INFO]   [调试] top[2]: u=28 w=23, votes=339
[2026-07-28 23:08:51][INFO]   [调试] top[3]: u=40 w=47, votes=329
[2026-07-28 23:08:51][INFO]   [调试] top[4]: u=20 w=11, votes=326
[2026-07-28 23:08:51][INFO]   [调试] top[5]: u=52 w=41, votes=325
[2026-07-28 23:08:51][INFO]   [调试] top[6]: u=13 w=5, votes=324
[2026-07-28 23:08:51][INFO]   [调试] top[7]: u=47 w=36, votes=323
[2026-07-28 23:08:51][INFO]   [调试] top[8]: u=33 w=38, votes=322
[2026-07-28 23:08:51][INFO]   [调试] top[9]: u=12 w=30, votes=321
[2026-07-28 23:08:51][INFO] triangle_match_single 完成: tri_A=24133, tri_B=25292, vote_matrix=60x60, max_vote=345, 候选对数(vote>=2)=3595, top_pairs=60
[2026-07-28 23:08:51][INFO] triangle_match: stage=0 成功 (max_vote=345 >= 3), 停止自适应
[2026-07-28 23:08:51][INFO] === triangle_match 结束: tri_A=24133, tri_B=25292, top_pairs=60, max_vote=345, success=1 ===
[2026-07-28 23:08:51][INFO] [P02-002] n_target=60, max_vote=345, threshold=2
[2026-07-28 23:08:51][INFO]   [阶段] triangle_match (n=60): 84.08 ms, max_vote=345, top_pairs=60, success=1
[2026-07-28 23:08:51][INFO]   [阶段] triangle_match: 84.37 ms, n_target_used=60
[2026-07-28 23:08:51][INFO]   N_U=60, N_W=60, s0=6.1879 arcsec/px, img=4500x3600, fov_diag=9.9056 deg
[2026-07-28 23:08:51][INFO] iter_trans_solve: U=60, W=60, initial_pairs=60, tol=5.00, order=3
[2026-07-28 23:08:51][DEBUG] calc_trans_general: order=3, n_pairs=20, 拟合成功
[2026-07-28 23:08:51][INFO] iter_trans_inner: 初始拟合完成, 初始工作集=20, order=3
[2026-07-28 23:08:51][INFO]   [调试] 初始 TRANS: x00=293.5387 y00=20.3522, x10=6.308399 x01=-0.004945 y10=-0.005680 y01=-6.308852
[2026-07-28 23:08:51][INFO]   [调试] 初始对[0]: u=32 w=16, U=(890.95,-169.61), W=(5913.09,1085.38), pred=(5913.43,1085.24), dist=0.3734" (dx=0.35 dy=-0.14)
[2026-07-28 23:08:51][INFO]   [调试] 初始对[1]: u=37 w=53, U=(-2108.15,1170.88), W=(-12975.26,-7334.21), pred=(-12975.21,-7333.98), dist=0.2343" (dx=0.05 dy=0.23)
[2026-07-28 23:08:51][INFO]   [调试] 初始对[2]: u=28 w=23, U=(1943.21,1147.63), W=(12526.12,-7218.70), pred=(12525.87,-7218.55), dist=0.2970" (dx=-0.25 dy=0.16)
[2026-07-28 23:08:51][INFO]   [调试] 初始对[3]: u=40 w=47, U=(-689.00,1031.59), W=(-4055.49,-6479.25), pred=(-4055.60,-6479.41), dist=0.2019" (dx=-0.11 dy=-0.17)
[2026-07-28 23:08:51][INFO]   [调试] 初始对[4]: u=20 w=11, U=(2009.31,1598.71), W=(12932.57,-10054.21), pred=(12932.73,-10054.29), dist=0.1678" (dx=0.15 dy=-0.07)
[2026-07-28 23:08:51][INFO]   [调试] 初始对[5]: u=52 w=41, U=(616.85,1002.11), W=(4178.78,-6303.43), pred=(4178.70,-6303.11), dist=0.3279" (dx=-0.07 dy=0.32)
[2026-07-28 23:08:51][INFO] iter_trans_inner: V4.23 工作集扩展 20->60 (nr=nbright)
[2026-07-28 23:08:51][DEBUG] iter 0: 绝对剔除 nr=60→29, nb=31
[2026-07-28 23:08:51][DEBUG] iter 0: sigma(35%)=0.087776 角秒²
[2026-07-28 23:08:51][DEBUG] iter 0: 相对剔除 nr=25, nb=35, rel_thresh=0.877765
[2026-07-28 23:08:51][DEBUG] calc_trans_general: order=3, n_pairs=25, 拟合成功
[2026-07-28 23:08:51][INFO] iter_trans_inner: 完成, nr=25, sig=0.1255, rms=0.3332, iters=1, success=1
[2026-07-28 23:08:51][INFO] iter_trans_solve: 第一轮 iter_trans 成功, inliers=25, rms=0.3332
[2026-07-28 23:08:51][INFO] at_match_lists: U=60, W=60, tol=5.00", U→W单向=29, W→U单向=29, 双向=29, 去重后=29
[2026-07-28 23:08:51][DEBUG] calc_trans_general: order=3, n_pairs=29, 拟合成功
[2026-07-28 23:08:51][INFO] at_recalc_trans: n=29, order=3, sig=0.2039, sx=0.3861, sy=0.2419, rms=0.4556
[2026-07-28 23:08:51][INFO] iter_trans_solve: 第一轮 refit 成功, inliers=29, rms=0.4556
[2026-07-28 23:08:51][INFO] at_match_lists: U=60, W=60, tol=5.00", U→W单向=29, W→U单向=29, 双向=29, 去重后=29
[2026-07-28 23:08:51][DEBUG] calc_trans_general: order=3, n_pairs=29, 拟合成功
[2026-07-28 23:08:51][INFO] at_recalc_trans: n=29, order=3, sig=0.2039, sx=0.3861, sy=0.2419, rms=0.4556
[2026-07-28 23:08:51][INFO] iter_trans_solve: 第二轮 refit 成功, inliers=29, rms=0.4556
[2026-07-28 23:08:51][INFO]   [阶段] iter_trans_solve: 4.62 ms, n_inliers=29, rms=0.4556, iters=3, success=1
[2026-07-28 23:08:51][INFO]   [诊断] iterative_reproject 入口: U.size=60, gaia_ra.size=60, gaia_dec.size=60, initial_inliers.size=29, s0=6.1879, img=4500x3600
[2026-07-28 23:08:51][INFO] iterative_reproject: 开始 (N_W=60, n_inliers=29, s0=6.1879"/px, max_iter=5, conv_thresh=0.0100")
[2026-07-28 23:08:51][INFO]   iter 0: ra_cur=272.808333 dec_cur=-13.176944, xi_center=293.7543" eta_center=20.4575", conv=294.4658" (thresh=0.0100")
[2026-07-28 23:08:51][INFO]   iter 0: 新中心 ra=272.892136 dec=-13.171248 (Δra=0.083803° Δdec=0.005696°)
[2026-07-28 23:08:51][DEBUG] calc_trans_general: order=3, n_pairs=29, 拟合成功
[2026-07-28 23:08:51][INFO] at_recalc_trans: n=29, order=3, sig=0.2038, sx=0.3861, sy=0.2420, rms=0.4557
[2026-07-28 23:08:51][INFO]   iter 0: at_recalc_trans 成功, n=29, sig=0.2038, rms=0.4557, x00=-0.0007 y00=-0.0002 (asec)
[2026-07-28 23:08:51][INFO]   iter 1: 收敛 (TRANS 常数项 = 0.0007" < 0.0100")
[2026-07-28 23:08:51][INFO] iterative_reproject: 完成 (收敛), ra=272.808333→272.892136 dec=-13.176944→-13.171248, n_matched=29 (固定), iters=1, conv=0.0007"
[2026-07-28 23:08:51][INFO]   [阶段] iterative_reproject: 1.93 ms, success=1, ra=272.808333→272.892136, dec=-13.176944→-13.171248, n_matched=29, iters=1, conv=0.0007"
[2026-07-28 23:08:51][INFO] at_match_lists: U=60, W=60, tol=5.00", U→W单向=29, W→U单向=29, 双向=29, 去重后=29
[2026-07-28 23:08:51][INFO]   [阶段] hi_order_rematch iter 0: n_matched=29 (min=10, order=3)
[2026-07-28 23:08:51][DEBUG] calc_trans_general: order=3, n_pairs=29, 拟合成功
[2026-07-28 23:08:51][INFO] at_recalc_trans: n=29, order=3, sig=0.2038, sx=0.3861, sy=0.2420, rms=0.4557
[2026-07-28 23:08:51][INFO] at_match_lists: U=60, W=60, tol=5.00", U→W单向=29, W→U单向=29, 双向=29, 去重后=29
[2026-07-28 23:08:51][DEBUG] calc_trans_general: order=3, n_pairs=29, 拟合成功
[2026-07-28 23:08:51][INFO] at_recalc_trans: n=29, order=3, sig=0.2038, sx=0.3861, sy=0.2420, rms=0.4557
[2026-07-28 23:08:51][INFO]   [阶段] hi_order_rematch iter 1: 收敛 (dn=0, drms=0.0000)
[2026-07-28 23:08:51][INFO]   [阶段] hi_order_rematch: 1.31 ms, n_matched=29, trans.order=3
[2026-07-28 23:08:51][INFO] ==== robust_refine_wcs 开始 (V4.30) ====
  U_full=2000, mag_full=2000, gaia=60
  ra0=272.892136, dec0=-13.171248, s0=6.1879"/px, fov=9.9056°, img=4500x3600
  initial_rms=0.2038", trans.order=3
[2026-07-28 23:08:51][INFO]   [robust_refine] 网格采样: FOV=9.906°, G_short=4, N_long=5, n_cells=20, quota=9, narrow_all=0, N_full=2000
[2026-07-28 23:08:51][INFO]   [robust_refine] 网格采样完成: 选中 180 颗 (上限 300, 下限 100)
[2026-07-28 23:08:51][INFO]   [robust_refine] NN 匹配: U=180, W=60, tol=1.000", Lowe通过=39, 双向=39
[2026-07-28 23:08:51][INFO]   [robust_refine] baseline: initial_rms=0.2038" (60星), U_pool RMS=0.5074" (180 星, matched=39)
[2026-07-28 23:08:51][INFO]   [robust_refine] NN 匹配: U=180, W=60, tol=1.015", Lowe通过=39, 双向=39
[2026-07-28 23:08:51][INFO]   [robust_refine] iter 0: tol=1.015", matched=39, rms=0.5074"→0.4831", cd_Δ=1.8337%, damp=0.00e+00
[2026-07-28 23:08:51][INFO]   [robust_refine] NN 匹配: U=180, W=60, tol=0.725", Lowe通过=33, 双向=33
[2026-07-28 23:08:51][INFO]   [robust_refine] iter 1: tol=0.725", matched=33, rms=0.4831"→0.3545", cd_Δ=3.8976%, damp=1.47e+00
[2026-07-28 23:08:51][INFO]   [robust_refine] NN 匹配: U=180, W=60, tol=0.532", Lowe通过=30, 双向=30
[2026-07-28 23:08:51][INFO]   [robust_refine] iter 2: tol=0.532", matched=30, rms=0.3545"→0.3087", cd_Δ=0.6230%, damp=1.00e+06
[2026-07-28 23:08:51][INFO]   [robust_refine] NN 匹配: U=180, W=60, tol=0.309", Lowe通过=16, 双向=16
[2026-07-28 23:08:51][WARN]   [robust_refine] iter 3: matched=16 < 30, 回退
[2026-07-28 23:08:51][INFO] ==== robust_refine_wcs 成功 ====
  iter=3, matched=30, rms=0.3087" (0.0499 px), cd_Δ=3.8976%, pool=180
[2026-07-28 23:08:51][INFO]   [阶段] robust_refine: 成功, n_matched=30, rms=0.3087", iter=3, pool=180, cd_Δ=3.8976%
[2026-07-28 23:08:51][INFO]   [阶段] robust_refine: 2.69 ms
[2026-07-28 23:08:51][INFO]   [诊断] extract_wcs_sip 入口: trans.order=3, trans.valid=1, ra0=272.892136, dec0=-13.171248, img=4500x3600, s0=6.1879, U.size=2000, W.size=60, matched.size=30
[2026-07-28 23:08:51][INFO]   [V4.22] 清零 trans.x00/y00 (saved: x00=-0.2425, y00=-0.0586)
[2026-07-28 23:08:51][INFO] extract_wcs_sip: SIP A/B 解析公式成功, order=3
[2026-07-28 23:08:51][INFO] extract_wcs_sip: SIP AP/BP 网格反变换成功, ap_order=3, n_inv_coef=10, n_grid=49
[2026-07-28 23:08:51][INFO] extract_wcs_sip: CD=[1.752309e-03 7.593115e-07; -9.817375e-07 1.752431e-03], CRVAL=(272.892136, -13.171248), CRPIX=(2250.5, 1800.5), ctype=[RA---TAN-SIP, DEC--TAN-SIP], n_pairs=30, rms_px=0.0499, rms_arcsec=0.3087, trans_order=3, sip_order=3, ap_order=3
[2026-07-28 23:08:51][INFO]   [阶段] extract_wcs_sip: 1.38 ms, success=1, n_pairs=30, rms_px=0.050, rms_arcsec=0.309, trans_order=3, sip_order=3
[2026-07-28 23:08:51][INFO]   最终: n_pairs=30, rms_px=0.050, rms_arcsec=0.309, trans_order=3, sip_order=3, success=1
[2026-07-28 23:08:51][INFO]   [cache_last_inliers_] 缓存 30 对 inliers (robust=1, s0=6.1879", U_snap.size=2000, gaia.size=60, trans.order=3, ra0=272.892136, dec0=-13.171248)
[2026-07-28 23:08:51][INFO] ==== IPVSolver::solve_from_memory_with_callback 完成 (INTERNAL_DETECTION_SHARED_EXPORT) ====
[2026-07-28 23:08:51][INFO][orchestrator] [PLATESOLVE] callback 导出: n_detected=2000, copied=true, wcs_result.n_detected=0
[2026-07-28 23:08:51][INFO][orchestrator] [PLATESOLVE] 求解成功: rms=0.308719arcsec, n_pairs=30, n_detected=0, n_catalog=0, trans_order=3
[2026-07-28 23:08:51][INFO][orchestrator] [PLATESOLVE] WCS 已写入: CTYPE1=RA---TAN-SIP, CRVAL=(272.892136, -13.171248), CRPIX=(2250.500000, 1800.500000)
[2026-07-28 23:08:51][INFO][orchestrator] [PLATESOLVE] SIP 已写入: order=3, ap_order=3
[2026-07-28 23:08:51][DEBUG][PIPELINE] add_block: 'star_det' type=0 count=8000 (32000 bytes)
[2026-07-28 23:08:51][INFO][orchestrator] [PLATESOLVE] star_det 块已写入 (INTERNAL_DETECTION_SHARED_EXPORT): 2000 颗星
[2026-07-28 23:08:51][INFO][orchestrator] [PLATESOLVE] 完成
[2026-07-28 23:08:51][INFO][orchestrator] [1.827200s] PLATESOLVE 完成
[2026-07-28 23:08:51][INFO][orchestrator] ---------- stage1 阶段: PSF ----------
[2026-07-28 23:08:51][INFO][orchestrator] [PSF] 开始
[2026-07-28 23:08:51][INFO][orchestrator] [PSF] 图像: 4500x3600
[2026-07-28 23:08:51][INFO][orchestrator] [PSF] star_det: 2000 颗星
[2026-07-28 23:08:51][INFO][orchestrator] [PSF] 调用 dpsf_fit_batch (fitRadius=8, maxIter=100, tol=1.0e-06) ...
[2026-07-28 23:08:51][WARN][DPSF] Invalid fit params: finite=1 A=22046.26 sx=1.7552 sy=0.3000
[2026-07-28 23:08:51][WARN][DPSF] Invalid fit params: finite=1 A=31050.22 sx=0.7971 sy=0.3000
[2026-07-28 23:08:51][WARN][DPSF] Invalid fit params: finite=1 A=11091.92 sx=2.4013 sy=0.3000
[2026-07-28 23:08:51][INFO][orchestrator] [PSF] 拟合完成: 1849/2000 成功 (92%)
[2026-07-28 23:08:51][DEBUG][PIPELINE] add_block: 'psf' type=1 count=18000 (144000 bytes)
[2026-07-28 23:08:51][INFO][orchestrator] [PSF] 完成: 2000 颗星, 1849 成功
[2026-07-28 23:08:51][INFO][orchestrator] [0.729528s] PSF 完成
[2026-07-28 23:08:51][INFO][orchestrator] ---------- stage1 阶段: PHOTOMETRIC ----------
[2026-07-28 23:08:51][INFO][orchestrator] [PHOTOMETRIC] 开始
[2026-07-28 23:08:51][INFO][orchestrator] [PHOTOMETRIC] 图像: 4500x3600
[2026-07-28 23:08:51][INFO][orchestrator] [PHOTOMETRIC] psf: 2000 颗星
[2026-07-28 23:08:51][INFO][orchestrator] [PHOTOMETRIC] FILTER='Oiii' -> 'Baader 8.5nm OIII'
[2026-07-28 23:08:51][INFO][orchestrator] [PHOTOMETRIC] filters_json: f:\Astro dev\Astro CS Normalization Database\lib/photometric_calib/data/response_curves/filters.json
[2026-07-28 23:08:51][INFO][orchestrator] [PHOTOMETRIC] 滤光片: 25 点
[2026-07-28 23:08:51][INFO][orchestrator] [PHOTOMETRIC] qe_curves_json: f:\Astro dev\Astro CS Normalization Database\lib/photometric_calib/data/response_curves/qe_curves.json
[2026-07-28 23:08:51][INFO][orchestrator] [PHOTOMETRIC] QE 曲线 'GSENSE2020BSI': 447 点
[2026-07-28 23:08:51][INFO][orchestrator] [PHOTOMETRIC] spectrum_wl: 343 点
[2026-07-28 23:08:51][INFO][orchestrator] [PHOTOMETRIC] FOV 半径: 6.059148deg
[2026-07-28 23:08:51][INFO][orchestrator] [PHOTOMETRIC] 调用 pc_calibrate_simple_with_gaia (mag_min=6.0, mag_max=16.0, fov=6.059deg) ...
[pc_api] ====== pc_calibrate_simple_with_gaia 开始 ======
[pc_api] OpenMP线程数: 16
[INFO] 锥形搜索: ra=272.8921 dec=-13.1712 r=6.059 mag_min=6.0 (自适应迭代 mag_max, 不缩小半径)
[INFO] 自适应星等查询: mag_max=12.0
[INFO] 自适应星等查询: mag_max=12.0, n_gaia=14761
[INFO] 自适应星等查询完成: mag_max=12.0, n_gaia=14761
[pc_api] 搜索到 14761 颗光谱星, 光谱点数=343 (wl_start=336, wl_step=2)
[INFO] [spec_int] prepare_filter_cache: 滤光片 25 点 + QE 447 点 -> 光谱 343 点, 范围 F[484.0,518.0] Q[204.0,1096.0] nm
[INFO] 滤光片/QE 预处理完成: filter=25 点, qe=447 点 -> 光谱 343 点
[pc_api] F_syn 并行计算完成: 14662/14761 颗有效
[INFO] [pc_api] P12-001 阶段1: spectrum_rows_total=14761, valid_fsyn=14662
[wcs_transform] 初始化: CRVAL=(272.892136,-13.171248), CRPIX=(2250.500,1800.500), CD=[1.752e-03,7.593e-07;-9.817e-07,1.752e-03], det=3.071e-06, sip_order=3
[INFO] [star_matcher] 初始化: KD-tree + IRLS/Tukey 清洗 (GAP-013)
[INFO] [star_matcher] P12-001 阶段2: gaia_projected_in_frame=6120 / 14761
[INFO] [star_matcher] P12-001 阶段3: psf_total=2000, psf_valid=1849
[INFO] [star_matcher] PSF有效星: 1849 / 2000, Gaia星: 14761, 匹配半径: 2.00 px
[INFO] [star_matcher] P12-002 正向匹配 (PSF→Gaia): 1524 / 1849 命中
[INFO] [star_matcher] P12-002 反向匹配 (Gaia→PSF): 1531 / 14761 命中
[INFO] [star_matcher] P12-002 阶段4/5/6: spatial_candidates=1524 (正向命中), unique_matches=1524 (双向唯一), rejected_ambiguous=0 (非互为最近邻), rejected_distance=325 (距离超阈值)
[INFO] [star_matcher] P12-001 阶段8: match_distance median=0.4414 p90=0.7178 max=1.8441 px
[INFO] [star_matcher] P12-002 KD-tree 双向匹配完成: 1524 对 (正向 1524, 歧义 0)
[INFO] [star_matcher] cleanAndScale: 输入 1524 颗, 星等容忍 3.00 mag
[INFO] [star_matcher] 星等一致性: 通过 1524, 拒绝 0 (median_delta=-22.4492, tol=3.00 mag)
[INFO] [star_matcher] IRLS 初始: location=3.211019, MAD=0.094398, S=0.139953
[INFO] [star_matcher] IRLS 收敛于迭代 6: location=3.228012
[INFO] [star_matcher] 亮度比例一致性:
[INFO]   - 输入匹配: 1524
[INFO]   - 星等一致性通过: 1524 (拒绝 0)
[INFO]   - IRLS inliers: 1519 (outliers: 5)
[INFO]   - location(r) = 3.228012 (dex), scale = 10^(-location) = 5.915450e-04
[INFO]   - MAD(r) = 0.094398, S = 0.139953, sigma_residual = 0.146881
[INFO]   - r_inliers 范围: [2.721118, 3.837437] (spread 1.116319 dex = 2.791 mag)
[INFO] [star_matcher] 清洗完成: 保留 1519, 排除 5 (无效/星等不一致/IRLS离群)
[INFO] [star_matcher] P12-001 阶段6/7/8: rejected_quality=5 (invalid=0 + mag=0 + irls=5), fit_used=1519, robust_iterations=7, scale=5.915450e-04, sigma=0.146881
[INFO] [star_matcher] P12-001 阶段8: r_inliers median=3.210085 p90=3.428652 max=3.837437 dex
[pc_api] 匹配+清洗完成: 1519 颗, scale=5.915450e-04, sigma_residual=0.146881
[image_corrector] 图像校正: 4500x3600, scale=5.915450e-04, 并行16线程
[image_corrector] 校正完成
[pc_api] ====== pc_calibrate_simple_with_gaia 完成: n_matched=1519, scale=5.915450e-04, sigma_residual=0.146881 ======
[2026-07-28 23:08:52][INFO][orchestrator] [PHOTOMETRIC] 完成: n_matched=1519, scale=0.000592, sigma_residual=0.146881
[2026-07-28 23:08:52][DEBUG][PIPELINE] remove_block: 'data' removed (n_blocks=4)
[2026-07-28 23:08:52][DEBUG][PIPELINE] add_block_move: 'data' type=0 count=16200000 (moved ptr=00000128a833e040)
[2026-07-28 23:08:52][INFO][orchestrator] [PHOTOMETRIC] photometry_report.json 已生成: f:\Astro dev\Astro CS Normalization Database\engineering_v1.3\evidence\P12-004\raw_logs\T4_OIII_Galaxy_Center\photometry_report.json
[2026-07-28 23:08:52][INFO][orchestrator] [PHOTOMETRIC] photo_stats 已写入 (含 17 个诊断字段)
[2026-07-28 23:08:52][INFO][orchestrator] [0.234264s] PHOTOMETRIC 完成
[2026-07-28 23:08:52][INFO][orchestrator] ---------- stage1 阶段: SNR ----------
[2026-07-28 23:08:52][INFO][orchestrator] [SNR] 开始
[2026-07-28 23:08:52][INFO][orchestrator] [SNR] SIP 前向系数加载: A_ORDER=3 B_ORDER=3 (P03-004 WCS+SIP 一致性)
[2026-07-28 23:08:52][INFO][orchestrator] [SNR] n_stars=2000 sigma_residual=0.146881 CRVAL=(272.892136,-13.171248) CRPIX=(2250.500000,1800.500000) SIP(a_order=3, b_order=3)
[snr_model] SNR_phot = 2.956769
[snr_model] PSF stars: total=2000 valid=1849 skipped=151 (status=151 A<=B=0 mad<=0=0)
[snr_model] median(SNR_psf) = 300.684610
[snr_model] WCS+SIP: a_order=3 b_order=3 (前向 SIP 启用, 与 drizzle WcsSip.pixelToSky 一致)
[snr_model] ctrl_point[0]: ra=269.080109 dec=-15.812677 snr_psf=43.7875 (src px x=145.78 y=266.25)
[snr_model] ctrl_point[1]: ra=275.036987 dec=-15.831813 snr_psf=100.4272 (src px x=3430.96 y=273.01)
[snr_model] ctrl_point[2]: ra=275.799974 dec=-12.015640 snr_psf=118.5783 (src px x=3875.98 y=2452.03)
[snr_model] done: n_points=1849, snr_phot=2.956769, median=300.684610, power=2.0
[2026-07-28 23:08:52][INFO][orchestrator] [SNR] 提取稀疏控制点: n_points=1849, snr_phot=2.956769, median_snr=300.684610, idw_power=2.000000
[2026-07-28 23:08:52][DEBUG][PIPELINE] add_block_move: 'snr_model' type=6 count=37008 (moved ptr=00000128b1fe3710)
[2026-07-28 23:08:52][INFO][orchestrator] [SNR] 完成 (snr_model 块已写入, payload=37008B)
[2026-07-28 23:08:52][INFO][orchestrator] [0.001520s] SNR 完成
[2026-07-28 23:08:52][INFO][orchestrator] ---------- stage1 阶段: DRIZZLE ----------
[2026-07-28 23:08:52][INFO][orchestrator] [DRIZZLE] 开始
[2026-07-28 23:08:52][INFO][orchestrator] [NSIDE] 自适应: pixel_scale=6.309"/px, strategy=1x_to_2x_drizzle, nside=512
[2026-07-28 23:08:52][INFO][orchestrator] [DRIZZLE] nside=512 (strategy=1x_to_2x_drizzle, override=0, cd11=0.001752 cd12=0.000001), pixfrac=1.000, nested=1
[2026-07-28 23:08:52][INFO][orchestrator] [DRIZZLE] 输出: f:\Astro dev\Astro CS Normalization Database\engineering_v1.3\evidence\P12-004\raw_logs\T4_OIII_Galaxy_Center\T4_OIII_Galaxy_Center.hiss
[hp_drizzle_api] hp_drizzle_run: 开始 (nside=512, nested=1, pixfrac=1.0000, output=f:\Astro dev\Astro CS Normalization Database\engineering_v1.3\evidence\P12-004\raw_logs\T4_OIII_Galaxy_Center\T4_OIII_Galaxy_Center.hiss)
[hp_drizzle_api] hp_drizzle_run: data 块 4500x3600 float32
[hp_drizzle_api] hp_drizzle_run: WCS CRVAL=(272.892136,-13.171248) CRPIX=(2250.500,1800.500) CD=[1.752e-03,7.593e-07,-9.817e-07,1.752e-03]
[hp_drizzle_api] hp_drizzle_run: SIP A_ORDER=3 B_ORDER=3 AP_ORDER=3 BP_ORDER=3
[hp_drizzle_api] hp_drizzle_run: snr_model 块加载: n_points=1849, snr_phot=2.9568, median_snr=300.6846, idw_power=2.00
[snr_evaluator] build 成功: 1849 控制点 (有效 1849/1849), snr_phot=2.9568, median_snr=300.6846, idw_power=2.00
[wcs_sip] WCS 初始化: CRVAL=(272.892136, -13.171248)°, CRPIX=(2250.500, 1800.500), CD=[1.752e-03, 7.593e-07; -9.817e-07, 1.752e-03], det=3.071e-06
[wcs_sip] SIP: A/B order=3, AP/BP order=3
[hp_drizzle_api] hp_drizzle_run: SNR 重建完成 (16200000 像素)
[wcs_sip] WCS 初始化: CRVAL=(272.892136, -13.171248)°, CRPIX=(2250.500, 1800.500), CD=[1.752e-03, 7.593e-07; -9.817e-07, 1.752e-03], det=3.071e-06
[wcs_sip] SIP: A/B order=3, AP/BP order=3
[drizzle_engine] HEALPix: nside=512 nested=1 npix=3145728 res=412.26"
[drizzle_engine] 完成: 16200000 源像素 → 3941 HEALPix 像素, 耗时 15.283s
[hp_drizzle_api] hp_drizzle_run: Drizzle 完成 (16200000 源像素 → 3941 HEALPix 像素, 耗时 15.283s)
[hp_drizzle_api] hp_drizzle_run: 写入 .hiss (filter=Oiii, exptime=600.0, date=2025-07-03T06:36:48, fits_meta=15)
[drizzle_engine] 写入 3941 个 HEALPix 像素到 f:\Astro dev\Astro CS Normalization Database\engineering_v1.3\evidence\P12-004\raw_logs\T4_OIII_Galaxy_Center\T4_OIII_Galaxy_Center.hiss
[drizzle_engine] hiss_write_snr_model: meta_json=742 bytes, n_points=1849
[hio] hiss_write_snr_model: path=f:\Astro dev\Astro CS Normalization Database\engineering_v1.3\evidence\P12-004\raw_logs\T4_OIII_Galaxy_Center\T4_OIII_Galaxy_Center.hiss nside=512 n_pix=3941 has_snr=1 n_points=1849
[hio] hiss_write_snr_model: 写入完成: f:\Astro dev\Astro CS Normalization Database\engineering_v1.3\evidence\P12-004\raw_logs\T4_OIII_Galaxy_Center\T4_OIII_Galaxy_Center.hiss (has_snr=1 n_points=1849)
[drizzle_engine] 写入成功: f:\Astro dev\Astro CS Normalization Database\engineering_v1.3\evidence\P12-004\raw_logs\T4_OIII_Galaxy_Center\T4_OIII_Galaxy_Center.hiss (3941 像素)
[hp_drizzle_api] hp_drizzle_run: .hiss 已写入 f:\Astro dev\Astro CS Normalization Database\engineering_v1.3\evidence\P12-004\raw_logs\T4_OIII_Galaxy_Center\T4_OIII_Galaxy_Center.hiss
[2026-07-28 23:09:17][INFO][orchestrator] [DRIZZLE] 完成: n_healpix=3941 n_source=16200000 耗时=15.282744s
[2026-07-28 23:09:17][INFO][orchestrator] [24.970961s] DRIZZLE 完成
[2026-07-28 23:09:17][DEBUG][PIPELINE] frame_destroy: ok
[2026-07-28 23:09:17][INFO][orchestrator] ========== stage1 完成 (成功) ==========
[2026-07-28 23:09:17][INFO][orchestrator] [PLATESOLVE] 释放环境资源
[2026-07-28 23:09:17][INFO][SDET] StarDetector destroyed
[2026-07-28 23:09:17][INFO][orchestrator] 析构完成
[dll_loader] 卸载所有模块
[dll_loader] 卸载模块 CALIBRATE
[dll_loader] 卸载模块 PLATESOLVE
[dll_loader] 卸载模块 PSF
[dll_loader] 卸载模块 PHOTOMETRIC
[dll_loader] 卸载模块 SNR
[dll_loader] 卸载模块 DRIZZLE
[dll_loader] 卸载模块 GRADIENT_SPHERE
[dll_loader] 卸载模块 AIO
