======================================================================
T1: FOV 半径式三常数敏感性分析
======================================================================

1. FOV 半径 vs 星数关系
----------------------------------------------------------------------
  FOV =   0.5 deg => n_stars =     1963
  FOV =   1.0 deg => n_stars =     7854
  FOV =   2.0 deg => n_stars =    31416
  FOV =   5.0 deg => n_stars =   196350
  FOV =  10.0 deg => n_stars =   785398 <-- 钳位界
  FOV =  15.0 deg => n_stars =  1767146
  FOV =  20.0 deg => n_stars =  3141593
  FOV =  30.0 deg => n_stars =  7068583

2. 早停阈值对应的最大安全 FOV
----------------------------------------------------------------------
  早停阈值 2,000 颗对应的最大安全 FOV: 0.40 deg
  当前钳位界 10.0 deg 是安全值的 24.9x
  结论：宽松

3. 缓冲因子 1.2 的影响
----------------------------------------------------------------------
  场景 A（FOV 低估）:
    真值：0.50 deg => n_stars = 1963
    带缓冲估计：0.60 deg => n_stars = 2827
    成本增加倍数：1.44x
    星数绝对增量：+864 颗

  场景 B（FOV 高估并应用钳位）:
    高估值：5.00 deg => n_stars = 196350
    缓冲 + 钳位后：6.00 deg => n_stars = 282743
    钳位生效：否

4. 缓冲因子的敏感性扫描
----------------------------------------------------------------------
          缓冲因子 |       放大 FOV |         星数 |        成本增量%
  ------------+--------------+------------+--------------
          1.00 |         0.50 |       1963 |         0.0%
          1.10 |         0.55 |       2376 |        21.0%
          1.20 |         0.60 |       2827 |        44.0%
          1.30 |         0.65 |       3318 |        69.0%
          1.40 |         0.70 |       3848 |        96.0%
          1.50 |         0.75 |       4418 |       125.0%
          1.60 |         0.80 |       5027 |       156.0%
          1.70 |         0.85 |       5675 |       189.0%
          1.80 |         0.90 |       6362 |       224.0%
          1.90 |         0.95 |       7088 |       261.0%
          2.00 |         1.00 |       7854 |       300.0%

5. 综合结论与建议
----------------------------------------------------------------------

  结论：
  1. FOV 半径与星数呈平方关系（area ∝ fov²），缓冲因子会被平方放大。
  2. 缓冲 1.2 在 FOV 低估 20% 时会使星数增加约 44%（1.2² = 1.44）。
  3. 对于 FOV > 8 deg 的场景，10.0 度钳位界开始生效，防止查询过大。
  
  建议：
  1. 将 1.2、1.0、10.0 登记为"工程约定值"而非"科学常数"。
  2. 依据来源："WCS 解算不确定性±20%" + "Gaia API 性能预算 <2000 颗星"。
  3. 未来可考虑动态缓冲：根据 WCS 解算精度自适应调整 1.2。
  
  诚实边界：
  1. 本模型假设星密度恒定为 1e4 颗/deg²，实际天区会有显著差异。
  2. 真实 WCS 解算误差分布需从历史数据反推，才能确定最优缓冲值。
  3. 若实际误差远超±20%，则 1.2 可能不足；反之则过度保守。
    
======================================================================
