=== COMMAND ===
f:\Astro dev\Astro CS Normalization Database\lib\orchestrator\cpp\orchestrator.exe stage1 --frame f:\Astro dev\Astro CS Normalization Database\testdata\LDN43_T2_flying_dutchman\lights\LDN43_LRGBH_flying_dutchman-20250503@040855-1200S-Blue.fts --output f:\Astro dev\Astro CS Normalization Database\engineering_v1.3\evidence\P12-004\raw_logs\T2_BLUE_LDN43\T2_BLUE_LDN43.hiss --gaia-data GaiaDR3SP --filter Blue --config f:\Astro dev\Astro CS Normalization Database\engineering_v1.3\evidence\P12-004\scripts\stage1_config_T2.json --log-level INFO

=== EXIT CODE ===
0

=== STDOUT ===
{
  "success": true,
  "frame_name": "f:\\Astro dev\\Astro CS Normalization Database\\testdata\\LDN43_T2_flying_dutchman\\lights\\LDN43_LRGBH_flying_dutchman-20250503@040855-1200S-Blue.fts",
  "timings": [
    {"stage": "CALIBRATE", "name": "READ_FITS", "duration_sec": 0.2006, "success": true},
    {"stage": "CALIBRATE", "name": "CALIBRATE", "duration_sec": 0.692991, "success": true},
    {"stage": "CALIBRATE", "name": "PLATESOLVE", "duration_sec": 0.968088, "success": true},
    {"stage": "CALIBRATE", "name": "PSF", "duration_sec": 0.319904, "success": true},
    {"stage": "CALIBRATE", "name": "PHOTOMETRIC", "duration_sec": 0.0370561, "success": true},
    {"stage": "CALIBRATE", "name": "SNR", "duration_sec": 0.0015913, "success": true},
    {"stage": "CALIBRATE", "name": "DRIZZLE", "duration_sec": 27.3298, "success": true}
  ],
  "wcs_fields": {},
  "photo_stats": {"FIT_USED": "1087", "GAIA_IN_FRAME": "1210", "MATCH_DIST_MAX": "1.563619", "MATCH_DIST_MEDIAN": "0.537691", "MATCH_DIST_P90": "0.914579", "N_MATCHED": "1087", "PSF_TOTAL": "2000", "PSF_VALID": "1965", "REJECTED_AMBIGUOUS": "0", "REJECTED_DISTANCE": "846", "REJECTED_QUALITY": "32", "ROBUST_ITERATIONS": "7", "R_MAX": "5.296619", "R_MEDIAN": "5.025633", "R_P90": "5.128951", "SCALE_FACTOR": "0.000009", "SIGMA_RESIDUAL": "0.056537", "SPATIAL_CANDIDATES": "1119", "SPECTRUM_ROWS_TOTAL": "2995", "STATUS": "OK", "UNIQUE_MATCHES": "1119", "VALID_FSYN": "2994"},
  "output_ahpx_path": "f:\\Astro dev\\Astro CS Normalization Database\\engineering_v1.3\\evidence\\P12-004\\raw_logs\\T2_BLUE_LDN43\\T2_BLUE_LDN43.hiss",
  "error_msg": ""
}

=== STDERR ===
[2026-07-28 23:10:15][INFO][cli] stage1 gaia-data: GaiaDR3SP
[2026-07-28 23:10:15][INFO][cli] stage1 filter: Blue
[2026-07-28 23:10:15][INFO][logger] 日志系统初始化完成 (log_dir=lib/orchestrator/logs, level=INFO)
[2026-07-28 23:10:15][INFO][orchestrator] 初始化编排器 (骨架版本)
[2026-07-28 23:10:15][INFO][orchestrator] 可用线程数: 16
[2026-07-28 23:10:15][INFO][orchestrator] 加载配置: f:\Astro dev\Astro CS Normalization Database\engineering_v1.3\evidence\P12-004\scripts\stage1_config_T2.json
[2026-07-28 23:10:15][INFO][orchestrator] 配置文件大小: 2299 字节
[2026-07-28 23:10:15][INFO][orchestrator] 检查点目录: output\.checkpoint
[2026-07-28 23:10:15][INFO][orchestrator] 日志级别设置为: INFO
[2026-07-28 23:10:15][INFO][orchestrator] 配置线程数: 0 (0=自动检测)
[2026-07-28 23:10:15][INFO][orchestrator] 配置 Gaia 数据目录: GaiaDR3SP
[2026-07-28 23:10:15][INFO][orchestrator] 配置加载完成 (P03-002: log_level/threads/gaia_data_dir 已解析)
[2026-07-28 23:10:15][INFO][cli] 日志级别设置为: INFO
[2026-07-28 23:10:15][INFO][orchestrator] ========== stage1: 单帧预处理 (FITS -> .hiss) ==========
[2026-07-28 23:10:15][INFO][orchestrator] 输入 FITS: f:\Astro dev\Astro CS Normalization Database\testdata\LDN43_T2_flying_dutchman\lights\LDN43_LRGBH_flying_dutchman-20250503@040855-1200S-Blue.fts
[2026-07-28 23:10:15][INFO][orchestrator] 输出 .hiss: f:\Astro dev\Astro CS Normalization Database\engineering_v1.3\evidence\P12-004\raw_logs\T2_BLUE_LDN43\T2_BLUE_LDN43.hiss
[2026-07-28 23:10:15][INFO][orchestrator] 配置 JSON: {

  "_comment": "stage1 配置文件模板 (spec §2.3.3) - 单帧预处理 FITS -> .hiss, stage 0-6 (2026-07-18 归档 GRADIENT_2D; 2026-07-25 P03-002 扩展参数追踪)",

  "project_root": ".",

  "gaia_data_dir": "GaiaDR3SP",

  "calibration_dir": "testdata/T2 calibration files",

  "output_root": "output",

  "stages": [

    "read_fits",

    "calibrate",

    "platesolve",

    "psf",

    "photometric",

    "snr",

    "drizzle"

  ],

  "frame": {

    "id": "panel1_Red",

    "light_path": "",

    "filter": "Red",

    "qe_curve": "GSENSE2020BSI"

  },

  "calibration": {

    "_comment": "P03-001: 校准输入接线配置。master_*_path 为空时从 calibration_dir 自动推导",

    "master_bias_path": "",

    "master_dark_path": "",

    "master_flat_path": "",

    "require_size_match": true,

    "require_exposure_match": true,

    "exposure_tolerance_s": 0.5,

    "require_temperature_match": false,

    "temperature_tolerance_c": 1.0,

    "allow_no_calibration": false,

    "dark_optimization": 0,

    "dark_scale_factor": 1.0

  },

  "platesolve": {

    "_comment": "P03-002: PlateSolve 参数。initial_ra/dec 为空时从 FITS header OBJCTRA/DEC 读取; focal_length/pixel_size 为 0 时从 FITS header 读取",

    "initial_ra": "",

    "initial_dec": "",

    "focal_length": 0.0,

    "pixel_size": 0.0,

    "max_stars": 2000,

    "log_dir": "lib/plate_solve/logs"

  },

  "psf": {

    "_comment": "P03-002: PSF 拟合参数。fit_radius=0 表示自动; max_stars=0 表示不限制",

    "fit_radius": 8,

    "max_iter": 100,

    "tolerance": 1e-06,

    "max_stars": 2000

  },

  "photometric": {

    "_comment": "P03-002: 测光校准参数。mag_max 内部会自适应迭代 (2000-10000 星范围)",

    "mag_min": 6.0,

    "mag_max": 16.0,

    "fov_radius_deg": 0.0,

    "filters_json": "lib/photometric_calib/data/response_curves/filters.json",

    "qe_curves_json": "lib/photometric_calib/data/response_curves/qe_curves.json"

  },

  "drizzle": {

    "_comment": "P03-002: Drizzle 参数。nside_strategy=1x_to_2x_drizzle 自适应; pixfrac 默认 1.0 避免缝隙",

    "nside_strategy": "1x_to_2x_drizzle",

    "nside_override": 0,

    "pixfrac": 1.0,

    "nested": true

  },

  "log_level": "INFO",

  "threads": 0

}
[2026-07-28 23:10:15][INFO][orchestrator] P04-004: 取消/超时标志已重置
[2026-07-28 23:10:15][INFO][orchestrator] 自动推导项目根目录: f:\Astro dev\Astro CS Normalization Database
[2026-07-28 23:10:15][INFO][orchestrator] 初始化 DLL 加载 (lib_base_dir=f:\Astro dev\Astro CS Normalization Database)
[dll_loader] 开始加载所有模块 (lib_base_dir=f:\Astro dev\Astro CS Normalization Database)
[dll_loader] 设置运行时 DLL 搜索路径: C:\msys64\mingw64\bin
[dll_loader] 加载模块 AIO: f:\Astro dev\Astro CS Normalization Database/lib/astro_image_io/astro_image_io.dll
[dll_loader] 模块 AIO 加载成功 (handle=0x7fffd8ce0000)
[dll_loader] 预加载 astro_image_io.dll (依赖前置) handle=0x7fffd8ce0000
[dll_loader] 加载模块 CALIBRATE: f:\Astro dev\Astro CS Normalization Database/lib/calibration/astro_calibration.dll
[dll_loader] 模块 CALIBRATE 加载成功 (handle=0x7fffe45b0000)
[dll_loader] 加载模块 PLATESOLVE: f:\Astro dev\Astro CS Normalization Database/lib/plate_solve/cpp/ipv/ipv_solver.dll
[dll_loader] 模块 PLATESOLVE 加载成功 (handle=0x7fffddc40000)
[dll_loader] 加载模块 PSF: f:\Astro dev\Astro CS Normalization Database/lib/dynamic_psf/dynamic_psf.dll
[dll_loader] 模块 PSF 加载成功 (handle=0x7fffe5ee0000)
[dll_loader] 预加载 gaia_client.dll (依赖前置) handle=0x7fffe6460000
[dll_loader] 加载模块 PHOTOMETRIC: f:\Astro dev\Astro CS Normalization Database/lib/photometric_calib/cpp/photometric_calib.dll
[dll_loader] 模块 PHOTOMETRIC 加载成功 (handle=0x7fffd98d0000)
[dll_loader] 加载模块 SNR: f:\Astro dev\Astro CS Normalization Database/lib/snr_estimator/cpp/snr_estimator.dll
[dll_loader] 模块 SNR 加载成功 (handle=0x7fffdc710000)
[dll_loader] 加载模块 DRIZZLE: f:\Astro dev\Astro CS Normalization Database/lib/healpix_db/healpix_drizzle/healpix_drizzle.dll
[dll_loader] 模块 DRIZZLE 加载成功 (handle=0x7fffd8940000)
[dll_loader] 加载模块 GRADIENT_SPHERE: f:\Astro dev\Astro CS Normalization Database/lib/healpix_db/healpix_stack/healpix_stack.dll
[dll_loader] 模块 GRADIENT_SPHERE 加载成功 (handle=0x7fffd2360000)
[dll_loader] 加载模块 STACK: f:\Astro dev\Astro CS Normalization Database/lib/healpix_db/healpix_stack/healpix_stack.dll
[dll_loader] 模块 STACK 加载成功 (handle=0x7fffd2360000)
[dll_loader] 全部模块加载成功
[2026-07-28 23:10:15][INFO][orchestrator] 全部 9 个模块加载成功
[2026-07-28 23:10:15][INFO][orchestrator]   AIO 版本: unknown
[2026-07-28 23:10:15][INFO][orchestrator]   CALIBRATE 版本: Astro Calibration C++ v1.0.0
[2026-07-28 23:10:15][INFO][orchestrator]   PLATESOLVE 版本: unknown
[2026-07-28 23:10:15][INFO][orchestrator]   PSF 版本: unknown
[2026-07-28 23:10:15][INFO][orchestrator]   PHOTOMETRIC 版本: unknown
[2026-07-28 23:10:15][INFO][orchestrator]   SNR 版本: unknown
[2026-07-28 23:10:15][INFO][orchestrator]   DRIZZLE 版本: unknown
[2026-07-28 23:10:15][INFO][orchestrator]   GRADIENT_SPHERE 版本: unknown
[2026-07-28 23:10:15][INFO][orchestrator]   STACK 版本: unknown
[dll_loader] CALIBRATE 线程数设置为 16
[2026-07-28 23:10:15][INFO][orchestrator] CALIBRATE 线程数: 16
[2026-07-28 23:10:15][DEBUG][PIPELINE] frame_create: ok
[2026-07-28 23:10:15][INFO][orchestrator] ---------- stage1 阶段: READ_FITS ----------
[2026-07-28 23:10:15][INFO][orchestrator] [READ_FITS] 开始: f:\Astro dev\Astro CS Normalization Database\testdata\LDN43_T2_flying_dutchman\lights\LDN43_LRGBH_flying_dutchman-20250503@040855-1200S-Blue.fts
[2026-07-28 23:10:15][INFO][FITS] Reading: f:\Astro dev\Astro CS Normalization Database\testdata\LDN43_T2_flying_dutchman\lights\LDN43_LRGBH_flying_dutchman-20250503@040855-1200S-Blue.fts
[2026-07-28 23:10:15][INFO][FITS] Header: BITPIX=16 NAXIS=2 NAXIS1=4096 NAXIS2=4096 NAXIS3=0 BSCALE=1.0 BZERO=32768.0 keywords=162
[2026-07-28 23:10:15][INFO][FITS] Applying BSCALE=1.000000 BZERO=32768.000000
[2026-07-28 23:10:15][INFO][FITS] Read OK: 4096x4096 1ch BITPIX=16
[2026-07-28 23:10:15][INFO][API] aio_read_fits: 0.186 s
[2026-07-28 23:10:15][INFO][orchestrator] [READ_FITS] 图像尺寸: 4096x4096
[2026-07-28 23:10:15][DEBUG][PIPELINE] add_block: 'data' type=0 count=16777216 (67108864 bytes)
[2026-07-28 23:10:15][INFO][orchestrator] [READ_FITS] FITS 关键字数: 162
[2026-07-28 23:10:15][INFO][orchestrator] [READ_FITS] 完成
[2026-07-28 23:10:15][INFO][orchestrator] [0.200600s] READ_FITS 完成
[2026-07-28 23:10:15][INFO][orchestrator] ---------- stage1 阶段: CALIBRATE ----------
[2026-07-28 23:10:15][INFO][orchestrator] [CALIBRATE] 开始
[2026-07-28 23:10:15][INFO][orchestrator] [CALIBRATE] 图像: 4096x4096 (16777216 像素)
[2026-07-28 23:10:15][INFO][orchestrator] [CALIBRATE] 帧元数据: EXPTIME=1200.000000s, FILTER='Blue', CCD-TEMP=-20.000000C
[2026-07-28 23:10:15][INFO][orchestrator] [CALIBRATE] calibration_dir: f:\Astro dev\Astro CS Normalization Database\testdata/T2 calibration files
[2026-07-28 23:10:15][INFO][orchestrator] [CALIBRATE] 自动推导 master_bias_path: f:\Astro dev\Astro CS Normalization Database\testdata/T2 calibration files\masterBias_BIN-1_4096x4096.xisf
[2026-07-28 23:10:15][INFO][orchestrator] [CALIBRATE] 自动推导 master_dark_path: f:\Astro dev\Astro CS Normalization Database\testdata/T2 calibration files\masterDark_BIN-1_4096x4096_EXPOSURE-1200.00s.xisf
[2026-07-28 23:10:15][INFO][orchestrator] [CALIBRATE] 自动推导 master_flat_path: f:\Astro dev\Astro CS Normalization Database\testdata/T2 calibration files\masterFlat_BIN-1_4096x4096_FILTER-Blue_mono.xisf
[2026-07-28 23:10:15][INFO][XISF] Reading: f:\Astro dev\Astro CS Normalization Database\testdata/T2 calibration files\masterBias_BIN-1_4096x4096.xisf
[2026-07-28 23:10:15][INFO][XISF] XML header length: 20661 bytes
[2026-07-28 23:10:15][INFO][XISF] Image: 4096x4096x1 fmt=Float32 byteOrder= offset=24576 size=67108864
[2026-07-28 23:10:15][INFO][XISF] Byte order: file= system=little swap=0
[2026-07-28 23:10:15][INFO][XISF] Read OK: 4096x4096 1ch fmt=Float32 keywords=197
[2026-07-28 23:10:15][INFO][API] aio_read_xisf: 0.041 s
[2026-07-28 23:10:15][INFO][orchestrator] [CALIBRATE] 加载 Master: f:\Astro dev\Astro CS Normalization Database\testdata/T2 calibration files\masterBias_BIN-1_4096x4096.xisf (4096x4096)
[2026-07-28 23:10:15][INFO][XISF] Reading: f:\Astro dev\Astro CS Normalization Database\testdata/T2 calibration files\masterDark_BIN-1_4096x4096_EXPOSURE-1200.00s.xisf
[2026-07-28 23:10:15][INFO][XISF] XML header length: 19944 bytes
[2026-07-28 23:10:15][INFO][XISF] Image: 4096x4096x1 fmt=Float32 byteOrder= offset=20480 size=67108864
[2026-07-28 23:10:16][INFO][XISF] Byte order: file= system=little swap=0
[2026-07-28 23:10:16][INFO][XISF] Read OK: 4096x4096 1ch fmt=Float32 keywords=192
[2026-07-28 23:10:16][INFO][API] aio_read_xisf: 0.043 s
[2026-07-28 23:10:16][INFO][orchestrator] [CALIBRATE] 加载 Master: f:\Astro dev\Astro CS Normalization Database\testdata/T2 calibration files\masterDark_BIN-1_4096x4096_EXPOSURE-1200.00s.xisf (4096x4096)
[2026-07-28 23:10:16][INFO][XISF] Reading: f:\Astro dev\Astro CS Normalization Database\testdata/T2 calibration files\masterFlat_BIN-1_4096x4096_FILTER-Blue_mono.xisf
[2026-07-28 23:10:16][INFO][XISF] XML header length: 20707 bytes
[2026-07-28 23:10:16][INFO][XISF] Image: 4096x4096x1 fmt=Float32 byteOrder= offset=24576 size=67108864
[2026-07-28 23:10:16][INFO][XISF] Byte order: file= system=little swap=0
[2026-07-28 23:10:16][INFO][XISF] Read OK: 4096x4096 1ch fmt=Float32 keywords=196
[2026-07-28 23:10:16][INFO][API] aio_read_xisf: 0.188 s
[2026-07-28 23:10:16][INFO][orchestrator] [CALIBRATE] 加载 Master: f:\Astro dev\Astro CS Normalization Database\testdata/T2 calibration files\masterFlat_BIN-1_4096x4096_FILTER-Blue_mono.xisf (4096x4096)
[2026-07-28 23:10:16][INFO][orchestrator] [CALIBRATE] master_dark 曝光时间匹配: dark=1200.000000s vs frame=1200.000000s (diff=0.000000s)
[2026-07-28 23:10:16][INFO][orchestrator] [CALIBRATE] 调用 ac_calibrate_frame: dark_opt=0, k_init=1.000000, has_bias=true, has_dark=true, has_flat=true
[2026-07-28 23:10:16][INFO][orchestrator] [CALIBRATE] 校准统计: light_mean=1679.789896 -> out_mean=8917.254181, bias_mean=0.015291, dark_mean=0.015599, flat_mean=0.188522, actual_k=1.000000
[2026-07-28 23:10:16][DEBUG][PIPELINE] remove_block: 'data' removed (n_blocks=1)
[2026-07-28 23:10:16][DEBUG][PIPELINE] add_block_move: 'data' type=0 count=16777216 (moved ptr=0000023fe036a040)
[2026-07-28 23:10:16][INFO][orchestrator] [CALIBRATE] cal_stats 已写入 (CALIBRATION_STATUS=APPLIED)
[2026-07-28 23:10:16][INFO][orchestrator] [CALIBRATE] 完成 (实际应用 Bias/Dark/Flat)
[2026-07-28 23:10:16][INFO][orchestrator] [0.692991s] CALIBRATE 完成
[2026-07-28 23:10:16][INFO][orchestrator] ---------- stage1 阶段: PLATESOLVE ----------
[2026-07-28 23:10:16][INFO][orchestrator] [PLATESOLVE] 开始
[2026-07-28 23:10:16][INFO][orchestrator] [PLATESOLVE] 初始化环境 (gaia_client + star_detector + ipv_solver)
[2026-07-28 23:10:16][INFO][orchestrator] [PLATESOLVE] gaia_client.dll 加载成功
[2026-07-28 23:10:16][INFO][orchestrator] [PLATESOLVE] star_detector.dll 加载成功
[2026-07-28 23:10:16][INFO][orchestrator] [PLATESOLVE] Gaia 数据目录: f:\Astro dev\Astro CS Normalization Database\GaiaDR3SP (来自 config)
[2026-07-28 23:10:16][INFO][orchestrator] [PLATESOLVE] GaiaClient 创建成功 (data_dir=f:\Astro dev\Astro CS Normalization Database\GaiaDR3SP)
[2026-07-28 23:10:16][INFO][SDET] StarDetector created (fitRadius=0, fwhmClipSigma=3.0, maxAxisRatio=2.0)
[2026-07-28 23:10:16][INFO][orchestrator] [PLATESOLVE] StarDetector 创建成功 (fitRadius=0 自动, maxStars=2000)
[2026-07-28 23:10:16][INFO][orchestrator] [PLATESOLVE] IPVSolver 创建成功, 已注入 Gaia + StarDetector 句柄
[2026-07-28 23:10:16][INFO][orchestrator] [PLATESOLVE] 环境初始化完成
[2026-07-28 23:10:16][INFO][orchestrator] [PLATESOLVE] 图像: 4096x4096
[2026-07-28 23:10:16][INFO][orchestrator] [PLATESOLVE] 初始指向: OBJCTRA='16 34 26.00' -> ra0=248.608333deg, OBJCTDEC='-15 45 35.0' -> dec0=-15.759722deg
[2026-07-28 23:10:16][INFO][orchestrator] [PLATESOLVE] 焦距=1917.700000mm, 像素尺寸=9.000000um
[2026-07-28 23:10:16][INFO][orchestrator] [PLATESOLVE] 调用 ipv_solve_from_memory_with_callback (INTERNAL_DETECTION_SHARED_EXPORT callback 导出) ...
[2026-07-28 23:10:16][INFO] ==== IPVSolver::solve_from_memory_with_callback 开始 (INTERNAL_DETECTION_SHARED_EXPORT) ====
[2026-07-28 23:10:16][INFO]   pixels=4096x4096 (内存数据)
[2026-07-28 23:10:16][INFO]   ra0=248.608333 deg, dec0=-15.759722 deg
[2026-07-28 23:10:16][INFO]   focal_length=1917.700 mm, pixel_size=9.000 um
[2026-07-28 23:10:16][INFO]   callback=ENABLED
[2026-07-28 23:10:16][INFO] === ipv_select_from_memory_with_callback 启动 (INTERNAL_DETECTION_SHARED_EXPORT) ===
[2026-07-28 23:10:16][INFO] ipv_select: 依赖 DLL 全部加载成功
[2026-07-28 23:10:16][INFO] Step 1: 使用内存像素数据 4096×4096
[2026-07-28 23:10:16][INFO] Step 2: 星点检测 (sdet_detect_ex)
[2026-07-28 23:10:16][INFO][SDET] sdet_detect_ex start: 4096x4096
[2026-07-28 23:10:16][DEBUG][SDET] [1] uint16→float: 18.1 ms
[2026-07-28 23:10:16][DEBUG][SDET] [2] Gaussian YvV smooth (sigma=2.0): 135.6 ms
[2026-07-28 23:10:17][INFO][SDET] peaker: median=8725.0000 bgnoise=131.8554 threshold=9384.2773 (median+5*bgnoise)
[2026-07-28 23:10:17][DEBUG][SDET] [3] Threshold: 267.0 ms
[2026-07-28 23:10:17][INFO][SDET] peaker: bg=8725.0 maxi=65535.0 norm=65535.0 dynrange=56810.0 minsatlevel=39767.0 satrange=5681.0 s_factor=3.7169 locthreshold=659.2771
[2026-07-28 23:10:17][DEBUG][SDET] [4] peaker: 48.5 ms (4712 candidates, full peaker 7-step)
[2026-07-28 23:10:17][INFO][SDET] Candidates: 4712
[2026-07-28 23:10:17][INFO][SDET] Peaker stages: pass_threshold=719479 pass_localmax=11224 pass_count3=7223 pass_boundary=7223 | cond_meanhigh=411 cond_platform=4908 sat_both=183 nonsat=7040
[2026-07-28 23:10:17][INFO][SDET] Auto fitRadius: med_pixels=59 fwhm_est=3.77 auto_radius=11 actual=11
[2026-07-28 23:10:17][INFO][SDET] Task6 candidates sorted by mag_est (desc): maxstars=2000 candidates=4712
[2026-07-28 23:10:17][DEBUG][SDET] [6] Moffat4 fit: 375.1 ms (4595/4712 OK)
[2026-07-28 23:10:17][INFO][SDET] Moffat4 fit: 4595/4712 OK
[2026-07-28 23:10:17][INFO][SDET] === Fit statistics by pixel count ===
[2026-07-28 23:10:17][INFO][SDET]   px[5-9]: total=108 ok=98(90.7%) invalid=0 noconv=10 iterlimit=0
[2026-07-28 23:10:17][INFO][SDET]   px[10-19]: total=410 ok=397(96.8%) invalid=0 noconv=13 iterlimit=0
[2026-07-28 23:10:17][INFO][SDET]   px[20-49]: total=1265 ok=1233(97.5%) invalid=0 noconv=32 iterlimit=0
[2026-07-28 23:10:17][INFO][SDET]   px[50-99]: total=1446 ok=1417(98.0%) invalid=0 noconv=29 iterlimit=0
[2026-07-28 23:10:17][INFO][SDET]   px[100-299]: total=1221 ok=1197(98.0%) invalid=0 noconv=24 iterlimit=0
[2026-07-28 23:10:17][DEBUG][SDET] [7] FWHM stats: 1.8 ms (med=3.0445 mad=0.3191)
[2026-07-28 23:10:17][INFO][SDET] FWHM stats: med=3.0445 mad=0.3191 (from 4595 fitted stars)
[2026-07-28 23:10:17][DEBUG][SDET] [8] Build normal stars: 4.8 ms (4143 stars, fit_fail=117 fwhm=0 round=71 reject=381)
[2026-07-28 23:10:17][INFO][SDET] Normal stars: 4143 (fit_fail=117 fwhm=0 roundness=71 reject=381)
[2026-07-28 23:10:17][DEBUG][SDET] [9] Saturated star detection skipped (V4.52: use A>dynrange from peaker): 0.5 ms
[2026-07-28 23:10:17][DEBUG][SDET] [10a] Dedup: 1.5 ms
[2026-07-28 23:10:17][DEBUG][SDET] [10b] Sort: 0.5 ms
[2026-07-28 23:10:17][INFO][SDET] After dedup+sort: 4143 stars (saturated=423 normal=3720)
[2026-07-28 23:10:17][INFO][SDET] sdet_detect_ex done: 2000 stars (sat=423 normal=3720), 0.854 s
[2026-07-28 23:10:17][INFO]   检测到星点: 2000 颗 (饱和 423, 正常 1577)
[2026-07-28 23:10:17][INFO] Step 2.5: 调用 callback 导出 detections (INTERNAL_DETECTION_SHARED_EXPORT)
[2026-07-28 23:10:17][INFO]   callback 完成, 源缓冲区已由 callback 复制
[2026-07-28 23:10:17][INFO] Step 3: 图像侧选星
[2026-07-28 23:10:17][INFO] 选星: 按 mag(box积分) 升序取前 60 颗 (含饱和 60 颗)
[2026-07-28 23:10:17][INFO]   U 向量组: 60×2 (s0=0.9680"/px)
[2026-07-28 23:10:17][INFO] Step 4: FOV/密度计算
[2026-07-28 23:10:17][INFO] FOV计算: s0=0.9680"/px, FOV_diag=1.5576°, query_r=0.8567°, img_area=1.21308°², query_area=2.30566°², rho_img=49.46, rho_target=74.19, n_target=60
[2026-07-28 23:10:17][INFO] Step 5: V4.9 密度公式估算极限星等 (替代迭代)
[2026-07-28 23:10:17][INFO] 密度估算极限星等: G=11.051 (n_required=60, area=2.3057°², rho_target=26.02/°²)
[2026-07-28 23:10:17][INFO] Step 6: 用 m_lim=11.051 查询 Gaia 星表
[2026-07-28 23:10:17][WARN] V4.9 补救查询 1: Gaia 返回 36 < n_target=60, 放宽到 m=12.051
[2026-07-28 23:10:17][INFO] Step 7: Gnomonic 投影 + FOV 过滤
[2026-07-28 23:10:17][INFO]   W 向量组: 44×2 (FOV 内 44, 取最亮 44, gaia_ra/dec 已保存)
[2026-07-28 23:10:17][INFO] === ipv_select_from_memory_with_callback 完成 (INTERNAL_DETECTION_SHARED_EXPORT) ===
[2026-07-28 23:10:17][INFO] === triangle_match 开始: N_U=60, N_W=44, n_A0=60, n_B0=60, tol=0.0020, s0=0.9680 ===
[2026-07-28 23:10:17][INFO] triangle_match: stage=0 nA=60 nB=60 超过实际星数, 停止扩充
[2026-07-28 23:10:17][INFO] triangle_match_single: n_A=60, n_B=44, tol=0.0020, s0=0.9680, scale=[0.8609,1.2913]
[2026-07-28 23:10:17][DEBUG] stars_to_triangles: N=60, expected=34220, valid=34220, skipped_degenerate=0 (并行, 16 线程)
[2026-07-28 23:10:17][DEBUG] stars_to_triangles: prune_triangle_array ba>0.9 剪枝: before=34220, after=24215, pruned=10005
[2026-07-28 23:10:17][DEBUG] stars_to_triangles: N=44, expected=13244, valid=13244, skipped_degenerate=0 (并行, 16 线程)
[2026-07-28 23:10:17][DEBUG] stars_to_triangles: prune_triangle_array ba>0.9 剪枝: before=13244, after=9418, pruned=3826
[2026-07-28 23:10:17][INFO] make_vote_matrix: n_A=24215, n_B=9418, matched_triangles=15696, vote_matrix=60x44, scale_rejected=16263 (range=[0.8609,1.2913]) [并行 16 线程]
[2026-07-28 23:10:17][INFO] top_vote_getters: 矩阵=60x44, 候选对数(vote>=2)=2603, top_n=60
[2026-07-28 23:10:17][INFO] top_vote_getters: V4.25 去重后 top_pairs=44, 去重剔除=2559
[2026-07-28 23:10:17][INFO]   [调试] top[0]: u=48 w=26, votes=519
[2026-07-28 23:10:17][INFO]   [调试] top[1]: u=21 w=32, votes=515
[2026-07-28 23:10:17][INFO]   [调试] top[2]: u=9 w=9, votes=511
[2026-07-28 23:10:17][INFO]   [调试] top[3]: u=6 w=4, votes=501
[2026-07-28 23:10:17][INFO]   [调试] top[4]: u=7 w=12, votes=490
[2026-07-28 23:10:17][INFO]   [调试] top[5]: u=26 w=36, votes=489
[2026-07-28 23:10:17][INFO]   [调试] top[6]: u=14 w=28, votes=486
[2026-07-28 23:10:17][INFO]   [调试] top[7]: u=19 w=15, votes=486
[2026-07-28 23:10:17][INFO]   [调试] top[8]: u=10 w=14, votes=480
[2026-07-28 23:10:17][INFO]   [调试] top[9]: u=37 w=31, votes=477
[2026-07-28 23:10:17][INFO] triangle_match_single 完成: tri_A=24215, tri_B=9418, vote_matrix=60x44, max_vote=519, 候选对数(vote>=2)=2603, top_pairs=44
[2026-07-28 23:10:17][INFO] === triangle_match 结束: tri_A=24215, tri_B=9418, top_pairs=44, max_vote=519, success=1 ===
[2026-07-28 23:10:17][INFO] [P02-002] n_target=60, max_vote=519, threshold=2
[2026-07-28 23:10:17][INFO]   [阶段] triangle_match (n=60): 34.62 ms, max_vote=519, top_pairs=44, success=1
[2026-07-28 23:10:17][INFO]   [阶段] triangle_match: 34.91 ms, n_target_used=60
[2026-07-28 23:10:17][INFO]   N_U=60, N_W=44, s0=0.9680 arcsec/px, img=4096x4096, fov_diag=1.5576 deg
[2026-07-28 23:10:17][INFO] iter_trans_solve: U=60, W=44, initial_pairs=44, tol=5.00, order=3
[2026-07-28 23:10:17][DEBUG] calc_trans_general: order=3, n_pairs=20, 拟合成功
[2026-07-28 23:10:17][INFO] iter_trans_inner: 初始拟合完成, 初始工作集=20, order=3
[2026-07-28 23:10:17][INFO]   [调试] 初始 TRANS: x00=5.9793 y00=0.8846, x10=0.011795 x01=-0.966598 y10=-0.966628 y01=-0.011697
[2026-07-28 23:10:17][INFO]   [调试] 初始对[0]: u=48 w=26, U=(681.38,-303.12), W=(306.79,-654.10), pred=(306.90,-653.92), dist=0.2152" (dx=0.11 dy=0.18)
[2026-07-28 23:10:17][INFO]   [调试] 初始对[1]: u=21 w=32, U=(815.58,331.94), W=(-305.05,-790.81), pred=(-305.03,-790.91), dist=0.1007" (dx=0.03 dy=-0.10)
[2026-07-28 23:10:17][INFO]   [调试] 初始对[2]: u=9 w=9, U=(446.60,-735.32), W=(721.84,-421.67), pred=(721.58,-421.93), dist=0.3668" (dx=-0.26 dy=-0.26)
[2026-07-28 23:10:17][INFO]   [调试] 初始对[3]: u=6 w=4, U=(-1745.20,681.78), W=(-671.15,1673.44), pred=(-671.07,1673.30), dist=0.1661" (dx=0.08 dy=-0.15)
[2026-07-28 23:10:17][INFO]   [调试] 初始对[4]: u=7 w=12, U=(-175.47,-1876.46), W=(1811.82,192.23), pred=(1811.65,192.10), dist=0.2148" (dx=-0.17 dy=-0.13)
[2026-07-28 23:10:17][INFO]   [调试] 初始对[5]: u=26 w=36, U=(-675.00,-896.29), W=(863.39,663.00), pred=(863.25,662.93), dist=0.1601" (dx=-0.15 dy=-0.07)
[2026-07-28 23:10:17][INFO] iter_trans_inner: V4.23 工作集扩展 20->44 (nr=nbright)
[2026-07-28 23:10:17][DEBUG] iter 0: 绝对剔除 nr=44→38, nb=6
[2026-07-28 23:10:17][DEBUG] iter 0: sigma(35%)=0.019192 角秒²
[2026-07-28 23:10:17][DEBUG] iter 0: 相对剔除 nr=29, nb=15, rel_thresh=0.191916
[2026-07-28 23:10:17][DEBUG] calc_trans_general: order=3, n_pairs=29, 拟合成功
[2026-07-28 23:10:17][INFO] iter_trans_inner: 完成, nr=29, sig=0.0280, rms=0.1561, iters=1, success=1
[2026-07-28 23:10:17][INFO] iter_trans_solve: 第一轮 iter_trans 成功, inliers=29, rms=0.1561
[2026-07-28 23:10:17][INFO] at_match_lists: U=60, W=44, tol=5.00", U→W单向=38, W→U单向=38, 双向=38, 去重后=38
[2026-07-28 23:10:17][DEBUG] calc_trans_general: order=3, n_pairs=38, 拟合成功
[2026-07-28 23:10:17][INFO] at_recalc_trans: n=38, order=3, sig=0.0763, sx=0.2017, sy=0.2049, rms=0.3134
[2026-07-28 23:10:17][INFO] iter_trans_solve: 第一轮 refit 成功, inliers=38, rms=0.3134
[2026-07-28 23:10:17][INFO] at_match_lists: U=60, W=44, tol=5.00", U→W单向=38, W→U单向=38, 双向=38, 去重后=38
[2026-07-28 23:10:17][DEBUG] calc_trans_general: order=3, n_pairs=38, 拟合成功
[2026-07-28 23:10:17][INFO] at_recalc_trans: n=38, order=3, sig=0.0763, sx=0.2017, sy=0.2049, rms=0.3134
[2026-07-28 23:10:17][INFO] iter_trans_solve: 第二轮 refit 成功, inliers=38, rms=0.3134
[2026-07-28 23:10:17][INFO]   [阶段] iter_trans_solve: 4.18 ms, n_inliers=38, rms=0.3134, iters=3, success=1
[2026-07-28 23:10:17][INFO]   [诊断] iterative_reproject 入口: U.size=60, gaia_ra.size=44, gaia_dec.size=44, initial_inliers.size=38, s0=0.9680, img=4096x4096
[2026-07-28 23:10:17][INFO] iterative_reproject: 开始 (N_W=44, n_inliers=38, s0=0.9680"/px, max_iter=5, conv_thresh=0.0100")
[2026-07-28 23:10:17][INFO]   iter 0: ra_cur=248.608333 dec_cur=-15.759722, xi_center=5.9073" eta_center=0.7899", conv=5.9599" (thresh=0.0100")
[2026-07-28 23:10:17][INFO]   iter 0: 新中心 ra=248.610038 dec=-15.759503 (Δra=0.001705° Δdec=0.000219°)
[2026-07-28 23:10:17][DEBUG] calc_trans_general: order=3, n_pairs=38, 拟合成功
[2026-07-28 23:10:17][INFO] at_recalc_trans: n=38, order=3, sig=0.0763, sx=0.2017, sy=0.2049, rms=0.3134
[2026-07-28 23:10:17][INFO]   iter 0: at_recalc_trans 成功, n=38, sig=0.0763, rms=0.3134, x00=-0.0000 y00=-0.0000 (asec)
[2026-07-28 23:10:17][INFO]   iter 1: 收敛 (TRANS 常数项 = 0.0000" < 0.0100")
[2026-07-28 23:10:17][INFO] iterative_reproject: 完成 (收敛), ra=248.608333→248.610038 dec=-15.759722→-15.759503, n_matched=38 (固定), iters=1, conv=0.0000"
[2026-07-28 23:10:17][INFO]   [阶段] iterative_reproject: 2.78 ms, success=1, ra=248.608333→248.610038, dec=-15.759722→-15.759503, n_matched=38, iters=1, conv=0.0000"
[2026-07-28 23:10:17][INFO] at_match_lists: U=60, W=44, tol=5.00", U→W单向=38, W→U单向=38, 双向=38, 去重后=38
[2026-07-28 23:10:17][INFO]   [阶段] hi_order_rematch iter 0: n_matched=38 (min=10, order=3)
[2026-07-28 23:10:17][DEBUG] calc_trans_general: order=3, n_pairs=38, 拟合成功
[2026-07-28 23:10:17][INFO] at_recalc_trans: n=38, order=3, sig=0.0763, sx=0.2017, sy=0.2049, rms=0.3134
[2026-07-28 23:10:17][INFO] at_match_lists: U=60, W=44, tol=5.00", U→W单向=38, W→U单向=38, 双向=38, 去重后=38
[2026-07-28 23:10:17][DEBUG] calc_trans_general: order=3, n_pairs=38, 拟合成功
[2026-07-28 23:10:17][INFO] at_recalc_trans: n=38, order=3, sig=0.0763, sx=0.2017, sy=0.2049, rms=0.3134
[2026-07-28 23:10:17][INFO]   [阶段] hi_order_rematch iter 1: 收敛 (dn=0, drms=0.0000)
[2026-07-28 23:10:17][INFO]   [阶段] hi_order_rematch: 1.41 ms, n_matched=38, trans.order=3
[2026-07-28 23:10:17][INFO] ==== robust_refine_wcs 开始 (V4.30) ====
  U_full=2000, mag_full=2000, gaia=44
  ra0=248.610038, dec0=-15.759503, s0=0.9680"/px, fov=1.5576°, img=4096x4096
  initial_rms=0.0763", trans.order=3
[2026-07-28 23:10:17][INFO]   [robust_refine] 网格采样: FOV=1.558°, G_short=3, N_long=3, n_cells=9, quota=20, narrow_all=0, N_full=2000
[2026-07-28 23:10:17][INFO]   [robust_refine] 网格采样完成: 选中 180 颗 (上限 300, 下限 100)
[2026-07-28 23:10:17][INFO]   [robust_refine] NN 匹配: U=180, W=44, tol=1.000", Lowe通过=42, 双向=42
[2026-07-28 23:10:17][INFO]   [robust_refine] baseline: initial_rms=0.0763" (60星), U_pool RMS=0.3464" (180 星, matched=42)
[2026-07-28 23:10:17][INFO]   [robust_refine] NN 匹配: U=180, W=44, tol=1.000", Lowe通过=42, 双向=42
[2026-07-28 23:10:17][INFO]   [robust_refine] 空间一致性: 4/42 可疑 (K=8, σ=0.111")
[2026-07-28 23:10:17][INFO]   [robust_refine] iter 0: tol=1.000", matched=42, rms=0.3464"→0.3466", cd_Δ=0.2042%, damp=0.00e+00
[2026-07-28 23:10:17][INFO]   [robust_refine] iter 0: 收敛 (conv_dp=0, conv_rms=1)
[2026-07-28 23:10:17][INFO] ==== robust_refine_wcs 成功 ====
  iter=1, matched=42, rms=0.3466" (0.3581 px), cd_Δ=0.2042%, pool=180
[2026-07-28 23:10:17][INFO]   [阶段] robust_refine: 成功, n_matched=42, rms=0.3466", iter=1, pool=180, cd_Δ=0.2042%
[2026-07-28 23:10:17][INFO]   [阶段] robust_refine: 2.99 ms
[2026-07-28 23:10:17][INFO]   [诊断] extract_wcs_sip 入口: trans.order=3, trans.valid=1, ra0=248.610038, dec0=-15.759503, img=4096x4096, s0=0.9680, U.size=2000, W.size=44, matched.size=42
[2026-07-28 23:10:17][INFO]   [V4.22] 清零 trans.x00/y00 (saved: x00=0.0309, y00=0.0062)
[2026-07-28 23:10:17][INFO] extract_wcs_sip: SIP A/B 解析公式成功, order=3
[2026-07-28 23:10:17][INFO] extract_wcs_sip: SIP AP/BP 网格反变换成功, ap_order=3, n_inv_coef=10, n_grid=49
[2026-07-28 23:10:17][INFO] extract_wcs_sip: CD=[3.267429e-06 2.685724e-04; -2.685001e-04 3.278658e-06], CRVAL=(248.610038, -15.759503), CRPIX=(2048.5, 2048.5), ctype=[RA---TAN-SIP, DEC--TAN-SIP], n_pairs=42, rms_px=0.3581, rms_arcsec=0.3466, trans_order=3, sip_order=3, ap_order=3
[2026-07-28 23:10:17][INFO]   [阶段] extract_wcs_sip: 0.91 ms, success=1, n_pairs=42, rms_px=0.358, rms_arcsec=0.347, trans_order=3, sip_order=3
[2026-07-28 23:10:17][INFO]   最终: n_pairs=42, rms_px=0.358, rms_arcsec=0.347, trans_order=3, sip_order=3, success=1
[2026-07-28 23:10:17][INFO]   [cache_last_inliers_] 缓存 42 对 inliers (robust=1, s0=0.9680", U_snap.size=2000, gaia.size=44, trans.order=3, ra0=248.610038, dec0=-15.759503)
[2026-07-28 23:10:17][INFO] ==== IPVSolver::solve_from_memory_with_callback 完成 (INTERNAL_DETECTION_SHARED_EXPORT) ====
[2026-07-28 23:10:17][INFO][orchestrator] [PLATESOLVE] callback 导出: n_detected=2000, copied=true, wcs_result.n_detected=0
[2026-07-28 23:10:17][INFO][orchestrator] [PLATESOLVE] 求解成功: rms=0.346640arcsec, n_pairs=42, n_detected=0, n_catalog=0, trans_order=3
[2026-07-28 23:10:17][INFO][orchestrator] [PLATESOLVE] WCS 已写入: CTYPE1=RA---TAN-SIP, CRVAL=(248.610038, -15.759503), CRPIX=(2048.500000, 2048.500000)
[2026-07-28 23:10:17][INFO][orchestrator] [PLATESOLVE] SIP 已写入: order=3, ap_order=3
[2026-07-28 23:10:17][DEBUG][PIPELINE] add_block: 'star_det' type=0 count=8000 (32000 bytes)
[2026-07-28 23:10:17][INFO][orchestrator] [PLATESOLVE] star_det 块已写入 (INTERNAL_DETECTION_SHARED_EXPORT): 2000 颗星
[2026-07-28 23:10:17][INFO][orchestrator] [PLATESOLVE] 完成
[2026-07-28 23:10:17][INFO][orchestrator] [0.968088s] PLATESOLVE 完成
[2026-07-28 23:10:17][INFO][orchestrator] ---------- stage1 阶段: PSF ----------
[2026-07-28 23:10:17][INFO][orchestrator] [PSF] 开始
[2026-07-28 23:10:17][INFO][orchestrator] [PSF] 图像: 4096x4096
[2026-07-28 23:10:17][INFO][orchestrator] [PSF] star_det: 2000 颗星
[2026-07-28 23:10:17][INFO][orchestrator] [PSF] 调用 dpsf_fit_batch (fitRadius=8, maxIter=100, tol=1.0e-06) ...
[2026-07-28 23:10:17][WARN][DPSF] Amplitude <= 0: A=0.00 max=65535.00 bkg=65535.00
[2026-07-28 23:10:17][WARN][DPSF] Invalid fit params: finite=1 A=0.00 sx=5.6325 sy=5.6214
[2026-07-28 23:10:17][WARN][DPSF] FWHM exceeds rect: fwhm_x=210.85 fwhm_y=1632.44 rect=17x17
[2026-07-28 23:10:17][WARN][DPSF] FWHM exceeds rect: fwhm_x=24.75 fwhm_y=25.32 rect=17x17
[2026-07-28 23:10:17][WARN][DPSF] Background constraint violated: B=-1932.2858 bkg0=11596.0000 ratio=1.1666
[2026-07-28 23:10:17][WARN][DPSF] FWHM exceeds rect: fwhm_x=62.19 fwhm_y=978.99 rect=17x17
[2026-07-28 23:10:17][WARN][DPSF] Background constraint violated: B=-1290.5394 bkg0=11693.5000 ratio=1.1104
[2026-07-28 23:10:17][WARN][DPSF] Background constraint violated: B=-864.4385 bkg0=11733.0000 ratio=1.0737
[2026-07-28 23:10:17][WARN][DPSF] Background constraint violated: B=-26668.1776 bkg0=17551.5000 ratio=2.5194
[2026-07-28 23:10:17][WARN][DPSF] Background constraint violated: B=-4343.2291 bkg0=12402.0000 ratio=1.3502
[2026-07-28 23:10:17][WARN][DPSF] Background constraint violated: B=-331.7228 bkg0=11842.0000 ratio=1.0280
[2026-07-28 23:10:17][WARN][DPSF] Background constraint violated: B=2135.7689 bkg0=10713.0000 ratio=0.8006
[2026-07-28 23:10:17][WARN][DPSF] Background constraint violated: B=-197.6727 bkg0=11667.0000 ratio=1.0169
[2026-07-28 23:10:17][WARN][DPSF] Background constraint violated: B=1862.2657 bkg0=11156.0000 ratio=0.8331
[2026-07-28 23:10:17][WARN][DPSF] Background constraint violated: B=-14434.1206 bkg0=15124.0000 ratio=1.9544
[2026-07-28 23:10:17][WARN][DPSF] Background constraint violated: B=-143.3031 bkg0=11352.0000 ratio=1.0126
[2026-07-28 23:10:17][WARN][DPSF] Background constraint violated: B=-8117.5050 bkg0=12936.0000 ratio=1.6275
[2026-07-28 23:10:17][WARN][DPSF] Background constraint violated: B=655.9235 bkg0=12100.0000 ratio=0.9458
[2026-07-28 23:10:17][WARN][DPSF] Background constraint violated: B=-15036.5795 bkg0=15220.0000 ratio=1.9879
[2026-07-28 23:10:17][WARN][DPSF] Background constraint violated: B=4416.9417 bkg0=10093.0000 ratio=0.5624
[2026-07-28 23:10:17][WARN][DPSF] Background constraint violated: B=29643.3429 bkg0=17426.0000 ratio=0.7011
[2026-07-28 23:10:17][WARN][DPSF] Background constraint violated: B=2611.2071 bkg0=10600.0000 ratio=0.7537
[2026-07-28 23:10:17][WARN][DPSF] Background constraint violated: B=3111.6222 bkg0=10251.5000 ratio=0.6965
[2026-07-28 23:10:17][WARN][DPSF] Background constraint violated: B=-14933.1076 bkg0=14820.5000 ratio=2.0076
[2026-07-28 23:10:17][WARN][DPSF] Background constraint violated: B=2966.7024 bkg0=10056.0000 ratio=0.7050
[2026-07-28 23:10:17][WARN][DPSF] Background constraint violated: B=4262.6936 bkg0=10438.0000 ratio=0.5916
[2026-07-28 23:10:17][WARN][DPSF] Background constraint violated: B=4294.6014 bkg0=10600.0000 ratio=0.5948
[2026-07-28 23:10:17][WARN][DPSF] Background constraint violated: B=3532.0616 bkg0=10079.0000 ratio=0.6496
[2026-07-28 23:10:17][WARN][DPSF] Background constraint violated: B=4443.4461 bkg0=9913.5000 ratio=0.5518
[2026-07-28 23:10:17][WARN][DPSF] Background constraint violated: B=5012.4477 bkg0=10119.5000 ratio=0.5047
[2026-07-28 23:10:17][WARN][DPSF] Background constraint violated: B=4934.5362 bkg0=10066.5000 ratio=0.5098
[2026-07-28 23:10:17][WARN][DPSF] Background constraint violated: B=4755.1050 bkg0=9542.5000 ratio=0.5017
[2026-07-28 23:10:17][WARN][DPSF] Background constraint violated: B=4635.5512 bkg0=9743.0000 ratio=0.5242
[2026-07-28 23:10:17][INFO][orchestrator] [PSF] 拟合完成: 1965/2000 成功 (98%)
[2026-07-28 23:10:17][DEBUG][PIPELINE] add_block: 'psf' type=1 count=18000 (144000 bytes)
[2026-07-28 23:10:17][INFO][orchestrator] [PSF] 完成: 2000 颗星, 1965 成功
[2026-07-28 23:10:17][INFO][orchestrator] [0.319904s] PSF 完成
[2026-07-28 23:10:17][INFO][orchestrator] ---------- stage1 阶段: PHOTOMETRIC ----------
[2026-07-28 23:10:17][INFO][orchestrator] [PHOTOMETRIC] 开始
[2026-07-28 23:10:17][INFO][orchestrator] [PHOTOMETRIC] 图像: 4096x4096
[2026-07-28 23:10:17][INFO][orchestrator] [PHOTOMETRIC] psf: 2000 颗星
[2026-07-28 23:10:17][INFO][orchestrator] [PHOTOMETRIC] FILTER='Blue' -> 'Baader B'
[2026-07-28 23:10:17][INFO][orchestrator] [PHOTOMETRIC] filters_json: f:\Astro dev\Astro CS Normalization Database\lib/photometric_calib/data/response_curves/filters.json
[2026-07-28 23:10:17][INFO][orchestrator] [PHOTOMETRIC] 滤光片: 68 点
[2026-07-28 23:10:17][INFO][orchestrator] [PHOTOMETRIC] qe_curves_json: f:\Astro dev\Astro CS Normalization Database\lib/photometric_calib/data/response_curves/qe_curves.json
[2026-07-28 23:10:17][INFO][orchestrator] [PHOTOMETRIC] QE 曲线 'GSENSE2020BSI': 447 点
[2026-07-28 23:10:17][INFO][orchestrator] [PHOTOMETRIC] spectrum_wl: 343 点
[2026-07-28 23:10:17][INFO][orchestrator] [PHOTOMETRIC] FOV 半径: 0.933386deg
[2026-07-28 23:10:17][INFO][orchestrator] [PHOTOMETRIC] 调用 pc_calibrate_simple_with_gaia (mag_min=6.0, mag_max=16.0, fov=0.933deg) ...
[pc_api] ====== pc_calibrate_simple_with_gaia 开始 ======
[pc_api] OpenMP线程数: 16
[INFO] 锥形搜索: ra=248.6100 dec=-15.7595 r=0.933 mag_min=6.0 (自适应迭代 mag_max, 不缩小半径)
[INFO] 自适应星等查询: mag_max=12.0
[INFO] 自适应星等查询: mag_max=12.0, n_gaia=91
[INFO] 自适应星等查询: mag_max=13.0
[INFO] 自适应星等查询: mag_max=13.0, n_gaia=252
[INFO] 自适应星等查询: mag_max=14.0
[INFO] 自适应星等查询: mag_max=14.0, n_gaia=624
[INFO] 自适应星等查询: mag_max=15.0
[INFO] 自适应星等查询: mag_max=15.0, n_gaia=1374
[INFO] 自适应星等查询: mag_max=16.0
[INFO] 自适应星等查询: mag_max=16.0, n_gaia=2995
[INFO] 自适应星等查询完成: mag_max=16.0, n_gaia=2995
[pc_api] 搜索到 2995 颗光谱星, 光谱点数=343 (wl_start=336, wl_step=2)
[INFO] [spec_int] prepare_filter_cache: 滤光片 68 点 + QE 447 点 -> 光谱 343 点, 范围 F[388.0,522.0] Q[204.0,1096.0] nm
[INFO] 滤光片/QE 预处理完成: filter=68 点, qe=447 点 -> 光谱 343 点
[pc_api] F_syn 并行计算完成: 2994/2995 颗有效
[INFO] [pc_api] P12-001 阶段1: spectrum_rows_total=2995, valid_fsyn=2994
[wcs_transform] 初始化: CRVAL=(248.610038,-15.759503), CRPIX=(2048.500,2048.500), CD=[3.267e-06,2.686e-04;-2.685e-04,3.279e-06], det=7.212e-08, sip_order=3
[INFO] [star_matcher] 初始化: KD-tree + IRLS/Tukey 清洗 (GAP-013)
[INFO] [star_matcher] P12-001 阶段2: gaia_projected_in_frame=1210 / 2995
[INFO] [star_matcher] P12-001 阶段3: psf_total=2000, psf_valid=1965
[INFO] [star_matcher] PSF有效星: 1965 / 2000, Gaia星: 2995, 匹配半径: 2.00 px
[INFO] [star_matcher] P12-002 正向匹配 (PSF→Gaia): 1119 / 1965 命中
[INFO] [star_matcher] P12-002 反向匹配 (Gaia→PSF): 1119 / 2995 命中
[INFO] [star_matcher] P12-002 阶段4/5/6: spatial_candidates=1119 (正向命中), unique_matches=1119 (双向唯一), rejected_ambiguous=0 (非互为最近邻), rejected_distance=846 (距离超阈值)
[INFO] [star_matcher] P12-001 阶段8: match_distance median=0.5377 p90=0.9146 max=1.5636 px
[INFO] [star_matcher] P12-002 KD-tree 双向匹配完成: 1119 对 (正向 1119, 歧义 0)
[INFO] [star_matcher] cleanAndScale: 输入 1119 颗, 星等容忍 3.00 mag
[INFO] [star_matcher] 星等一致性: 通过 1117, 拒绝 1 (median_delta=-29.2393, tol=3.00 mag)
[INFO] [star_matcher] IRLS 初始: location=5.025928, MAD=0.038378, S=0.056898
[INFO] [star_matcher] IRLS 收敛于迭代 6: location=5.030455
[INFO] [star_matcher] 亮度比例一致性:
[INFO]   - 输入匹配: 1119
[INFO]   - 星等一致性通过: 1117 (拒绝 1)
[INFO]   - IRLS inliers: 1087 (outliers: 30)
[INFO]   - location(r) = 5.030455 (dex), scale = 10^(-location) = 9.322778e-06
[INFO]   - MAD(r) = 0.038378, S = 0.056898, sigma_residual = 0.056537
[INFO]   - r_inliers 范围: [4.770268, 5.296619] (spread 0.526351 dex = 1.316 mag)
[INFO] [star_matcher] 清洗完成: 保留 1087, 排除 32 (无效/星等不一致/IRLS离群)
[INFO] [star_matcher] P12-001 阶段6/7/8: rejected_quality=32 (invalid=1 + mag=1 + irls=30), fit_used=1087, robust_iterations=7, scale=9.322778e-06, sigma=0.056537
[INFO] [star_matcher] P12-001 阶段8: r_inliers median=5.025633 p90=5.128951 max=5.296619 dex
[pc_api] 匹配+清洗完成: 1087 颗, scale=9.322778e-06, sigma_residual=0.056537
[image_corrector] 图像校正: 4096x4096, scale=9.322778e-06, 并行16线程
[image_corrector] 校正完成
[pc_api] ====== pc_calibrate_simple_with_gaia 完成: n_matched=1087, scale=9.322778e-06, sigma_residual=0.056537 ======
[2026-07-28 23:10:17][INFO][orchestrator] [PHOTOMETRIC] 完成: n_matched=1087, scale=0.000009, sigma_residual=0.056537
[2026-07-28 23:10:17][DEBUG][PIPELINE] remove_block: 'data' removed (n_blocks=4)
[2026-07-28 23:10:17][DEBUG][PIPELINE] add_block_move: 'data' type=0 count=16777216 (moved ptr=0000023f87c5d040)
[2026-07-28 23:10:17][INFO][orchestrator] [PHOTOMETRIC] photometry_report.json 已生成: f:\Astro dev\Astro CS Normalization Database\engineering_v1.3\evidence\P12-004\raw_logs\T2_BLUE_LDN43\photometry_report.json
[2026-07-28 23:10:17][INFO][orchestrator] [PHOTOMETRIC] photo_stats 已写入 (含 17 个诊断字段)
[2026-07-28 23:10:17][INFO][orchestrator] [0.037056s] PHOTOMETRIC 完成
[2026-07-28 23:10:17][INFO][orchestrator] ---------- stage1 阶段: SNR ----------
[2026-07-28 23:10:17][INFO][orchestrator] [SNR] 开始
[2026-07-28 23:10:17][INFO][orchestrator] [SNR] SIP 前向系数加载: A_ORDER=3 B_ORDER=3 (P03-004 WCS+SIP 一致性)
[2026-07-28 23:10:17][INFO][orchestrator] [SNR] n_stars=2000 sigma_residual=0.056537 CRVAL=(248.610038,-15.759503) CRPIX=(2048.500000,2048.500000) SIP(a_order=3, b_order=3)
[snr_model] SNR_phot = 7.681579
[snr_model] PSF stars: total=2000 valid=1908 skipped=92 (status=35 A<=B=57 mad<=0=0)
[snr_model] median(SNR_psf) = 81.857807
[snr_model] WCS+SIP: a_order=3 b_order=3 (前向 SIP 启用, 与 drizzle WcsSip.pixelToSky 一致)
[snr_model] ctrl_point[0]: ra=248.218548 dec=-15.301355 snr_psf=1.2531 (src px x=315.98 y=655.03)
[snr_model] ctrl_point[1]: ra=249.036685 dec=-15.778065 snr_psf=25.9371 (src px x=2137.02 y=3578.97)
[snr_model] ctrl_point[2]: ra=248.731616 dec=-16.157983 snr_psf=24.3440 (src px x=3540.04 y=2465.00)
[snr_model] done: n_points=1908, snr_phot=7.681579, median=81.857807, power=2.0
[2026-07-28 23:10:17][INFO][orchestrator] [SNR] 提取稀疏控制点: n_points=1908, snr_phot=7.681579, median_snr=81.857807, idw_power=2.000000
[2026-07-28 23:10:17][DEBUG][PIPELINE] add_block_move: 'snr_model' type=6 count=38188 (moved ptr=0000023f8efa0440)
[2026-07-28 23:10:17][INFO][orchestrator] [SNR] 完成 (snr_model 块已写入, payload=38188B)
[2026-07-28 23:10:17][INFO][orchestrator] [0.001591s] SNR 完成
[2026-07-28 23:10:17][INFO][orchestrator] ---------- stage1 阶段: DRIZZLE ----------
[2026-07-28 23:10:17][INFO][orchestrator] [DRIZZLE] 开始
[2026-07-28 23:10:17][INFO][orchestrator] [NSIDE] 自适应: pixel_scale=0.967"/px, strategy=1x_to_2x_drizzle, nside=2048
[2026-07-28 23:10:17][INFO][orchestrator] [DRIZZLE] nside=2048 (strategy=1x_to_2x_drizzle, override=0, cd11=0.000003 cd12=0.000269), pixfrac=1.000, nested=1
[2026-07-28 23:10:17][INFO][orchestrator] [DRIZZLE] 输出: f:\Astro dev\Astro CS Normalization Database\engineering_v1.3\evidence\P12-004\raw_logs\T2_BLUE_LDN43\T2_BLUE_LDN43.hiss
[hp_drizzle_api] hp_drizzle_run: 开始 (nside=2048, nested=1, pixfrac=1.0000, output=f:\Astro dev\Astro CS Normalization Database\engineering_v1.3\evidence\P12-004\raw_logs\T2_BLUE_LDN43\T2_BLUE_LDN43.hiss)
[hp_drizzle_api] hp_drizzle_run: data 块 4096x4096 float32
[hp_drizzle_api] hp_drizzle_run: WCS CRVAL=(248.610038,-15.759503) CRPIX=(2048.500,2048.500) CD=[3.267e-06,2.686e-04,-2.685e-04,3.279e-06]
[hp_drizzle_api] hp_drizzle_run: SIP A_ORDER=3 B_ORDER=3 AP_ORDER=3 BP_ORDER=3
[hp_drizzle_api] hp_drizzle_run: snr_model 块加载: n_points=1908, snr_phot=7.6816, median_snr=81.8578, idw_power=2.00
[snr_evaluator] build 成功: 1908 控制点 (有效 1908/1908), snr_phot=7.6816, median_snr=81.8578, idw_power=2.00
[wcs_sip] WCS 初始化: CRVAL=(248.610038, -15.759503)°, CRPIX=(2048.500, 2048.500), CD=[3.267e-06, 2.686e-04; -2.685e-04, 3.279e-06], det=7.212e-08
[wcs_sip] SIP: A/B order=3, AP/BP order=3
[hp_drizzle_api] hp_drizzle_run: SNR 重建完成 (16777216 像素)
[wcs_sip] WCS 初始化: CRVAL=(248.610038, -15.759503)°, CRPIX=(2048.500, 2048.500), CD=[3.267e-06, 2.686e-04; -2.685e-04, 3.279e-06], det=7.212e-08
[wcs_sip] SIP: A/B order=3, AP/BP order=3
[drizzle_engine] HEALPix: nside=2048 nested=1 npix=50331648 res=103.06"
[drizzle_engine] 完成: 16777216 源像素 → 1573 HEALPix 像素, 耗时 16.617s
[hp_drizzle_api] hp_drizzle_run: Drizzle 完成 (16777216 源像素 → 1573 HEALPix 像素, 耗时 16.617s)
[hp_drizzle_api] hp_drizzle_run: 写入 .hiss (filter=Blue, exptime=1200.0, date=2025-05-03T04:09:04, fits_meta=15)
[drizzle_engine] 写入 1573 个 HEALPix 像素到 f:\Astro dev\Astro CS Normalization Database\engineering_v1.3\evidence\P12-004\raw_logs\T2_BLUE_LDN43\T2_BLUE_LDN43.hiss
[drizzle_engine] hiss_write_snr_model: meta_json=719 bytes, n_points=1908
[hio] hiss_write_snr_model: path=f:\Astro dev\Astro CS Normalization Database\engineering_v1.3\evidence\P12-004\raw_logs\T2_BLUE_LDN43\T2_BLUE_LDN43.hiss nside=2048 n_pix=1573 has_snr=1 n_points=1908
[hio] hiss_write_snr_model: 写入完成: f:\Astro dev\Astro CS Normalization Database\engineering_v1.3\evidence\P12-004\raw_logs\T2_BLUE_LDN43\T2_BLUE_LDN43.hiss (has_snr=1 n_points=1908)
[drizzle_engine] 写入成功: f:\Astro dev\Astro CS Normalization Database\engineering_v1.3\evidence\P12-004\raw_logs\T2_BLUE_LDN43\T2_BLUE_LDN43.hiss (1573 像素)
[hp_drizzle_api] hp_drizzle_run: .hiss 已写入 f:\Astro dev\Astro CS Normalization Database\engineering_v1.3\evidence\P12-004\raw_logs\T2_BLUE_LDN43\T2_BLUE_LDN43.hiss
[2026-07-28 23:10:45][INFO][orchestrator] [DRIZZLE] 完成: n_healpix=1573 n_source=16777216 耗时=16.617197s
[2026-07-28 23:10:45][INFO][orchestrator] [27.329838s] DRIZZLE 完成
[2026-07-28 23:10:45][DEBUG][PIPELINE] frame_destroy: ok
[2026-07-28 23:10:45][INFO][orchestrator] ========== stage1 完成 (成功) ==========
[2026-07-28 23:10:45][INFO][orchestrator] [PLATESOLVE] 释放环境资源
[2026-07-28 23:10:45][INFO][SDET] StarDetector destroyed
[2026-07-28 23:10:45][INFO][orchestrator] 析构完成
[dll_loader] 卸载所有模块
[dll_loader] 卸载模块 CALIBRATE
[dll_loader] 卸载模块 PLATESOLVE
[dll_loader] 卸载模块 PSF
[dll_loader] 卸载模块 PHOTOMETRIC
[dll_loader] 卸载模块 SNR
[dll_loader] 卸载模块 DRIZZLE
[dll_loader] 卸载模块 GRADIENT_SPHERE
[dll_loader] 卸载模块 AIO
