-- The C compiler identification is GNU 14.2.0
-- The CXX compiler identification is GNU 14.2.0
-- Detecting C compiler ABI info
-- Detecting C compiler ABI info - done
-- Check for working C compiler: /usr/bin/cc - skipped
-- Detecting C compile features
-- Detecting C compile features - done
-- Detecting CXX compiler ABI info
-- Detecting CXX compiler ABI info - done
-- Check for working CXX compiler: /usr/bin/c++ - skipped
-- Detecting CXX compile features
-- Detecting CXX compile features - done
-- Performing Test CMAKE_HAVE_LIBC_PTHREAD
-- Performing Test CMAKE_HAVE_LIBC_PTHREAD - Success
-- Found Threads: TRUE
-- AstroCS 0.10.0-alpha.2+g591f541f552e5f8a3ef733da2c9e48b10d4a2e7a root target graph ready (ACR=OFF)
-- Configuring done (1.8s)
-- Generating done (0.2s)
-- Build files have been written to: /home/lighthouse/Astro CS Database/run/temp/lnx001_gcc_release
	Command being timed: "timeout 120 cmake -DCMAKE_BUILD_TYPE=Release -DASTROCS_ENABLE_ACR=OFF -DASTROCS_BUILD_TESTS=ON ../../../CMakeLists.txt"
	User time (seconds): 0.89
	System time (seconds): 0.50
	Percent of CPU this job got: 71%
	Elapsed (wall clock) time (h:mm:ss or m:ss): 0:01.96
	Average shared text size (kbytes): 0
	Average unshared data size (kbytes): 0
	Average stack size (kbytes): 0
	Average total size (kbytes): 0
	Maximum resident set size (kbytes): 28300
	Average resident set size (kbytes): 0
	Major (requiring I/O) page faults: 224
	Minor (reclaiming a frame) page faults: 88325
	Voluntary context switches: 1066
	Involuntary context switches: 969
	Swaps: 0
	File system inputs: 52920
	File system outputs: 10776
	Socket messages sent: 0
	Socket messages received: 0
	Signals delivered: 0
	Page size (bytes): 4096
	Exit status: 0
