2026-07-27 23:29:12,342 [INFO] p11_003_driver: ======================================================================
2026-07-27 23:29:12,342 [INFO] p11_003_driver: P11-003 T1-T4 代表帧 WCS 闭环缺陷复现 driver
2026-07-27 23:29:12,342 [INFO] p11_003_driver: PROJECT_ROOT: f:\Astro dev\Astro CS Normalization Database
2026-07-27 23:29:12,342 [INFO] p11_003_driver: WORK_DIR: f:\Astro dev\Astro CS Normalization Database\engineering_v1.2\evidence\P11-003\work
2026-07-27 23:29:12,342 [INFO] p11_003_driver: REPORTS_DIR: f:\Astro dev\Astro CS Normalization Database\engineering_v1.2\evidence\P11-003\reports
2026-07-27 23:29:12,352 [INFO] p11_003_driver: 代表帧数: 16
2026-07-27 23:29:12,352 [INFO] p11_003_driver:   - T4_RED_Galaxy_Center (T4/RED/Galaxy_Center)
2026-07-27 23:29:12,353 [INFO] p11_003_driver:   - T4_GREEN_Galaxy_Center (T4/GREEN/Galaxy_Center)
2026-07-27 23:29:12,353 [INFO] p11_003_driver:   - T4_BLUE_Galaxy_Center (T4/BLUE/Galaxy_Center)
2026-07-27 23:29:12,353 [INFO] p11_003_driver:   - T4_HA_Galaxy_Center (T4/HA/Galaxy_Center)
2026-07-27 23:29:12,353 [INFO] p11_003_driver:   - T4_OIII_Galaxy_Center (T4/OIII/Galaxy_Center)
2026-07-27 23:29:12,353 [INFO] p11_003_driver:   - T2_RED_LDN43 (T2/RED/LDN43)
2026-07-27 23:29:12,353 [INFO] p11_003_driver:   - T2_GREEN_LDN43 (T2/GREEN/LDN43)
2026-07-27 23:29:12,353 [INFO] p11_003_driver:   - T2_BLUE_LDN43 (T2/BLUE/LDN43)
2026-07-27 23:29:12,353 [INFO] p11_003_driver:   - T2_HA_LDN43 (T2/HA/LDN43)
2026-07-27 23:29:12,353 [INFO] p11_003_driver:   - T2_OIII_NGC1727 (T2/OIII/NGC1727)
2026-07-27 23:29:12,353 [INFO] p11_003_driver:   - T3_RED_NGC55 (T3/RED/NGC55)
2026-07-27 23:29:12,354 [INFO] p11_003_driver:   - T3_GREEN_NGC55 (T3/GREEN/NGC55)
2026-07-27 23:29:12,354 [INFO] p11_003_driver:   - T3_BLUE_NGC55 (T3/BLUE/NGC55)
2026-07-27 23:29:12,354 [INFO] p11_003_driver:   - T3_HA_NGC55 (T3/HA/NGC55)
2026-07-27 23:29:12,354 [INFO] p11_003_driver:   - T3_OIII_NGC55 (T3/OIII/NGC55)
2026-07-27 23:29:12,354 [INFO] p11_003_driver:   - T3_LUM_NGC55 (T3/LUM/NGC55)
2026-07-27 23:29:12,354 [INFO] p11_003_driver: ----------------------------------------------------------------------
2026-07-27 23:29:12,354 [INFO] p11_003_driver: 初始化 PlateSolve 环境...
2026-07-27 23:29:12,724 [INFO] p11_003_driver: 环境就绪
2026-07-27 23:29:12,725 [INFO] p11_003_driver: #1/16: T4_RED_Galaxy_Center
2026-07-27 23:29:12,725 [INFO] p11_003_driver: ======================================================================
2026-07-27 23:29:12,725 [INFO] p11_003_driver: 处理帧: T4_RED_Galaxy_Center (T4/RED/Galaxy_Center)
2026-07-27 23:29:12,725 [INFO] p11_003_driver: 源 FITS: f:\Astro dev\Astro CS Normalization Database\testdata\Galaxy_Center_T4\lights\panel1\Galaxy_Center_mosaic1_T4_flying_dutchman-20250702@061703-180S-Red.fts
2026-07-27 23:29:12,725 [INFO] p11_003_driver: 复制到: f:\Astro dev\Astro CS Normalization Database\engineering_v1.2\evidence\P11-003\work\T4_RED_Galaxy_Center_solved.fits
2026-07-27 23:29:12,738 [INFO] p11_003_driver: ----------------------------------------
2026-07-27 23:29:12,738 [INFO] p11_003_driver: PlateSolve 求解...
2026-07-27 23:29:15,734 [INFO] p11_003_driver: 求解完成: success=True, n_pairs=45, rms_px=0.0538, 耗时=2.99s
2026-07-27 23:29:15,734 [INFO] p11_003_driver: ----------------------------------------
2026-07-27 23:29:15,734 [INFO] p11_003_driver: WCS 闭环诊断 (astropy WCS, 独立于 PlateSolve transform)...
2026-07-27 23:29:15,734 [INFO] wcs_closure: ======================================================================
2026-07-27 23:29:15,734 [INFO] wcs_closure: 诊断帧: T4_RED_Galaxy_Center_solved
2026-07-27 23:29:15,734 [INFO] wcs_closure: FITS: f:\Astro dev\Astro CS Normalization Database\engineering_v1.2\evidence\P11-003\work\T4_RED_Galaxy_Center_solved.fits
2026-07-27 23:29:15,734 [INFO] wcs_closure: 读取 FITS: f:\Astro dev\Astro CS Normalization Database\engineering_v1.2\evidence\P11-003\work\T4_RED_Galaxy_Center_solved.fits
2026-07-27 23:29:15,901 [INFO] wcs_closure: 图像尺寸: 4500x3600
2026-07-27 23:29:16,281 [WARNING] astropy: FITSFixedWarning: RADECSYS= 'FK5 ' / Equatorial coordinate system 
the RADECSYS keyword is deprecated, use RADESYSa.
2026-07-27 23:29:16,284 [WARNING] astropy: FITSFixedWarning: 'datfix' made the change 'Set MJD-OBS to 60858.262025 from DATE-OBS'.
2026-07-27 23:29:16,284 [INFO] wcs_closure: WCS 构建: has_sip=True sip_order=3 ctype=['RA---TAN-SIP', 'DEC--TAN-SIP'] crpix=(2250.500,1800.500) crval=(272.825665,-13.131811)
2026-07-27 23:29:16,286 [INFO] wcs_closure: Gaia cone_search: center=(272.825665, -13.131811) radius=7.0708 deg mag_high=18.0
2026-07-27 23:29:17,216 [INFO] wcs_closure: Gaia 查询返回: n=3219078
2026-07-27 23:29:17,234 [INFO] wcs_closure: PlateSolve 求解: ra0=272.808333 dec0=-13.176944 fl=200.00 ps=6.0000
2026-07-27 23:29:18,639 [INFO] wcs_closure: callback 收到 2000 个检测星点
2026-07-27 23:29:18,733 [INFO] wcs_closure: PlateSolve 完成: success=1 n_detected=0 n_pairs=45 rms_px=0.0538 trans_order=3
2026-07-27 23:29:20,108 [INFO] wcs_closure: world_to_pixel 有效: 3219078/3219078
2026-07-27 23:29:20,162 [INFO] wcs_closure: Gaia 过滤后: ra=3219078, dec=3219078, mag=3219078, pred_xy=3219078
2026-07-27 23:29:24,754 [INFO] wcs_closure: kd-tree 匹配: 1795 对 (max_dist=3.00 px)
2026-07-27 23:29:24,823 [INFO] wcs_closure: 匹配对已保存: f:\Astro dev\Astro CS Normalization Database\engineering_v1.2\evidence\P11-003\reports\T4_RED_Galaxy_Center\matched_pairs.json (n=1795)
2026-07-27 23:29:24,824 [INFO] wcs_closure: 闭环报告已保存: f:\Astro dev\Astro CS Normalization Database\engineering_v1.2\evidence\P11-003\reports\T4_RED_Galaxy_Center\closure_report.json
2026-07-27 23:29:24,824 [INFO] wcs_closure: 门限: median=0.533 px (<=0.75: True), p90=0.685 px (<=1.5: True), p99=2.735 px (<=3.0: True)
2026-07-27 23:29:25,972 [INFO] wcs_closure: 残差图已保存: f:\Astro dev\Astro CS Normalization Database\engineering_v1.2\evidence\P11-003\reports\T4_RED_Galaxy_Center\residual_plot.png
2026-07-27 23:29:26,257 [INFO] wcs_closure: 四象限分布图已保存: f:\Astro dev\Astro CS Normalization Database\engineering_v1.2\evidence\P11-003\reports\T4_RED_Galaxy_Center\quadrant_plot.png
2026-07-27 23:29:26,259 [INFO] wcs_closure: 诊断完成: T4_RED_Galaxy_Center_solved (耗时 9.09s)
2026-07-27 23:29:26,273 [INFO] p11_003_driver: 诊断完成: n_matched=1795, median=0.533 px, p90=0.685 px, p99=2.735 px, gate=True, 耗时=10.54s
2026-07-27 23:29:26,274 [INFO] p11_003_driver: #2/16: T4_GREEN_Galaxy_Center
2026-07-27 23:29:26,274 [INFO] p11_003_driver: ======================================================================
2026-07-27 23:29:26,274 [INFO] p11_003_driver: 处理帧: T4_GREEN_Galaxy_Center (T4/GREEN/Galaxy_Center)
2026-07-27 23:29:26,274 [INFO] p11_003_driver: 源 FITS: f:\Astro dev\Astro CS Normalization Database\testdata\Galaxy_Center_T4\lights\panel1\Galaxy_Center_mosaic1_T4_flying_dutchman-20250702@063620-180S-Green.fts
2026-07-27 23:29:26,274 [INFO] p11_003_driver: 复制到: f:\Astro dev\Astro CS Normalization Database\engineering_v1.2\evidence\P11-003\work\T4_GREEN_Galaxy_Center_solved.fits
2026-07-27 23:29:26,290 [INFO] p11_003_driver: ----------------------------------------
2026-07-27 23:29:26,290 [INFO] p11_003_driver: PlateSolve 求解...
2026-07-27 23:29:27,899 [INFO] p11_003_driver: 求解完成: success=True, n_pairs=30, rms_px=0.0517, 耗时=1.61s
2026-07-27 23:29:27,899 [INFO] p11_003_driver: ----------------------------------------
2026-07-27 23:29:27,899 [INFO] p11_003_driver: WCS 闭环诊断 (astropy WCS, 独立于 PlateSolve transform)...
2026-07-27 23:29:27,899 [INFO] wcs_closure: ======================================================================
2026-07-27 23:29:27,899 [INFO] wcs_closure: 诊断帧: T4_GREEN_Galaxy_Center_solved
2026-07-27 23:29:27,899 [INFO] wcs_closure: FITS: f:\Astro dev\Astro CS Normalization Database\engineering_v1.2\evidence\P11-003\work\T4_GREEN_Galaxy_Center_solved.fits
2026-07-27 23:29:27,899 [INFO] wcs_closure: 读取 FITS: f:\Astro dev\Astro CS Normalization Database\engineering_v1.2\evidence\P11-003\work\T4_GREEN_Galaxy_Center_solved.fits
2026-07-27 23:29:27,967 [INFO] wcs_closure: 图像尺寸: 4500x3600
2026-07-27 23:29:27,980 [WARNING] astropy: FITSFixedWarning: RADECSYS= 'FK5 ' / Equatorial coordinate system 
the RADECSYS keyword is deprecated, use RADESYSa.
2026-07-27 23:29:27,981 [WARNING] astropy: FITSFixedWarning: 'datfix' made the change 'Set MJD-OBS to 60858.275428 from DATE-OBS'.
2026-07-27 23:29:27,981 [INFO] wcs_closure: WCS 构建: has_sip=True sip_order=3 ctype=['RA---TAN-SIP', 'DEC--TAN-SIP'] crpix=(2250.500,1800.500) crval=(272.772008,-13.020781)
2026-07-27 23:29:27,984 [INFO] wcs_closure: Gaia cone_search: center=(272.772008, -13.020781) radius=7.0718 deg mag_high=18.0
2026-07-27 23:29:28,146 [INFO] wcs_closure: Gaia 查询返回: n=3184391
2026-07-27 23:29:28,163 [INFO] wcs_closure: PlateSolve 求解: ra0=272.808333 dec0=-13.176944 fl=200.00 ps=6.0000
2026-07-27 23:29:29,385 [INFO] wcs_closure: callback 收到 2000 个检测星点
2026-07-27 23:29:29,484 [INFO] wcs_closure: PlateSolve 完成: success=1 n_detected=0 n_pairs=30 rms_px=0.0517 trans_order=3
2026-07-27 23:29:30,851 [INFO] wcs_closure: world_to_pixel 有效: 3184391/3184391
2026-07-27 23:29:30,904 [INFO] wcs_closure: Gaia 过滤后: ra=3184391, dec=3184391, mag=3184391, pred_xy=3184391
2026-07-27 23:29:35,526 [INFO] wcs_closure: kd-tree 匹配: 1795 对 (max_dist=3.00 px)
2026-07-27 23:29:35,585 [INFO] wcs_closure: 匹配对已保存: f:\Astro dev\Astro CS Normalization Database\engineering_v1.2\evidence\P11-003\reports\T4_GREEN_Galaxy_Center\matched_pairs.json (n=1795)
2026-07-27 23:29:35,595 [INFO] wcs_closure: 闭环报告已保存: f:\Astro dev\Astro CS Normalization Database\engineering_v1.2\evidence\P11-003\reports\T4_GREEN_Galaxy_Center\closure_report.json
2026-07-27 23:29:35,595 [INFO] wcs_closure: 门限: median=0.583 px (<=0.75: True), p90=0.981 px (<=1.5: True), p99=2.814 px (<=3.0: True)
2026-07-27 23:29:36,432 [INFO] wcs_closure: 残差图已保存: f:\Astro dev\Astro CS Normalization Database\engineering_v1.2\evidence\P11-003\reports\T4_GREEN_Galaxy_Center\residual_plot.png
2026-07-27 23:29:36,679 [INFO] wcs_closure: 四象限分布图已保存: f:\Astro dev\Astro CS Normalization Database\engineering_v1.2\evidence\P11-003\reports\T4_GREEN_Galaxy_Center\quadrant_plot.png
2026-07-27 23:29:36,679 [INFO] wcs_closure: 诊断完成: T4_GREEN_Galaxy_Center_solved (耗时 7.69s)
2026-07-27 23:29:36,688 [INFO] p11_003_driver: 诊断完成: n_matched=1795, median=0.583 px, p90=0.981 px, p99=2.814 px, gate=True, 耗时=8.79s
2026-07-27 23:29:36,689 [INFO] p11_003_driver: #3/16: T4_BLUE_Galaxy_Center
2026-07-27 23:29:36,689 [INFO] p11_003_driver: ======================================================================
2026-07-27 23:29:36,689 [INFO] p11_003_driver: 处理帧: T4_BLUE_Galaxy_Center (T4/BLUE/Galaxy_Center)
2026-07-27 23:29:36,689 [INFO] p11_003_driver: 源 FITS: f:\Astro dev\Astro CS Normalization Database\testdata\Galaxy_Center_T4\lights\panel1\Galaxy_Center_mosaic1_T4_flying_dutchman-20250703@055414-180S-Blue.fts
2026-07-27 23:29:36,690 [INFO] p11_003_driver: 复制到: f:\Astro dev\Astro CS Normalization Database\engineering_v1.2\evidence\P11-003\work\T4_BLUE_Galaxy_Center_solved.fits
2026-07-27 23:29:36,708 [INFO] p11_003_driver: ----------------------------------------
2026-07-27 23:29:36,708 [INFO] p11_003_driver: PlateSolve 求解...
2026-07-27 23:29:38,314 [INFO] p11_003_driver: 求解完成: success=True, n_pairs=32, rms_px=0.0838, 耗时=1.61s
2026-07-27 23:29:38,314 [INFO] p11_003_driver: ----------------------------------------
2026-07-27 23:29:38,314 [INFO] p11_003_driver: WCS 闭环诊断 (astropy WCS, 独立于 PlateSolve transform)...
2026-07-27 23:29:38,314 [INFO] wcs_closure: ======================================================================
2026-07-27 23:29:38,314 [INFO] wcs_closure: 诊断帧: T4_BLUE_Galaxy_Center_solved
2026-07-27 23:29:38,314 [INFO] wcs_closure: FITS: f:\Astro dev\Astro CS Normalization Database\engineering_v1.2\evidence\P11-003\work\T4_BLUE_Galaxy_Center_solved.fits
2026-07-27 23:29:38,314 [INFO] wcs_closure: 读取 FITS: f:\Astro dev\Astro CS Normalization Database\engineering_v1.2\evidence\P11-003\work\T4_BLUE_Galaxy_Center_solved.fits
2026-07-27 23:29:38,377 [INFO] wcs_closure: 图像尺寸: 4500x3600
2026-07-27 23:29:38,390 [WARNING] astropy: FITSFixedWarning: 'datfix' made the change 'Set MJD-OBS to 60859.246204 from DATE-OBS'.
2026-07-27 23:29:38,390 [INFO] wcs_closure: WCS 构建: has_sip=True sip_order=3 ctype=['RA---TAN-SIP', 'DEC--TAN-SIP'] crpix=(2250.500,1800.500) crval=(272.908390,-13.161417)
2026-07-27 23:29:38,391 [INFO] wcs_closure: Gaia cone_search: center=(272.908390, -13.161417) radius=7.0692 deg mag_high=18.0
2026-07-27 23:29:38,561 [INFO] wcs_closure: Gaia 查询返回: n=3228356
2026-07-27 23:29:38,577 [INFO] wcs_closure: PlateSolve 求解: ra0=272.808333 dec0=-13.176944 fl=200.00 ps=6.0000
2026-07-27 23:29:39,813 [INFO] wcs_closure: callback 收到 2000 个检测星点
2026-07-27 23:29:39,912 [INFO] wcs_closure: PlateSolve 完成: success=1 n_detected=0 n_pairs=32 rms_px=0.0838 trans_order=3
2026-07-27 23:29:41,312 [INFO] wcs_closure: world_to_pixel 有效: 3228356/3228356
2026-07-27 23:29:41,365 [INFO] wcs_closure: Gaia 过滤后: ra=3228356, dec=3228356, mag=3228356, pred_xy=3228356
2026-07-27 23:29:46,018 [INFO] wcs_closure: kd-tree 匹配: 1785 对 (max_dist=3.00 px)
2026-07-27 23:29:46,090 [INFO] wcs_closure: 匹配对已保存: f:\Astro dev\Astro CS Normalization Database\engineering_v1.2\evidence\P11-003\reports\T4_BLUE_Galaxy_Center\matched_pairs.json (n=1785)
2026-07-27 23:29:46,093 [INFO] wcs_closure: 闭环报告已保存: f:\Astro dev\Astro CS Normalization Database\engineering_v1.2\evidence\P11-003\reports\T4_BLUE_Galaxy_Center\closure_report.json
2026-07-27 23:29:46,093 [INFO] wcs_closure: 门限: median=0.560 px (<=0.75: True), p90=0.721 px (<=1.5: True), p99=2.771 px (<=3.0: True)
2026-07-27 23:29:46,883 [INFO] wcs_closure: 残差图已保存: f:\Astro dev\Astro CS Normalization Database\engineering_v1.2\evidence\P11-003\reports\T4_BLUE_Galaxy_Center\residual_plot.png
2026-07-27 23:29:47,144 [INFO] wcs_closure: 四象限分布图已保存: f:\Astro dev\Astro CS Normalization Database\engineering_v1.2\evidence\P11-003\reports\T4_BLUE_Galaxy_Center\quadrant_plot.png
2026-07-27 23:29:47,144 [INFO] wcs_closure: 诊断完成: T4_BLUE_Galaxy_Center_solved (耗时 7.78s)
2026-07-27 23:29:47,157 [INFO] p11_003_driver: 诊断完成: n_matched=1785, median=0.560 px, p90=0.721 px, p99=2.771 px, gate=True, 耗时=8.84s
2026-07-27 23:29:47,157 [INFO] p11_003_driver: #4/16: T4_HA_Galaxy_Center
2026-07-27 23:29:47,158 [INFO] p11_003_driver: ======================================================================
2026-07-27 23:29:47,158 [INFO] p11_003_driver: 处理帧: T4_HA_Galaxy_Center (T4/HA/Galaxy_Center)
2026-07-27 23:29:47,158 [INFO] p11_003_driver: 源 FITS: f:\Astro dev\Astro CS Normalization Database\testdata\Galaxy_Center_T4\lights\panel1\Galaxy_Center_mosaic1_T4_flying_dutchman-20250703@061318-300S-H-alpha.fts
2026-07-27 23:29:47,159 [INFO] p11_003_driver: 复制到: f:\Astro dev\Astro CS Normalization Database\engineering_v1.2\evidence\P11-003\work\T4_HA_Galaxy_Center_solved.fits
2026-07-27 23:29:47,176 [INFO] p11_003_driver: ----------------------------------------
2026-07-27 23:29:47,176 [INFO] p11_003_driver: PlateSolve 求解...
2026-07-27 23:29:48,301 [INFO] p11_003_driver: 求解完成: success=True, n_pairs=44, rms_px=0.0651, 耗时=1.12s
2026-07-27 23:29:48,302 [INFO] p11_003_driver: ----------------------------------------
2026-07-27 23:29:48,302 [INFO] p11_003_driver: WCS 闭环诊断 (astropy WCS, 独立于 PlateSolve transform)...
2026-07-27 23:29:48,302 [INFO] wcs_closure: ======================================================================
2026-07-27 23:29:48,302 [INFO] wcs_closure: 诊断帧: T4_HA_Galaxy_Center_solved
2026-07-27 23:29:48,302 [INFO] wcs_closure: FITS: f:\Astro dev\Astro CS Normalization Database\engineering_v1.2\evidence\P11-003\work\T4_HA_Galaxy_Center_solved.fits
2026-07-27 23:29:48,302 [INFO] wcs_closure: 读取 FITS: f:\Astro dev\Astro CS Normalization Database\engineering_v1.2\evidence\P11-003\work\T4_HA_Galaxy_Center_solved.fits
2026-07-27 23:29:48,369 [INFO] wcs_closure: 图像尺寸: 4500x3600
2026-07-27 23:29:48,382 [WARNING] astropy: FITSFixedWarning: 'datfix' made the change 'Set MJD-OBS to 60859.259433 from DATE-OBS'.
2026-07-27 23:29:48,382 [INFO] wcs_closure: WCS 构建: has_sip=True sip_order=3 ctype=['RA---TAN-SIP', 'DEC--TAN-SIP'] crpix=(2250.500,1800.500) crval=(272.877836,-13.150873)
2026-07-27 23:29:48,384 [INFO] wcs_closure: Gaia cone_search: center=(272.877836, -13.150873) radius=7.0700 deg mag_high=18.0
2026-07-27 23:29:48,543 [INFO] wcs_closure: Gaia 查询返回: n=3225453
2026-07-27 23:29:48,558 [INFO] wcs_closure: PlateSolve 求解: ra0=272.808333 dec0=-13.176944 fl=200.00 ps=6.0000
2026-07-27 23:29:49,305 [INFO] wcs_closure: callback 收到 2000 个检测星点
2026-07-27 23:29:49,400 [INFO] wcs_closure: PlateSolve 完成: success=1 n_detected=0 n_pairs=44 rms_px=0.0651 trans_order=3
2026-07-27 23:29:50,753 [INFO] wcs_closure: world_to_pixel 有效: 3225453/3225453
2026-07-27 23:29:50,809 [INFO] wcs_closure: Gaia 过滤后: ra=3225453, dec=3225453, mag=3225453, pred_xy=3225453
2026-07-27 23:29:55,552 [INFO] wcs_closure: kd-tree 匹配: 1808 对 (max_dist=3.00 px)
2026-07-27 23:29:55,622 [INFO] wcs_closure: 匹配对已保存: f:\Astro dev\Astro CS Normalization Database\engineering_v1.2\evidence\P11-003\reports\T4_HA_Galaxy_Center\matched_pairs.json (n=1808)
2026-07-27 23:29:55,623 [INFO] wcs_closure: 闭环报告已保存: f:\Astro dev\Astro CS Normalization Database\engineering_v1.2\evidence\P11-003\reports\T4_HA_Galaxy_Center\closure_report.json
2026-07-27 23:29:55,623 [INFO] wcs_closure: 门限: median=0.663 px (<=0.75: True), p90=0.854 px (<=1.5: True), p99=2.705 px (<=3.0: True)
2026-07-27 23:29:56,509 [INFO] wcs_closure: 残差图已保存: f:\Astro dev\Astro CS Normalization Database\engineering_v1.2\evidence\P11-003\reports\T4_HA_Galaxy_Center\residual_plot.png
2026-07-27 23:29:56,743 [INFO] wcs_closure: 四象限分布图已保存: f:\Astro dev\Astro CS Normalization Database\engineering_v1.2\evidence\P11-003\reports\T4_HA_Galaxy_Center\quadrant_plot.png
2026-07-27 23:29:56,743 [INFO] wcs_closure: 诊断完成: T4_HA_Galaxy_Center_solved (耗时 7.32s)
2026-07-27 23:29:56,757 [INFO] p11_003_driver: 诊断完成: n_matched=1808, median=0.663 px, p90=0.854 px, p99=2.705 px, gate=True, 耗时=8.45s
2026-07-27 23:29:56,757 [INFO] p11_003_driver: #5/16: T4_OIII_Galaxy_Center
2026-07-27 23:29:56,757 [INFO] p11_003_driver: ======================================================================
2026-07-27 23:29:56,757 [INFO] p11_003_driver: 处理帧: T4_OIII_Galaxy_Center (T4/OIII/Galaxy_Center)
2026-07-27 23:29:56,758 [INFO] p11_003_driver: 源 FITS: f:\Astro dev\Astro CS Normalization Database\testdata\Galaxy_Center_T4\lights\panel1\Galaxy_Center_mosaic1_T4_flying_dutchman-20250703@063631-600S-Oiii.fts
2026-07-27 23:29:56,758 [INFO] p11_003_driver: 复制到: f:\Astro dev\Astro CS Normalization Database\engineering_v1.2\evidence\P11-003\work\T4_OIII_Galaxy_Center_solved.fits
2026-07-27 23:29:56,774 [INFO] p11_003_driver: ----------------------------------------
2026-07-27 23:29:56,775 [INFO] p11_003_driver: PlateSolve 求解...
2026-07-27 23:29:57,828 [INFO] p11_003_driver: 求解完成: success=True, n_pairs=34, rms_px=0.0664, 耗时=1.05s
2026-07-27 23:29:57,828 [INFO] p11_003_driver: ----------------------------------------
2026-07-27 23:29:57,828 [INFO] p11_003_driver: WCS 闭环诊断 (astropy WCS, 独立于 PlateSolve transform)...
2026-07-27 23:29:57,828 [INFO] wcs_closure: ======================================================================
2026-07-27 23:29:57,829 [INFO] wcs_closure: 诊断帧: T4_OIII_Galaxy_Center_solved
2026-07-27 23:29:57,829 [INFO] wcs_closure: FITS: f:\Astro dev\Astro CS Normalization Database\engineering_v1.2\evidence\P11-003\work\T4_OIII_Galaxy_Center_solved.fits
2026-07-27 23:29:57,829 [INFO] wcs_closure: 读取 FITS: f:\Astro dev\Astro CS Normalization Database\engineering_v1.2\evidence\P11-003\work\T4_OIII_Galaxy_Center_solved.fits
2026-07-27 23:29:57,902 [INFO] wcs_closure: 图像尺寸: 4500x3600
2026-07-27 23:29:57,914 [WARNING] astropy: FITSFixedWarning: 'datfix' made the change 'Set MJD-OBS to 60859.275556 from DATE-OBS'.
2026-07-27 23:29:57,914 [INFO] wcs_closure: WCS 构建: has_sip=True sip_order=3 ctype=['RA---TAN-SIP', 'DEC--TAN-SIP'] crpix=(2250.500,1800.500) crval=(272.892215,-13.171286)
2026-07-27 23:29:57,916 [INFO] wcs_closure: Gaia cone_search: center=(272.892215, -13.171286) radius=7.0725 deg mag_high=18.0
2026-07-27 23:29:58,079 [INFO] wcs_closure: Gaia 查询返回: n=3234083
2026-07-27 23:29:58,095 [INFO] wcs_closure: PlateSolve 求解: ra0=272.808333 dec0=-13.176944 fl=200.00 ps=6.0000
2026-07-27 23:29:58,797 [INFO] wcs_closure: callback 收到 2000 个检测星点
2026-07-27 23:29:58,891 [INFO] wcs_closure: PlateSolve 完成: success=1 n_detected=0 n_pairs=34 rms_px=0.0664 trans_order=3
2026-07-27 23:30:00,302 [INFO] wcs_closure: world_to_pixel 有效: 3234083/3234083
2026-07-27 23:30:00,353 [INFO] wcs_closure: Gaia 过滤后: ra=3234083, dec=3234083, mag=3234083, pred_xy=3234083
2026-07-27 23:30:05,044 [INFO] wcs_closure: kd-tree 匹配: 1785 对 (max_dist=3.00 px)
2026-07-27 23:30:05,117 [INFO] wcs_closure: 匹配对已保存: f:\Astro dev\Astro CS Normalization Database\engineering_v1.2\evidence\P11-003\reports\T4_OIII_Galaxy_Center\matched_pairs.json (n=1785)
2026-07-27 23:30:05,118 [INFO] wcs_closure: 闭环报告已保存: f:\Astro dev\Astro CS Normalization Database\engineering_v1.2\evidence\P11-003\reports\T4_OIII_Galaxy_Center\closure_report.json
2026-07-27 23:30:05,118 [INFO] wcs_closure: 门限: median=0.606 px (<=0.75: True), p90=0.759 px (<=1.5: True), p99=2.780 px (<=3.0: True)
2026-07-27 23:30:05,973 [INFO] wcs_closure: 残差图已保存: f:\Astro dev\Astro CS Normalization Database\engineering_v1.2\evidence\P11-003\reports\T4_OIII_Galaxy_Center\residual_plot.png
2026-07-27 23:30:06,224 [INFO] wcs_closure: 四象限分布图已保存: f:\Astro dev\Astro CS Normalization Database\engineering_v1.2\evidence\P11-003\reports\T4_OIII_Galaxy_Center\quadrant_plot.png
2026-07-27 23:30:06,224 [INFO] wcs_closure: 诊断完成: T4_OIII_Galaxy_Center_solved (耗时 7.29s)
2026-07-27 23:30:06,237 [INFO] p11_003_driver: 诊断完成: n_matched=1785, median=0.606 px, p90=0.759 px, p99=2.780 px, gate=True, 耗时=8.41s
2026-07-27 23:30:06,237 [INFO] p11_003_driver: #6/16: T2_RED_LDN43
2026-07-27 23:30:06,238 [INFO] p11_003_driver: ======================================================================
2026-07-27 23:30:06,238 [INFO] p11_003_driver: 处理帧: T2_RED_LDN43 (T2/RED/LDN43)
2026-07-27 23:30:06,238 [INFO] p11_003_driver: 源 FITS: f:\Astro dev\Astro CS Normalization Database\testdata\LDN43_T2素材_flying_dutchman\lights\LDN43_LRGBH_flying_dutchman-20250503@032713-1200S-Red.fts
2026-07-27 23:30:06,239 [INFO] p11_003_driver: 复制到: f:\Astro dev\Astro CS Normalization Database\engineering_v1.2\evidence\P11-003\work\T2_RED_LDN43_solved.fits
2026-07-27 23:30:06,259 [INFO] p11_003_driver: ----------------------------------------
2026-07-27 23:30:06,259 [INFO] p11_003_driver: PlateSolve 求解...
2026-07-27 23:30:07,487 [INFO] p11_003_driver: 求解完成: success=True, n_pairs=34, rms_px=0.1205, 耗时=1.23s
2026-07-27 23:30:07,487 [INFO] p11_003_driver: ----------------------------------------
2026-07-27 23:30:07,487 [INFO] p11_003_driver: WCS 闭环诊断 (astropy WCS, 独立于 PlateSolve transform)...
2026-07-27 23:30:07,487 [INFO] wcs_closure: ======================================================================
2026-07-27 23:30:07,487 [INFO] wcs_closure: 诊断帧: T2_RED_LDN43_solved
2026-07-27 23:30:07,487 [INFO] wcs_closure: FITS: f:\Astro dev\Astro CS Normalization Database\engineering_v1.2\evidence\P11-003\work\T2_RED_LDN43_solved.fits
2026-07-27 23:30:07,487 [INFO] wcs_closure: 读取 FITS: f:\Astro dev\Astro CS Normalization Database\engineering_v1.2\evidence\P11-003\work\T2_RED_LDN43_solved.fits
2026-07-27 23:30:07,556 [INFO] wcs_closure: 图像尺寸: 4096x4096
2026-07-27 23:30:07,574 [WARNING] astropy: FITSFixedWarning: 'datfix' made the change 'Set MJD-OBS to 60798.143993 from DATE-OBS'.
2026-07-27 23:30:07,574 [INFO] wcs_closure: WCS 构建: has_sip=True sip_order=3 ctype=['RA---TAN-SIP', 'DEC--TAN-SIP'] crpix=(2048.500,2048.500) crval=(248.609646,-15.759139)
2026-07-27 23:30:07,576 [INFO] wcs_closure: Gaia cone_search: center=(248.609646, -15.759139) radius=1.1022 deg mag_high=18.0
2026-07-27 23:30:07,579 [INFO] wcs_closure: Gaia 查询返回: n=13786
2026-07-27 23:30:07,579 [INFO] wcs_closure: PlateSolve 求解: ra0=248.608333 dec0=-15.759722 fl=1917.50 ps=9.0000
2026-07-27 23:30:08,466 [INFO] wcs_closure: callback 收到 2000 个检测星点
2026-07-27 23:30:08,505 [INFO] wcs_closure: PlateSolve 完成: success=1 n_detected=0 n_pairs=34 rms_px=0.1205 trans_order=3
2026-07-27 23:30:08,515 [INFO] wcs_closure: world_to_pixel 有效: 13786/13786
2026-07-27 23:30:08,515 [INFO] wcs_closure: Gaia 过滤后: ra=13786, dec=13786, mag=13786, pred_xy=13786
2026-07-27 23:30:08,582 [INFO] wcs_closure: kd-tree 匹配: 1945 对 (max_dist=3.00 px)
2026-07-27 23:30:08,663 [INFO] wcs_closure: 匹配对已保存: f:\Astro dev\Astro CS Normalization Database\engineering_v1.2\evidence\P11-003\reports\T2_RED_LDN43\matched_pairs.json (n=1945)
2026-07-27 23:30:08,664 [INFO] wcs_closure: 闭环报告已保存: f:\Astro dev\Astro CS Normalization Database\engineering_v1.2\evidence\P11-003\reports\T2_RED_LDN43\closure_report.json
2026-07-27 23:30:08,664 [INFO] wcs_closure: 门限: median=0.960 px (<=0.75: False), p90=1.174 px (<=1.5: True), p99=1.560 px (<=3.0: True)
2026-07-27 23:30:09,574 [INFO] wcs_closure: 残差图已保存: f:\Astro dev\Astro CS Normalization Database\engineering_v1.2\evidence\P11-003\reports\T2_RED_LDN43\residual_plot.png
2026-07-27 23:30:09,829 [INFO] wcs_closure: 四象限分布图已保存: f:\Astro dev\Astro CS Normalization Database\engineering_v1.2\evidence\P11-003\reports\T2_RED_LDN43\quadrant_plot.png
2026-07-27 23:30:09,829 [INFO] wcs_closure: 诊断完成: T2_RED_LDN43_solved (耗时 1.18s)
2026-07-27 23:30:09,835 [INFO] p11_003_driver: 诊断完成: n_matched=1945, median=0.960 px, p90=1.174 px, p99=1.560 px, gate=False, 耗时=2.35s
2026-07-27 23:30:09,835 [INFO] p11_003_driver: #7/16: T2_GREEN_LDN43
2026-07-27 23:30:09,835 [INFO] p11_003_driver: ======================================================================
2026-07-27 23:30:09,835 [INFO] p11_003_driver: 处理帧: T2_GREEN_LDN43 (T2/GREEN/LDN43)
2026-07-27 23:30:09,835 [INFO] p11_003_driver: 源 FITS: f:\Astro dev\Astro CS Normalization Database\testdata\LDN43_T2素材_flying_dutchman\lights\LDN43_LRGBH_flying_dutchman-20250503@034804-1200S-Green.fts
2026-07-27 23:30:09,835 [INFO] p11_003_driver: 复制到: f:\Astro dev\Astro CS Normalization Database\engineering_v1.2\evidence\P11-003\work\T2_GREEN_LDN43_solved.fits
2026-07-27 23:30:09,851 [INFO] p11_003_driver: ----------------------------------------
2026-07-27 23:30:09,851 [INFO] p11_003_driver: PlateSolve 求解...
2026-07-27 23:30:11,047 [INFO] p11_003_driver: 求解完成: success=True, n_pairs=32, rms_px=0.1028, 耗时=1.20s
2026-07-27 23:30:11,047 [INFO] p11_003_driver: ----------------------------------------
2026-07-27 23:30:11,047 [INFO] p11_003_driver: WCS 闭环诊断 (astropy WCS, 独立于 PlateSolve transform)...
2026-07-27 23:30:11,048 [INFO] wcs_closure: ======================================================================
2026-07-27 23:30:11,048 [INFO] wcs_closure: 诊断帧: T2_GREEN_LDN43_solved
2026-07-27 23:30:11,048 [INFO] wcs_closure: FITS: f:\Astro dev\Astro CS Normalization Database\engineering_v1.2\evidence\P11-003\work\T2_GREEN_LDN43_solved.fits
2026-07-27 23:30:11,048 [INFO] wcs_closure: 读取 FITS: f:\Astro dev\Astro CS Normalization Database\engineering_v1.2\evidence\P11-003\work\T2_GREEN_LDN43_solved.fits
2026-07-27 23:30:11,116 [INFO] wcs_closure: 图像尺寸: 4096x4096
2026-07-27 23:30:11,131 [WARNING] astropy: FITSFixedWarning: 'datfix' made the change 'Set MJD-OBS to 60798.158472 from DATE-OBS'.
2026-07-27 23:30:11,132 [INFO] wcs_closure: WCS 构建: has_sip=True sip_order=3 ctype=['RA---TAN-SIP', 'DEC--TAN-SIP'] crpix=(2048.500,2048.500) crval=(248.609808,-15.759281)
2026-07-27 23:30:11,134 [INFO] wcs_closure: Gaia cone_search: center=(248.609808, -15.759281) radius=1.1022 deg mag_high=18.0
2026-07-27 23:30:11,134 [INFO] wcs_closure: Gaia 查询返回: n=13786
2026-07-27 23:30:11,134 [INFO] wcs_closure: PlateSolve 求解: ra0=248.608333 dec0=-15.759722 fl=1917.50 ps=9.0000
2026-07-27 23:30:11,990 [INFO] wcs_closure: callback 收到 2000 个检测星点
2026-07-27 23:30:12,029 [INFO] wcs_closure: PlateSolve 完成: success=1 n_detected=0 n_pairs=32 rms_px=0.1028 trans_order=3
2026-07-27 23:30:12,039 [INFO] wcs_closure: world_to_pixel 有效: 13786/13786
2026-07-27 23:30:12,039 [INFO] wcs_closure: Gaia 过滤后: ra=13786, dec=13786, mag=13786, pred_xy=13786
2026-07-27 23:30:12,114 [INFO] wcs_closure: kd-tree 匹配: 1944 对 (max_dist=3.00 px)
2026-07-27 23:30:12,202 [INFO] wcs_closure: 匹配对已保存: f:\Astro dev\Astro CS Normalization Database\engineering_v1.2\evidence\P11-003\reports\T2_GREEN_LDN43\matched_pairs.json (n=1944)
2026-07-27 23:30:12,203 [INFO] wcs_closure: 闭环报告已保存: f:\Astro dev\Astro CS Normalization Database\engineering_v1.2\evidence\P11-003\reports\T2_GREEN_LDN43\closure_report.json
2026-07-27 23:30:12,203 [INFO] wcs_closure: 门限: median=0.788 px (<=0.75: False), p90=1.033 px (<=1.5: True), p99=1.438 px (<=3.0: True)
2026-07-27 23:30:13,081 [INFO] wcs_closure: 残差图已保存: f:\Astro dev\Astro CS Normalization Database\engineering_v1.2\evidence\P11-003\reports\T2_GREEN_LDN43\residual_plot.png
2026-07-27 23:30:13,343 [INFO] wcs_closure: 四象限分布图已保存: f:\Astro dev\Astro CS Normalization Database\engineering_v1.2\evidence\P11-003\reports\T2_GREEN_LDN43\quadrant_plot.png
2026-07-27 23:30:13,343 [INFO] wcs_closure: 诊断完成: T2_GREEN_LDN43_solved (耗时 1.15s)
2026-07-27 23:30:13,348 [INFO] p11_003_driver: 诊断完成: n_matched=1944, median=0.788 px, p90=1.033 px, p99=1.438 px, gate=False, 耗时=2.30s
2026-07-27 23:30:13,348 [INFO] p11_003_driver: #8/16: T2_BLUE_LDN43
2026-07-27 23:30:13,348 [INFO] p11_003_driver: ======================================================================
2026-07-27 23:30:13,348 [INFO] p11_003_driver: 处理帧: T2_BLUE_LDN43 (T2/BLUE/LDN43)
2026-07-27 23:30:13,348 [INFO] p11_003_driver: 源 FITS: f:\Astro dev\Astro CS Normalization Database\testdata\LDN43_T2素材_flying_dutchman\lights\LDN43_LRGBH_flying_dutchman-20250503@040855-1200S-Blue.fts
2026-07-27 23:30:13,349 [INFO] p11_003_driver: 复制到: f:\Astro dev\Astro CS Normalization Database\engineering_v1.2\evidence\P11-003\work\T2_BLUE_LDN43_solved.fits
2026-07-27 23:30:13,364 [INFO] p11_003_driver: ----------------------------------------
2026-07-27 23:30:13,364 [INFO] p11_003_driver: PlateSolve 求解...
2026-07-27 23:30:14,522 [INFO] p11_003_driver: 求解完成: success=True, n_pairs=40, rms_px=0.2883, 耗时=1.16s
2026-07-27 23:30:14,522 [INFO] p11_003_driver: ----------------------------------------
2026-07-27 23:30:14,522 [INFO] p11_003_driver: WCS 闭环诊断 (astropy WCS, 独立于 PlateSolve transform)...
2026-07-27 23:30:14,522 [INFO] wcs_closure: ======================================================================
2026-07-27 23:30:14,522 [INFO] wcs_closure: 诊断帧: T2_BLUE_LDN43_solved
2026-07-27 23:30:14,522 [INFO] wcs_closure: FITS: f:\Astro dev\Astro CS Normalization Database\engineering_v1.2\evidence\P11-003\work\T2_BLUE_LDN43_solved.fits
2026-07-27 23:30:14,522 [INFO] wcs_closure: 读取 FITS: f:\Astro dev\Astro CS Normalization Database\engineering_v1.2\evidence\P11-003\work\T2_BLUE_LDN43_solved.fits
2026-07-27 23:30:14,595 [INFO] wcs_closure: 图像尺寸: 4096x4096
2026-07-27 23:30:14,615 [WARNING] astropy: FITSFixedWarning: 'datfix' made the change 'Set MJD-OBS to 60798.172963 from DATE-OBS'.
2026-07-27 23:30:14,615 [INFO] wcs_closure: WCS 构建: has_sip=True sip_order=3 ctype=['RA---TAN-SIP', 'DEC--TAN-SIP'] crpix=(2048.500,2048.500) crval=(248.610000,-15.759486)
2026-07-27 23:30:14,618 [INFO] wcs_closure: Gaia cone_search: center=(248.610000, -15.759486) radius=1.1022 deg mag_high=18.0
2026-07-27 23:30:14,618 [INFO] wcs_closure: Gaia 查询返回: n=13786
2026-07-27 23:30:14,618 [INFO] wcs_closure: PlateSolve 求解: ra0=248.608333 dec0=-15.759722 fl=1917.70 ps=9.0000
2026-07-27 23:30:15,494 [INFO] wcs_closure: callback 收到 2000 个检测星点
2026-07-27 23:30:15,533 [INFO] wcs_closure: PlateSolve 完成: success=1 n_detected=0 n_pairs=40 rms_px=0.2883 trans_order=3
2026-07-27 23:30:15,539 [INFO] wcs_closure: world_to_pixel 有效: 13786/13786
2026-07-27 23:30:15,539 [INFO] wcs_closure: Gaia 过滤后: ra=13786, dec=13786, mag=13786, pred_xy=13786
2026-07-27 23:30:15,599 [INFO] wcs_closure: kd-tree 匹配: 1941 对 (max_dist=3.00 px)
2026-07-27 23:30:15,687 [INFO] wcs_closure: 匹配对已保存: f:\Astro dev\Astro CS Normalization Database\engineering_v1.2\evidence\P11-003\reports\T2_BLUE_LDN43\matched_pairs.json (n=1941)
2026-07-27 23:30:15,688 [INFO] wcs_closure: 闭环报告已保存: f:\Astro dev\Astro CS Normalization Database\engineering_v1.2\evidence\P11-003\reports\T2_BLUE_LDN43\closure_report.json
2026-07-27 23:30:15,688 [INFO] wcs_closure: 门限: median=0.880 px (<=0.75: False), p90=1.153 px (<=1.5: True), p99=1.718 px (<=3.0: True)
2026-07-27 23:30:16,528 [INFO] wcs_closure: 残差图已保存: f:\Astro dev\Astro CS Normalization Database\engineering_v1.2\evidence\P11-003\reports\T2_BLUE_LDN43\residual_plot.png
2026-07-27 23:30:16,875 [INFO] wcs_closure: 四象限分布图已保存: f:\Astro dev\Astro CS Normalization Database\engineering_v1.2\evidence\P11-003\reports\T2_BLUE_LDN43\quadrant_plot.png
2026-07-27 23:30:16,875 [INFO] wcs_closure: 诊断完成: T2_BLUE_LDN43_solved (耗时 1.17s)
2026-07-27 23:30:16,881 [INFO] p11_003_driver: 诊断完成: n_matched=1941, median=0.880 px, p90=1.153 px, p99=1.718 px, gate=False, 耗时=2.36s
2026-07-27 23:30:16,881 [INFO] p11_003_driver: #9/16: T2_HA_LDN43
2026-07-27 23:30:16,881 [INFO] p11_003_driver: ======================================================================
2026-07-27 23:30:16,881 [INFO] p11_003_driver: 处理帧: T2_HA_LDN43 (T2/HA/LDN43)
2026-07-27 23:30:16,881 [INFO] p11_003_driver: 源 FITS: f:\Astro dev\Astro CS Normalization Database\testdata\LDN43_T2素材_flying_dutchman\lights\LDN43_LRGBH_flying_dutchman-20250503@042947-1200S-H-alpha.fts
2026-07-27 23:30:16,881 [INFO] p11_003_driver: 复制到: f:\Astro dev\Astro CS Normalization Database\engineering_v1.2\evidence\P11-003\work\T2_HA_LDN43_solved.fits
2026-07-27 23:30:16,897 [INFO] p11_003_driver: ----------------------------------------
2026-07-27 23:30:16,897 [INFO] p11_003_driver: PlateSolve 求解...
