## T26 接缝点 ra=45.000000 dec=41.810315 的逐叶分解

  偏移 0.0px  A_drop=9.401772216564e-13  候选叶=62  drop角半径=0.1415"
  (f,i,j)                A0            A2K128        oracleK96     max_angle     drop_in      
  ( 0,1048575,1048574)  1.422099e-14  1.421628e-14  1.424297e-14  1.051e-01     2.264e-01    
  ( 0,1048575,1048575)  1.626357e-13  1.626356e-13  1.626134e-13  1.051e-01     1.366e-01    
  ( 0,1048576,1048574)  1.092326e-14  1.093981e-14  1.095723e-14  1.051e-01     2.494e-01    
  ( 0,1048576,1048575)  2.353803e-13  2.353446e-13  2.353369e-13  1.051e-01     1.960e-01    
  ( 0,1048577,1048575)  4.589560e-14  4.589957e-14  4.589870e-14  1.051e-01     2.834e-01    
  ( 0,1048574,1048576)  4.501536e-14  4.499427e-14  4.498748e-14  1.051e-01     4.004e-02    
  ( 0,1048575,1048576)  2.355276e-13  2.355155e-13  2.355525e-13  1.051e-01     9.013e-02    
  ( 0,1048575,1048577)  1.150008e-14  1.150695e-14  1.151920e-14  1.051e-01     1.404e-01    
  ( 0,1048576,1048576)  1.642398e-13  1.642669e-13  1.642786e-13  1.051e-01     1.917e-01    
  ( 0,1048576,1048577)  1.479217e-14  1.477226e-14  1.475885e-14  1.051e-01     2.391e-01    
  合计 A0=9.401308973361e-13 (rel -4.927e-05)  A2K128=9.400917299618e-13 (rel -9.093e-05)  oracleK96=9.401457916054e-13 (rel -3.343e-05)
  候选集合外仍有交叠的叶: 0 个, 面积合计 0.000e+00 (占 A_drop 0.000e+00)

  偏移 1.0px  A_drop=9.401772216956e-13  候选叶=59  drop角半径=0.1414"
  (f,i,j)                A0            A2K128        oracleK96     max_angle     drop_in      
  ( 0,1048575,1048574)  2.079555e-14  2.078249e-14  2.079792e-14  1.051e-01     4.510e-02    
  ( 0,1048576,1048572)  1.227569e-14  1.229257e-14  1.225782e-14  1.051e-01     2.224e-01    
  ( 0,1048577,1048572)  2.609537e-14  2.608471e-14  2.611361e-14  1.051e-01     2.403e-01    
  ( 0,1048576,1048573)  1.355366e-13  1.355577e-13  1.355641e-13  1.051e-01     1.289e-01    
  ( 0,1048577,1048573)  2.381052e-13  2.381052e-13  2.381052e-13  1.051e-01     1.836e-01    
  ( 0,1048578,1048572)  4.481039e-17  4.385390e-17  3.373596e-17  1.051e-01     2.968e-01    
  ( 0,1048578,1048573)  7.819701e-14  7.819214e-14  7.820427e-14  1.051e-01     2.701e-01    
  ( 0,1048576,1048574)  2.221995e-13  2.222047e-13  2.222097e-13  1.051e-01     7.667e-02    
  ( 0,1048577,1048574)  1.899134e-13  1.899272e-13  1.899244e-13  1.051e-01     1.784e-01    
  ( 0,1048576,1048575)  2.541216e-15  2.535342e-15  2.545068e-15  1.051e-01     1.313e-01    
  ( 0,1048577,1048575)  1.307532e-14  1.307471e-14  1.303961e-14  1.051e-01     2.281e-01    
  ( 0,1048578,1048574)  1.441268e-15  1.436476e-15  1.450438e-15  1.051e-01     2.827e-01    
  合计 A0=9.402209250733e-13 (rel +4.648e-05)  A2K128=9.402370064123e-13 (rel +6.359e-05)  oracleK96=9.402458159446e-13 (rel +7.296e-05)
  候选集合外仍有交叠的叶: 0 个, 面积合计 0.000e+00 (占 A_drop 0.000e+00)
