
## T7 生产 V0 直调 vs 本文件 A0 复刻 (nside=2097152, 0.20"/px, 中心 dec=90)
配置=81  候选集合 fast/cons 不一致=0
  生产 V0 直调      : 破门=32/81 最坏闭合=2.5172e-02
  本文件 A0 复刻    : 破门=32/81 最坏闭合=2.5172e-02
  |sum_prod - sum_A0| / A_drop 最坏 = 1.106e-13  (复刻保真度判据: <=1e-9)
# SUMMARY T7: PASS
	Command being timed: "verify/p1 t7"
	User time (seconds): 0.02
	System time (seconds): 0.00
	Percent of CPU this job got: 100%
	Elapsed (wall clock) time (h:mm:ss or m:ss): 0:00.02
	Average shared text size (kbytes): 0
	Average unshared data size (kbytes): 0
	Average stack size (kbytes): 0
	Average total size (kbytes): 0
	Maximum resident set size (kbytes): 4236
	Average resident set size (kbytes): 0
	Major (requiring I/O) page faults: 0
	Minor (reclaiming a frame) page faults: 176
	Voluntary context switches: 1
	Involuntary context switches: 0
	Swaps: 0
	File system inputs: 0
	File system outputs: 8
	Socket messages sent: 0
	Socket messages received: 0
	Signals delivered: 0
	Page size (bytes): 4096
	Exit status: 0
