
## T8b chart 原生交叠 (极点 ra=0.0000 dec=90.0000, nside=2097152)
  配置=49  含角点=1
  朴素(1段/边, 无角点路径)      : 最坏闭合=1.0000e+00
  自适应 subdiv_rel=1e-6        : 最坏闭合=9.0734e-01  平均折线点/配置=1084.9
  自适应 subdiv_rel=1e-8        : 最坏闭合=9.0735e-01  平均折线点/配置=10566.2
  自适应 subdiv_rel=1e-10       : 最坏闭合=9.0735e-01  平均折线点/配置=23963.2
  角点路径 N=64/128/256/512     : 最坏闭合=1.5890e-03 / 4.1668e-04 / 1.0418e-04 / 2.6055e-05

## T8b chart 原生交叠 (三角点 ra=0.0000 dec=41.8103, nside=2097152)
  配置=49  含角点=1
  朴素(1段/边, 无角点路径)      : 最坏闭合=6.8214e-02
  自适应 subdiv_rel=1e-6        : 最坏闭合=2.2181e-07  平均折线点/配置=16.7
  自适应 subdiv_rel=1e-8        : 最坏闭合=2.8520e-08  平均折线点/配置=29.2
  自适应 subdiv_rel=1e-10       : 最坏闭合=2.6862e-08  平均折线点/配置=1239.4
  角点路径 N=64/128/256/512     : 最坏闭合=2.1850e-04 / 7.4697e-05 / 1.3964e-05 / 4.3831e-06

## T8b chart 原生交叠 (赤道角点 ra=0.0000 dec=0.0000, nside=2097152)
  配置=49  含角点=0
  朴素(1段/边, 无角点路径)      : 最坏闭合=4.4619e-10
  自适应 subdiv_rel=1e-6        : 最坏闭合=2.8679e-10  平均折线点/配置=8.0
  自适应 subdiv_rel=1e-8        : 最坏闭合=2.8679e-10  平均折线点/配置=8.0
  自适应 subdiv_rel=1e-10       : 最坏闭合=2.9493e-10  平均折线点/配置=124.3
  角点路径 N=64/128/256/512     : 最坏闭合=0.0000e+00 / 0.0000e+00 / 0.0000e+00 / 0.0000e+00

## T8b chart 原生交叠 (赤道一般 ra=17.0000 dec=0.0000, nside=2097152)
  配置=49  含角点=0
  朴素(1段/边, 无角点路径)      : 最坏闭合=1.4865e-10
  自适应 subdiv_rel=1e-6        : 最坏闭合=1.3466e-10  平均折线点/配置=8.0
  自适应 subdiv_rel=1e-8        : 最坏闭合=1.3466e-10  平均折线点/配置=8.0
  自适应 subdiv_rel=1e-10       : 最坏闭合=1.3466e-10  平均折线点/配置=8.0
  角点路径 N=64/128/256/512     : 最坏闭合=0.0000e+00 / 0.0000e+00 / 0.0000e+00 / 0.0000e+00
