
## T9 REC-1 叶边界自适应细分 (极点 ra=0.0000 dec=90.0000, nside=2097152)
  配置=49
  budget=1e-06 x A_drop : 最坏闭合=9.2521e-08  平均段数/叶=421.21  破门=否
  budget=1e-07 x A_drop : 最坏闭合=1.1220e-08  平均段数/叶=1332.77  破门=否
  budget=1e-08 x A_drop : 最坏闭合=8.3885e-10  平均段数/叶=4218.90  破门=否
  budget=1e-09 x A_drop : 最坏闭合=9.7324e-11  平均段数/叶=13297.41  破门=否

## T9 REC-1 叶边界自适应细分 (三角点 ra=0.0000 dec=41.8103, nside=2097152)
  配置=49
  budget=1e-06 x A_drop : 最坏闭合=7.8968e-10  平均段数/叶=4.00  破门=否
  budget=1e-07 x A_drop : 最坏闭合=7.8968e-10  平均段数/叶=4.00  破门=否
  budget=1e-08 x A_drop : 最坏闭合=6.8639e-10  平均段数/叶=11.42  破门=否
  budget=1e-09 x A_drop : 最坏闭合=8.0223e-10  平均段数/叶=277751.69  破门=否

## T9 REC-1 叶边界自适应细分 (赤道角点 ra=0.0000 dec=0.0000, nside=2097152)
  配置=49
  budget=1e-06 x A_drop : 最坏闭合=2.5138e-10  平均段数/叶=4.00  破门=否
  budget=1e-07 x A_drop : 最坏闭合=2.5138e-10  平均段数/叶=4.00  破门=否
  budget=1e-08 x A_drop : 最坏闭合=2.5138e-10  平均段数/叶=4.00  破门=否
  budget=1e-09 x A_drop : 最坏闭合=2.5138e-10  平均段数/叶=4.00  破门=否

## T9 REC-1 叶边界自适应细分 (赤道一般 ra=17.0000 dec=0.0000, nside=2097152)
  配置=49
  budget=1e-06 x A_drop : 最坏闭合=5.0448e-10  平均段数/叶=4.00  破门=否
  budget=1e-07 x A_drop : 最坏闭合=5.0448e-10  平均段数/叶=4.00  破门=否
  budget=1e-08 x A_drop : 最坏闭合=5.0448e-10  平均段数/叶=4.00  破门=否
  budget=1e-09 x A_drop : 最坏闭合=5.0448e-10  平均段数/叶=105.40  破门=否
