
## T13 判据非退化（负例注入）
  N1 赤道一般位置 V0 闭合=2.046e-11  -> 绿 OK (须 <1e-6: 度量归零)
  N2 极点极小 drop (pf=0.05, 面积比=2.362e-03) V0 闭合=7.105e-16 oracle=3.553e-16 -> 绿 OK
  N6 (ra,dec) 表示域：
    pf=1e+00: drop 角半径=6.856e-07 rad (=0.1414")  面积/期望=1.0000
    pf=2e-01: drop 角半径=1.374e-07 rad (=0.0283")  面积/期望=1.0038
    pf=5e-02: drop 角半径=3.332e-08 rad (=0.0069")  面积/期望=0.9447
    pf=1e-02: drop 角半径=6.123e-17 rad (=0.0000")  面积/期望=0.0000
    pf=1e-03: drop 角半径=6.123e-17 rad (=0.0000")  面积/期望=0.0000
    -> 角半径 < ~1.5e-8 rad (0.003") 时 dec 舍入到 90 度，面积塌缩；
       生产路径须对此 fail-closed（本实验只登记，不改生产）。

## T14 极点邻域 drop 构造保真度：(ra,dec) 往返 vs 直接 3D
  中心偏移 drop角半径  面积比(2D/3D) 闭合(2D)/闭合(3D)
  0.0        6.8563e-07     0.999957       2.15e-16 / 0.00e+00
  0.0        1.3713e-07     1.003736       0.00e+00 / 1.68e-16
  0.0        3.4282e-08     0.944693       7.11e-16 / 3.36e-16
  0.5        1.0841e-06     1.000146       2.52e-02 / 2.52e-02
  0.5        5.8980e-07     1.000197       6.71e-16 / 1.68e-16
  0.5        5.0963e-07     1.001368       3.35e-16 / 3.36e-15
  1.0        1.5331e-06     0.999957       4.30e-16 / 6.44e-16
  1.0        1.0710e-06     1.000190       6.71e-16 / 1.01e-15
  1.0        9.9416e-07     0.999014       2.35e-15 / 1.68e-16
  2.0        2.4721e-06     1.000012       5.27e-04 / 5.27e-04
  2.0        2.0385e-06     0.999899       1.73e-14 / 2.10e-14
  2.0        1.9636e-06     0.999013       2.35e-15 / 3.69e-15
  5.0        5.3549e-06     1.000004       3.01e-15 / 4.08e-15
  5.0        4.9461e-06     0.999957       3.69e-15 / 8.56e-15
  5.0        4.8724e-06     0.999957       1.14e-14 / 4.53e-15
  10.0       1.0193e-05     1.000004       1.15e-05 / 1.15e-05
  10.0       9.7937e-06     1.000016       1.19e-14 / 1.06e-14
  10.0       9.7205e-06     1.000193       3.05e-14 / 2.30e-14
  20.0       1.9883e-05     0.999998       7.09e-14 / 5.18e-14
  20.0       1.9490e-05     0.999987       1.59e-13 / 2.93e-12
  20.0       1.9417e-05     0.999957       4.21e-11 / 2.77e-12
  50.0       4.8969e-05     1.000002       6.66e-15 / 2.99e-14
  50.0       4.8578e-05     1.000004       4.01e-12 / 4.41e-12
  50.0       4.8506e-05     1.000004       2.87e-11 / 1.24e-10
  100.0      9.7449e-05     1.000001       9.50e-13 / 2.96e-13
  100.0      9.7060e-05     0.999998       6.48e-12 / 1.40e-11
  100.0      9.6987e-05     1.000004       2.64e-10 / 4.62e-10
  200.0      1.9441e-04     1.000000       5.04e-13 / 1.92e-12
  200.0      1.9402e-04     1.000001       2.88e-11 / 9.26e-11
  200.0      1.9395e-04     1.000004       6.77e-11 / 1.86e-09
  500.0      4.8530e-04     1.000000       2.75e-11 / 4.48e-11
  500.0      4.8491e-04     1.000000       3.71e-10 / 6.50e-10
  500.0      4.8484e-04     1.000000       5.42e-13 / 1.06e-12

## T15 极点邻域 drop 面积的三种构造 (double radec / long-double radec / 直接 3D)
  中心偏移px drop半径rad |A_dbl/A_3D-1| |A_ld/A_3D-1| 模型 2.2e-16/r^2
  0.00     6.8563e-07    4.293e-05     4.293e-05     4.680e-04    
  0.25     8.7401e-07    1.011e-04     1.011e-04     2.880e-04    
  0.50     1.0841e-06    1.460e-04     1.460e-04     1.872e-04    
  1.00     1.5331e-06    4.293e-05     4.293e-05     9.360e-05    
  2.00     2.4721e-06    1.157e-05     1.157e-05     3.600e-05    
  4.00     4.3902e-06    1.559e-05     1.559e-05     1.141e-05    
  8.00     8.2561e-06    1.332e-06     1.332e-06     3.228e-06    
  16.00    1.6006e-05    1.348e-06     1.348e-06     8.587e-07    
  32.00    3.1517e-05    1.351e-06     1.350e-06     2.215e-07    
  64.00    6.2543e-05    4.894e-07     4.895e-07     5.624e-08    
  128.00   1.2460e-04    4.503e-07     4.504e-07     1.417e-08    
  256.00   2.4871e-04    5.800e-08     5.817e-08     3.557e-09    
  N3 极点注入 V0: 破门=376/1089 最坏=2.517e-02 -> 红 OK（判据有效） (须判红)
  N4 极点 REC-1(1e-7): 破门=0/1089 最坏=2.789e-08 -> 绿 OK (须全绿)
  N5 oracle 自身闭合（4 位置 x 25 配置）最坏=4.908e-10 -> 绿 OK
# SUMMARY T13: PASS
