## T17 极点破门半径依赖 (nside=2097152, 0.20"/px)
  r(px)    r(")     V0最坏      V0中位      REC-1最坏   oracle最坏  段/叶   
  0.00     0.000    2.148e-16     2.148e-16     4.296e-16     4.296e-16     553.5     
  0.25     0.050    2.518e-02     2.148e-16     2.550e-07     8.591e-16     548.9     
  0.50     0.100    2.517e-02     2.517e-02     2.550e-07     6.443e-16     547.9     
  1.00     0.200    1.357e-03     4.296e-16     1.440e-07     1.074e-15     537.3     
  2.00     0.400    1.045e-03     5.274e-04     8.767e-08     2.578e-15     469.5     
  4.00     0.800    5.990e-05     5.989e-05     8.802e-08     5.155e-15     335.1     
  8.00     1.600    6.607e-05     2.693e-05     5.192e-08     7.518e-15     236.0     
  12.00    2.400    2.890e-05     4.726e-15     7.557e-09     1.289e-14     195.2     
  16.00    3.200    1.545e-05     4.459e-06     1.209e-07     2.556e-14     171.2     
  20.00    4.000    1.101e-05     3.845e-14     1.016e-08     7.926e-14     146.8     
  24.00    4.800    7.244e-06     2.180e-06     4.170e-08     8.205e-14     139.2     
  32.00    6.400    2.094e-13     4.081e-14     1.474e-13     1.950e-13     127.3     
  64.00    12.800   1.737e-12     2.363e-13     1.728e-12     2.036e-12     87.9      
  128.00   25.600   1.563e-08     1.235e-12     4.293e-09     3.635e-12     67.3      
  256.00   51.200   7.529e-12     1.574e-12     9.422e-12     8.570e-12     44.5      
  512.00   102.400  1.604e-08     2.943e-09     9.447e-10     5.442e-11     34.5      
  1024.00  204.800  6.681e-10     1.021e-10     1.755e-10     2.177e-10     22.5      
	Command being timed: "verify/p5 logs/t17_extent.csv"
	User time (seconds): 2.00
	System time (seconds): 0.00
	Percent of CPU this job got: 100%
	Elapsed (wall clock) time (h:mm:ss or m:ss): 0:02.00
	Average shared text size (kbytes): 0
	Average unshared data size (kbytes): 0
	Average stack size (kbytes): 0
	Average total size (kbytes): 0
	Maximum resident set size (kbytes): 4144
	Average resident set size (kbytes): 0
	Major (requiring I/O) page faults: 0
	Minor (reclaiming a frame) page faults: 193
	Voluntary context switches: 1
	Involuntary context switches: 10
	Swaps: 0
	File system inputs: 0
	File system outputs: 56
	Socket messages sent: 0
	Socket messages received: 0
	Signals delivered: 0
	Page size (bytes): 4096
	Exit status: 0
