## T23 极点栅格 ±8px/0.5px (nside=2^21, 0.2"/px)
  use_fast=1 (生产)    n=1089  | A0 376/1089 2.517e-02 | A1 372/1089 2.524e-02 | A2   4/1089 1.854e-06 | A3   8/1089 4.539e-06 | full=376 quick=42121 sh=23804
  use_fast=0             n=1089  | A0   0/1089 3.823e-14 | A1   0/1089 3.716e-14 | A2   0/1089 3.394e-14 | A3   0/1089 3.458e-14 | full=0 quick=0 sh=66301

## T24 u+v=1 接缝中点 ra=45 dec=41.810315 ±8px/1px
  use_fast=1             n=289   | A0 283/289  1.802e-04 | A1 282/289  1.632e-04 | A2 283/289  1.684e-04 | A3 284/289  1.683e-04 | full=107 quick=11189 sh=6295
  use_fast=0             n=289   | A0 283/289  1.802e-04 | A1 282/289  1.632e-04 | A2 283/289  1.684e-04 | A3 284/289  1.683e-04 | full=0 quick=0 sh=17591

## T24b 对照: 同纬度三角点 ra=0 dec=41.810315
  use_fast=1             n=289   | A0   0/289  2.144e-08 | A1   0/289  2.146e-08 | A2   0/289  2.302e-09 | A3   0/289  2.480e-09 | full=70 quick=11183 sh=6336

## T24c 对照: 赤道 ra=45 dec=0
  use_fast=1             n=289   | A0   0/289  2.216e-09 | A1   0/289  2.216e-09 | A2   0/289  2.379e-09 | A3   0/289  2.379e-09 | full=132 quick=11207 sh=6279

## T29 接缝亏空的 HST 尺度外推检验（预测：0.04"/px 时应达 ~4e-3）
  u+v=1 接缝中点         0.20  "/px nside=2^21 n=289  | A0 最坏=1.802e-04 (绝对 1.694e-16 sr) | 生产V0 最坏=1.749e-04 | |Δ|/A=4.153e-05
  u+v=1 接缝中点         0.04  "/px nside=2^23 n=289  | A0 最坏=3.122e-03 (绝对 1.174e-16 sr) | 生产V0 最坏=3.317e-03 | |Δ|/A=1.760e-03
  u+v=1 接缝中点         0.08  "/px nside=2^22 n=289  | A0 最坏=8.890e-04 (绝对 1.337e-16 sr) | 生产V0 最坏=8.614e-04 | |Δ|/A=4.746e-04
  同纬度三角点(对照) 0.04  "/px nside=2^23 n=289  | A0 最坏=1.418e-08 (绝对 5.333e-22 sr) | 生产V0 最坏=1.486e-08 | |Δ|/A=4.344e-09
  赤道 ra=45(对照)       0.04  "/px nside=2^23 n=289  | A0 最坏=1.604e-08 (绝对 6.031e-22 sr) | 生产V0 最坏=1.484e-08 | |Δ|/A=5.566e-09

## T28 接缝亏空的尺度标定: u+v=1 接缝中点 (ra=45.0000 dec=41.810315, nside=2^21)
  drop倍数 drop角半径" A0 最坏闭合 oracle 最坏  亏空(有符号中位)
  1.0     x 0.1414       1.802e-04      1.689e-04      +1.119e-06
  2.0     x 0.2828       3.305e-05      4.112e-05      -1.954e-07
  4.0     x 0.5657       9.381e-06      1.161e-05      -4.504e-09
  8.0     x 1.1314       2.267e-06      2.295e-06      -4.067e-08

## T28 接缝亏空的尺度标定: 同纬度三角点(对照) (ra=0.0000 dec=41.810315, nside=2^21)
  drop倍数 drop角半径" A0 最坏闭合 oracle 最坏  亏空(有符号中位)
  1.0     x 0.1414       1.974e-09      2.726e-09      -9.804e-12
  2.0     x 0.2828       1.055e-09      1.340e-09      +1.628e-11
  4.0     x 0.5657       5.614e-10      5.860e-10      +1.272e-12
  8.0     x 1.1314       3.158e-10      3.327e-10      +5.156e-12

## T28 接缝亏空的尺度标定: 赤道 ra=45(对照) (ra=45.0000 dec=0.000000, nside=2^21)
  drop倍数 drop角半径" A0 最坏闭合 oracle 最坏  亏空(有符号中位)
  1.0     x 0.1414       2.216e-09      3.543e-09      -2.198e-11
  2.0     x 0.2828       1.460e-09      1.331e-09      +5.146e-12
  4.0     x 0.5657       6.024e-10      7.236e-10      -7.211e-13
  8.0     x 1.1314       2.772e-10      2.799e-10      +5.011e-13

## T27 生产 V0 直调 vs A0 复刻（T7 口径，扩展到接缝/三角点/极点）
  u+v=1 接缝中点             n=289   | 生产V0 破门=280/289 最坏=1.7489e-04 | A0复刻 破门=283/289 最坏=1.8022e-04 | |Δ|/A_drop=4.153e-05
  同纬度三角点             n=289   | 生产V0 破门=0/289 最坏=2.1492e-08 | A0复刻 破门=0/289 最坏=2.1445e-08 | |Δ|/A_drop=6.719e-10
  赤道 ra=45                   n=289   | 生产V0 破门=0/289 最坏=2.4853e-09 | A0复刻 破门=0/289 最坏=2.2158e-09 | |Δ|/A_drop=1.418e-09
  极点                         n=1089  | 生产V0 破门=376/1089 最坏=2.5172e-02 | A0复刻 破门=376/1089 最坏=2.5172e-02 | |Δ|/A_drop=1.149e-13

## T25 角点公式在 u+v=1 两侧的连续性 (face0, 角点法 vs 真实曲线法)
  u        v                u+v          两法角距  
  0.2500   0.749999999000   0.999999999  0.000e+00     
  0.2500   0.749999999999   1.000000000  0.000e+00     
  0.2500   0.750000000000   1.000000000  0.000e+00     
  0.2500   0.750000000001   1.000000000  0.000e+00     
  0.2500   0.750000001000   1.000000001  1.241e-16     
  0.5000   0.499999999000   0.999999999  0.000e+00     
  0.5000   0.499999999999   1.000000000  0.000e+00     
  0.5000   0.500000000000   1.000000000  0.000e+00     
  0.5000   0.500000000001   1.000000000  0.000e+00     
  0.5000   0.500000001000   1.000000001  7.850e-17     
  0.7500   0.249999999000   0.999999999  0.000e+00     
  0.7500   0.249999999999   1.000000000  0.000e+00     
  0.7500   0.250000000000   1.000000000  0.000e+00     
  0.7500   0.250000000001   1.000000000  0.000e+00     
  0.7500   0.250000001000   1.000000001  6.206e-17     
