
## T29 接缝亏空的 HST 尺度外推检验（预测：0.04"/px 时应达 ~4e-3）
  u+v=1 接缝中点         0.20  "/px nside=2^21 n=289  | A0 最坏=1.802e-04 (绝对 1.694e-16 sr) | 生产V0 最坏=1.749e-04 | |Δ|/A=4.153e-05
  u+v=1 接缝中点         0.04  "/px nside=2^23 n=289  | A0 最坏=3.122e-03 (绝对 1.174e-16 sr) | 生产V0 最坏=3.317e-03 | |Δ|/A=1.760e-03
  u+v=1 接缝中点         0.08  "/px nside=2^22 n=289  | A0 最坏=8.890e-04 (绝对 1.337e-16 sr) | 生产V0 最坏=8.614e-04 | |Δ|/A=4.746e-04
  同纬度三角点(对照) 0.04  "/px nside=2^23 n=289  | A0 最坏=1.418e-08 (绝对 5.333e-22 sr) | 生产V0 最坏=1.486e-08 | |Δ|/A=4.344e-09
  赤道 ra=45(对照)       0.04  "/px nside=2^23 n=289  | A0 最坏=1.604e-08 (绝对 6.031e-22 sr) | 生产V0 最坏=1.484e-08 | |Δ|/A=5.566e-09
	Command being timed: "verify/p9 t29"
	User time (seconds): 0.20
	System time (seconds): 0.00
	Percent of CPU this job got: 99%
	Elapsed (wall clock) time (h:mm:ss or m:ss): 0:00.20
	Average shared text size (kbytes): 0
	Average unshared data size (kbytes): 0
	Average stack size (kbytes): 0
	Average total size (kbytes): 0
	Maximum resident set size (kbytes): 4488
	Average resident set size (kbytes): 0
	Major (requiring I/O) page faults: 0
	Minor (reclaiming a frame) page faults: 241
	Voluntary context switches: 1
	Involuntary context switches: 0
	Swaps: 0
	File system inputs: 0
	File system outputs: 8
	Socket messages sent: 0
	Socket messages received: 0
	Signals delivered: 0
	Page size (bytes): 4096
	Exit status: 0
