{
  "ok": true,
  "results": [
    {
      "ok": true,
      "exit_code": 0,
      "stdout": "## main...origin/main\n M engineering_v1.2/control/CURRENT_TASK.md\n M engineering_v1.2/control/MASTER_TASK_REGISTER.csv\n M engineering_v1.2/control/PROJECT_STATE.yaml\n?? engineering_v1.2/evidence/P10-002/raw_logs/commit_run.log\n?? engineering_v1.2/evidence/P10-003/\n",
      "stderr": "",
      "elapsed_sec": 0.053,
      "cmd": [
        "git",
        "status",
        "--porcelain=v1",
        "-b"
      ],
      "extra": {
        "porcelain": "## main...origin/main\n M engineering_v1.2/control/CURRENT_TASK.md\n M engineering_v1.2/control/MASTER_TASK_REGISTER.csv\n M engineering_v1.2/control/PROJECT_STATE.yaml\n?? engineering_v1.2/evidence/P10-002/raw_logs/commit_run.log\n?? engineering_v1.2/evidence/P10-003/\n"
      },
      "step": 0,
      "type": "git_status"
    },
    {
      "ok": true,
      "exit_code": 0,
      "stdout": "",
      "stderr": "warning: in the working copy of 'engineering_v1.2/control/MASTER_TASK_REGISTER.csv', CRLF will be replaced by LF the next time Git touches it\nwarning: in the working copy of 'engineering_v1.2/evidence/P10-003/CALIBRATION_MASTER_INVENTORY.csv', CRLF will be replaced by LF the next time Git touches it\nwarning: in the working copy of 'engineering_v1.2/evidence/P10-003/CALIBRATION_MASTER_INVENTORY_SUMMARY.json', CRLF will be replaced by LF the next time Git touches it\nwarning: in the working copy of 'engineering_v1.2/evidence/P10-003/raw_logs/extract_calibration_master_inventory.log', CRLF will be replaced by LF the next time Git touches it\nwarning: in the working copy of 'engineering_v1.2/evidence/P10-003/raw_logs/validate_calibration_master_inventory.log', CRLF will be replaced by LF the next time Git touches it\nwarning: in the working copy of 'engineering_v1.2/evidence/P10-003/raw_logs/validate_calibration_master_inventory_result.json', CRLF will be replaced by LF the next time Git touches it\n",
      "elapsed_sec": 0.086,
      "cmd": [
        "git",
        "add",
        "engineering_v1.2/control/MASTER_TASK_REGISTER.csv",
        "engineering_v1.2/control/PROJECT_STATE.yaml",
        "engineering_v1.2/control/CURRENT_TASK.md",
        "engineering_v1.2/evidence/P10-003/"
      ],
      "step": 1,
      "type": "git_add"
    },
    {
      "ok": true,
      "exit_code": 0,
      "stdout": "[main 2005b3c] P10-003: 盘点全部主校准帧 (DONE)\n 16 files changed, 1694 insertions(+), 56 deletions(-)\n create mode 100644 engineering_v1.2/evidence/P10-003/CALIBRATION_MASTER_INVENTORY.csv\n create mode 100644 engineering_v1.2/evidence/P10-003/CALIBRATION_MASTER_INVENTORY_SUMMARY.json\n create mode 100644 engineering_v1.2/evidence/P10-003/EVIDENCE_INDEX.md\n create mode 100644 engineering_v1.2/evidence/P10-003/REVIEW_REPORT.md\n create mode 100644 engineering_v1.2/evidence/P10-003/TASK_REPORT.md\n create mode 100644 engineering_v1.2/evidence/P10-003/TEST_REPORT.md\n create mode 100644 engineering_v1.2/evidence/P10-003/commit_config.json\n create mode 100644 engineering_v1.2/evidence/P10-003/commit_msg.txt\n create mode 100644 engineering_v1.2/evidence/P10-003/raw_logs/extract_calibration_master_inventory.log\n create mode 100644 engineering_v1.2/evidence/P10-003/raw_logs/validate_calibration_master_inventory.log\n create mode 100644 engineering_v1.2/evidence/P10-003/raw_logs/validate_calibration_master_inventory_result.json\n create mode 100644 engineering_v1.2/evidence/P10-003/scripts/extract_calibration_master_inventory.py\n create mode 100644 engineering_v1.2/evidence/P10-003/scripts/validate_calibration_master_inventory.py\n",
      "stderr": "",
      "elapsed_sec": 0.094,
      "cmd": [
        "git",
        "commit",
        "-F",
        ".\\engineering_v1.2/evidence/P10-003/commit_msg.txt"
      ],
      "step": 2,
      "type": "git_commit"
    },
    {
      "ok": true,
      "exit_code": 0,
      "stdout": "",
      "stderr": "To https://github.com/fujiaze/Astro-CS-Database.git\n   fb1ad49..2005b3c  main -> main\n",
      "elapsed_sec": 3.334,
      "cmd": [
        "git",
        "push",
        "origin",
        "main"
      ],
      "step": 3,
      "type": "git_push"
    },
    {
      "ok": true,
      "exit_code": 0,
      "stdout": "2005b3c P10-003: 盘点全部主校准帧 (DONE)\nfb1ad49 P10-002: 建立 T1-T4 设备档案 (DONE)\nbb6963b P10-001: 读取全部 TestData 子目录说明文档\n",
      "stderr": "",
      "elapsed_sec": 0.026,
      "cmd": [
        "git",
        "log",
        "--oneline",
        "-n",
        "3"
      ],
      "step": 4,
      "type": "git_log"
    }
  ]
}