=== actions/checkout v7.0.1 ===
{
  "ref": "refs/tags/v7.0.1",
  "node_id": "MDM6UmVmMTk3ODE0NjI5OnJlZnMvdGFncy92Ny4wLjE=",
  "url": "https://api.github.com/repos/actions/checkout/git/refs/tags/v7.0.1",
  "object": {
    "sha": "3d3c42e5aac5ba805825da76410c181273ba90b1",
    "type": "commit",
    "url": "https://api.github.com/repos/actions/checkout/git/commits/3d3c42e5aac5ba805825da76410c181273ba90b1"
  }
}

=== actions/checkout v6.0.0 ===
{
  "ref": "refs/tags/v6.0.0",
  "node_id": "MDM6UmVmMTk3ODE0NjI5OnJlZnMvdGFncy92Ni4wLjA=",
  "url": "https://api.github.com/repos/actions/checkout/git/refs/tags/v6.0.0",
  "object": {
    "sha": "1af3b93b6815bc44a9784bd300feb67ff0d1eeb3",
    "type": "commit",
    "url": "https://api.github.com/repos/actions/checkout/git/commits/1af3b93b6815bc44a9784bd300feb67ff0d1eeb3"
  }
}

=== actions/checkout v5.0.0 ===
{
  "ref": "refs/tags/v5.0.0",
  "node_id": "MDM6UmVmMTk3ODE0NjI5OnJlZnMvdGFncy92NS4wLjA=",
  "url": "https://api.github.com/repos/actions/checkout/git/refs/tags/v5.0.0",
  "object": {
    "sha": "08c6903cd8c0fde910a37f88322edcfb5dd907a8",
    "type": "commit",
    "url": "https://api.github.com/repos/actions/checkout/git/commits/08c6903cd8c0fde910a37f88322edcfb5dd907a8"
  }
}

tag=v5.0.0 HTTP=200 ref= refs/tags/v5.0.0 -> 330a01c490aca151604b8cf639adc76d48f6c5d4 commit 
tag=v4.6.2 HTTP=200 ref= refs/tags/v4.6.2 -> ea165f8d65b6e75b540449e92b4886f43607fa02 commit 
v5.0.0 -> 330a01c490aca151604b8cf639adc76d48f6c5d4
v4.6.2 -> ea165f8d65b6e75b540449e92b4886f43607fa02
