=== repos/actions/checkout/tags?per_page=5 ===
[
  {
    "name": "v7.0.1",
    "zipball_url": "https://api.github.com/repos/actions/checkout/zipball/refs/tags/v7.0.1",
    "tarball_url": "https://api.github.com/repos/actions/checkout/tarball/refs/tags/v7.0.1",
    "commit": {
      "sha": "3d3c42e5aac5ba805825da76410c181273ba90b1",
      "url": "https://api.github.com/repos/actions/checkout/commits/3d3c42e5aac5ba805825da76410c181273ba90b1"
    },
    "node_id": "MDM6UmVmMTk3ODE0NjI5OnJlZnMvdGFncy92Ny4wLjE="
  },
  {
    "name": "v7.0.0",
    "zipball_url": "https://api.github.com/repos/actions/checkout/zipball/refs/tags/v7.0.0",
    "tarball_url": "https://api.github.com/repos/actions/checkout/tarball/refs/tags/v7.0.0",
    "commit": {
      "sha": "9c091bb21b7c1c1d1991bb908d89e4e9dddfe3e0",
      "url": "https://api.github.com/repos/actions/checkout/commits/9c091bb21b7c1c1d1991bb908d89e4e9dddfe3e0"
    },
    "node_id": "MDM6UmVmMTk3ODE0NjI5OnJlZnMvdGFncy92Ny4wLjA="
  },
  {
    "name": "v7",
    "zipball_url": "https://api.github.com/repos/actions/checkout/zipball/refs/tags/v7",
    "tarball_url": "https://api.github.com/repos/actions/checkout/tarball/refs/tags/v7",
    "commit": {
      "sha": "3d3c42e5aac5ba805825da76410c181273ba90b1",
      "url": "https://api.github.com/repos/actions/checkout/commits/3d3c42e5aac5ba805825da76410c181273ba90b1"
    },
    "node_id": "MDM6UmVmMTk3ODE0NjI5OnJlZnMvdGFncy92Nw=="
  },
  {
    "name": "v6.1.0",
    "zipball_url": "https://api.github.com/repos/actions/checkout/zipball/refs/tags/v6.1.0",
    "tarball_url": "https://api.github.com/repos/actions/checkout/tarball/refs/tags/v6.1.0",
    "commit": {
      "sha": "d23441a48e516b6c34aea4fa41551a30e30af803",
      "url": "https://api.github.com/repos/actions/checkout/commits/d23441a48e516b6c34aea4fa41551a30e30af803"
    },
    "node_id": "MDM6UmVmMTk3ODE0NjI5OnJlZnMvdGFncy92Ni4xLjA="
  },
  {
    "name": "v6.0.3",
    "zipball_url": "https://api.github.com/repos/actions/checkout/zipball/refs/tags/v6.0.3",
    "tarball_url": "https://api.github.com/repos/actions/checkout/tarball/refs/tags/v6.0.3",
    "commit": {
      "sha": "df4cb1c069e1874edd31b4311f1884172cec0e10",
      "url": "https://api.github.com/repos/actions/checkout/commits/df4cb1c069e1874edd31b4311f1884172cec0e10"
    },
    "node_id": "MDM6UmVmMTk3ODE0NjI5OnJlZnMvdGFncy92Ni4wLjM="
  }
]

=== repos/actions/upload-artifact/tags?per_page=5 ===
[
  {
    "name": "v7.0.1",
    "zipball_url": "https://api.github.com/repos/actions/upload-artifact/zipball/refs/tags/v7.0.1",
    "tarball_url": "https://api.github.com/repos/actions/upload-artifact/tarball/refs/tags/v7.0.1",
    "commit": {
      "sha": "043fb46d1a93c77aae656e7c1c64a875d1fc6a0a",
      "url": "https://api.github.com/repos/actions/upload-artifact/commits/043fb46d1a93c77aae656e7c1c64a875d1fc6a0a"
    },
    "node_id": "MDM6UmVmMTkyNjI1OTU1OnJlZnMvdGFncy92Ny4wLjE="
  },
  {
    "name": "v7.0.0",
    "zipball_url": "https://api.github.com/repos/actions/upload-artifact/zipball/refs/tags/v7.0.0",
    "tarball_url": "https://api.github.com/repos/actions/upload-artifact/tarball/refs/tags/v7.0.0",
    "commit": {
      "sha": "bbbca2ddaa5d8feaa63e36b76fdaad77386f024f",
      "url": "https://api.github.com/repos/actions/upload-artifact/commits/bbbca2ddaa5d8feaa63e36b76fdaad77386f024f"
    },
    "node_id": "MDM6UmVmMTkyNjI1OTU1OnJlZnMvdGFncy92Ny4wLjA="
  },
  {
    "name": "v7",
    "zipball_url": "https://api.github.com/repos/actions/upload-artifact/zipball/refs/tags/v7",
    "tarball_url": "https://api.github.com/repos/actions/upload-artifact/tarball/refs/tags/v7",
    "commit": {
      "sha": "043fb46d1a93c77aae656e7c1c64a875d1fc6a0a",
      "url": "https://api.github.com/repos/actions/upload-artifact/commits/043fb46d1a93c77aae656e7c1c64a875d1fc6a0a"
    },
    "node_id": "MDM6UmVmMTkyNjI1OTU1OnJlZnMvdGFncy92Nw=="
  },
  {
    "name": "v6.0.0",
    "zipball_url": "https://api.github.com/repos/actions/upload-artifact/zipball/refs/tags/v6.0.0",
    "tarball_url": "https://api.github.com/repos/actions/upload-artifact/tarball/refs/tags/v6.0.0",
    "commit": {
      "sha": "b7c566a772e6b6bfb58ed0dc250532a479d7789f",
      "url": "https://api.github.com/repos/actions/upload-artifact/commits/b7c566a772e6b6bfb58ed0dc250532a479d7789f"
    },
    "node_id": "MDM6UmVmMTkyNjI1OTU1OnJlZnMvdGFncy92Ni4wLjA="
  },
  {
    "name": "v6",
    "zipball_url": "https://api.github.com/repos/actions/upload-artifact/zipball/refs/tags/v6",
    "tarball_url": "https://api.github.com/repos/actions/upload-artifact/tarball/refs/tags/v6",
    "commit": {
      "sha": "b7c566a772e6b6bfb58ed0dc250532a479d7789f",
      "url": "https://api.github.com/repos/actions/upload-artifact/commits/b7c566a772e6b6bfb58ed0dc250532a479d7789f"
    },
    "node_id": "MDM6UmVmMTkyNjI1OTU1OnJlZnMvdGFncy92Ng=="
  }
]

=== repos/actions/upload-artifact/git/refs/tags/v5.0.0 ===
{
  "ref": "refs/tags/v5.0.0",
  "node_id": "MDM6UmVmMTkyNjI1OTU1OnJlZnMvdGFncy92NS4wLjA=",
  "url": "https://api.github.com/repos/actions/upload-artifact/git/refs/tags/v5.0.0",
  "object": {
    "sha": "330a01c490aca151604b8cf639adc76d48f6c5d4",
    "type": "commit",
    "url": "https://api.github.com/repos/actions/upload-artifact/git/commits/330a01c490aca151604b8cf639adc76d48f6c5d4"
  }
}

=== repos/actions/upload-artifact/git/refs/tags/v4.6.2 ===
{
  "ref": "refs/tags/v4.6.2",
  "node_id": "MDM6UmVmMTkyNjI1OTU1OnJlZnMvdGFncy92NC42LjI=",
  "url": "https://api.github.com/repos/actions/upload-artifact/git/refs/tags/v4.6.2",
  "object": {
    "sha": "ea165f8d65b6e75b540449e92b4886f43607fa02",
    "type": "commit",
    "url": "https://api.github.com/repos/actions/upload-artifact/git/commits/ea165f8d65b6e75b540449e92b4886f43607fa02"
  }
}

