=== COMMAND ===
f:\Astro dev\Astro CS Normalization Database\lib\orchestrator\cpp\orchestrator.exe stage1 --frame f:\Astro dev\Astro CS Normalization Database\testdata\NGC55_T3_flying_dutchman\lights\NGC55_T3_flying_dutchman-20250701@081412-1200S-H-alpha.fts --output f:\Astro dev\Astro CS Normalization Database\engineering_v1.3\evidence\P12-004\raw_logs\T3_HA_NGC55\T3_HA_NGC55.hiss --gaia-data GaiaDR3SP --filter H-alpha --config f:\Astro dev\Astro CS Normalization Database\engineering_v1.3\evidence\P12-004\scripts\stage1_config_T3.json --log-level INFO

=== EXIT CODE ===
0

=== STDOUT ===
{
  "success": true,
  "frame_name": "f:\\Astro dev\\Astro CS Normalization Database\\testdata\\NGC55_T3_flying_dutchman\\lights\\NGC55_T3_flying_dutchman-20250701@081412-1200S-H-alpha.fts",
  "timings": [
    {"stage": "CALIBRATE", "name": "READ_FITS", "duration_sec": 0.0547839, "success": true},
    {"stage": "CALIBRATE", "name": "CALIBRATE", "duration_sec": 0.915731, "success": true},
    {"stage": "CALIBRATE", "name": "PLATESOLVE", "duration_sec": 0.745769, "success": true},
    {"stage": "CALIBRATE", "name": "PSF", "duration_sec": 0.100908, "success": true},
    {"stage": "CALIBRATE", "name": "PHOTOMETRIC", "duration_sec": 0.036837, "success": true},
    {"stage": "CALIBRATE", "name": "SNR", "duration_sec": 0.0013205, "success": true},
    {"stage": "CALIBRATE", "name": "DRIZZLE", "duration_sec": 23.5798, "success": true}
  ],
  "wcs_fields": {},
  "photo_stats": {"FIT_USED": "271", "GAIA_IN_FRAME": "311", "MATCH_DIST_MAX": "1.583111", "MATCH_DIST_MEDIAN": "0.446764", "MATCH_DIST_P90": "0.808888", "N_MATCHED": "271", "PSF_TOTAL": "418", "PSF_VALID": "398", "REJECTED_AMBIGUOUS": "0", "REJECTED_DISTANCE": "124", "REJECTED_QUALITY": "3", "ROBUST_ITERATIONS": "6", "R_MAX": "5.769996", "R_MEDIAN": "5.327097", "R_P90": "5.452667", "SCALE_FACTOR": "0.000005", "SIGMA_RESIDUAL": "0.100344", "SPATIAL_CANDIDATES": "274", "SPECTRUM_ROWS_TOTAL": "759", "STATUS": "OK", "UNIQUE_MATCHES": "274", "VALID_FSYN": "759"},
  "output_ahpx_path": "f:\\Astro dev\\Astro CS Normalization Database\\engineering_v1.3\\evidence\\P12-004\\raw_logs\\T3_HA_NGC55\\T3_HA_NGC55.hiss",
  "error_msg": ""
}

=== STDERR ===
[2026-07-28 23:14:08][INFO][cli] stage1 gaia-data: GaiaDR3SP
[2026-07-28 23:14:08][INFO][cli] stage1 filter: H-alpha
[2026-07-28 23:14:08][INFO][logger] 日志系统初始化完成 (log_dir=lib/orchestrator/logs, level=INFO)
[2026-07-28 23:14:08][INFO][orchestrator] 初始化编排器 (骨架版本)
[2026-07-28 23:14:08][INFO][orchestrator] 可用线程数: 16
[2026-07-28 23:14:08][INFO][orchestrator] 加载配置: f:\Astro dev\Astro CS Normalization Database\engineering_v1.3\evidence\P12-004\scripts\stage1_config_T3.json
[2026-07-28 23:14:08][INFO][orchestrator] 配置文件大小: 2299 字节
[2026-07-28 23:14:08][INFO][orchestrator] 检查点目录: output\.checkpoint
[2026-07-28 23:14:08][INFO][orchestrator] 日志级别设置为: INFO
[2026-07-28 23:14:08][INFO][orchestrator] 配置线程数: 0 (0=自动检测)
[2026-07-28 23:14:08][INFO][orchestrator] 配置 Gaia 数据目录: GaiaDR3SP
[2026-07-28 23:14:08][INFO][orchestrator] 配置加载完成 (P03-002: log_level/threads/gaia_data_dir 已解析)
[2026-07-28 23:14:08][INFO][cli] 日志级别设置为: INFO
[2026-07-28 23:14:08][INFO][orchestrator] ========== stage1: 单帧预处理 (FITS -> .hiss) ==========
[2026-07-28 23:14:08][INFO][orchestrator] 输入 FITS: f:\Astro dev\Astro CS Normalization Database\testdata\NGC55_T3_flying_dutchman\lights\NGC55_T3_flying_dutchman-20250701@081412-1200S-H-alpha.fts
[2026-07-28 23:14:08][INFO][orchestrator] 输出 .hiss: f:\Astro dev\Astro CS Normalization Database\engineering_v1.3\evidence\P12-004\raw_logs\T3_HA_NGC55\T3_HA_NGC55.hiss
[2026-07-28 23:14:08][INFO][orchestrator] 配置 JSON: {

  "_comment": "stage1 配置文件模板 (spec §2.3.3) - 单帧预处理 FITS -> .hiss, stage 0-6 (2026-07-18 归档 GRADIENT_2D; 2026-07-25 P03-002 扩展参数追踪)",

  "project_root": ".",

  "gaia_data_dir": "GaiaDR3SP",

  "calibration_dir": "testdata/T3 calibration files",

  "output_root": "output",

  "stages": [

    "read_fits",

    "calibrate",

    "platesolve",

    "psf",

    "photometric",

    "snr",

    "drizzle"

  ],

  "frame": {

    "id": "panel1_Red",

    "light_path": "",

    "filter": "Red",

    "qe_curve": "GSENSE2020BSI"

  },

  "calibration": {

    "_comment": "P03-001: 校准输入接线配置。master_*_path 为空时从 calibration_dir 自动推导",

    "master_bias_path": "",

    "master_dark_path": "",

    "master_flat_path": "",

    "require_size_match": true,

    "require_exposure_match": true,

    "exposure_tolerance_s": 0.5,

    "require_temperature_match": false,

    "temperature_tolerance_c": 1.0,

    "allow_no_calibration": false,

    "dark_optimization": 0,

    "dark_scale_factor": 1.0

  },

  "platesolve": {

    "_comment": "P03-002: PlateSolve 参数。initial_ra/dec 为空时从 FITS header OBJCTRA/DEC 读取; focal_length/pixel_size 为 0 时从 FITS header 读取",

    "initial_ra": "",

    "initial_dec": "",

    "focal_length": 0.0,

    "pixel_size": 0.0,

    "max_stars": 2000,

    "log_dir": "lib/plate_solve/logs"

  },

  "psf": {

    "_comment": "P03-002: PSF 拟合参数。fit_radius=0 表示自动; max_stars=0 表示不限制",

    "fit_radius": 8,

    "max_iter": 100,

    "tolerance": 1e-06,

    "max_stars": 2000

  },

  "photometric": {

    "_comment": "P03-002: 测光校准参数。mag_max 内部会自适应迭代 (2000-10000 星范围)",

    "mag_min": 6.0,

    "mag_max": 16.0,

    "fov_radius_deg": 0.0,

    "filters_json": "lib/photometric_calib/data/response_curves/filters.json",

    "qe_curves_json": "lib/photometric_calib/data/response_curves/qe_curves.json"

  },

  "drizzle": {

    "_comment": "P03-002: Drizzle 参数。nside_strategy=1x_to_2x_drizzle 自适应; pixfrac 默认 1.0 避免缝隙",

    "nside_strategy": "1x_to_2x_drizzle",

    "nside_override": 0,

    "pixfrac": 1.0,

    "nested": true

  },

  "log_level": "INFO",

  "threads": 0

}
[2026-07-28 23:14:08][INFO][orchestrator] P04-004: 取消/超时标志已重置
[2026-07-28 23:14:08][INFO][orchestrator] 自动推导项目根目录: f:\Astro dev\Astro CS Normalization Database
[2026-07-28 23:14:08][INFO][orchestrator] 初始化 DLL 加载 (lib_base_dir=f:\Astro dev\Astro CS Normalization Database)
[dll_loader] 开始加载所有模块 (lib_base_dir=f:\Astro dev\Astro CS Normalization Database)
[dll_loader] 设置运行时 DLL 搜索路径: C:\msys64\mingw64\bin
[dll_loader] 加载模块 AIO: f:\Astro dev\Astro CS Normalization Database/lib/astro_image_io/astro_image_io.dll
[dll_loader] 模块 AIO 加载成功 (handle=0x7fffd8ce0000)
[dll_loader] 预加载 astro_image_io.dll (依赖前置) handle=0x7fffd8ce0000
[dll_loader] 加载模块 CALIBRATE: f:\Astro dev\Astro CS Normalization Database/lib/calibration/astro_calibration.dll
[dll_loader] 模块 CALIBRATE 加载成功 (handle=0x7fffe5710000)
[dll_loader] 加载模块 PLATESOLVE: f:\Astro dev\Astro CS Normalization Database/lib/plate_solve/cpp/ipv/ipv_solver.dll
[dll_loader] 模块 PLATESOLVE 加载成功 (handle=0x7fffe4570000)
[dll_loader] 加载模块 PSF: f:\Astro dev\Astro CS Normalization Database/lib/dynamic_psf/dynamic_psf.dll
[dll_loader] 模块 PSF 加载成功 (handle=0x7fffe5fc0000)
[dll_loader] 预加载 gaia_client.dll (依赖前置) handle=0x7fffe6460000
[dll_loader] 加载模块 PHOTOMETRIC: f:\Astro dev\Astro CS Normalization Database/lib/photometric_calib/cpp/photometric_calib.dll
[dll_loader] 模块 PHOTOMETRIC 加载成功 (handle=0x7fffddc70000)
[dll_loader] 加载模块 SNR: f:\Astro dev\Astro CS Normalization Database/lib/snr_estimator/cpp/snr_estimator.dll
[dll_loader] 模块 SNR 加载成功 (handle=0x7fffdc710000)
[dll_loader] 加载模块 DRIZZLE: f:\Astro dev\Astro CS Normalization Database/lib/healpix_db/healpix_drizzle/healpix_drizzle.dll
[dll_loader] 模块 DRIZZLE 加载成功 (handle=0x7fffd98d0000)
[dll_loader] 加载模块 GRADIENT_SPHERE: f:\Astro dev\Astro CS Normalization Database/lib/healpix_db/healpix_stack/healpix_stack.dll
[dll_loader] 模块 GRADIENT_SPHERE 加载成功 (handle=0x7fffd8910000)
[dll_loader] 加载模块 STACK: f:\Astro dev\Astro CS Normalization Database/lib/healpix_db/healpix_stack/healpix_stack.dll
[dll_loader] 模块 STACK 加载成功 (handle=0x7fffd8910000)
[dll_loader] 全部模块加载成功
[2026-07-28 23:14:08][INFO][orchestrator] 全部 9 个模块加载成功
[2026-07-28 23:14:08][INFO][orchestrator]   AIO 版本: unknown
[2026-07-28 23:14:08][INFO][orchestrator]   CALIBRATE 版本: Astro Calibration C++ v1.0.0
[2026-07-28 23:14:08][INFO][orchestrator]   PLATESOLVE 版本: unknown
[2026-07-28 23:14:08][INFO][orchestrator]   PSF 版本: unknown
[2026-07-28 23:14:08][INFO][orchestrator]   PHOTOMETRIC 版本: unknown
[2026-07-28 23:14:08][INFO][orchestrator]   SNR 版本: unknown
[2026-07-28 23:14:08][INFO][orchestrator]   DRIZZLE 版本: unknown
[2026-07-28 23:14:08][INFO][orchestrator]   GRADIENT_SPHERE 版本: unknown
[2026-07-28 23:14:08][INFO][orchestrator]   STACK 版本: unknown
[dll_loader] CALIBRATE 线程数设置为 16
[2026-07-28 23:14:08][INFO][orchestrator] CALIBRATE 线程数: 16
[2026-07-28 23:14:08][DEBUG][PIPELINE] frame_create: ok
[2026-07-28 23:14:08][INFO][orchestrator] ---------- stage1 阶段: READ_FITS ----------
[2026-07-28 23:14:08][INFO][orchestrator] [READ_FITS] 开始: f:\Astro dev\Astro CS Normalization Database\testdata\NGC55_T3_flying_dutchman\lights\NGC55_T3_flying_dutchman-20250701@081412-1200S-H-alpha.fts
[2026-07-28 23:14:08][INFO][FITS] Reading: f:\Astro dev\Astro CS Normalization Database\testdata\NGC55_T3_flying_dutchman\lights\NGC55_T3_flying_dutchman-20250701@081412-1200S-H-alpha.fts
[2026-07-28 23:14:08][INFO][FITS] Header: BITPIX=16 NAXIS=2 NAXIS1=4096 NAXIS2=4096 NAXIS3=0 BSCALE=1.0 BZERO=32768.0 keywords=125
[2026-07-28 23:14:08][INFO][FITS] Applying BSCALE=1.000000 BZERO=32768.000000
[2026-07-28 23:14:08][INFO][FITS] Read OK: 4096x4096 1ch BITPIX=16
[2026-07-28 23:14:08][INFO][API] aio_read_fits: 0.040 s
[2026-07-28 23:14:08][INFO][orchestrator] [READ_FITS] 图像尺寸: 4096x4096
[2026-07-28 23:14:08][DEBUG][PIPELINE] add_block: 'data' type=0 count=16777216 (67108864 bytes)
[2026-07-28 23:14:08][INFO][orchestrator] [READ_FITS] FITS 关键字数: 125
[2026-07-28 23:14:08][INFO][orchestrator] [READ_FITS] 完成
[2026-07-28 23:14:08][INFO][orchestrator] [0.054784s] READ_FITS 完成
[2026-07-28 23:14:08][INFO][orchestrator] ---------- stage1 阶段: CALIBRATE ----------
[2026-07-28 23:14:08][INFO][orchestrator] [CALIBRATE] 开始
[2026-07-28 23:14:08][INFO][orchestrator] [CALIBRATE] 图像: 4096x4096 (16777216 像素)
[2026-07-28 23:14:08][INFO][orchestrator] [CALIBRATE] 帧元数据: EXPTIME=1200.000000s, FILTER='H-alpha', CCD-TEMP=-20.000000C
[2026-07-28 23:14:08][INFO][orchestrator] [CALIBRATE] calibration_dir: f:\Astro dev\Astro CS Normalization Database\testdata/T3 calibration files
[2026-07-28 23:14:08][INFO][orchestrator] [CALIBRATE] 自动推导 master_bias_path: f:\Astro dev\Astro CS Normalization Database\testdata/T3 calibration files\masterBias_BIN-1_4096x4096.xisf
[2026-07-28 23:14:08][INFO][orchestrator] [CALIBRATE] 自动推导 master_dark_path: f:\Astro dev\Astro CS Normalization Database\testdata/T3 calibration files\masterDark_BIN-1_4096x4096_EXPOSURE-1200.00s.xisf
[2026-07-28 23:14:08][INFO][orchestrator] [CALIBRATE] 自动推导 master_flat_path: f:\Astro dev\Astro CS Normalization Database\testdata/T3 calibration files\masterFlat_BIN-1_4096x4096_FILTER-H-alpha_mono.xisf
[2026-07-28 23:14:08][INFO][XISF] Reading: f:\Astro dev\Astro CS Normalization Database\testdata/T3 calibration files\masterBias_BIN-1_4096x4096.xisf
[2026-07-28 23:14:08][INFO][XISF] XML header length: 20702 bytes
[2026-07-28 23:14:08][INFO][XISF] Image: 4096x4096x1 fmt=Float32 byteOrder= offset=24576 size=67108864
[2026-07-28 23:14:08][INFO][XISF] Byte order: file= system=little swap=0
[2026-07-28 23:14:08][INFO][XISF] Read OK: 4096x4096 1ch fmt=Float32 keywords=197
[2026-07-28 23:14:08][INFO][API] aio_read_xisf: 0.045 s
[2026-07-28 23:14:08][INFO][orchestrator] [CALIBRATE] 加载 Master: f:\Astro dev\Astro CS Normalization Database\testdata/T3 calibration files\masterBias_BIN-1_4096x4096.xisf (4096x4096)
[2026-07-28 23:14:08][INFO][XISF] Reading: f:\Astro dev\Astro CS Normalization Database\testdata/T3 calibration files\masterDark_BIN-1_4096x4096_EXPOSURE-1200.00s.xisf
[2026-07-28 23:14:08][INFO][XISF] XML header length: 19964 bytes
[2026-07-28 23:14:08][INFO][XISF] Image: 4096x4096x1 fmt=Float32 byteOrder= offset=20480 size=67108864
[2026-07-28 23:14:09][INFO][XISF] Byte order: file= system=little swap=0
[2026-07-28 23:14:09][INFO][XISF] Read OK: 4096x4096 1ch fmt=Float32 keywords=192
[2026-07-28 23:14:09][INFO][API] aio_read_xisf: 0.299 s
[2026-07-28 23:14:09][INFO][orchestrator] [CALIBRATE] 加载 Master: f:\Astro dev\Astro CS Normalization Database\testdata/T3 calibration files\masterDark_BIN-1_4096x4096_EXPOSURE-1200.00s.xisf (4096x4096)
[2026-07-28 23:14:09][INFO][XISF] Reading: f:\Astro dev\Astro CS Normalization Database\testdata/T3 calibration files\masterFlat_BIN-1_4096x4096_FILTER-H-alpha_mono.xisf
[2026-07-28 23:14:09][INFO][XISF] XML header length: 20755 bytes
[2026-07-28 23:14:09][INFO][XISF] Image: 4096x4096x1 fmt=Float32 byteOrder= offset=24576 size=67108864
[2026-07-28 23:14:09][INFO][XISF] Byte order: file= system=little swap=0
[2026-07-28 23:14:09][INFO][XISF] Read OK: 4096x4096 1ch fmt=Float32 keywords=196
[2026-07-28 23:14:09][INFO][API] aio_read_xisf: 0.138 s
[2026-07-28 23:14:09][INFO][orchestrator] [CALIBRATE] 加载 Master: f:\Astro dev\Astro CS Normalization Database\testdata/T3 calibration files\masterFlat_BIN-1_4096x4096_FILTER-H-alpha_mono.xisf (4096x4096)
[2026-07-28 23:14:09][INFO][orchestrator] [CALIBRATE] master_dark 曝光时间匹配: dark=1200.000000s vs frame=1200.000000s (diff=0.000000s)
[2026-07-28 23:14:09][INFO][orchestrator] [CALIBRATE] 调用 ac_calibrate_frame: dark_opt=0, k_init=1.000000, has_bias=true, has_dark=true, has_flat=true
[2026-07-28 23:14:09][INFO][orchestrator] [CALIBRATE] 校准统计: light_mean=1065.854617 -> out_mean=10657.819423, bias_mean=0.015146, dark_mean=0.015595, flat_mean=0.066899, actual_k=1.000000
[2026-07-28 23:14:09][DEBUG][PIPELINE] remove_block: 'data' removed (n_blocks=1)
[2026-07-28 23:14:09][DEBUG][PIPELINE] add_block_move: 'data' type=0 count=16777216 (moved ptr=00000139960b0040)
[2026-07-28 23:14:09][INFO][orchestrator] [CALIBRATE] cal_stats 已写入 (CALIBRATION_STATUS=APPLIED)
[2026-07-28 23:14:09][INFO][orchestrator] [CALIBRATE] 完成 (实际应用 Bias/Dark/Flat)
[2026-07-28 23:14:09][INFO][orchestrator] [0.915731s] CALIBRATE 完成
[2026-07-28 23:14:09][INFO][orchestrator] ---------- stage1 阶段: PLATESOLVE ----------
[2026-07-28 23:14:09][INFO][orchestrator] [PLATESOLVE] 开始
[2026-07-28 23:14:09][INFO][orchestrator] [PLATESOLVE] 初始化环境 (gaia_client + star_detector + ipv_solver)
[2026-07-28 23:14:09][INFO][orchestrator] [PLATESOLVE] gaia_client.dll 加载成功
[2026-07-28 23:14:09][INFO][orchestrator] [PLATESOLVE] star_detector.dll 加载成功
[2026-07-28 23:14:09][INFO][orchestrator] [PLATESOLVE] Gaia 数据目录: f:\Astro dev\Astro CS Normalization Database\GaiaDR3SP (来自 config)
[2026-07-28 23:14:09][INFO][orchestrator] [PLATESOLVE] GaiaClient 创建成功 (data_dir=f:\Astro dev\Astro CS Normalization Database\GaiaDR3SP)
[2026-07-28 23:14:09][INFO][SDET] StarDetector created (fitRadius=0, fwhmClipSigma=3.0, maxAxisRatio=2.0)
[2026-07-28 23:14:09][INFO][orchestrator] [PLATESOLVE] StarDetector 创建成功 (fitRadius=0 自动, maxStars=2000)
[2026-07-28 23:14:09][INFO][orchestrator] [PLATESOLVE] IPVSolver 创建成功, 已注入 Gaia + StarDetector 句柄
[2026-07-28 23:14:09][INFO][orchestrator] [PLATESOLVE] 环境初始化完成
[2026-07-28 23:14:09][INFO][orchestrator] [PLATESOLVE] 图像: 4096x4096
[2026-07-28 23:14:09][INFO][orchestrator] [PLATESOLVE] 初始指向: OBJCTRA='00 14 59.00' -> ra0=3.745833deg, OBJCTDEC='-39 11 48.0' -> dec0=-39.196667deg
[2026-07-28 23:14:09][INFO][orchestrator] [PLATESOLVE] 焦距=1877.000000mm, 像素尺寸=9.000000um
[2026-07-28 23:14:09][INFO][orchestrator] [PLATESOLVE] 调用 ipv_solve_from_memory_with_callback (INTERNAL_DETECTION_SHARED_EXPORT callback 导出) ...
[2026-07-28 23:14:09][INFO] ==== IPVSolver::solve_from_memory_with_callback 开始 (INTERNAL_DETECTION_SHARED_EXPORT) ====
[2026-07-28 23:14:09][INFO]   pixels=4096x4096 (内存数据)
[2026-07-28 23:14:09][INFO]   ra0=3.745833 deg, dec0=-39.196667 deg
[2026-07-28 23:14:09][INFO]   focal_length=1877.000 mm, pixel_size=9.000 um
[2026-07-28 23:14:09][INFO]   callback=ENABLED
[2026-07-28 23:14:09][INFO] === ipv_select_from_memory_with_callback 启动 (INTERNAL_DETECTION_SHARED_EXPORT) ===
[2026-07-28 23:14:09][INFO] ipv_select: 依赖 DLL 全部加载成功
[2026-07-28 23:14:09][INFO] Step 1: 使用内存像素数据 4096×4096
[2026-07-28 23:14:09][INFO] Step 2: 星点检测 (sdet_detect_ex)
[2026-07-28 23:14:09][INFO][SDET] sdet_detect_ex start: 4096x4096
[2026-07-28 23:14:09][DEBUG][SDET] [1] uint16→float: 17.4 ms
[2026-07-28 23:14:09][DEBUG][SDET] [2] Gaussian YvV smooth (sigma=2.0): 131.8 ms
[2026-07-28 23:14:10][INFO][SDET] peaker: median=10579.0000 bgnoise=112.8318 threshold=11143.1592 (median+5*bgnoise)
[2026-07-28 23:14:10][DEBUG][SDET] [3] Threshold: 379.9 ms
[2026-07-28 23:14:10][INFO][SDET] peaker: bg=10579.0 maxi=65535.0 norm=65535.0 dynrange=54956.0 minsatlevel=38469.2 satrange=5495.6 s_factor=3.7169 locthreshold=564.1590
[2026-07-28 23:14:10][DEBUG][SDET] [4] peaker: 32.6 ms (597 candidates, full peaker 7-step)
[2026-07-28 23:14:10][INFO][SDET] Candidates: 597
[2026-07-28 23:14:10][INFO][SDET] Peaker stages: pass_threshold=289916 pass_localmax=15224 pass_count3=918 pass_boundary=918 | cond_meanhigh=49 cond_platform=538 sat_both=28 nonsat=890
[2026-07-28 23:14:10][INFO][SDET] Auto fitRadius: med_pixels=56 fwhm_est=3.67 auto_radius=11 actual=11
[2026-07-28 23:14:10][INFO][SDET] Task6 candidates sorted by mag_est (desc): maxstars=2000 candidates=597
[2026-07-28 23:14:10][DEBUG][SDET] [6] Moffat4 fit: 54.8 ms (546/597 OK)
[2026-07-28 23:14:10][INFO][SDET] Moffat4 fit: 546/597 OK
[2026-07-28 23:14:10][INFO][SDET] === Fit statistics by pixel count ===
[2026-07-28 23:14:10][INFO][SDET]   px[5-9]: total=5 ok=4(80.0%) invalid=0 noconv=1 iterlimit=0
[2026-07-28 23:14:10][INFO][SDET]   px[10-19]: total=58 ok=53(91.4%) invalid=1 noconv=4 iterlimit=0
[2026-07-28 23:14:10][INFO][SDET]   px[20-49]: total=189 ok=169(89.4%) invalid=0 noconv=20 iterlimit=0
[2026-07-28 23:14:10][INFO][SDET]   px[50-99]: total=148 ok=136(91.9%) invalid=0 noconv=12 iterlimit=0
[2026-07-28 23:14:10][INFO][SDET]   px[100-299]: total=179 ok=169(94.4%) invalid=0 noconv=10 iterlimit=0
[2026-07-28 23:14:10][DEBUG][SDET] [7] FWHM stats: 1.7 ms (med=2.7258 mad=0.2400)
[2026-07-28 23:14:10][INFO][SDET] FWHM stats: med=2.7258 mad=0.2400 (from 546 fitted stars)
[2026-07-28 23:14:10][DEBUG][SDET] [8] Build normal stars: 0.7 ms (418 stars, fit_fail=51 fwhm=0 round=38 reject=90)
[2026-07-28 23:14:10][INFO][SDET] Normal stars: 418 (fit_fail=51 fwhm=0 roundness=38 reject=90)
[2026-07-28 23:14:10][DEBUG][SDET] [9] Saturated star detection skipped (V4.52: use A>dynrange from peaker): 0.3 ms
[2026-07-28 23:14:10][DEBUG][SDET] [10a] Dedup: 0.3 ms
[2026-07-28 23:14:10][DEBUG][SDET] [10b] Sort: 0.2 ms
[2026-07-28 23:14:10][INFO][SDET] After dedup+sort: 418 stars (saturated=55 normal=363)
[2026-07-28 23:14:10][INFO][SDET] sdet_detect_ex done: 418 stars (sat=55 normal=363), 0.620 s
[2026-07-28 23:14:10][INFO]   检测到星点: 418 颗 (饱和 55, 正常 363)
[2026-07-28 23:14:10][INFO] Step 2.5: 调用 callback 导出 detections (INTERNAL_DETECTION_SHARED_EXPORT)
[2026-07-28 23:14:10][INFO]   callback 完成, 源缓冲区已由 callback 复制
[2026-07-28 23:14:10][INFO] Step 3: 图像侧选星
[2026-07-28 23:14:10][INFO] 选星: 按 mag(box积分) 升序取前 60 颗 (含饱和 52 颗)
[2026-07-28 23:14:10][INFO]   U 向量组: 60×2 (s0=0.9890"/px)
[2026-07-28 23:14:10][INFO] Step 4: FOV/密度计算
[2026-07-28 23:14:10][INFO] FOV计算: s0=0.9890"/px, FOV_diag=1.5914°, query_r=0.8753°, img_area=1.26626°², query_area=2.40673°², rho_img=47.38, rho_target=71.08, n_target=60
[2026-07-28 23:14:10][INFO] Step 5: V4.9 密度公式估算极限星等 (替代迭代)
[2026-07-28 23:14:10][INFO] 密度估算极限星等: G=11.037 (n_required=60, area=2.4067°², rho_target=24.93/°²)
[2026-07-28 23:14:10][INFO] Step 6: 用 m_lim=11.037 查询 Gaia 星表
[2026-07-28 23:14:10][WARN] V4.9 补救查询 1: Gaia 返回 24 < n_target=60, 放宽到 m=12.037
[2026-07-28 23:14:10][WARN] V4.9 补救查询 2: Gaia 返回 52 < n_target=60, 放宽到 m=13.037
[2026-07-28 23:14:10][INFO] Step 7: Gnomonic 投影 + FOV 过滤
[2026-07-28 23:14:10][INFO]   W 向量组: 53×2 (FOV 内 53, 取最亮 53, gaia_ra/dec 已保存)
[2026-07-28 23:14:10][INFO] === ipv_select_from_memory_with_callback 完成 (INTERNAL_DETECTION_SHARED_EXPORT) ===
[2026-07-28 23:14:10][INFO] === triangle_match 开始: N_U=60, N_W=53, n_A0=60, n_B0=60, tol=0.0020, s0=0.9890 ===
[2026-07-28 23:14:10][INFO] triangle_match: stage=0 nA=60 nB=60 超过实际星数, 停止扩充
[2026-07-28 23:14:10][INFO] triangle_match_single: n_A=60, n_B=53, tol=0.0020, s0=0.9890, scale=[0.8426,1.2639]
[2026-07-28 23:14:10][DEBUG] stars_to_triangles: N=60, expected=34220, valid=34220, skipped_degenerate=0 (并行, 16 线程)
[2026-07-28 23:14:10][DEBUG] stars_to_triangles: prune_triangle_array ba>0.9 剪枝: before=34220, after=24913, pruned=9307
[2026-07-28 23:14:10][DEBUG] stars_to_triangles: N=53, expected=23426, valid=23426, skipped_degenerate=0 (并行, 16 线程)
[2026-07-28 23:14:10][DEBUG] stars_to_triangles: prune_triangle_array ba>0.9 剪枝: before=23426, after=17350, pruned=6076
[2026-07-28 23:14:10][INFO] make_vote_matrix: n_A=24913, n_B=17350, matched_triangles=30431, vote_matrix=60x53, scale_rejected=36655 (range=[0.8426,1.2639]) [并行 16 线程]
[2026-07-28 23:14:10][INFO] top_vote_getters: 矩阵=60x53, 候选对数(vote>=2)=3167, top_n=60
[2026-07-28 23:14:10][INFO] top_vote_getters: V4.25 去重后 top_pairs=53, 去重剔除=3114
[2026-07-28 23:14:10][INFO]   [调试] top[0]: u=15 w=20, votes=830
[2026-07-28 23:14:10][INFO]   [调试] top[1]: u=18 w=23, votes=818
[2026-07-28 23:14:10][INFO]   [调试] top[2]: u=19 w=15, votes=772
[2026-07-28 23:14:10][INFO]   [调试] top[3]: u=27 w=29, votes=770
[2026-07-28 23:14:10][INFO]   [调试] top[4]: u=22 w=22, votes=754
[2026-07-28 23:14:10][INFO]   [调试] top[5]: u=49 w=46, votes=750
[2026-07-28 23:14:10][INFO]   [调试] top[6]: u=35 w=39, votes=730
[2026-07-28 23:14:10][INFO]   [调试] top[7]: u=9 w=10, votes=728
[2026-07-28 23:14:10][INFO]   [调试] top[8]: u=20 w=26, votes=726
[2026-07-28 23:14:10][INFO]   [调试] top[9]: u=10 w=9, votes=724
[2026-07-28 23:14:10][INFO] triangle_match_single 完成: tri_A=24913, tri_B=17350, vote_matrix=60x53, max_vote=830, 候选对数(vote>=2)=3167, top_pairs=53
[2026-07-28 23:14:10][INFO] === triangle_match 结束: tri_A=24913, tri_B=17350, top_pairs=53, max_vote=830, success=1 ===
[2026-07-28 23:14:10][INFO] [P02-002] n_target=60, max_vote=830, threshold=2
[2026-07-28 23:14:10][INFO]   [阶段] triangle_match (n=60): 54.66 ms, max_vote=830, top_pairs=53, success=1
[2026-07-28 23:14:10][INFO]   [阶段] triangle_match: 54.92 ms, n_target_used=60
[2026-07-28 23:14:10][INFO]   N_U=60, N_W=53, s0=0.9890 arcsec/px, img=4096x4096, fov_diag=1.5914 deg
[2026-07-28 23:14:10][INFO] iter_trans_solve: U=60, W=53, initial_pairs=53, tol=5.00, order=3
[2026-07-28 23:14:10][DEBUG] calc_trans_general: order=3, n_pairs=20, 拟合成功
[2026-07-28 23:14:10][INFO] iter_trans_inner: 初始拟合完成, 初始工作集=20, order=3
[2026-07-28 23:14:10][INFO]   [调试] 初始 TRANS: x00=0.1693 y00=-0.7391, x10=-0.009998 x01=-0.958667 y10=-0.958316 y01=0.009860
[2026-07-28 23:14:10][INFO]   [调试] 初始对[0]: u=15 w=20, U=(175.69,158.52), W=(-153.66,-167.54), pred=(-153.54,-167.54), dist=0.1131" (dx=0.11 dy=0.00)
[2026-07-28 23:14:10][INFO]   [调试] 初始对[1]: u=18 w=23, U=(244.90,-358.72), W=(341.41,-238.80), pred=(341.53,-238.90), dist=0.1573" (dx=0.12 dy=-0.10)
[2026-07-28 23:14:10][INFO]   [调试] 初始对[2]: u=19 w=15, U=(47.88,568.74), W=(-545.44,-40.94), pred=(-545.35,-40.99), dist=0.1079" (dx=0.09 dy=-0.05)
[2026-07-28 23:14:10][INFO]   [调试] 初始对[3]: u=27 w=29, U=(532.07,63.66), W=(-65.92,-509.86), pred=(-66.19,-509.87), dist=0.2715" (dx=-0.27 dy=-0.01)
[2026-07-28 23:14:10][INFO]   [调试] 初始对[4]: u=22 w=22, U=(530.79,1597.45), W=(-1531.69,-492.40), pred=(-1531.80,-492.42), dist=0.1083" (dx=-0.11 dy=-0.02)
[2026-07-28 23:14:10][INFO]   [调试] 初始对[5]: u=49 w=46, U=(666.21,-375.76), W=(353.42,-642.47), pred=(353.47,-642.46), dist=0.0559" (dx=0.06 dy=0.00)
[2026-07-28 23:14:10][INFO] iter_trans_inner: V4.23 工作集扩展 20->53 (nr=nbright)
[2026-07-28 23:14:10][DEBUG] iter 0: 绝对剔除 nr=53→46, nb=7
[2026-07-28 23:14:10][DEBUG] iter 0: sigma(35%)=0.024744 角秒²
[2026-07-28 23:14:10][DEBUG] iter 0: 相对剔除 nr=29, nb=24, rel_thresh=0.247438
[2026-07-28 23:14:10][DEBUG] calc_trans_general: order=3, n_pairs=29, 拟合成功
[2026-07-28 23:14:10][INFO] iter_trans_inner: 完成, nr=29, sig=0.0346, rms=0.1730, iters=1, success=1
[2026-07-28 23:14:10][INFO] iter_trans_solve: 第一轮 iter_trans 成功, inliers=29, rms=0.1730
[2026-07-28 23:14:10][INFO] at_match_lists: U=60, W=53, tol=5.00", U→W单向=46, W→U单向=46, 双向=46, 去重后=46
[2026-07-28 23:14:10][DEBUG] calc_trans_general: order=3, n_pairs=46, 拟合成功
[2026-07-28 23:14:10][INFO] at_recalc_trans: n=46, order=3, sig=0.0735, sx=0.2194, sy=0.1483, rms=0.2648
[2026-07-28 23:14:10][INFO] iter_trans_solve: 第一轮 refit 成功, inliers=46, rms=0.2648
[2026-07-28 23:14:10][INFO] at_match_lists: U=60, W=53, tol=5.00", U→W单向=46, W→U单向=46, 双向=46, 去重后=46
[2026-07-28 23:14:10][DEBUG] calc_trans_general: order=3, n_pairs=46, 拟合成功
[2026-07-28 23:14:10][INFO] at_recalc_trans: n=46, order=3, sig=0.0735, sx=0.2194, sy=0.1483, rms=0.2648
[2026-07-28 23:14:10][INFO] iter_trans_solve: 第二轮 refit 成功, inliers=46, rms=0.2648
[2026-07-28 23:14:10][INFO]   [阶段] iter_trans_solve: 3.94 ms, n_inliers=46, rms=0.2648, iters=3, success=1
[2026-07-28 23:14:10][INFO]   [诊断] iterative_reproject 入口: U.size=60, gaia_ra.size=53, gaia_dec.size=53, initial_inliers.size=46, s0=0.9890, img=4096x4096
[2026-07-28 23:14:10][INFO] iterative_reproject: 开始 (N_W=53, n_inliers=46, s0=0.9890"/px, max_iter=5, conv_thresh=0.0100")
[2026-07-28 23:14:10][INFO]   iter 0: ra_cur=3.745833 dec_cur=-39.196667, xi_center=-0.0133" eta_center=-0.6258", conv=0.6259" (thresh=0.0100")
[2026-07-28 23:14:10][INFO]   iter 0: 新中心 ra=3.745829 dec=-39.196840 (Δra=-0.000005° Δdec=-0.000174°)
[2026-07-28 23:14:10][DEBUG] calc_trans_general: order=3, n_pairs=46, 拟合成功
[2026-07-28 23:14:10][INFO] at_recalc_trans: n=46, order=3, sig=0.0735, sx=0.2194, sy=0.1483, rms=0.2648
[2026-07-28 23:14:10][INFO]   iter 0: at_recalc_trans 成功, n=46, sig=0.0735, rms=0.2648, x00=-0.0000 y00=0.0000 (asec)
[2026-07-28 23:14:10][INFO]   iter 1: 收敛 (TRANS 常数项 = 0.0000" < 0.0100")
[2026-07-28 23:14:10][INFO] iterative_reproject: 完成 (收敛), ra=3.745833→3.745829 dec=-39.196667→-39.196840, n_matched=46 (固定), iters=1, conv=0.0000"
[2026-07-28 23:14:10][INFO]   [阶段] iterative_reproject: 1.96 ms, success=1, ra=3.745833→3.745829, dec=-39.196667→-39.196840, n_matched=46, iters=1, conv=0.0000"
[2026-07-28 23:14:10][INFO] at_match_lists: U=60, W=53, tol=5.00", U→W单向=46, W→U单向=46, 双向=46, 去重后=46
[2026-07-28 23:14:10][INFO]   [阶段] hi_order_rematch iter 0: n_matched=46 (min=10, order=3)
[2026-07-28 23:14:10][DEBUG] calc_trans_general: order=3, n_pairs=46, 拟合成功
[2026-07-28 23:14:10][INFO] at_recalc_trans: n=46, order=3, sig=0.0735, sx=0.2194, sy=0.1483, rms=0.2648
[2026-07-28 23:14:10][INFO] at_match_lists: U=60, W=53, tol=5.00", U→W单向=46, W→U单向=46, 双向=46, 去重后=46
[2026-07-28 23:14:10][DEBUG] calc_trans_general: order=3, n_pairs=46, 拟合成功
[2026-07-28 23:14:10][INFO] at_recalc_trans: n=46, order=3, sig=0.0735, sx=0.2194, sy=0.1483, rms=0.2648
[2026-07-28 23:14:10][INFO]   [阶段] hi_order_rematch iter 1: 收敛 (dn=0, drms=0.0000)
[2026-07-28 23:14:10][INFO]   [阶段] hi_order_rematch: 1.11 ms, n_matched=46, trans.order=3
[2026-07-28 23:14:10][INFO] ==== robust_refine_wcs 开始 (V4.30) ====
  U_full=418, mag_full=418, gaia=53
  ra0=3.745829, dec0=-39.196840, s0=0.9890"/px, fov=1.5914°, img=4096x4096
  initial_rms=0.0735", trans.order=3
[2026-07-28 23:14:10][INFO]   [robust_refine] 网格采样: FOV=1.591°, G_short=3, N_long=3, n_cells=9, quota=20, narrow_all=0, N_full=418
[2026-07-28 23:14:10][INFO]   [robust_refine] 网格采样完成: 选中 180 颗 (上限 300, 下限 100)
[2026-07-28 23:14:10][INFO]   [robust_refine] NN 匹配: U=180, W=53, tol=1.000", Lowe通过=46, 双向=46
[2026-07-28 23:14:10][INFO]   [robust_refine] baseline: initial_rms=0.0735" (60星), U_pool RMS=0.2648" (180 星, matched=46)
[2026-07-28 23:14:10][INFO]   [robust_refine] NN 匹配: U=180, W=53, tol=1.000", Lowe通过=46, 双向=46
[2026-07-28 23:14:10][INFO]   [robust_refine] 空间一致性: 2/46 可疑 (K=8, σ=0.470")
[2026-07-28 23:14:10][INFO]   [robust_refine] iter 0: tol=1.000", matched=46, rms=0.2648"→0.2731", cd_Δ=0.1141%, damp=0.00e+00
[2026-07-28 23:14:10][INFO]   [robust_refine] NN 匹配: U=180, W=53, tol=0.500", Lowe通过=42, 双向=42
[2026-07-28 23:14:10][INFO]   [robust_refine] 空间一致性: 2/42 可疑 (K=8, σ=0.413")
[2026-07-28 23:14:10][INFO]   [robust_refine] iter 1: tol=0.500", matched=42, rms=0.2731"→0.2027", cd_Δ=0.0885%, damp=0.00e+00
[2026-07-28 23:14:10][INFO]   [robust_refine] NN 匹配: U=180, W=53, tol=0.500", Lowe通过=41, 双向=41
[2026-07-28 23:14:10][INFO]   [robust_refine] 空间一致性: 3/41 可疑 (K=8, σ=0.396")
[2026-07-28 23:14:10][INFO]   [robust_refine] iter 2: tol=0.500", matched=41, rms=0.2027"→0.1941", cd_Δ=0.0561%, damp=0.00e+00
[2026-07-28 23:14:10][INFO]   [robust_refine] NN 匹配: U=180, W=53, tol=0.300", Lowe通过=36, 双向=36
[2026-07-28 23:14:10][INFO]   [robust_refine] iter 3: tol=0.300", matched=36, rms=0.1941"→0.1256", cd_Δ=0.0205%, damp=0.00e+00
[2026-07-28 23:14:10][INFO]   [robust_refine] NN 匹配: U=180, W=53, tol=0.300", Lowe通过=36, 双向=36
[2026-07-28 23:14:10][INFO]   [robust_refine] iter 4: tol=0.300", matched=36, rms=0.1256"→0.1257", cd_Δ=0.0164%, damp=0.00e+00
[2026-07-28 23:14:10][INFO]   [robust_refine] iter 4: 收敛 (conv_dp=0, conv_rms=1)
[2026-07-28 23:14:10][INFO] ==== robust_refine_wcs 成功 ====
  iter=5, matched=36, rms=0.1257" (0.1271 px), cd_Δ=0.1141%, pool=180
[2026-07-28 23:14:10][INFO]   [阶段] robust_refine: 成功, n_matched=36, rms=0.1257", iter=5, pool=180, cd_Δ=0.1141%
[2026-07-28 23:14:10][INFO]   [阶段] robust_refine: 4.48 ms
[2026-07-28 23:14:10][INFO]   [诊断] extract_wcs_sip 入口: trans.order=3, trans.valid=1, ra0=3.745829, dec0=-39.196840, img=4096x4096, s0=0.9890, U.size=418, W.size=53, matched.size=36
[2026-07-28 23:14:10][INFO]   [V4.22] 清零 trans.x00/y00 (saved: x00=0.0300, y00=-0.0372)
[2026-07-28 23:14:10][INFO] extract_wcs_sip: SIP A/B 解析公式成功, order=3
[2026-07-28 23:14:10][INFO] extract_wcs_sip: SIP AP/BP 网格反变换成功, ap_order=3, n_inv_coef=10, n_grid=49
[2026-07-28 23:14:10][INFO] extract_wcs_sip: CD=[-2.712267e-06 2.663079e-04; -2.662204e-04 -2.728867e-06], CRVAL=(3.745829, -39.196840), CRPIX=(2048.5, 2048.5), ctype=[RA---TAN-SIP, DEC--TAN-SIP], n_pairs=36, rms_px=0.1271, rms_arcsec=0.1257, trans_order=3, sip_order=3, ap_order=3
[2026-07-28 23:14:10][INFO]   [阶段] extract_wcs_sip: 1.04 ms, success=1, n_pairs=36, rms_px=0.127, rms_arcsec=0.126, trans_order=3, sip_order=3
[2026-07-28 23:14:10][INFO]   最终: n_pairs=36, rms_px=0.127, rms_arcsec=0.126, trans_order=3, sip_order=3, success=1
[2026-07-28 23:14:10][INFO]   [cache_last_inliers_] 缓存 36 对 inliers (robust=1, s0=0.9890", U_snap.size=418, gaia.size=53, trans.order=3, ra0=3.745829, dec0=-39.196840)
[2026-07-28 23:14:10][INFO] ==== IPVSolver::solve_from_memory_with_callback 完成 (INTERNAL_DETECTION_SHARED_EXPORT) ====
[2026-07-28 23:14:10][INFO][orchestrator] [PLATESOLVE] callback 导出: n_detected=418, copied=true, wcs_result.n_detected=0
[2026-07-28 23:14:10][INFO][orchestrator] [PLATESOLVE] 求解成功: rms=0.125656arcsec, n_pairs=36, n_detected=0, n_catalog=0, trans_order=3
[2026-07-28 23:14:10][INFO][orchestrator] [PLATESOLVE] WCS 已写入: CTYPE1=RA---TAN-SIP, CRVAL=(3.745829, -39.196840), CRPIX=(2048.500000, 2048.500000)
[2026-07-28 23:14:10][INFO][orchestrator] [PLATESOLVE] SIP 已写入: order=3, ap_order=3
[2026-07-28 23:14:10][DEBUG][PIPELINE] add_block: 'star_det' type=0 count=1672 (6688 bytes)
[2026-07-28 23:14:10][INFO][orchestrator] [PLATESOLVE] star_det 块已写入 (INTERNAL_DETECTION_SHARED_EXPORT): 418 颗星
[2026-07-28 23:14:10][INFO][orchestrator] [PLATESOLVE] 完成
[2026-07-28 23:14:10][INFO][orchestrator] [0.745769s] PLATESOLVE 完成
[2026-07-28 23:14:10][INFO][orchestrator] ---------- stage1 阶段: PSF ----------
[2026-07-28 23:14:10][INFO][orchestrator] [PSF] 开始
[2026-07-28 23:14:10][INFO][orchestrator] [PSF] 图像: 4096x4096
[2026-07-28 23:14:10][INFO][orchestrator] [PSF] star_det: 418 颗星
[2026-07-28 23:14:10][INFO][orchestrator] [PSF] 调用 dpsf_fit_batch (fitRadius=8, maxIter=100, tol=1.0e-06) ...
[2026-07-28 23:14:10][WARN][DPSF] Background constraint violated: B=3280.1171 bkg0=12969.0000 ratio=0.7471
[2026-07-28 23:14:10][WARN][DPSF] Background constraint violated: B=3341.6847 bkg0=12604.0000 ratio=0.7349
[2026-07-28 23:14:10][WARN][DPSF] Background constraint violated: B=5763.4217 bkg0=12029.0000 ratio=0.5209
[2026-07-28 23:14:10][WARN][DPSF] Invalid fit params: finite=1 A=16355.80 sx=0.3000 sy=2.1462
[2026-07-28 23:14:10][WARN][DPSF] Invalid fit params: finite=1 A=9194.18 sx=0.7467 sy=0.3000
[2026-07-28 23:14:10][WARN][DPSF] Invalid fit params: finite=1 A=7201.18 sx=2.6836 sy=0.3000
[2026-07-28 23:14:10][INFO][orchestrator] [PSF] 拟合完成: 398/418 成功 (95%)
[2026-07-28 23:14:10][DEBUG][PIPELINE] add_block: 'psf' type=1 count=3762 (30096 bytes)
[2026-07-28 23:14:10][INFO][orchestrator] [PSF] 完成: 418 颗星, 398 成功
[2026-07-28 23:14:10][INFO][orchestrator] [0.100908s] PSF 完成
[2026-07-28 23:14:10][INFO][orchestrator] ---------- stage1 阶段: PHOTOMETRIC ----------
[2026-07-28 23:14:10][INFO][orchestrator] [PHOTOMETRIC] 开始
[2026-07-28 23:14:10][INFO][orchestrator] [PHOTOMETRIC] 图像: 4096x4096
[2026-07-28 23:14:10][INFO][orchestrator] [PHOTOMETRIC] psf: 418 颗星
[2026-07-28 23:14:10][INFO][orchestrator] [PHOTOMETRIC] FILTER='H-alpha' -> 'Baader 7nm H-alpha'
[2026-07-28 23:14:10][INFO][orchestrator] [PHOTOMETRIC] filters_json: f:\Astro dev\Astro CS Normalization Database\lib/photometric_calib/data/response_curves/filters.json
[2026-07-28 23:14:10][INFO][orchestrator] [PHOTOMETRIC] 滤光片: 21 点
[2026-07-28 23:14:10][INFO][orchestrator] [PHOTOMETRIC] qe_curves_json: f:\Astro dev\Astro CS Normalization Database\lib/photometric_calib/data/response_curves/qe_curves.json
[2026-07-28 23:14:10][INFO][orchestrator] [PHOTOMETRIC] QE 曲线 'GSENSE2020BSI': 447 点
[2026-07-28 23:14:10][INFO][orchestrator] [PHOTOMETRIC] spectrum_wl: 343 点
[2026-07-28 23:14:10][INFO][orchestrator] [PHOTOMETRIC] FOV 半径: 0.925468deg
[2026-07-28 23:14:10][INFO][orchestrator] [PHOTOMETRIC] 调用 pc_calibrate_simple_with_gaia (mag_min=6.0, mag_max=16.0, fov=0.925deg) ...
[pc_api] ====== pc_calibrate_simple_with_gaia 开始 ======
[pc_api] OpenMP线程数: 16
[INFO] 锥形搜索: ra=3.7458 dec=-39.1968 r=0.925 mag_min=6.0 (自适应迭代 mag_max, 不缩小半径)
[INFO] 自适应星等查询: mag_max=12.0
[INFO] 自适应星等查询: mag_max=12.0, n_gaia=61
[INFO] 自适应星等查询: mag_max=13.0
[INFO] 自适应星等查询: mag_max=13.0, n_gaia=127
[INFO] 自适应星等查询: mag_max=14.0
[INFO] 自适应星等查询: mag_max=14.0, n_gaia=244
[INFO] 自适应星等查询: mag_max=15.0
[INFO] 自适应星等查询: mag_max=15.0, n_gaia=454
[INFO] 自适应星等查询: mag_max=16.0
[INFO] 自适应星等查询: mag_max=16.0, n_gaia=759
[INFO] 自适应星等查询完成: mag_max=16.0, n_gaia=759
[pc_api] 搜索到 759 颗光谱星, 光谱点数=343 (wl_start=336, wl_step=2)
[INFO] [spec_int] prepare_filter_cache: 滤光片 21 点 + QE 447 点 -> 光谱 343 点, 范围 F[640.0,672.0] Q[204.0,1096.0] nm
[INFO] 滤光片/QE 预处理完成: filter=21 点, qe=447 点 -> 光谱 343 点
[pc_api] F_syn 并行计算完成: 759/759 颗有效
[INFO] [pc_api] P12-001 阶段1: spectrum_rows_total=759, valid_fsyn=759
[wcs_transform] 初始化: CRVAL=(3.745829,-39.196840), CRPIX=(2048.500,2048.500), CD=[-2.712e-06,2.663e-04;-2.662e-04,-2.729e-06], det=7.090e-08, sip_order=3
[INFO] [star_matcher] 初始化: KD-tree + IRLS/Tukey 清洗 (GAP-013)
[INFO] [star_matcher] P12-001 阶段2: gaia_projected_in_frame=311 / 759
[INFO] [star_matcher] P12-001 阶段3: psf_total=418, psf_valid=398
[INFO] [star_matcher] PSF有效星: 398 / 418, Gaia星: 759, 匹配半径: 2.00 px
[INFO] [star_matcher] P12-002 正向匹配 (PSF→Gaia): 274 / 398 命中
[INFO] [star_matcher] P12-002 反向匹配 (Gaia→PSF): 274 / 759 命中
[INFO] [star_matcher] P12-002 阶段4/5/6: spatial_candidates=274 (正向命中), unique_matches=274 (双向唯一), rejected_ambiguous=0 (非互为最近邻), rejected_distance=124 (距离超阈值)
[INFO] [star_matcher] P12-001 阶段8: match_distance median=0.4468 p90=0.8089 max=1.5831 px
[INFO] [star_matcher] P12-002 KD-tree 双向匹配完成: 274 对 (正向 274, 歧义 0)
[INFO] [star_matcher] cleanAndScale: 输入 274 颗, 星等容忍 3.00 mag
[INFO] [star_matcher] 星等一致性: 通过 274, 拒绝 0 (median_delta=-27.6081, tol=3.00 mag)
[INFO] [star_matcher] IRLS 初始: location=5.326676, MAD=0.069689, S=0.103319
[INFO] [star_matcher] IRLS 收敛于迭代 5: location=5.334060
[INFO] [star_matcher] 亮度比例一致性:
[INFO]   - 输入匹配: 274
[INFO]   - 星等一致性通过: 274 (拒绝 0)
[INFO]   - IRLS inliers: 271 (outliers: 3)
[INFO]   - location(r) = 5.334060 (dex), scale = 10^(-location) = 4.633832e-06
[INFO]   - MAD(r) = 0.069689, S = 0.103319, sigma_residual = 0.100344
[INFO]   - r_inliers 范围: [4.988954, 5.769996] (spread 0.781042 dex = 1.953 mag)
[INFO] [star_matcher] 清洗完成: 保留 271, 排除 3 (无效/星等不一致/IRLS离群)
[INFO] [star_matcher] P12-001 阶段6/7/8: rejected_quality=3 (invalid=0 + mag=0 + irls=3), fit_used=271, robust_iterations=6, scale=4.633832e-06, sigma=0.100344
[INFO] [star_matcher] P12-001 阶段8: r_inliers median=5.327097 p90=5.452667 max=5.769996 dex
[pc_api] 匹配+清洗完成: 271 颗, scale=4.633832e-06, sigma_residual=0.100344
[image_corrector] 图像校正: 4096x4096, scale=4.633832e-06, 并行16线程
[image_corrector] 校正完成
[pc_api] ====== pc_calibrate_simple_with_gaia 完成: n_matched=271, scale=4.633832e-06, sigma_residual=0.100344 ======
[2026-07-28 23:14:10][INFO][orchestrator] [PHOTOMETRIC] 完成: n_matched=271, scale=0.000005, sigma_residual=0.100344
[2026-07-28 23:14:10][DEBUG][PIPELINE] remove_block: 'data' removed (n_blocks=4)
[2026-07-28 23:14:10][DEBUG][PIPELINE] add_block_move: 'data' type=0 count=16777216 (moved ptr=0000013987c49040)
[2026-07-28 23:14:10][INFO][orchestrator] [PHOTOMETRIC] photometry_report.json 已生成: f:\Astro dev\Astro CS Normalization Database\engineering_v1.3\evidence\P12-004\raw_logs\T3_HA_NGC55\photometry_report.json
[2026-07-28 23:14:10][INFO][orchestrator] [PHOTOMETRIC] photo_stats 已写入 (含 17 个诊断字段)
[2026-07-28 23:14:10][INFO][orchestrator] [0.036837s] PHOTOMETRIC 完成
[2026-07-28 23:14:10][INFO][orchestrator] ---------- stage1 阶段: SNR ----------
[2026-07-28 23:14:10][INFO][orchestrator] [SNR] 开始
[2026-07-28 23:14:10][INFO][orchestrator] [SNR] SIP 前向系数加载: A_ORDER=3 B_ORDER=3 (P03-004 WCS+SIP 一致性)
[2026-07-28 23:14:10][INFO][orchestrator] [SNR] n_stars=418 sigma_residual=0.100344 CRVAL=(3.745829,-39.196840) CRPIX=(2048.500000,2048.500000) SIP(a_order=3, b_order=3)
[snr_model] SNR_phot = 4.328069
[snr_model] PSF stars: total=418 valid=234 skipped=184 (status=20 A<=B=164 mad<=0=0)
[snr_model] median(SNR_psf) = 79.047068
[snr_model] WCS+SIP: a_order=3 b_order=3 (前向 SIP 启用, 与 drizzle WcsSip.pixelToSky 一致)
[snr_model] ctrl_point[0]: ra=4.319118 dec=-39.027942 snr_psf=0.8153 (src px x=1398.97 y=3719.02)
[snr_model] ctrl_point[1]: ra=4.114757 dec=-39.476123 snr_psf=1.0354 (src px x=3089.96 y=3130.01)
[snr_model] ctrl_point[2]: ra=4.129775 dec=-39.348793 snr_psf=1.0314 (src px x=2610.02 y=3170.01)
[snr_model] done: n_points=234, snr_phot=4.328069, median=79.047068, power=2.0
[2026-07-28 23:14:10][INFO][orchestrator] [SNR] 提取稀疏控制点: n_points=234, snr_phot=4.328069, median_snr=79.047068, idw_power=2.000000
[2026-07-28 23:14:10][DEBUG][PIPELINE] add_block_move: 'snr_model' type=6 count=4708 (moved ptr=00000139847dbb40)
[2026-07-28 23:14:10][INFO][orchestrator] [SNR] 完成 (snr_model 块已写入, payload=4708B)
[2026-07-28 23:14:10][INFO][orchestrator] [0.001321s] SNR 完成
[2026-07-28 23:14:10][INFO][orchestrator] ---------- stage1 阶段: DRIZZLE ----------
[2026-07-28 23:14:10][INFO][orchestrator] [DRIZZLE] 开始
[2026-07-28 23:14:10][INFO][orchestrator] [NSIDE] 自适应: pixel_scale=0.959"/px, strategy=1x_to_2x_drizzle, nside=2048
[2026-07-28 23:14:10][INFO][orchestrator] [DRIZZLE] nside=2048 (strategy=1x_to_2x_drizzle, override=0, cd11=-0.000003 cd12=0.000266), pixfrac=1.000, nested=1
[2026-07-28 23:14:10][INFO][orchestrator] [DRIZZLE] 输出: f:\Astro dev\Astro CS Normalization Database\engineering_v1.3\evidence\P12-004\raw_logs\T3_HA_NGC55\T3_HA_NGC55.hiss
[hp_drizzle_api] hp_drizzle_run: 开始 (nside=2048, nested=1, pixfrac=1.0000, output=f:\Astro dev\Astro CS Normalization Database\engineering_v1.3\evidence\P12-004\raw_logs\T3_HA_NGC55\T3_HA_NGC55.hiss)
[hp_drizzle_api] hp_drizzle_run: data 块 4096x4096 float32
[hp_drizzle_api] hp_drizzle_run: WCS CRVAL=(3.745829,-39.196840) CRPIX=(2048.500,2048.500) CD=[-2.712e-06,2.663e-04,-2.662e-04,-2.729e-06]
[hp_drizzle_api] hp_drizzle_run: SIP A_ORDER=3 B_ORDER=3 AP_ORDER=3 BP_ORDER=3
[hp_drizzle_api] hp_drizzle_run: snr_model 块加载: n_points=234, snr_phot=4.3281, median_snr=79.0471, idw_power=2.00
[snr_evaluator] build 成功: 234 控制点 (有效 234/234), snr_phot=4.3281, median_snr=79.0471, idw_power=2.00
[wcs_sip] WCS 初始化: CRVAL=(3.745829, -39.196840)°, CRPIX=(2048.500, 2048.500), CD=[-2.712e-06, 2.663e-04; -2.662e-04, -2.729e-06], det=7.090e-08
[wcs_sip] SIP: A/B order=3, AP/BP order=3
[hp_drizzle_api] hp_drizzle_run: SNR 重建完成 (16777216 像素)
[wcs_sip] WCS 初始化: CRVAL=(3.745829, -39.196840)°, CRPIX=(2048.500, 2048.500), CD=[-2.712e-06, 2.663e-04; -2.662e-04, -2.729e-06], det=7.090e-08
[wcs_sip] SIP: A/B order=3, AP/BP order=3
[drizzle_engine] HEALPix: nside=2048 nested=1 npix=50331648 res=103.06"
[drizzle_engine] 完成: 16777216 源像素 → 1535 HEALPix 像素, 耗时 14.108s
[hp_drizzle_api] hp_drizzle_run: Drizzle 完成 (16777216 源像素 → 1535 HEALPix 像素, 耗时 14.108s)
[hp_drizzle_api] hp_drizzle_run: 写入 .hiss (filter=H-alpha, exptime=1200.0, date=2025-07-01T08:14:26, fits_meta=15)
[drizzle_engine] 写入 1535 个 HEALPix 像素到 f:\Astro dev\Astro CS Normalization Database\engineering_v1.3\evidence\P12-004\raw_logs\T3_HA_NGC55\T3_HA_NGC55.hiss
[drizzle_engine] hiss_write_snr_model: meta_json=719 bytes, n_points=234
[hio] hiss_write_snr_model: path=f:\Astro dev\Astro CS Normalization Database\engineering_v1.3\evidence\P12-004\raw_logs\T3_HA_NGC55\T3_HA_NGC55.hiss nside=2048 n_pix=1535 has_snr=1 n_points=234
[hio] hiss_write_snr_model: 写入完成: f:\Astro dev\Astro CS Normalization Database\engineering_v1.3\evidence\P12-004\raw_logs\T3_HA_NGC55\T3_HA_NGC55.hiss (has_snr=1 n_points=234)
[drizzle_engine] 写入成功: f:\Astro dev\Astro CS Normalization Database\engineering_v1.3\evidence\P12-004\raw_logs\T3_HA_NGC55\T3_HA_NGC55.hiss (1535 像素)
[hp_drizzle_api] hp_drizzle_run: .hiss 已写入 f:\Astro dev\Astro CS Normalization Database\engineering_v1.3\evidence\P12-004\raw_logs\T3_HA_NGC55\T3_HA_NGC55.hiss
[2026-07-28 23:14:34][INFO][orchestrator] [DRIZZLE] 完成: n_healpix=1535 n_source=16777216 耗时=14.108399s
[2026-07-28 23:14:34][INFO][orchestrator] [23.579780s] DRIZZLE 完成
[2026-07-28 23:14:34][DEBUG][PIPELINE] frame_destroy: ok
[2026-07-28 23:14:34][INFO][orchestrator] ========== stage1 完成 (成功) ==========
[2026-07-28 23:14:34][INFO][orchestrator] [PLATESOLVE] 释放环境资源
[2026-07-28 23:14:34][INFO][SDET] StarDetector destroyed
[2026-07-28 23:14:34][INFO][orchestrator] 析构完成
[dll_loader] 卸载所有模块
[dll_loader] 卸载模块 CALIBRATE
[dll_loader] 卸载模块 PLATESOLVE
[dll_loader] 卸载模块 PSF
[dll_loader] 卸载模块 PHOTOMETRIC
[dll_loader] 卸载模块 SNR
[dll_loader] 卸载模块 DRIZZLE
[dll_loader] 卸载模块 GRADIENT_SPHERE
[dll_loader] 卸载模块 AIO
