2026-07-28 10:49:34,387 [INFO] p11_003_subset: ======================================================================
2026-07-28 10:49:34,387 [INFO] p11_003_subset: P11-003 子集 driver (标签: rerun_corrupted)
2026-07-28 10:49:34,387 [INFO] p11_003_subset: PROJECT_ROOT: f:\Astro dev\Astro CS Normalization Database
2026-07-28 10:49:34,389 [INFO] p11_003_subset: WORK_DIR: f:\Astro dev\Astro CS Normalization Database\engineering_v1.2\evidence\P11-003\work
2026-07-28 10:49:34,389 [INFO] p11_003_subset: REPORTS_DIR: f:\Astro dev\Astro CS Normalization Database\engineering_v1.2\evidence\P11-003\reports
2026-07-28 10:49:34,399 [INFO] p11_003_subset: 待处理帧数: 3
2026-07-28 10:49:34,399 [INFO] p11_003_subset:   - T2_RED_LDN43
2026-07-28 10:49:34,399 [INFO] p11_003_subset:   - T2_GREEN_LDN43
2026-07-28 10:49:34,399 [INFO] p11_003_subset:   - T2_BLUE_LDN43
2026-07-28 10:49:34,399 [INFO] p11_003_subset: ----------------------------------------------------------------------
2026-07-28 10:49:34,399 [INFO] p11_003_subset: 初始化 PlateSolve 环境 (独立)...
2026-07-28 10:49:34,732 [INFO] p11_003_subset: 环境就绪
2026-07-28 10:49:34,732 [INFO] p11_003_subset: #1/3: T2_RED_LDN43
2026-07-28 10:49:34,733 [INFO] p11_003_subset: ======================================================================
2026-07-28 10:49:34,733 [INFO] p11_003_subset: 处理帧: T2_RED_LDN43 (T2/RED/LDN43)
2026-07-28 10:49:34,733 [INFO] p11_003_subset: 源 FITS: f:\Astro dev\Astro CS Normalization Database\testdata\LDN43_T2素材_flying_dutchman\lights\LDN43_LRGBH_flying_dutchman-20250503@032713-1200S-Red.fts
2026-07-28 10:49:34,734 [INFO] p11_003_subset: 清理已有 work_fits: T2_RED_LDN43_solved.fits
2026-07-28 10:49:34,735 [INFO] p11_003_subset: 清理已有 reports 目录: T2_RED_LDN43
2026-07-28 10:49:34,735 [INFO] p11_003_subset: 复制到: f:\Astro dev\Astro CS Normalization Database\engineering_v1.2\evidence\P11-003\work\T2_RED_LDN43_solved.fits
2026-07-28 10:49:34,823 [INFO] p11_003_subset: ----------------------------------------
2026-07-28 10:49:34,824 [INFO] p11_003_subset: PlateSolve 求解...
2026-07-28 10:49:36,152 [INFO] p11_003_subset: 求解完成: success=True, n_pairs=34, rms_px=0.1205, 耗时=1.33s
2026-07-28 10:49:36,152 [INFO] p11_003_subset: ----------------------------------------
2026-07-28 10:49:36,152 [INFO] p11_003_subset: WCS 闭环诊断 (astropy WCS, 独立于 PlateSolve transform)...
2026-07-28 10:49:36,152 [INFO] wcs_closure: ======================================================================
2026-07-28 10:49:36,152 [INFO] wcs_closure: 诊断帧: T2_RED_LDN43_solved
2026-07-28 10:49:36,152 [INFO] wcs_closure: FITS: f:\Astro dev\Astro CS Normalization Database\engineering_v1.2\evidence\P11-003\work\T2_RED_LDN43_solved.fits
2026-07-28 10:49:36,152 [INFO] wcs_closure: 读取 FITS: f:\Astro dev\Astro CS Normalization Database\engineering_v1.2\evidence\P11-003\work\T2_RED_LDN43_solved.fits
2026-07-28 10:49:36,210 [INFO] wcs_closure: 图像尺寸: 4096x4096
2026-07-28 10:49:36,494 [WARNING] astropy: FITSFixedWarning: RADECSYS= 'FK5 ' / Equatorial coordinate system 
the RADECSYS keyword is deprecated, use RADESYSa.
2026-07-28 10:49:36,496 [WARNING] astropy: FITSFixedWarning: 'datfix' made the change 'Set MJD-OBS to 60798.143993 from DATE-OBS'.
2026-07-28 10:49:36,496 [INFO] wcs_closure: WCS 构建: has_sip=True sip_order=3 ctype=['RA---TAN-SIP', 'DEC--TAN-SIP'] crpix=(2048.500,2048.500) crval=(248.609646,-15.759139)
2026-07-28 10:49:36,498 [INFO] wcs_closure: Gaia cone_search: center=(248.609646, -15.759139) radius=1.1022 deg mag_high=18.0
2026-07-28 10:49:36,502 [INFO] wcs_closure: Gaia 查询返回: n=13786
2026-07-28 10:49:36,502 [INFO] wcs_closure: PlateSolve 求解: ra0=248.608333 dec0=-15.759722 fl=1917.50 ps=9.0000
2026-07-28 10:49:37,327 [INFO] wcs_closure: callback 收到 2000 个检测星点
2026-07-28 10:49:37,363 [INFO] wcs_closure: PlateSolve 完成: success=1 n_detected=0 n_pairs=34 rms_px=0.1205 trans_order=3
2026-07-28 10:49:37,369 [INFO] wcs_closure: world_to_pixel 有效: 13786/13786
2026-07-28 10:49:37,369 [INFO] wcs_closure: Gaia 过滤后: ra=13786, dec=13786, mag=13786, pred_xy=13786
2026-07-28 10:49:37,422 [INFO] wcs_closure: kd-tree 匹配: 1945 对 (max_dist=3.00 px)
2026-07-28 10:49:37,478 [INFO] wcs_closure: 匹配对已保存: f:\Astro dev\Astro CS Normalization Database\engineering_v1.2\evidence\P11-003\reports\T2_RED_LDN43\matched_pairs.json (n=1945)
2026-07-28 10:49:37,479 [INFO] wcs_closure: 闭环报告已保存: f:\Astro dev\Astro CS Normalization Database\engineering_v1.2\evidence\P11-003\reports\T2_RED_LDN43\closure_report.json
2026-07-28 10:49:37,479 [INFO] wcs_closure: 门限: median=0.960 px (<=0.75: False), p90=1.174 px (<=1.5: True), p99=1.560 px (<=3.0: True)
2026-07-28 10:49:38,466 [INFO] wcs_closure: 残差图已保存: f:\Astro dev\Astro CS Normalization Database\engineering_v1.2\evidence\P11-003\reports\T2_RED_LDN43\residual_plot.png
2026-07-28 10:49:38,715 [INFO] wcs_closure: 四象限分布图已保存: f:\Astro dev\Astro CS Normalization Database\engineering_v1.2\evidence\P11-003\reports\T2_RED_LDN43\quadrant_plot.png
2026-07-28 10:49:38,715 [INFO] wcs_closure: 诊断完成: T2_RED_LDN43_solved (耗时 1.33s)
2026-07-28 10:49:38,717 [INFO] p11_003_subset: 诊断完成: n_matched=1945, median=0.960 px, p90=1.174 px, p99=1.560 px, gate=False, 耗时=2.57s
2026-07-28 10:49:38,717 [INFO] p11_003_subset: #2/3: T2_GREEN_LDN43
2026-07-28 10:49:38,717 [INFO] p11_003_subset: ======================================================================
2026-07-28 10:49:38,717 [INFO] p11_003_subset: 处理帧: T2_GREEN_LDN43 (T2/GREEN/LDN43)
2026-07-28 10:49:38,719 [INFO] p11_003_subset: 源 FITS: f:\Astro dev\Astro CS Normalization Database\testdata\LDN43_T2素材_flying_dutchman\lights\LDN43_LRGBH_flying_dutchman-20250503@034804-1200S-Green.fts
2026-07-28 10:49:38,720 [INFO] p11_003_subset: 清理已有 work_fits: T2_GREEN_LDN43_solved.fits
2026-07-28 10:49:38,721 [INFO] p11_003_subset: 清理已有 reports 目录: T2_GREEN_LDN43
2026-07-28 10:49:38,721 [INFO] p11_003_subset: 复制到: f:\Astro dev\Astro CS Normalization Database\engineering_v1.2\evidence\P11-003\work\T2_GREEN_LDN43_solved.fits
2026-07-28 10:49:38,811 [INFO] p11_003_subset: ----------------------------------------
2026-07-28 10:49:38,811 [INFO] p11_003_subset: PlateSolve 求解...
2026-07-28 10:49:39,882 [INFO] p11_003_subset: 求解完成: success=True, n_pairs=32, rms_px=0.1028, 耗时=1.07s
2026-07-28 10:49:39,882 [INFO] p11_003_subset: ----------------------------------------
2026-07-28 10:49:39,882 [INFO] p11_003_subset: WCS 闭环诊断 (astropy WCS, 独立于 PlateSolve transform)...
2026-07-28 10:49:39,882 [INFO] wcs_closure: ======================================================================
2026-07-28 10:49:39,882 [INFO] wcs_closure: 诊断帧: T2_GREEN_LDN43_solved
2026-07-28 10:49:39,882 [INFO] wcs_closure: FITS: f:\Astro dev\Astro CS Normalization Database\engineering_v1.2\evidence\P11-003\work\T2_GREEN_LDN43_solved.fits
2026-07-28 10:49:39,882 [INFO] wcs_closure: 读取 FITS: f:\Astro dev\Astro CS Normalization Database\engineering_v1.2\evidence\P11-003\work\T2_GREEN_LDN43_solved.fits
2026-07-28 10:49:39,936 [INFO] wcs_closure: 图像尺寸: 4096x4096
2026-07-28 10:49:39,948 [WARNING] astropy: FITSFixedWarning: RADECSYS= 'FK5 ' / Equatorial coordinate system 
the RADECSYS keyword is deprecated, use RADESYSa.
2026-07-28 10:49:39,950 [WARNING] astropy: FITSFixedWarning: 'datfix' made the change 'Set MJD-OBS to 60798.158472 from DATE-OBS'.
2026-07-28 10:49:39,950 [INFO] wcs_closure: WCS 构建: has_sip=True sip_order=3 ctype=['RA---TAN-SIP', 'DEC--TAN-SIP'] crpix=(2048.500,2048.500) crval=(248.609808,-15.759281)
2026-07-28 10:49:39,952 [INFO] wcs_closure: Gaia cone_search: center=(248.609808, -15.759281) radius=1.1022 deg mag_high=18.0
2026-07-28 10:49:39,953 [INFO] wcs_closure: Gaia 查询返回: n=13786
2026-07-28 10:49:39,953 [INFO] wcs_closure: PlateSolve 求解: ra0=248.608333 dec0=-15.759722 fl=1917.50 ps=9.0000
2026-07-28 10:49:40,765 [INFO] wcs_closure: callback 收到 2000 个检测星点
2026-07-28 10:49:40,801 [INFO] wcs_closure: PlateSolve 完成: success=1 n_detected=0 n_pairs=32 rms_px=0.1028 trans_order=3
2026-07-28 10:49:40,807 [INFO] wcs_closure: world_to_pixel 有效: 13786/13786
2026-07-28 10:49:40,807 [INFO] wcs_closure: Gaia 过滤后: ra=13786, dec=13786, mag=13786, pred_xy=13786
2026-07-28 10:49:40,859 [INFO] wcs_closure: kd-tree 匹配: 1944 对 (max_dist=3.00 px)
2026-07-28 10:49:40,912 [INFO] wcs_closure: 匹配对已保存: f:\Astro dev\Astro CS Normalization Database\engineering_v1.2\evidence\P11-003\reports\T2_GREEN_LDN43\matched_pairs.json (n=1944)
2026-07-28 10:49:40,912 [INFO] wcs_closure: 闭环报告已保存: f:\Astro dev\Astro CS Normalization Database\engineering_v1.2\evidence\P11-003\reports\T2_GREEN_LDN43\closure_report.json
2026-07-28 10:49:40,912 [INFO] wcs_closure: 门限: median=0.788 px (<=0.75: False), p90=1.033 px (<=1.5: True), p99=1.438 px (<=3.0: True)
2026-07-28 10:49:41,568 [INFO] wcs_closure: 残差图已保存: f:\Astro dev\Astro CS Normalization Database\engineering_v1.2\evidence\P11-003\reports\T2_GREEN_LDN43\residual_plot.png
2026-07-28 10:49:41,784 [INFO] wcs_closure: 四象限分布图已保存: f:\Astro dev\Astro CS Normalization Database\engineering_v1.2\evidence\P11-003\reports\T2_GREEN_LDN43\quadrant_plot.png
2026-07-28 10:49:41,784 [INFO] wcs_closure: 诊断完成: T2_GREEN_LDN43_solved (耗时 1.03s)
2026-07-28 10:49:41,787 [INFO] p11_003_subset: 诊断完成: n_matched=1944, median=0.788 px, p90=1.033 px, p99=1.438 px, gate=False, 耗时=1.91s
2026-07-28 10:49:41,787 [INFO] p11_003_subset: #3/3: T2_BLUE_LDN43
2026-07-28 10:49:41,787 [INFO] p11_003_subset: ======================================================================
2026-07-28 10:49:41,787 [INFO] p11_003_subset: 处理帧: T2_BLUE_LDN43 (T2/BLUE/LDN43)
2026-07-28 10:49:41,787 [INFO] p11_003_subset: 源 FITS: f:\Astro dev\Astro CS Normalization Database\testdata\LDN43_T2素材_flying_dutchman\lights\LDN43_LRGBH_flying_dutchman-20250503@040855-1200S-Blue.fts
2026-07-28 10:49:41,788 [INFO] p11_003_subset: 清理已有 work_fits: T2_BLUE_LDN43_solved.fits
2026-07-28 10:49:41,789 [INFO] p11_003_subset: 清理已有 reports 目录: T2_BLUE_LDN43
2026-07-28 10:49:41,789 [INFO] p11_003_subset: 复制到: f:\Astro dev\Astro CS Normalization Database\engineering_v1.2\evidence\P11-003\work\T2_BLUE_LDN43_solved.fits
2026-07-28 10:49:41,879 [INFO] p11_003_subset: ----------------------------------------
2026-07-28 10:49:41,879 [INFO] p11_003_subset: PlateSolve 求解...
2026-07-28 10:49:42,906 [INFO] p11_003_subset: 求解完成: success=True, n_pairs=40, rms_px=0.2883, 耗时=1.03s
2026-07-28 10:49:42,906 [INFO] p11_003_subset: ----------------------------------------
2026-07-28 10:49:42,906 [INFO] p11_003_subset: WCS 闭环诊断 (astropy WCS, 独立于 PlateSolve transform)...
2026-07-28 10:49:42,906 [INFO] wcs_closure: ======================================================================
2026-07-28 10:49:42,906 [INFO] wcs_closure: 诊断帧: T2_BLUE_LDN43_solved
2026-07-28 10:49:42,906 [INFO] wcs_closure: FITS: f:\Astro dev\Astro CS Normalization Database\engineering_v1.2\evidence\P11-003\work\T2_BLUE_LDN43_solved.fits
2026-07-28 10:49:42,906 [INFO] wcs_closure: 读取 FITS: f:\Astro dev\Astro CS Normalization Database\engineering_v1.2\evidence\P11-003\work\T2_BLUE_LDN43_solved.fits
2026-07-28 10:49:42,961 [INFO] wcs_closure: 图像尺寸: 4096x4096
2026-07-28 10:49:42,972 [WARNING] astropy: FITSFixedWarning: 'datfix' made the change 'Set MJD-OBS to 60798.172963 from DATE-OBS'.
2026-07-28 10:49:42,972 [INFO] wcs_closure: WCS 构建: has_sip=True sip_order=3 ctype=['RA---TAN-SIP', 'DEC--TAN-SIP'] crpix=(2048.500,2048.500) crval=(248.610000,-15.759486)
2026-07-28 10:49:42,975 [INFO] wcs_closure: Gaia cone_search: center=(248.610000, -15.759486) radius=1.1022 deg mag_high=18.0
2026-07-28 10:49:42,976 [INFO] wcs_closure: Gaia 查询返回: n=13786
2026-07-28 10:49:42,976 [INFO] wcs_closure: PlateSolve 求解: ra0=248.608333 dec0=-15.759722 fl=1917.70 ps=9.0000
2026-07-28 10:49:43,766 [INFO] wcs_closure: callback 收到 2000 个检测星点
2026-07-28 10:49:43,804 [INFO] wcs_closure: PlateSolve 完成: success=1 n_detected=0 n_pairs=40 rms_px=0.2883 trans_order=3
2026-07-28 10:49:43,811 [INFO] wcs_closure: world_to_pixel 有效: 13786/13786
2026-07-28 10:49:43,811 [INFO] wcs_closure: Gaia 过滤后: ra=13786, dec=13786, mag=13786, pred_xy=13786
2026-07-28 10:49:43,861 [INFO] wcs_closure: kd-tree 匹配: 1941 对 (max_dist=3.00 px)
2026-07-28 10:49:43,914 [INFO] wcs_closure: 匹配对已保存: f:\Astro dev\Astro CS Normalization Database\engineering_v1.2\evidence\P11-003\reports\T2_BLUE_LDN43\matched_pairs.json (n=1941)
2026-07-28 10:49:43,914 [INFO] wcs_closure: 闭环报告已保存: f:\Astro dev\Astro CS Normalization Database\engineering_v1.2\evidence\P11-003\reports\T2_BLUE_LDN43\closure_report.json
2026-07-28 10:49:43,915 [INFO] wcs_closure: 门限: median=0.880 px (<=0.75: False), p90=1.153 px (<=1.5: True), p99=1.718 px (<=3.0: True)
2026-07-28 10:49:44,579 [INFO] wcs_closure: 残差图已保存: f:\Astro dev\Astro CS Normalization Database\engineering_v1.2\evidence\P11-003\reports\T2_BLUE_LDN43\residual_plot.png
2026-07-28 10:49:44,779 [INFO] wcs_closure: 四象限分布图已保存: f:\Astro dev\Astro CS Normalization Database\engineering_v1.2\evidence\P11-003\reports\T2_BLUE_LDN43\quadrant_plot.png
2026-07-28 10:49:44,780 [INFO] wcs_closure: 诊断完成: T2_BLUE_LDN43_solved (耗时 1.01s)
2026-07-28 10:49:44,782 [INFO] p11_003_subset: 诊断完成: n_matched=1941, median=0.880 px, p90=1.153 px, p99=1.718 px, gate=False, 耗时=1.88s
2026-07-28 10:49:44,782 [INFO] p11_003_subset: ----------------------------------------------------------------------
2026-07-28 10:49:44,783 [INFO] p11_003_subset: 释放 PlateSolve 环境...
2026-07-28 10:49:44,796 [INFO] p11_003_subset: 环境已释放
2026-07-28 10:49:44,797 [INFO] p11_003_subset: ======================================================================
2026-07-28 10:49:44,797 [INFO] p11_003_subset: 汇总报告: f:\Astro dev\Astro CS Normalization Database\engineering_v1.2\evidence\P11-003\reports\rerun_corrupted_summary.json
2026-07-28 10:49:44,797 [INFO] p11_003_subset: 帧数: 3
2026-07-28 10:49:44,797 [INFO] p11_003_subset: 求解成功: 3
2026-07-28 10:49:44,797 [INFO] p11_003_subset: 诊断成功: 3
2026-07-28 10:49:44,797 [INFO] p11_003_subset: 通过门限: 0
2026-07-28 10:49:44,797 [INFO] p11_003_subset: 错误: 0
2026-07-28 10:49:44,797 [INFO] p11_003_subset: ======================================================================
