2026-07-28 10:21:45,742 [INFO] p11_003_subset: ======================================================================
2026-07-28 10:21:45,742 [INFO] p11_003_subset: P11-003 子集 driver (标签: group_a)
2026-07-28 10:21:45,742 [INFO] p11_003_subset: PROJECT_ROOT: f:\Astro dev\Astro CS Normalization Database
2026-07-28 10:21:45,745 [INFO] p11_003_subset: WORK_DIR: f:\Astro dev\Astro CS Normalization Database\engineering_v1.2\evidence\P11-003\work
2026-07-28 10:21:45,745 [INFO] p11_003_subset: REPORTS_DIR: f:\Astro dev\Astro CS Normalization Database\engineering_v1.2\evidence\P11-003\reports
2026-07-28 10:21:45,745 [INFO] p11_003_subset: 待处理帧数: 4
2026-07-28 10:21:45,745 [INFO] p11_003_subset:   - T2_HA_LDN43
2026-07-28 10:21:45,745 [INFO] p11_003_subset:   - T2_OIII_NGC1727
2026-07-28 10:21:45,745 [INFO] p11_003_subset:   - T3_RED_NGC55
2026-07-28 10:21:45,745 [INFO] p11_003_subset:   - T3_GREEN_NGC55
2026-07-28 10:21:45,745 [INFO] p11_003_subset: ----------------------------------------------------------------------
2026-07-28 10:21:45,746 [INFO] p11_003_subset: 初始化 PlateSolve 环境 (独立)...
2026-07-28 10:21:46,438 [INFO] p11_003_subset: 环境就绪
2026-07-28 10:21:46,438 [INFO] p11_003_subset: #1/4: T2_HA_LDN43
2026-07-28 10:21:46,438 [INFO] p11_003_subset: ======================================================================
2026-07-28 10:21:46,438 [INFO] p11_003_subset: 处理帧: T2_HA_LDN43 (T2/HA/LDN43)
2026-07-28 10:21:46,438 [INFO] p11_003_subset: 源 FITS: f:\Astro dev\Astro CS Normalization Database\testdata\LDN43_T2素材_flying_dutchman\lights\LDN43_LRGBH_flying_dutchman-20250503@042947-1200S-H-alpha.fts
2026-07-28 10:21:46,440 [INFO] p11_003_subset: 清理已有 work_fits: T2_HA_LDN43_solved.fits
2026-07-28 10:21:46,440 [INFO] p11_003_subset: 清理已有 reports 目录: T2_HA_LDN43
2026-07-28 10:21:46,440 [INFO] p11_003_subset: 复制到: f:\Astro dev\Astro CS Normalization Database\engineering_v1.2\evidence\P11-003\work\T2_HA_LDN43_solved.fits
2026-07-28 10:21:46,529 [INFO] p11_003_subset: ----------------------------------------
2026-07-28 10:21:46,529 [INFO] p11_003_subset: PlateSolve 求解...
2026-07-28 10:21:47,685 [INFO] p11_003_subset: 求解完成: success=True, n_pairs=33, rms_px=0.1076, 耗时=1.16s
2026-07-28 10:21:47,685 [INFO] p11_003_subset: ----------------------------------------
2026-07-28 10:21:47,685 [INFO] p11_003_subset: WCS 闭环诊断 (astropy WCS, 独立于 PlateSolve transform)...
2026-07-28 10:21:47,685 [INFO] wcs_closure: ======================================================================
2026-07-28 10:21:47,685 [INFO] wcs_closure: 诊断帧: T2_HA_LDN43_solved
2026-07-28 10:21:47,685 [INFO] wcs_closure: FITS: f:\Astro dev\Astro CS Normalization Database\engineering_v1.2\evidence\P11-003\work\T2_HA_LDN43_solved.fits
2026-07-28 10:21:47,685 [INFO] wcs_closure: 读取 FITS: f:\Astro dev\Astro CS Normalization Database\engineering_v1.2\evidence\P11-003\work\T2_HA_LDN43_solved.fits
2026-07-28 10:21:47,751 [INFO] wcs_closure: 图像尺寸: 4096x4096
2026-07-28 10:21:48,140 [WARNING] astropy: FITSFixedWarning: RADECSYS= 'FK5 ' / Equatorial coordinate system 
the RADECSYS keyword is deprecated, use RADESYSa.
2026-07-28 10:21:48,142 [WARNING] astropy: FITSFixedWarning: 'datfix' made the change 'Set MJD-OBS to 60798.187512 from DATE-OBS'.
2026-07-28 10:21:48,143 [INFO] wcs_closure: WCS 构建: has_sip=True sip_order=3 ctype=['RA---TAN-SIP', 'DEC--TAN-SIP'] crpix=(2048.500,2048.500) crval=(248.609843,-15.759623)
2026-07-28 10:21:48,145 [INFO] wcs_closure: Gaia cone_search: center=(248.609843, -15.759623) radius=1.1025 deg mag_high=18.0
2026-07-28 10:21:48,160 [INFO] wcs_closure: Gaia 查询返回: n=13799
2026-07-28 10:21:48,161 [INFO] wcs_closure: PlateSolve 求解: ra0=248.608333 dec0=-15.759722 fl=1917.70 ps=9.0000
2026-07-28 10:21:48,822 [INFO] wcs_closure: callback 收到 1347 个检测星点
2026-07-28 10:21:48,859 [INFO] wcs_closure: PlateSolve 完成: success=1 n_detected=0 n_pairs=33 rms_px=0.1076 trans_order=3
2026-07-28 10:21:48,868 [INFO] wcs_closure: world_to_pixel 有效: 13799/13799
2026-07-28 10:21:48,869 [INFO] wcs_closure: Gaia 过滤后: ra=13799, dec=13799, mag=13799, pred_xy=13799
2026-07-28 10:21:48,910 [INFO] wcs_closure: kd-tree 匹配: 1237 对 (max_dist=3.00 px)
2026-07-28 10:21:48,947 [INFO] wcs_closure: 匹配对已保存: f:\Astro dev\Astro CS Normalization Database\engineering_v1.2\evidence\P11-003\reports\T2_HA_LDN43\matched_pairs.json (n=1237)
2026-07-28 10:21:48,948 [INFO] wcs_closure: 闭环报告已保存: f:\Astro dev\Astro CS Normalization Database\engineering_v1.2\evidence\P11-003\reports\T2_HA_LDN43\closure_report.json
2026-07-28 10:21:48,948 [INFO] wcs_closure: 门限: median=0.772 px (<=0.75: False), p90=0.958 px (<=1.5: True), p99=2.058 px (<=3.0: True)
2026-07-28 10:21:49,957 [INFO] wcs_closure: 残差图已保存: f:\Astro dev\Astro CS Normalization Database\engineering_v1.2\evidence\P11-003\reports\T2_HA_LDN43\residual_plot.png
2026-07-28 10:21:50,200 [INFO] wcs_closure: 四象限分布图已保存: f:\Astro dev\Astro CS Normalization Database\engineering_v1.2\evidence\P11-003\reports\T2_HA_LDN43\quadrant_plot.png
2026-07-28 10:21:50,200 [INFO] wcs_closure: 诊断完成: T2_HA_LDN43_solved (耗时 1.26s)
2026-07-28 10:21:50,202 [INFO] p11_003_subset: 诊断完成: n_matched=1237, median=0.772 px, p90=0.958 px, p99=2.058 px, gate=False, 耗时=2.52s
2026-07-28 10:21:50,203 [INFO] p11_003_subset: #2/4: T2_OIII_NGC1727
2026-07-28 10:21:50,203 [INFO] p11_003_subset: ======================================================================
2026-07-28 10:21:50,203 [INFO] p11_003_subset: 处理帧: T2_OIII_NGC1727 (T2/OIII/NGC1727)
2026-07-28 10:21:50,203 [INFO] p11_003_subset: 源 FITS: f:\Astro dev\Astro CS Normalization Database\testdata\NGC1727_T2_flying_dutchman\lights\NGC1727_RGBHO_T2_flying_dutchman-20251031@075259-1800S-OIII.fts
2026-07-28 10:21:50,203 [INFO] p11_003_subset: 复制到: f:\Astro dev\Astro CS Normalization Database\engineering_v1.2\evidence\P11-003\work\T2_OIII_NGC1727_solved.fits
2026-07-28 10:21:50,298 [INFO] p11_003_subset: ----------------------------------------
2026-07-28 10:21:50,298 [INFO] p11_003_subset: PlateSolve 求解...
2026-07-28 10:22:09,985 [INFO] p11_003_subset: 求解完成: success=True, n_pairs=45, rms_px=0.1301, 耗时=19.69s
2026-07-28 10:22:09,986 [INFO] p11_003_subset: ----------------------------------------
2026-07-28 10:22:09,986 [INFO] p11_003_subset: WCS 闭环诊断 (astropy WCS, 独立于 PlateSolve transform)...
2026-07-28 10:22:09,986 [INFO] wcs_closure: ======================================================================
2026-07-28 10:22:09,986 [INFO] wcs_closure: 诊断帧: T2_OIII_NGC1727_solved
2026-07-28 10:22:09,986 [INFO] wcs_closure: FITS: f:\Astro dev\Astro CS Normalization Database\engineering_v1.2\evidence\P11-003\work\T2_OIII_NGC1727_solved.fits
2026-07-28 10:22:09,986 [INFO] wcs_closure: 读取 FITS: f:\Astro dev\Astro CS Normalization Database\engineering_v1.2\evidence\P11-003\work\T2_OIII_NGC1727_solved.fits
2026-07-28 10:22:10,053 [INFO] wcs_closure: 图像尺寸: 4096x4096
2026-07-28 10:22:10,069 [WARNING] astropy: FITSFixedWarning: RADECSYS= 'FK5 ' / Equatorial coordinate system 
the RADECSYS keyword is deprecated, use RADESYSa.
2026-07-28 10:22:10,072 [WARNING] astropy: FITSFixedWarning: 'datfix' made the change 'Set MJD-OBS to 60979.329028 from DATE-OBS'.
2026-07-28 10:22:10,072 [INFO] wcs_closure: WCS 构建: has_sip=True sip_order=3 ctype=['RA---TAN-SIP', 'DEC--TAN-SIP'] crpix=(2048.500,2048.500) crval=(73.093161,-69.589542)
2026-07-28 10:22:10,074 [INFO] wcs_closure: Gaia cone_search: center=(73.093161, -69.589542) radius=1.1182 deg mag_high=18.0
2026-07-28 10:22:12,045 [INFO] wcs_closure: Gaia 查询返回: n=58850
2026-07-28 10:22:12,046 [INFO] wcs_closure: PlateSolve 求解: ra0=73.091667 dec0=-69.589722 fl=1917.50 ps=9.0000
2026-07-28 10:22:13,113 [INFO] wcs_closure: callback 收到 2000 个检测星点
2026-07-28 10:22:13,204 [INFO] wcs_closure: PlateSolve 完成: success=1 n_detected=0 n_pairs=45 rms_px=0.1301 trans_order=3
2026-07-28 10:22:13,230 [INFO] wcs_closure: world_to_pixel 有效: 58850/58850
2026-07-28 10:22:13,231 [INFO] wcs_closure: Gaia 过滤后: ra=58850, dec=58850, mag=58850, pred_xy=58850
2026-07-28 10:22:13,332 [INFO] wcs_closure: kd-tree 匹配: 1624 对 (max_dist=3.00 px)
2026-07-28 10:22:13,381 [INFO] wcs_closure: 匹配对已保存: f:\Astro dev\Astro CS Normalization Database\engineering_v1.2\evidence\P11-003\reports\T2_OIII_NGC1727\matched_pairs.json (n=1624)
2026-07-28 10:22:13,383 [INFO] wcs_closure: 闭环报告已保存: f:\Astro dev\Astro CS Normalization Database\engineering_v1.2\evidence\P11-003\reports\T2_OIII_NGC1727\closure_report.json
2026-07-28 10:22:13,383 [INFO] wcs_closure: 门限: median=0.689 px (<=0.75: True), p90=0.853 px (<=1.5: True), p99=1.827 px (<=3.0: True)
2026-07-28 10:22:14,026 [INFO] wcs_closure: 残差图已保存: f:\Astro dev\Astro CS Normalization Database\engineering_v1.2\evidence\P11-003\reports\T2_OIII_NGC1727\residual_plot.png
2026-07-28 10:22:14,221 [INFO] wcs_closure: 四象限分布图已保存: f:\Astro dev\Astro CS Normalization Database\engineering_v1.2\evidence\P11-003\reports\T2_OIII_NGC1727\quadrant_plot.png
2026-07-28 10:22:14,221 [INFO] wcs_closure: 诊断完成: T2_OIII_NGC1727_solved (耗时 3.40s)
2026-07-28 10:22:14,226 [INFO] p11_003_subset: 诊断完成: n_matched=1624, median=0.689 px, p90=0.853 px, p99=1.827 px, gate=True, 耗时=4.24s
2026-07-28 10:22:14,226 [INFO] p11_003_subset: #3/4: T3_RED_NGC55
2026-07-28 10:22:14,226 [INFO] p11_003_subset: ======================================================================
2026-07-28 10:22:14,226 [INFO] p11_003_subset: 处理帧: T3_RED_NGC55 (T3/RED/NGC55)
2026-07-28 10:22:14,226 [INFO] p11_003_subset: 源 FITS: f:\Astro dev\Astro CS Normalization Database\testdata\NGC55_T3_flying_dutchman\lights\NGC55_T3_flying_dutchman-20250701@074114-600S-Red.fts
2026-07-28 10:22:14,227 [INFO] p11_003_subset: 复制到: f:\Astro dev\Astro CS Normalization Database\engineering_v1.2\evidence\P11-003\work\T3_RED_NGC55_solved.fits
2026-07-28 10:22:14,319 [INFO] p11_003_subset: ----------------------------------------
2026-07-28 10:22:14,319 [INFO] p11_003_subset: PlateSolve 求解...
2026-07-28 10:22:15,118 [INFO] p11_003_subset: 求解完成: success=True, n_pairs=38, rms_px=0.1348, 耗时=0.80s
2026-07-28 10:22:15,118 [INFO] p11_003_subset: ----------------------------------------
2026-07-28 10:22:15,118 [INFO] p11_003_subset: WCS 闭环诊断 (astropy WCS, 独立于 PlateSolve transform)...
2026-07-28 10:22:15,118 [INFO] wcs_closure: ======================================================================
2026-07-28 10:22:15,118 [INFO] wcs_closure: 诊断帧: T3_RED_NGC55_solved
2026-07-28 10:22:15,118 [INFO] wcs_closure: FITS: f:\Astro dev\Astro CS Normalization Database\engineering_v1.2\evidence\P11-003\work\T3_RED_NGC55_solved.fits
2026-07-28 10:22:15,118 [INFO] wcs_closure: 读取 FITS: f:\Astro dev\Astro CS Normalization Database\engineering_v1.2\evidence\P11-003\work\T3_RED_NGC55_solved.fits
2026-07-28 10:22:15,174 [INFO] wcs_closure: 图像尺寸: 4096x4096
2026-07-28 10:22:15,186 [WARNING] astropy: FITSFixedWarning: 'datfix' made the change 'Set MJD-OBS to 60857.320394 from DATE-OBS'.
2026-07-28 10:22:15,187 [INFO] wcs_closure: WCS 构建: has_sip=True sip_order=3 ctype=['RA---TAN-SIP', 'DEC--TAN-SIP'] crpix=(2048.500,2048.500) crval=(3.745681,-39.196792)
2026-07-28 10:22:15,189 [INFO] wcs_closure: Gaia cone_search: center=(3.745681, -39.196792) radius=1.0908 deg mag_high=18.0
2026-07-28 10:22:15,189 [INFO] wcs_closure: Gaia 查询返回: n=2450
2026-07-28 10:22:15,189 [INFO] wcs_closure: PlateSolve 求解: ra0=3.745833 dec0=-39.196667 fl=1877.00 ps=9.0000
2026-07-28 10:22:15,727 [INFO] wcs_closure: callback 收到 948 个检测星点
2026-07-28 10:22:15,791 [INFO] wcs_closure: PlateSolve 完成: success=1 n_detected=0 n_pairs=38 rms_px=0.1348 trans_order=3
2026-07-28 10:22:15,795 [INFO] wcs_closure: world_to_pixel 有效: 2450/2450
2026-07-28 10:22:15,795 [INFO] wcs_closure: Gaia 过滤后: ra=2450, dec=2450, mag=2450, pred_xy=2450
2026-07-28 10:22:15,813 [INFO] wcs_closure: kd-tree 匹配: 693 对 (max_dist=3.00 px)
2026-07-28 10:22:15,836 [INFO] wcs_closure: 匹配对已保存: f:\Astro dev\Astro CS Normalization Database\engineering_v1.2\evidence\P11-003\reports\T3_RED_NGC55\matched_pairs.json (n=693)
2026-07-28 10:22:15,837 [INFO] wcs_closure: 闭环报告已保存: f:\Astro dev\Astro CS Normalization Database\engineering_v1.2\evidence\P11-003\reports\T3_RED_NGC55\closure_report.json
2026-07-28 10:22:15,837 [INFO] wcs_closure: 门限: median=0.762 px (<=0.75: False), p90=1.007 px (<=1.5: True), p99=1.465 px (<=3.0: True)
2026-07-28 10:22:16,437 [INFO] wcs_closure: 残差图已保存: f:\Astro dev\Astro CS Normalization Database\engineering_v1.2\evidence\P11-003\reports\T3_RED_NGC55\residual_plot.png
2026-07-28 10:22:16,636 [INFO] wcs_closure: 四象限分布图已保存: f:\Astro dev\Astro CS Normalization Database\engineering_v1.2\evidence\P11-003\reports\T3_RED_NGC55\quadrant_plot.png
2026-07-28 10:22:16,636 [INFO] wcs_closure: 诊断完成: T3_RED_NGC55_solved (耗时 0.72s)
2026-07-28 10:22:16,640 [INFO] p11_003_subset: 诊断完成: n_matched=693, median=0.762 px, p90=1.007 px, p99=1.465 px, gate=False, 耗时=1.52s
2026-07-28 10:22:16,640 [INFO] p11_003_subset: #4/4: T3_GREEN_NGC55
2026-07-28 10:22:16,640 [INFO] p11_003_subset: ======================================================================
2026-07-28 10:22:16,640 [INFO] p11_003_subset: 处理帧: T3_GREEN_NGC55 (T3/GREEN/NGC55)
2026-07-28 10:22:16,640 [INFO] p11_003_subset: 源 FITS: f:\Astro dev\Astro CS Normalization Database\testdata\NGC55_T3_flying_dutchman\lights\NGC55_T3_flying_dutchman-20250701@075153-600S-Green.fts
2026-07-28 10:22:16,641 [INFO] p11_003_subset: 复制到: f:\Astro dev\Astro CS Normalization Database\engineering_v1.2\evidence\P11-003\work\T3_GREEN_NGC55_solved.fits
2026-07-28 10:22:16,738 [INFO] p11_003_subset: ----------------------------------------
2026-07-28 10:22:16,738 [INFO] p11_003_subset: PlateSolve 求解...
2026-07-28 10:22:17,559 [INFO] p11_003_subset: 求解完成: success=True, n_pairs=33, rms_px=0.1088, 耗时=0.82s
2026-07-28 10:22:17,559 [INFO] p11_003_subset: ----------------------------------------
2026-07-28 10:22:17,559 [INFO] p11_003_subset: WCS 闭环诊断 (astropy WCS, 独立于 PlateSolve transform)...
2026-07-28 10:22:17,559 [INFO] wcs_closure: ======================================================================
2026-07-28 10:22:17,559 [INFO] wcs_closure: 诊断帧: T3_GREEN_NGC55_solved
2026-07-28 10:22:17,559 [INFO] wcs_closure: FITS: f:\Astro dev\Astro CS Normalization Database\engineering_v1.2\evidence\P11-003\work\T3_GREEN_NGC55_solved.fits
2026-07-28 10:22:17,559 [INFO] wcs_closure: 读取 FITS: f:\Astro dev\Astro CS Normalization Database\engineering_v1.2\evidence\P11-003\work\T3_GREEN_NGC55_solved.fits
2026-07-28 10:22:17,615 [INFO] wcs_closure: 图像尺寸: 4096x4096
2026-07-28 10:22:17,626 [WARNING] astropy: FITSFixedWarning: 'datfix' made the change 'Set MJD-OBS to 60857.327789 from DATE-OBS'.
2026-07-28 10:22:17,626 [INFO] wcs_closure: WCS 构建: has_sip=True sip_order=3 ctype=['RA---TAN-SIP', 'DEC--TAN-SIP'] crpix=(2048.500,2048.500) crval=(3.745951,-39.196714)
2026-07-28 10:22:17,628 [INFO] wcs_closure: Gaia cone_search: center=(3.745951, -39.196714) radius=1.0907 deg mag_high=18.0
2026-07-28 10:22:17,628 [INFO] wcs_closure: Gaia 查询返回: n=2450
2026-07-28 10:22:17,628 [INFO] wcs_closure: PlateSolve 求解: ra0=3.745833 dec0=-39.196667 fl=1877.00 ps=9.0000
2026-07-28 10:22:18,217 [INFO] wcs_closure: callback 收到 929 个检测星点
2026-07-28 10:22:18,281 [INFO] wcs_closure: PlateSolve 完成: success=1 n_detected=0 n_pairs=33 rms_px=0.1088 trans_order=3
2026-07-28 10:22:18,284 [INFO] wcs_closure: world_to_pixel 有效: 2450/2450
2026-07-28 10:22:18,284 [INFO] wcs_closure: Gaia 过滤后: ra=2450, dec=2450, mag=2450, pred_xy=2450
2026-07-28 10:22:18,300 [INFO] wcs_closure: kd-tree 匹配: 663 对 (max_dist=3.00 px)
2026-07-28 10:22:18,325 [INFO] wcs_closure: 匹配对已保存: f:\Astro dev\Astro CS Normalization Database\engineering_v1.2\evidence\P11-003\reports\T3_GREEN_NGC55\matched_pairs.json (n=663)
2026-07-28 10:22:18,326 [INFO] wcs_closure: 闭环报告已保存: f:\Astro dev\Astro CS Normalization Database\engineering_v1.2\evidence\P11-003\reports\T3_GREEN_NGC55\closure_report.json
2026-07-28 10:22:18,326 [INFO] wcs_closure: 门限: median=0.826 px (<=0.75: False), p90=1.121 px (<=1.5: True), p99=1.775 px (<=3.0: True)
2026-07-28 10:22:18,989 [INFO] wcs_closure: 残差图已保存: f:\Astro dev\Astro CS Normalization Database\engineering_v1.2\evidence\P11-003\reports\T3_GREEN_NGC55\residual_plot.png
2026-07-28 10:22:19,181 [INFO] wcs_closure: 四象限分布图已保存: f:\Astro dev\Astro CS Normalization Database\engineering_v1.2\evidence\P11-003\reports\T3_GREEN_NGC55\quadrant_plot.png
2026-07-28 10:22:19,181 [INFO] wcs_closure: 诊断完成: T3_GREEN_NGC55_solved (耗时 0.77s)
2026-07-28 10:22:19,185 [INFO] p11_003_subset: 诊断完成: n_matched=663, median=0.826 px, p90=1.121 px, p99=1.775 px, gate=False, 耗时=1.63s
2026-07-28 10:22:19,185 [INFO] p11_003_subset: ----------------------------------------------------------------------
2026-07-28 10:22:19,185 [INFO] p11_003_subset: 释放 PlateSolve 环境...
2026-07-28 10:22:56,252 [INFO] p11_003_subset: 环境已释放
2026-07-28 10:22:56,255 [INFO] p11_003_subset: ======================================================================
2026-07-28 10:22:56,256 [INFO] p11_003_subset: 汇总报告: f:\Astro dev\Astro CS Normalization Database\engineering_v1.2\evidence\P11-003\reports\group_a_summary.json
2026-07-28 10:22:56,256 [INFO] p11_003_subset: 帧数: 4
2026-07-28 10:22:56,256 [INFO] p11_003_subset: 求解成功: 4
2026-07-28 10:22:56,256 [INFO] p11_003_subset: 诊断成功: 4
2026-07-28 10:22:56,256 [INFO] p11_003_subset: 通过门限: 1
2026-07-28 10:22:56,256 [INFO] p11_003_subset: 错误: 0
2026-07-28 10:22:56,256 [INFO] p11_003_subset: ======================================================================
