{
  "ok": true,
  "results": [
    {
      "ok": true,
      "exit_code": 0,
      "stdout": "F:\\Astro dev\\Astro CS Normalization Database\\engineering/evidence/P06-002/T7_snr_weight_debug/output",
      "stderr": "",
      "elapsed_sec": 0,
      "cmd": [],
      "extra": {
        "path": "F:\\Astro dev\\Astro CS Normalization Database\\engineering/evidence/P06-002/T7_snr_weight_debug/output"
      },
      "step": 0,
      "type": "mkdir"
    },
    {
      "ok": true,
      "exit_code": 0,
      "stdout": "F:\\Astro dev\\Astro CS Normalization Database\\engineering/evidence/P06-002/T7_snr_weight_debug/logs",
      "stderr": "",
      "elapsed_sec": 0,
      "cmd": [],
      "extra": {
        "path": "F:\\Astro dev\\Astro CS Normalization Database\\engineering/evidence/P06-002/T7_snr_weight_debug/logs"
      },
      "step": 1,
      "type": "mkdir"
    },
    {
      "ok": true,
      "exit_code": 0,
      "stdout": "{\n  \"success\": true,\n  \"frame_name\": \"engineering/evidence/P06-002/test_D_snr_weight/input\",\n  \"timings\": [\n    {\"stage\": \"STACK\", \"name\": \"GRADIENT_SPHERE\", \"duration_sec\": 0.0053401, \"success\": true},\n    {\"stage\": \"STACK\", \"name\": \"STACK\", \"duration_sec\": 2.37e-05, \"success\": true}\n  ],\n  \"wcs_fields\": {},\n  \"photo_stats\": {},\n  \"output_ahpx_path\": \"engineering/evidence/P06-002/T7_snr_weight_debug/output/snr_weighted.hcsd\",\n  \"error_msg\": \"\"\n}\n",
      "stderr": "[2026-07-27 11:18:14][INFO][logger] 日志系统初始化完成 (log_dir=lib/orchestrator/logs, level=INFO)\n[2026-07-27 11:18:14][INFO][orchestrator] 初始化编排器 (骨架版本)\n[2026-07-27 11:18:14][INFO][orchestrator] 可用线程数: 16\n[2026-07-27 11:18:14][INFO][orchestrator] 加载配置: engineering/evidence/P06-002/configs/stage2_config_default.json\n[2026-07-27 11:18:14][INFO][orchestrator] 配置文件大小: 693 字节\n[2026-07-27 11:18:14][INFO][orchestrator] 检查点目录: output\\.checkpoint\n[2026-07-27 11:18:14][INFO][orchestrator] 日志级别设置为: INFO\n[2026-07-27 11:18:14][INFO][orchestrator] 配置线程数: 0 (0=自动检测)\n[2026-07-27 11:18:14][INFO][orchestrator] 配置加载完成 (P03-002: log_level/threads/gaia_data_dir 已解析)\n[2026-07-27 11:18:14][INFO][cli] 日志级别设置为: DEBUG\n[2026-07-27 11:18:14][INFO][orchestrator] ========== stage2: 多帧合并 (.hiss -> .hcsd) ==========\n[2026-07-27 11:18:14][INFO][orchestrator] 输入 .hiss 目录: engineering/evidence/P06-002/test_D_snr_weight/input\n[2026-07-27 11:18:14][INFO][orchestrator] 输出 .hcsd: engineering/evidence/P06-002/T7_snr_weight_debug/output/snr_weighted.hcsd\n[2026-07-27 11:18:14][INFO][orchestrator] 配置 JSON: {\n  \"_comment\": \"P06-002 stage2 配置 - 默认 (无梯度校正, 与 P06-001 一致, 用于确定性验证)\",\n  \"frames_dir\": \"output/hiss_output/\",\n  \"output_hcsd\": \"output/stacked.hcsd\",\n  \"stages\": [\n    \"gradient_sphere\",\n    \"stack\"\n  ],\n  \"stack\": {\n    \"sigma_clip_method\": \"winsorized\",\n    \"sigma_clip_sigma\": 3.0,\n    \"sigma_clip_max_iter\": 5,\n    \"winsorize_low_pct\": 0.05,\n    \"winsorize_high_pct\": 0.95,\n    \"weighting\": \"snr_squared\",\n    \"mosaic_fov_ra\": 0.0,\n    \"mosaic_fov_dec\": 0.0,\n    \"mosaic_fov_radius_deg\": 0.0\n  },\n  \"gradient_sphere\": {\n    \"gaia_data_dir\": \"\",\n    \"gradient_max_iter\": 10,\n    \"gradient_lambda\": 1.0e-4\n  },\n  \"log_level\": \"INFO\",\n  \"threads\": 0\n}\n\n[2026-07-27 11:18:14][INFO][orchestrator] P04-004: 取消/超时标志已重置\n[2026-07-27 11:18:14][INFO][orchestrator] 发现 2 个 .hiss 文件\n[2026-07-27 11:18:14][INFO][orchestrator] 自动推导项目根目录: F:\\Astro dev\\Astro CS Normalization Database\n[2026-07-27 11:18:14][INFO][orchestrator] 初始化 DLL 加载 (lib_base_dir=F:\\Astro dev\\Astro CS Normalization Database)\n[dll_loader] 开始加载所有模块 (lib_base_dir=F:\\Astro dev\\Astro CS Normalization Database)\n[dll_loader] 设置运行时 DLL 搜索路径: C:\\msys64\\mingw64\\bin\n[dll_loader] 加载模块 AIO: F:\\Astro dev\\Astro CS Normalization Database/lib/astro_image_io/astro_image_io.dll\n[dll_loader] 模块 AIO 加载成功 (handle=0x7ff8022f0000)\n[dll_loader] 预加载 astro_image_io.dll (依赖前置) handle=0x7ff8022f0000\n[dll_loader] 加载模块 CALIBRATE: F:\\Astro dev\\Astro CS Normalization Database/lib/calibration/astro_calibration.dll\n[dll_loader] 模块 CALIBRATE 加载成功 (handle=0x7ff8e6340000)\n[dll_loader] 加载模块 PLATESOLVE: F:\\Astro dev\\Astro CS Normalization Database/lib/plate_solve/cpp/ipv/ipv_solver.dll\n[dll_loader] 模块 PLATESOLVE 加载成功 (handle=0x7ff8a7e40000)\n[dll_loader] 加载模块 PSF: F:\\Astro dev\\Astro CS Normalization Database/lib/dynamic_psf/dynamic_psf.dll\n[dll_loader] 模块 PSF 加载成功 (handle=0x7ff8d40d0000)\n[dll_loader] 预加载 gaia_client.dll (依赖前置) handle=0x7ff8da9d0000\n[dll_loader] 加载模块 PHOTOMETRIC: F:\\Astro dev\\Astro CS Normalization Database/lib/photometric_calib/cpp/photometric_calib.dll\n[dll_loader] 模块 PHOTOMETRIC 加载成功 (handle=0x7ff8c4420000)\n[dll_loader] 加载模块 SNR: F:\\Astro dev\\Astro CS Normalization Database/lib/snr_estimator/cpp/snr_estimator.dll\n[dll_loader] 模块 SNR 加载成功 (handle=0x7ff8a8130000)\n[dll_loader] 加载模块 DRIZZLE: F:\\Astro dev\\Astro CS Normalization Database/lib/healpix_db/healpix_drizzle/healpix_drizzle.dll\n[dll_loader] 模块 DRIZZLE 加载成功 (handle=0x7ff88cd40000)\n[dll_loader] 加载模块 GRADIENT_SPHERE: F:\\Astro dev\\Astro CS Normalization Database/lib/healpix_db/healpix_stack/healpix_stack.dll\n[dll_loader] 模块 GRADIENT_SPHERE 加载成功 (handle=0x7ff889060000)\n[dll_loader] 加载模块 STACK: F:\\Astro dev\\Astro CS Normalization Database/lib/healpix_db/healpix_stack/healpix_stack.dll\n[dll_loader] 模块 STACK 加载成功 (handle=0x7ff889060000)\n[dll_loader] 全部模块加载成功\n[2026-07-27 11:18:14][INFO][orchestrator] 全部 9 个模块加载成功\n[2026-07-27 11:18:14][INFO][orchestrator]   AIO 版本: unknown\n[2026-07-27 11:18:14][INFO][orchestrator]   CALIBRATE 版本: Astro Calibration C++ v1.0.0\n[2026-07-27 11:18:14][INFO][orchestrator]   PLATESOLVE 版本: unknown\n[2026-07-27 11:18:14][INFO][orchestrator]   PSF 版本: unknown\n[2026-07-27 11:18:14][INFO][orchestrator]   PHOTOMETRIC 版本: unknown\n[2026-07-27 11:18:14][INFO][orchestrator]   SNR 版本: unknown\n[2026-07-27 11:18:14][INFO][orchestrator]   DRIZZLE 版本: unknown\n[2026-07-27 11:18:14][INFO][orchestrator]   GRADIENT_SPHERE 版本: unknown\n[2026-07-27 11:18:14][INFO][orchestrator]   STACK 版本: unknown\n[dll_loader] CALIBRATE 线程数设置为 16\n[2026-07-27 11:18:14][INFO][orchestrator] CALIBRATE 线程数: 16\n[2026-07-27 11:18:14][INFO][orchestrator] ---------- stage2 阶段: GRADIENT_SPHERE ----------\n[2026-07-27 11:18:14][INFO][orchestrator] [GRADIENT_SPHERE] 开始\n[2026-07-27 11:18:14][INFO][orchestrator] [GRADIENT_SPHERE] 帧数: 2 输出: engineering/evidence/P06-002/T7_snr_weight_debug/output/snr_weighted.hcsd sigma_clip=winsorized sigma=3.000000 max_iter=5\n[2026-07-27 11:18:14][INFO][orchestrator] [GRADIENT_SPHERE] gradient_max_iter=10 gradient_lambda=0.000100 gaia_data_dir=(null, 跳过星拒绝)\n[hp_stack_gradient_corrected] 开始: 2 帧 → engineering/evidence/P06-002/T7_snr_weight_debug/output/snr_weighted.hcsd (sigma=3.00, max_iter=5, grad_iter=10, grad_lambda=1.0e-04, sigma_clip=winsorized, winsor_low=0.05, winsor_high=0.95)\n[hp_stack_gradient_corrected] === 阶段1: 球面背景采样 ===\n[gradient_sampler] gaia_client_create_ex 失败: \n[hp_stack_gradient_corrected] 采样失败 (rc=2, rows=0), 回退到无梯度校正模式\n[hp_stack_hiss] 开始堆叠: 2 帧 → engineering/evidence/P06-002/T7_snr_weight_debug/output/snr_weighted.hcsd (sigma=3.00, max_iter=5)\n[hio] hiss_read: nside=64 nested=1 n_pix=4 has_snr=1 snr_format=0\n[hio] hiss_read: 读取完成: engineering/evidence/P06-002/test_D_snr_weight/input\\frame_snr_A.hiss (has_snr=1 snr_format=0)\n[hp_stack_hiss] 帧 0: engineering/evidence/P06-002/test_D_snr_weight/input\\frame_snr_A.hiss (nside=64, n_pix=4, has_snr=1)\n[hio] hiss_read: nside=64 nested=1 n_pix=4 has_snr=1 snr_format=0\n[hio] hiss_read: 读取完成: engineering/evidence/P06-002/test_D_snr_weight/input\\frame_snr_B.hiss (has_snr=1 snr_format=0)\n[hp_stack_hiss] 帧 1: engineering/evidence/P06-002/test_D_snr_weight/input\\frame_snr_B.hiss (nside=64, n_pix=4, has_snr=1)\n[hp_stack_hiss] 第一遍扫描完成: 4 唯一像素, nside=64\n[hio] hiss_read: nside=64 nested=1 n_pix=4 has_snr=1 snr_format=0\n[hio] hiss_read: 读取完成: engineering/evidence/P06-002/test_D_snr_weight/input\\frame_snr_A.hiss (has_snr=1 snr_format=0)\n[hio] hiss_read: nside=64 nested=1 n_pix=4 has_snr=1 snr_format=0\n[hio] hiss_read: 读取完成: engineering/evidence/P06-002/test_D_snr_weight/input\\frame_snr_B.hiss (has_snr=1 snr_format=0)\n[hp_stack_hiss] 第二遍累加完成 (SNR² 加权)\n[hio] hiss_read: nside=64 nested=1 n_pix=4 has_snr=1 snr_format=0\n[hio] hiss_read: 读取完成: engineering/evidence/P06-002/test_D_snr_weight/input\\frame_snr_A.hiss (has_snr=1 snr_format=0)\n[hio] hiss_read: nside=64 nested=1 n_pix=4 has_snr=1 snr_format=0\n[hio] hiss_read: 读取完成: engineering/evidence/P06-002/test_D_snr_weight/input\\frame_snr_B.hiss (has_snr=1 snr_format=0)\n[hio] hiss_read: nside=64 nested=1 n_pix=4 has_snr=1 snr_format=0\n[hio] hiss_read: 读取完成: engineering/evidence/P06-002/test_D_snr_weight/input\\frame_snr_A.hiss (has_snr=1 snr_format=0)\n[hio] hiss_read: nside=64 nested=1 n_pix=4 has_snr=1 snr_format=0\n[hio] hiss_read: 读取完成: engineering/evidence/P06-002/test_D_snr_weight/input\\frame_snr_B.hiss (has_snr=1 snr_format=0)\n[hp_stack_hiss] sigma-clip 迭代 0: 剔除 0 个离群值 (SNR² 加权)\n[hp_stack_hiss] 迭代 0 无剔除, 提前收敛\n[hp_stack_hiss] 输出 4 像素, mean_pixel_count=2.0000\n[hio] hcsd_write: path=engineering/evidence/P06-002/T7_snr_weight_debug/output/snr_weighted.hcsd nside=64 nested=1 n_pix=4\n[hio] hcsd_write: 子叶位移 shift=0 (nside=64)\n[hio] hcsd_write: 非空子叶 4 / 49152\n[hio] hcsd_write: 写入完成: engineering/evidence/P06-002/T7_snr_weight_debug/output/snr_weighted.hcsd\n[hp_stack_hiss] 完成: engineering/evidence/P06-002/T7_snr_weight_debug/output/snr_weighted.hcsd (4 像素, 2 帧)\n[2026-07-27 11:18:14][INFO][orchestrator] [GRADIENT_SPHERE] 完成\n[2026-07-27 11:18:14][INFO][orchestrator] [0.005340s] GRADIENT_SPHERE 完成\n[2026-07-27 11:18:14][INFO][orchestrator] ---------- stage2 阶段: STACK ----------\n[2026-07-27 11:18:14][INFO][orchestrator] [STACK] 开始\n[2026-07-27 11:18:14][INFO][orchestrator] [STACK] 跳过 (骨架): .hcsd 已由 GRADIENT_SPHERE 生成\n[2026-07-27 11:18:14][INFO][orchestrator] [0.000024s] STACK 完成\n[2026-07-27 11:18:14][INFO][orchestrator] ========== stage2 完成 (成功) ==========\n[2026-07-27 11:18:14][INFO][orchestrator] 析构完成\n[dll_loader] 卸载所有模块\n[dll_loader] 卸载模块 CALIBRATE\n[dll_loader] 卸载模块 PLATESOLVE\n[dll_loader] 卸载模块 PSF\n[dll_loader] 卸载模块 PHOTOMETRIC\n[dll_loader] 卸载模块 SNR\n[dll_loader] 卸载模块 DRIZZLE\n[dll_loader] 卸载模块 GRADIENT_SPHERE\n[dll_loader] 卸载模块 AIO\n",
      "elapsed_sec": 0.021,
      "cmd": [
        "F:\\Astro dev\\Astro CS Normalization Database\\lib/orchestrator/cpp/orchestrator.exe",
        "stage2",
        "--frames",
        "engineering/evidence/P06-002/test_D_snr_weight/input",
        "--output",
        "engineering/evidence/P06-002/T7_snr_weight_debug/output/snr_weighted.hcsd",
        "--config",
        "engineering/evidence/P06-002/configs/stage2_config_default.json",
        "--log-level",
        "DEBUG"
      ],
      "step": 2,
      "type": "run_orchestrator"
    },
    {
      "ok": true,
      "exit_code": 0,
      "stdout": "4BAD8B4130EFDF2D2ED1E593D457F26F0EF0CBA682AF572644184403659C315A",
      "stderr": "",
      "elapsed_sec": 0,
      "cmd": [
        "F:\\Astro dev\\Astro CS Normalization Database\\engineering/evidence/P06-002/T7_snr_weight_debug/output/snr_weighted.hcsd"
      ],
      "extra": {
        "sha256": "4BAD8B4130EFDF2D2ED1E593D457F26F0EF0CBA682AF572644184403659C315A",
        "size": 1179873
      },
      "step": 3,
      "type": "sha256"
    },
    {
      "ok": true,
      "exit_code": 0,
      "stdout": "{\"schema_version\":1,\"type\":\"result\",\"job_id\":\"\",\"timestamp\":\"2026-07-27T03:18:14Z\",\"status\":\"ok\",\"progress\":1,\"message\":\"hcsd inspect completed\",\"result\":{\"file\":\"engineering/evidence/P06-002/T7_snr_weight_debug/output/snr_weighted.hcsd\",\"format\":\"HCSD\",\"file_size\":1179873,\"magic\":\"HCSD\",\"uncomp_json_len\":218,\"comp_json_len\":165,\"n_leaves\":49152,\"leaf_index_bytes\":1179648,\"nside\":64,\"nested\":true,\"n_pix\":4,\"meta_json\":{\"nside\":64,\"nested\":true,\"n_pix\":4,\"has_snr\":false,\"filter\":\"Lum\",\"n_frames\":2,\"total_exposure_s\":200.000,\"sigma_clip\":{\"sigma\":3.0000,\"max_iter\":5},\"stack_stats\":{\"mean_pixel_count\":2.0000,\"median_exposure\":100.000}}}}\n{\"schema_version\":1,\"type\":\"completed\",\"job_id\":\"\",\"timestamp\":\"2026-07-27T03:18:14Z\",\"progress\":1,\"message\":\"hcsd inspect completed\",\"result\":{\"file\":\"engineering/evidence/P06-002/T7_snr_weight_debug/output/snr_weighted.hcsd\",\"format\":\"HCSD\",\"file_size\":1179873,\"magic\":\"HCSD\",\"uncomp_json_len\":218,\"comp_json_len\":165,\"n_leaves\":49152,\"leaf_index_bytes\":1179648,\"nside\":64,\"nested\":true,\"n_pix\":4,\"meta_json\":{\"nside\":64,\"nested\":true,\"n_pix\":4,\"has_snr\":false,\"filter\":\"Lum\",\"n_frames\":2,\"total_exposure_s\":200.000,\"sigma_clip\":{\"sigma\":3.0000,\"max_iter\":5},\"stack_stats\":{\"mean_pixel_count\":2.0000,\"median_exposure\":100.000}}}}\n",
      "stderr": "[2026-07-27 11:18:14][INFO][cli] inspect --hcsd: engineering/evidence/P06-002/T7_snr_weight_debug/output/snr_weighted.hcsd\n[2026-07-27 11:18:14][INFO][cli] HCSD 文件大小: 1179873 字节\n[2026-07-27 11:18:14][INFO][logger] 日志系统初始化完成 (log_dir=lib/orchestrator/logs, level=INFO)\n[2026-07-27 11:18:14][INFO][orchestrator] 初始化编排器 (骨架版本)\n[2026-07-27 11:18:14][INFO][orchestrator] 可用线程数: 16\n[dll_loader] 开始加载所有模块 (lib_base_dir=F:\\Astro dev\\Astro CS Normalization Database)\n[dll_loader] 设置运行时 DLL 搜索路径: C:\\msys64\\mingw64\\bin\n[dll_loader] 加载模块 AIO: F:\\Astro dev\\Astro CS Normalization Database/lib/astro_image_io/astro_image_io.dll\n[dll_loader] 模块 AIO 加载成功 (handle=0x7ff8022f0000)\n[dll_loader] 预加载 astro_image_io.dll (依赖前置) handle=0x7ff8022f0000\n[dll_loader] 加载模块 CALIBRATE: F:\\Astro dev\\Astro CS Normalization Database/lib/calibration/astro_calibration.dll\n[dll_loader] 模块 CALIBRATE 加载成功 (handle=0x7ff8e6340000)\n[dll_loader] 加载模块 PLATESOLVE: F:\\Astro dev\\Astro CS Normalization Database/lib/plate_solve/cpp/ipv/ipv_solver.dll\n[dll_loader] 模块 PLATESOLVE 加载成功 (handle=0x7ff8a7e40000)\n[dll_loader] 加载模块 PSF: F:\\Astro dev\\Astro CS Normalization Database/lib/dynamic_psf/dynamic_psf.dll\n[dll_loader] 模块 PSF 加载成功 (handle=0x7ff8d40d0000)\n[dll_loader] 预加载 gaia_client.dll (依赖前置) handle=0x7ff8da9d0000\n[dll_loader] 加载模块 PHOTOMETRIC: F:\\Astro dev\\Astro CS Normalization Database/lib/photometric_calib/cpp/photometric_calib.dll\n[dll_loader] 模块 PHOTOMETRIC 加载成功 (handle=0x7ff8c4420000)\n[dll_loader] 加载模块 SNR: F:\\Astro dev\\Astro CS Normalization Database/lib/snr_estimator/cpp/snr_estimator.dll\n[dll_loader] 模块 SNR 加载成功 (handle=0x7ff8a8130000)\n[dll_loader] 加载模块 DRIZZLE: F:\\Astro dev\\Astro CS Normalization Database/lib/healpix_db/healpix_drizzle/healpix_drizzle.dll\n[dll_loader] 模块 DRIZZLE 加载成功 (handle=0x7ff88cd40000)\n[dll_loader] 加载模块 GRADIENT_SPHERE: F:\\Astro dev\\Astro CS Normalization Database/lib/healpix_db/healpix_stack/healpix_stack.dll\n[dll_loader] 模块 GRADIENT_SPHERE 加载成功 (handle=0x7ff889060000)\n[dll_loader] 加载模块 STACK: F:\\Astro dev\\Astro CS Normalization Database/lib/healpix_db/healpix_stack/healpix_stack.dll\n[dll_loader] 模块 STACK 加载成功 (handle=0x7ff889060000)\n[dll_loader] 全部模块加载成功\n[dll_loader] CALIBRATE 线程数设置为 16\n[hio] hcsd_read: nside=64 nested=1 n_pix=4\n[hio] hcsd_read: 读取完成: engineering/evidence/P06-002/T7_snr_weight_debug/output/snr_weighted.hcsd\n[2026-07-27 11:18:14][INFO][cli] HCSD 元数据读取成功: nside=64 n_pix=4\n[2026-07-27 11:18:14][INFO][orchestrator] 析构完成\n[dll_loader] 卸载所有模块\n[dll_loader] 卸载模块 CALIBRATE\n[dll_loader] 卸载模块 PLATESOLVE\n[dll_loader] 卸载模块 PSF\n[dll_loader] 卸载模块 PHOTOMETRIC\n[dll_loader] 卸载模块 SNR\n[dll_loader] 卸载模块 DRIZZLE\n[dll_loader] 卸载模块 GRADIENT_SPHERE\n[dll_loader] 卸载模块 AIO\n",
      "elapsed_sec": 0.014,
      "cmd": [
        "F:\\Astro dev\\Astro CS Normalization Database\\lib/orchestrator/cpp/orchestrator.exe",
        "inspect",
        "--hcsd",
        "engineering/evidence/P06-002/T7_snr_weight_debug/output/snr_weighted.hcsd"
      ],
      "step": 4,
      "type": "run_orchestrator"
    }
  ]
}