{
  "ok": false,
  "results": [
    {
      "ok": true,
      "exit_code": 0,
      "stdout": "## main...origin/main\n M engineering/control/CURRENT_TASK.md\n M engineering/control/MASTER_TASK_REGISTER.csv\n M engineering/control/PROJECT_STATE.yaml\n?? engineering/engineering/\n?? engineering/evidence/P07-001/commit_msg2.txt\n?? engineering/evidence/P07-002/\n?? tools/_p06_002_commit_msg.txt\n?? tools/_p06_002_run_snr_debug.json\n?? tools/_p06_002_run_snr_debug.log\n?? tools/_p06_002_run_tests.json\n?? tools/_p06_002_run_tests.log\n?? tools/_p07_001_git.log\n?? tools/_p07_001_git2.json\n?? tools/_p07_001_git2.log\n?? tools/_p07_002_git.json\n?? tools/_p07_002_setup.json\n?? tools/_p07_002_setup.log\n",
      "stderr": "",
      "elapsed_sec": 0.069,
      "cmd": [
        "git",
        "status",
        "--porcelain=v1",
        "-b"
      ],
      "extra": {
        "porcelain": "## main...origin/main\n M engineering/control/CURRENT_TASK.md\n M engineering/control/MASTER_TASK_REGISTER.csv\n M engineering/control/PROJECT_STATE.yaml\n?? engineering/engineering/\n?? engineering/evidence/P07-001/commit_msg2.txt\n?? engineering/evidence/P07-002/\n?? tools/_p06_002_commit_msg.txt\n?? tools/_p06_002_run_snr_debug.json\n?? tools/_p06_002_run_snr_debug.log\n?? tools/_p06_002_run_tests.json\n?? tools/_p06_002_run_tests.log\n?? tools/_p07_001_git.log\n?? tools/_p07_001_git2.json\n?? tools/_p07_001_git2.log\n?? tools/_p07_002_git.json\n?? tools/_p07_002_setup.json\n?? tools/_p07_002_setup.log\n"
      },
      "step": 0,
      "type": "git_status"
    },
    {
      "ok": false,
      "exit_code": 1,
      "stdout": "",
      "stderr": "warning: in the working copy of 'engineering/control/CURRENT_TASK.md', CRLF will be replaced by LF the next time Git touches it\nwarning: in the working copy of 'engineering/control/MASTER_TASK_REGISTER.csv', CRLF will be replaced by LF the next time Git touches it\nwarning: in the working copy of 'engineering/control/PROJECT_STATE.yaml', CRLF will be replaced by LF the next time Git touches it\nThe following paths are ignored by one of your .gitignore files:\nengineering/evidence/P07-002/logs\nengineering/evidence/P07-002/output\nhint: Use -f if you really want to add them.\nhint: Disable this message with \"git config set advice.addIgnoredFile false\"\nwarning: in the working copy of 'engineering/evidence/P07-002/stability_results.json', CRLF will be replaced by LF the next time Git touches it\nwarning: in the working copy of 'tools/_p07_002_setup.log', CRLF will be replaced by LF the next time Git touches it\n",
      "elapsed_sec": 0.09,
      "cmd": [
        "git",
        "add",
        "engineering/evidence/P07-002/stability_results.json",
        "engineering/evidence/P07-002/stability_runner.py",
        "engineering/evidence/P07-002/TASK_REPORT.md",
        "engineering/evidence/P07-002/TEST_REPORT.md",
        "engineering/evidence/P07-002/EVIDENCE_INDEX.md",
        "engineering/evidence/P07-002/REVIEW_REPORT.md",
        "engineering/evidence/P07-002/commit_msg.txt",
        "engineering/evidence/P07-002/configs/stage1_config_T2.json",
        "engineering/evidence/P07-002/configs/stage1_config_T3.json",
        "engineering/evidence/P07-002/configs/stage1_config_T4.json",
        "engineering/evidence/P07-002/output/batch_C001.hiss",
        "engineering/evidence/P07-002/output/batch_C003.hiss",
        "engineering/evidence/P07-002/output/batch_C004.hiss",
        "engineering/evidence/P07-002/output/batch_C005.hiss",
        "engineering/evidence/P07-002/output/batch_C006.hiss",
        "engineering/evidence/P07-002/output/batch_C007.hiss",
        "engineering/evidence/P07-002/output/cancel_rerun_rerun.hiss",
        "engineering/evidence/P07-002/output/stage2_repeat_1.hcsd",
        "engineering/evidence/P07-002/output/stage2_repeat_2.hcsd",
        "engineering/evidence/P07-002/output/stage2_repeat_3.hcsd",
        "engineering/evidence/P07-002/logs/batch_C001_stdout.jsonl",
        "engineering/evidence/P07-002/logs/batch_C001_stderr.log",
        "engineering/evidence/P07-002/logs/batch_C001_memory.json",
        "engineering/evidence/P07-002/logs/batch_C003_stdout.jsonl",
        "engineering/evidence/P07-002/logs/batch_C003_stderr.log",
        "engineering/evidence/P07-002/logs/batch_C003_memory.json",
        "engineering/evidence/P07-002/logs/batch_C004_stdout.jsonl",
        "engineering/evidence/P07-002/logs/batch_C004_stderr.log",
        "engineering/evidence/P07-002/logs/batch_C004_memory.json",
        "engineering/evidence/P07-002/logs/batch_C005_stdout.jsonl",
        "engineering/evidence/P07-002/logs/batch_C005_stderr.log",
        "engineering/evidence/P07-002/logs/batch_C005_memory.json",
        "engineering/evidence/P07-002/logs/batch_C006_stdout.jsonl",
        "engineering/evidence/P07-002/logs/batch_C006_stderr.log",
        "engineering/evidence/P07-002/logs/batch_C006_memory.json",
        "engineering/evidence/P07-002/logs/batch_C007_stdout.jsonl",
        "engineering/evidence/P07-002/logs/batch_C007_stderr.log",
        "engineering/evidence/P07-002/logs/batch_C007_memory.json",
        "engineering/evidence/P07-002/logs/stage2_repeat_1_stdout.jsonl",
        "engineering/evidence/P07-002/logs/stage2_repeat_1_stderr.log",
        "engineering/evidence/P07-002/logs/stage2_repeat_1_memory.json",
        "engineering/evidence/P07-002/logs/stage2_repeat_2_stdout.jsonl",
        "engineering/evidence/P07-002/logs/stage2_repeat_2_stderr.log",
        "engineering/evidence/P07-002/logs/stage2_repeat_2_memory.json",
        "engineering/evidence/P07-002/logs/stage2_repeat_3_stdout.jsonl",
        "engineering/evidence/P07-002/logs/stage2_repeat_3_stderr.log",
        "engineering/evidence/P07-002/logs/stage2_repeat_3_memory.json",
        "engineering/evidence/P07-002/logs/cancel_rerun_cancel_stdout.jsonl",
        "engineering/evidence/P07-002/logs/cancel_rerun_cancel_stderr.log",
        "engineering/evidence/P07-002/logs/cancel_rerun_cancel_memory.json",
        "engineering/evidence/P07-002/logs/cancel_rerun_rerun_stdout.jsonl",
        "engineering/evidence/P07-002/logs/cancel_rerun_rerun_stderr.log",
        "engineering/evidence/P07-002/logs/cancel_rerun_rerun_memory.json",
        "engineering/evidence/P07-002/logs/fault_inject_stdout.jsonl",
        "engineering/evidence/P07-002/logs/fault_inject_stderr.log",
        "engineering/evidence/P07-002/logs/fault_inject_memory.json",
        "engineering/evidence/P07-002/logs/stability_runner_main.log",
        "engineering/control/MASTER_TASK_REGISTER.csv",
        "engineering/control/PROJECT_STATE.yaml",
        "engineering/control/CURRENT_TASK.md",
        "tools/_p07_002_setup.json",
        "tools/_p07_002_setup.log"
      ],
      "step": 1,
      "type": "git_add"
    },
    {
      "ok": true,
      "exit_code": 0,
      "stdout": "[main c3865eb] P07-002 长批次与故障稳定性 (VERDICT: PASS)\n 15 files changed, 2224 insertions(+), 22 deletions(-)\n create mode 100644 engineering/evidence/P07-002/EVIDENCE_INDEX.md\n create mode 100644 engineering/evidence/P07-002/REVIEW_REPORT.md\n create mode 100644 engineering/evidence/P07-002/TASK_REPORT.md\n create mode 100644 engineering/evidence/P07-002/TEST_REPORT.md\n create mode 100644 engineering/evidence/P07-002/commit_msg.txt\n create mode 100644 engineering/evidence/P07-002/configs/stage1_config_T2.json\n create mode 100644 engineering/evidence/P07-002/configs/stage1_config_T3.json\n create mode 100644 engineering/evidence/P07-002/configs/stage1_config_T4.json\n create mode 100644 engineering/evidence/P07-002/stability_results.json\n create mode 100644 engineering/evidence/P07-002/stability_runner.py\n create mode 100644 tools/_p07_002_setup.json\n create mode 100644 tools/_p07_002_setup.log\n",
      "stderr": "",
      "elapsed_sec": 0.101,
      "cmd": [
        "git",
        "commit",
        "-F",
        ".\\engineering/evidence/P07-002/commit_msg.txt"
      ],
      "step": 2,
      "type": "git_commit"
    },
    {
      "ok": true,
      "exit_code": 0,
      "stdout": "",
      "stderr": "To https://github.com/fujiaze/Astro-CS-Database.git\n   8440e19..c3865eb  main -> main\n",
      "elapsed_sec": 3.869,
      "cmd": [
        "git",
        "push",
        "origin",
        "main"
      ],
      "step": 3,
      "type": "git_push"
    },
    {
      "ok": true,
      "exit_code": 0,
      "stdout": "c3865eb P07-002 长批次与故障稳定性 (VERDICT: PASS)\n8440e19 P07-001 补充证据: logs/ + HISS 输出文件\n4c1f546 P07-001 性能与峰值内存基线 (VERDICT: PASS)\n5031094 P06-003 HCSD 输出与独立读取 (VERDICT: PASS)\n4ccb507 P06-002 球面梯度与稳健叠加证据 (v1.1 开发包) - VERDICT: PASS\n",
      "stderr": "",
      "elapsed_sec": 0.034,
      "cmd": [
        "git",
        "log",
        "--oneline",
        "-n",
        "5"
      ],
      "step": 4,
      "type": "git_log"
    }
  ]
}