{
  "ok": true,
  "results": [
    {
      "ok": true,
      "exit_code": 0,
      "stdout": "[main 8440e19] P07-001 补充证据: logs/ + HISS 输出文件\n 29 files changed, 24511 insertions(+)\n create mode 100644 engineering/evidence/P07-001/logs/C001_run1_memory.json\n create mode 100644 engineering/evidence/P07-001/logs/C001_run1_stderr.log\n create mode 100644 engineering/evidence/P07-001/logs/C001_run1_stdout.jsonl\n create mode 100644 engineering/evidence/P07-001/logs/C003_run1_memory.json\n create mode 100644 engineering/evidence/P07-001/logs/C003_run1_stderr.log\n create mode 100644 engineering/evidence/P07-001/logs/C003_run1_stdout.jsonl\n create mode 100644 engineering/evidence/P07-001/logs/C003_run2_memory.json\n create mode 100644 engineering/evidence/P07-001/logs/C003_run2_stderr.log\n create mode 100644 engineering/evidence/P07-001/logs/C003_run2_stdout.jsonl\n create mode 100644 engineering/evidence/P07-001/logs/C003_run3_memory.json\n create mode 100644 engineering/evidence/P07-001/logs/C003_run3_stderr.log\n create mode 100644 engineering/evidence/P07-001/logs/C003_run3_stdout.jsonl\n create mode 100644 engineering/evidence/P07-001/logs/C007_run1_memory.json\n create mode 100644 engineering/evidence/P07-001/logs/C007_run1_stderr.log\n create mode 100644 engineering/evidence/P07-001/logs/C007_run1_stdout.jsonl\n create mode 100644 engineering/evidence/P07-001/logs/cancel_test_memory.json\n create mode 100644 engineering/evidence/P07-001/logs/cancel_test_stderr.log\n create mode 100644 engineering/evidence/P07-001/logs/cancel_test_stdout.jsonl\n create mode 100644 engineering/evidence/P07-001/logs/stage2_run1_memory.json\n create mode 100644 engineering/evidence/P07-001/logs/stage2_run1_stderr.log\n create mode 100644 engineering/evidence/P07-001/logs/stage2_run1_stdout.jsonl\n create mode 100644 engineering/evidence/P07-001/logs/stage2_run2_memory.json\n create mode 100644 engineering/evidence/P07-001/logs/stage2_run2_stderr.log\n create mode 100644 engineering/evidence/P07-001/logs/stage2_run2_stdout.jsonl\n create mode 100644 engineering/evidence/P07-001/output/C001_run1.hiss\n create mode 100644 engineering/evidence/P07-001/output/C003_run1.hiss\n create mode 100644 engineering/evidence/P07-001/output/C003_run2.hiss\n create mode 100644 engineering/evidence/P07-001/output/C003_run3.hiss\n create mode 100644 engineering/evidence/P07-001/output/C007_run1.hiss\n",
      "stderr": "",
      "elapsed_sec": 0.123,
      "cmd": [
        "git",
        "commit",
        "-F",
        ".\\engineering/evidence/P07-001/commit_msg2.txt"
      ],
      "step": 0,
      "type": "git_commit"
    },
    {
      "ok": true,
      "exit_code": 0,
      "stdout": "",
      "stderr": "To https://github.com/fujiaze/Astro-CS-Database.git\n   4c1f546..8440e19  main -> main\n",
      "elapsed_sec": 2.746,
      "cmd": [
        "git",
        "push",
        "origin",
        "main"
      ],
      "step": 1,
      "type": "git_push"
    },
    {
      "ok": true,
      "exit_code": 0,
      "stdout": "8440e19 P07-001 补充证据: logs/ + HISS 输出文件\n4c1f546 P07-001 性能与峰值内存基线 (VERDICT: PASS)\n5031094 P06-003 HCSD 输出与独立读取 (VERDICT: PASS)\n",
      "stderr": "",
      "elapsed_sec": 0.042,
      "cmd": [
        "git",
        "log",
        "--oneline",
        "-n",
        "3"
      ],
      "step": 2,
      "type": "git_log"
    }
  ]
}