=== COMMAND ===
f:\Astro dev\Astro CS Normalization Database\lib\orchestrator\cpp\orchestrator.exe stage1 --frame f:\Astro dev\Astro CS Normalization Database\testdata\Galaxy_Center_T4\lights\panel1\Galaxy_Center_mosaic1_T4_flying_dutchman-20250703@055414-180S-Blue.fts --output f:\Astro dev\Astro CS Normalization Database\engineering_v1.3\evidence\P12-004\raw_logs\T4_BLUE_Galaxy_Center\T4_BLUE_Galaxy_Center.hiss --gaia-data GaiaDR3SP --filter Blue --config f:\Astro dev\Astro CS Normalization Database\engineering_v1.3\evidence\P12-004\scripts\stage1_config_T4.json --log-level INFO

=== EXIT CODE ===
0

=== STDOUT ===
{
  "success": true,
  "frame_name": "f:\\Astro dev\\Astro CS Normalization Database\\testdata\\Galaxy_Center_T4\\lights\\panel1\\Galaxy_Center_mosaic1_T4_flying_dutchman-20250703@055414-180S-Blue.fts",
  "timings": [
    {"stage": "CALIBRATE", "name": "READ_FITS", "duration_sec": 0.0506492, "success": true},
    {"stage": "CALIBRATE", "name": "CALIBRATE", "duration_sec": 0.567627, "success": true},
    {"stage": "CALIBRATE", "name": "PLATESOLVE", "duration_sec": 2.33468, "success": true},
    {"stage": "CALIBRATE", "name": "PSF", "duration_sec": 0.54846, "success": true},
    {"stage": "CALIBRATE", "name": "PHOTOMETRIC", "duration_sec": 0.221434, "success": true},
    {"stage": "CALIBRATE", "name": "SNR", "duration_sec": 0.0017882, "success": true},
    {"stage": "CALIBRATE", "name": "DRIZZLE", "duration_sec": 23.0537, "success": true}
  ],
  "wcs_fields": {},
  "photo_stats": {"FIT_USED": "1231", "GAIA_IN_FRAME": "6124", "MATCH_DIST_MAX": "1.999490", "MATCH_DIST_MEDIAN": "0.957366", "MATCH_DIST_P90": "1.730188", "N_MATCHED": "1231", "PSF_TOTAL": "2000", "PSF_VALID": "1922", "REJECTED_AMBIGUOUS": "0", "REJECTED_DISTANCE": "685", "REJECTED_QUALITY": "6", "ROBUST_ITERATIONS": "7", "R_MAX": "3.181805", "R_MEDIAN": "2.569922", "R_P90": "2.751839", "SCALE_FACTOR": "0.002610", "SIGMA_RESIDUAL": "0.128533", "SPATIAL_CANDIDATES": "1237", "SPECTRUM_ROWS_TOTAL": "14703", "STATUS": "OK", "UNIQUE_MATCHES": "1237", "VALID_FSYN": "14613"},
  "output_ahpx_path": "f:\\Astro dev\\Astro CS Normalization Database\\engineering_v1.3\\evidence\\P12-004\\raw_logs\\T4_BLUE_Galaxy_Center\\T4_BLUE_Galaxy_Center.hiss",
  "error_msg": ""
}

=== STDERR ===
[2026-07-28 23:07:50][INFO][cli] stage1 gaia-data: GaiaDR3SP
[2026-07-28 23:07:50][INFO][cli] stage1 filter: Blue
[2026-07-28 23:07:50][INFO][logger] 日志系统初始化完成 (log_dir=lib/orchestrator/logs, level=INFO)
[2026-07-28 23:07:50][INFO][orchestrator] 初始化编排器 (骨架版本)
[2026-07-28 23:07:50][INFO][orchestrator] 可用线程数: 16
[2026-07-28 23:07:50][INFO][orchestrator] 加载配置: f:\Astro dev\Astro CS Normalization Database\engineering_v1.3\evidence\P12-004\scripts\stage1_config_T4.json
[2026-07-28 23:07:50][INFO][orchestrator] 配置文件大小: 2299 字节
[2026-07-28 23:07:50][INFO][orchestrator] 检查点目录: output\.checkpoint
[2026-07-28 23:07:50][INFO][orchestrator] 日志级别设置为: INFO
[2026-07-28 23:07:50][INFO][orchestrator] 配置线程数: 0 (0=自动检测)
[2026-07-28 23:07:50][INFO][orchestrator] 配置 Gaia 数据目录: GaiaDR3SP
[2026-07-28 23:07:50][INFO][orchestrator] 配置加载完成 (P03-002: log_level/threads/gaia_data_dir 已解析)
[2026-07-28 23:07:50][INFO][cli] 日志级别设置为: INFO
[2026-07-28 23:07:50][INFO][orchestrator] ========== stage1: 单帧预处理 (FITS -> .hiss) ==========
[2026-07-28 23:07:50][INFO][orchestrator] 输入 FITS: f:\Astro dev\Astro CS Normalization Database\testdata\Galaxy_Center_T4\lights\panel1\Galaxy_Center_mosaic1_T4_flying_dutchman-20250703@055414-180S-Blue.fts
[2026-07-28 23:07:50][INFO][orchestrator] 输出 .hiss: f:\Astro dev\Astro CS Normalization Database\engineering_v1.3\evidence\P12-004\raw_logs\T4_BLUE_Galaxy_Center\T4_BLUE_Galaxy_Center.hiss
[2026-07-28 23:07:50][INFO][orchestrator] 配置 JSON: {

  "_comment": "stage1 配置文件模板 (spec §2.3.3) - 单帧预处理 FITS -> .hiss, stage 0-6 (2026-07-18 归档 GRADIENT_2D; 2026-07-25 P03-002 扩展参数追踪)",

  "project_root": ".",

  "gaia_data_dir": "GaiaDR3SP",

  "calibration_dir": "testdata/T4 calibration files",

  "output_root": "output",

  "stages": [

    "read_fits",

    "calibrate",

    "platesolve",

    "psf",

    "photometric",

    "snr",

    "drizzle"

  ],

  "frame": {

    "id": "panel1_Red",

    "light_path": "",

    "filter": "Red",

    "qe_curve": "GSENSE2020BSI"

  },

  "calibration": {

    "_comment": "P03-001: 校准输入接线配置。master_*_path 为空时从 calibration_dir 自动推导",

    "master_bias_path": "",

    "master_dark_path": "",

    "master_flat_path": "",

    "require_size_match": true,

    "require_exposure_match": true,

    "exposure_tolerance_s": 0.5,

    "require_temperature_match": false,

    "temperature_tolerance_c": 1.0,

    "allow_no_calibration": false,

    "dark_optimization": 0,

    "dark_scale_factor": 1.0

  },

  "platesolve": {

    "_comment": "P03-002: PlateSolve 参数。initial_ra/dec 为空时从 FITS header OBJCTRA/DEC 读取; focal_length/pixel_size 为 0 时从 FITS header 读取",

    "initial_ra": "",

    "initial_dec": "",

    "focal_length": 0.0,

    "pixel_size": 0.0,

    "max_stars": 2000,

    "log_dir": "lib/plate_solve/logs"

  },

  "psf": {

    "_comment": "P03-002: PSF 拟合参数。fit_radius=0 表示自动; max_stars=0 表示不限制",

    "fit_radius": 8,

    "max_iter": 100,

    "tolerance": 1e-06,

    "max_stars": 2000

  },

  "photometric": {

    "_comment": "P03-002: 测光校准参数。mag_max 内部会自适应迭代 (2000-10000 星范围)",

    "mag_min": 6.0,

    "mag_max": 16.0,

    "fov_radius_deg": 0.0,

    "filters_json": "lib/photometric_calib/data/response_curves/filters.json",

    "qe_curves_json": "lib/photometric_calib/data/response_curves/qe_curves.json"

  },

  "drizzle": {

    "_comment": "P03-002: Drizzle 参数。nside_strategy=1x_to_2x_drizzle 自适应; pixfrac 默认 1.0 避免缝隙",

    "nside_strategy": "1x_to_2x_drizzle",

    "nside_override": 0,

    "pixfrac": 1.0,

    "nested": true

  },

  "log_level": "INFO",

  "threads": 0

}
[2026-07-28 23:07:50][INFO][orchestrator] P04-004: 取消/超时标志已重置
[2026-07-28 23:07:50][INFO][orchestrator] 自动推导项目根目录: f:\Astro dev\Astro CS Normalization Database
[2026-07-28 23:07:50][INFO][orchestrator] 初始化 DLL 加载 (lib_base_dir=f:\Astro dev\Astro CS Normalization Database)
[dll_loader] 开始加载所有模块 (lib_base_dir=f:\Astro dev\Astro CS Normalization Database)
[dll_loader] 设置运行时 DLL 搜索路径: C:\msys64\mingw64\bin
[dll_loader] 加载模块 AIO: f:\Astro dev\Astro CS Normalization Database/lib/astro_image_io/astro_image_io.dll
[dll_loader] 模块 AIO 加载成功 (handle=0x7fffd8ce0000)
[dll_loader] 预加载 astro_image_io.dll (依赖前置) handle=0x7fffd8ce0000
[dll_loader] 加载模块 CALIBRATE: f:\Astro dev\Astro CS Normalization Database/lib/calibration/astro_calibration.dll
[dll_loader] 模块 CALIBRATE 加载成功 (handle=0x7fffe5710000)
[dll_loader] 加载模块 PLATESOLVE: f:\Astro dev\Astro CS Normalization Database/lib/plate_solve/cpp/ipv/ipv_solver.dll
[dll_loader] 模块 PLATESOLVE 加载成功 (handle=0x7fffe4570000)
[dll_loader] 加载模块 PSF: f:\Astro dev\Astro CS Normalization Database/lib/dynamic_psf/dynamic_psf.dll
[dll_loader] 模块 PSF 加载成功 (handle=0x7fffe5ee0000)
[dll_loader] 预加载 gaia_client.dll (依赖前置) handle=0x7fffe6460000
[dll_loader] 加载模块 PHOTOMETRIC: f:\Astro dev\Astro CS Normalization Database/lib/photometric_calib/cpp/photometric_calib.dll
[dll_loader] 模块 PHOTOMETRIC 加载成功 (handle=0x7fffddc70000)
[dll_loader] 加载模块 SNR: f:\Astro dev\Astro CS Normalization Database/lib/snr_estimator/cpp/snr_estimator.dll
[dll_loader] 模块 SNR 加载成功 (handle=0x7fffdc710000)
[dll_loader] 加载模块 DRIZZLE: f:\Astro dev\Astro CS Normalization Database/lib/healpix_db/healpix_drizzle/healpix_drizzle.dll
[dll_loader] 模块 DRIZZLE 加载成功 (handle=0x7fffd98d0000)
[dll_loader] 加载模块 GRADIENT_SPHERE: f:\Astro dev\Astro CS Normalization Database/lib/healpix_db/healpix_stack/healpix_stack.dll
[dll_loader] 模块 GRADIENT_SPHERE 加载成功 (handle=0x7fffd8910000)
[dll_loader] 加载模块 STACK: f:\Astro dev\Astro CS Normalization Database/lib/healpix_db/healpix_stack/healpix_stack.dll
[dll_loader] 模块 STACK 加载成功 (handle=0x7fffd8910000)
[dll_loader] 全部模块加载成功
[2026-07-28 23:07:50][INFO][orchestrator] 全部 9 个模块加载成功
[2026-07-28 23:07:50][INFO][orchestrator]   AIO 版本: unknown
[2026-07-28 23:07:50][INFO][orchestrator]   CALIBRATE 版本: Astro Calibration C++ v1.0.0
[2026-07-28 23:07:50][INFO][orchestrator]   PLATESOLVE 版本: unknown
[2026-07-28 23:07:50][INFO][orchestrator]   PSF 版本: unknown
[2026-07-28 23:07:50][INFO][orchestrator]   PHOTOMETRIC 版本: unknown
[2026-07-28 23:07:50][INFO][orchestrator]   SNR 版本: unknown
[2026-07-28 23:07:50][INFO][orchestrator]   DRIZZLE 版本: unknown
[2026-07-28 23:07:50][INFO][orchestrator]   GRADIENT_SPHERE 版本: unknown
[2026-07-28 23:07:50][INFO][orchestrator]   STACK 版本: unknown
[dll_loader] CALIBRATE 线程数设置为 16
[2026-07-28 23:07:50][INFO][orchestrator] CALIBRATE 线程数: 16
[2026-07-28 23:07:50][DEBUG][PIPELINE] frame_create: ok
[2026-07-28 23:07:50][INFO][orchestrator] ---------- stage1 阶段: READ_FITS ----------
[2026-07-28 23:07:50][INFO][orchestrator] [READ_FITS] 开始: f:\Astro dev\Astro CS Normalization Database\testdata\Galaxy_Center_T4\lights\panel1\Galaxy_Center_mosaic1_T4_flying_dutchman-20250703@055414-180S-Blue.fts
[2026-07-28 23:07:50][INFO][FITS] Reading: f:\Astro dev\Astro CS Normalization Database\testdata\Galaxy_Center_T4\lights\panel1\Galaxy_Center_mosaic1_T4_flying_dutchman-20250703@055414-180S-Blue.fts
[2026-07-28 23:07:50][INFO][FITS] Header: BITPIX=16 NAXIS=2 NAXIS1=4500 NAXIS2=3600 NAXIS3=0 BSCALE=1.0 BZERO=32768.0 keywords=124
[2026-07-28 23:07:50][INFO][FITS] Applying BSCALE=1.000000 BZERO=32768.000000
[2026-07-28 23:07:50][INFO][FITS] Read OK: 4500x3600 1ch BITPIX=16
[2026-07-28 23:07:50][INFO][API] aio_read_fits: 0.037 s
[2026-07-28 23:07:50][INFO][orchestrator] [READ_FITS] 图像尺寸: 4500x3600
[2026-07-28 23:07:50][DEBUG][PIPELINE] add_block: 'data' type=0 count=16200000 (64800000 bytes)
[2026-07-28 23:07:50][INFO][orchestrator] [READ_FITS] FITS 关键字数: 124
[2026-07-28 23:07:50][INFO][orchestrator] [READ_FITS] 完成
[2026-07-28 23:07:50][INFO][orchestrator] [0.050649s] READ_FITS 完成
[2026-07-28 23:07:50][INFO][orchestrator] ---------- stage1 阶段: CALIBRATE ----------
[2026-07-28 23:07:50][INFO][orchestrator] [CALIBRATE] 开始
[2026-07-28 23:07:50][INFO][orchestrator] [CALIBRATE] 图像: 4500x3600 (16200000 像素)
[2026-07-28 23:07:50][INFO][orchestrator] [CALIBRATE] 帧元数据: EXPTIME=180.000000s, FILTER='Blue', CCD-TEMP=-20.000000C
[2026-07-28 23:07:50][INFO][orchestrator] [CALIBRATE] calibration_dir: f:\Astro dev\Astro CS Normalization Database\testdata/T4 calibration files
[2026-07-28 23:07:50][INFO][orchestrator] [CALIBRATE] 自动推导 master_bias_path: f:\Astro dev\Astro CS Normalization Database\testdata/T4 calibration files\masterBias_BIN-1_4500x3600.xisf
[2026-07-28 23:07:50][INFO][orchestrator] [CALIBRATE] 自动推导 master_dark_path: f:\Astro dev\Astro CS Normalization Database\testdata/T4 calibration files\masterDark_BIN-1_4500x3600_EXPOSURE-180.00s.xisf
[2026-07-28 23:07:50][INFO][orchestrator] [CALIBRATE] 自动推导 master_flat_path: f:\Astro dev\Astro CS Normalization Database\testdata/T4 calibration files\masterFlat_BIN-1_4500x3600_FILTER-Blue_mono.xisf
[2026-07-28 23:07:50][INFO][XISF] Reading: f:\Astro dev\Astro CS Normalization Database\testdata/T4 calibration files\masterBias_BIN-1_4500x3600.xisf
[2026-07-28 23:07:50][INFO][XISF] XML header length: 47448 bytes
[2026-07-28 23:07:50][INFO][XISF] Image: 4500x3600x1 fmt=Float32 byteOrder= offset=49152 size=64800000
[2026-07-28 23:07:50][INFO][XISF] Byte order: file= system=little swap=0
[2026-07-28 23:07:50][INFO][XISF] Read OK: 4500x3600 1ch fmt=Float32 keywords=492
[2026-07-28 23:07:50][INFO][API] aio_read_xisf: 0.042 s
[2026-07-28 23:07:50][INFO][orchestrator] [CALIBRATE] 加载 Master: f:\Astro dev\Astro CS Normalization Database\testdata/T4 calibration files\masterBias_BIN-1_4500x3600.xisf (4500x3600)
[2026-07-28 23:07:50][INFO][XISF] Reading: f:\Astro dev\Astro CS Normalization Database\testdata/T4 calibration files\masterDark_BIN-1_4500x3600_EXPOSURE-180.00s.xisf
[2026-07-28 23:07:50][INFO][XISF] XML header length: 19932 bytes
[2026-07-28 23:07:50][INFO][XISF] Image: 4500x3600x1 fmt=Float32 byteOrder= offset=20480 size=64800000
[2026-07-28 23:07:50][INFO][XISF] Byte order: file= system=little swap=0
[2026-07-28 23:07:50][INFO][XISF] Read OK: 4500x3600 1ch fmt=Float32 keywords=192
[2026-07-28 23:07:50][INFO][API] aio_read_xisf: 0.051 s
[2026-07-28 23:07:50][INFO][orchestrator] [CALIBRATE] 加载 Master: f:\Astro dev\Astro CS Normalization Database\testdata/T4 calibration files\masterDark_BIN-1_4500x3600_EXPOSURE-180.00s.xisf (4500x3600)
[2026-07-28 23:07:50][INFO][XISF] Reading: f:\Astro dev\Astro CS Normalization Database\testdata/T4 calibration files\masterFlat_BIN-1_4500x3600_FILTER-Blue_mono.xisf
[2026-07-28 23:07:50][INFO][XISF] XML header length: 20987 bytes
[2026-07-28 23:07:50][INFO][XISF] Image: 4500x3600x1 fmt=Float32 byteOrder= offset=24576 size=64800000
[2026-07-28 23:07:50][INFO][XISF] Byte order: file= system=little swap=0
[2026-07-28 23:07:50][INFO][XISF] Read OK: 4500x3600 1ch fmt=Float32 keywords=198
[2026-07-28 23:07:50][INFO][API] aio_read_xisf: 0.045 s
[2026-07-28 23:07:50][INFO][orchestrator] [CALIBRATE] 加载 Master: f:\Astro dev\Astro CS Normalization Database\testdata/T4 calibration files\masterFlat_BIN-1_4500x3600_FILTER-Blue_mono.xisf (4500x3600)
[2026-07-28 23:07:50][INFO][orchestrator] [CALIBRATE] master_dark 曝光时间匹配: dark=180.000000s vs frame=180.000000s (diff=0.000000s)
[2026-07-28 23:07:50][INFO][orchestrator] [CALIBRATE] 调用 ac_calibrate_frame: dark_opt=0, k_init=1.000000, has_bias=true, has_dark=true, has_flat=true
[2026-07-28 23:07:51][INFO][orchestrator] [CALIBRATE] 校准统计: light_mean=1306.755333 -> out_mean=3340.297782, bias_mean=0.013990, dark_mean=0.016775, flat_mean=0.392316, actual_k=1.000000
[2026-07-28 23:07:51][DEBUG][PIPELINE] remove_block: 'data' removed (n_blocks=1)
[2026-07-28 23:07:51][DEBUG][PIPELINE] add_block_move: 'data' type=0 count=16200000 (moved ptr=00000184080b6040)
[2026-07-28 23:07:51][INFO][orchestrator] [CALIBRATE] cal_stats 已写入 (CALIBRATION_STATUS=APPLIED)
[2026-07-28 23:07:51][INFO][orchestrator] [CALIBRATE] 完成 (实际应用 Bias/Dark/Flat)
[2026-07-28 23:07:51][INFO][orchestrator] [0.567627s] CALIBRATE 完成
[2026-07-28 23:07:51][INFO][orchestrator] ---------- stage1 阶段: PLATESOLVE ----------
[2026-07-28 23:07:51][INFO][orchestrator] [PLATESOLVE] 开始
[2026-07-28 23:07:51][INFO][orchestrator] [PLATESOLVE] 初始化环境 (gaia_client + star_detector + ipv_solver)
[2026-07-28 23:07:51][INFO][orchestrator] [PLATESOLVE] gaia_client.dll 加载成功
[2026-07-28 23:07:51][INFO][orchestrator] [PLATESOLVE] star_detector.dll 加载成功
[2026-07-28 23:07:51][INFO][orchestrator] [PLATESOLVE] Gaia 数据目录: f:\Astro dev\Astro CS Normalization Database\GaiaDR3SP (来自 config)
[2026-07-28 23:07:51][INFO][orchestrator] [PLATESOLVE] GaiaClient 创建成功 (data_dir=f:\Astro dev\Astro CS Normalization Database\GaiaDR3SP)
[2026-07-28 23:07:51][INFO][SDET] StarDetector created (fitRadius=0, fwhmClipSigma=3.0, maxAxisRatio=2.0)
[2026-07-28 23:07:51][INFO][orchestrator] [PLATESOLVE] StarDetector 创建成功 (fitRadius=0 自动, maxStars=2000)
[2026-07-28 23:07:51][INFO][orchestrator] [PLATESOLVE] IPVSolver 创建成功, 已注入 Gaia + StarDetector 句柄
[2026-07-28 23:07:51][INFO][orchestrator] [PLATESOLVE] 环境初始化完成
[2026-07-28 23:07:51][INFO][orchestrator] [PLATESOLVE] 图像: 4500x3600
[2026-07-28 23:07:51][INFO][orchestrator] [PLATESOLVE] 初始指向: OBJCTRA='18 11 14.00' -> ra0=272.808333deg, OBJCTDEC='-13 10 37.0' -> dec0=-13.176944deg
[2026-07-28 23:07:51][INFO][orchestrator] [PLATESOLVE] 焦距=200.000000mm, 像素尺寸=6.000000um
[2026-07-28 23:07:51][INFO][orchestrator] [PLATESOLVE] 调用 ipv_solve_from_memory_with_callback (INTERNAL_DETECTION_SHARED_EXPORT callback 导出) ...
[2026-07-28 23:07:51][INFO] ==== IPVSolver::solve_from_memory_with_callback 开始 (INTERNAL_DETECTION_SHARED_EXPORT) ====
[2026-07-28 23:07:51][INFO]   pixels=4500x3600 (内存数据)
[2026-07-28 23:07:51][INFO]   ra0=272.808333 deg, dec0=-13.176944 deg
[2026-07-28 23:07:51][INFO]   focal_length=200.000 mm, pixel_size=6.000 um
[2026-07-28 23:07:51][INFO]   callback=ENABLED
[2026-07-28 23:07:51][INFO] === ipv_select_from_memory_with_callback 启动 (INTERNAL_DETECTION_SHARED_EXPORT) ===
[2026-07-28 23:07:51][INFO] ipv_select: 依赖 DLL 全部加载成功
[2026-07-28 23:07:51][INFO] Step 1: 使用内存像素数据 4500×3600
[2026-07-28 23:07:51][INFO] Step 2: 星点检测 (sdet_detect_ex)
[2026-07-28 23:07:51][INFO][SDET] sdet_detect_ex start: 4500x3600
[2026-07-28 23:07:51][DEBUG][SDET] [1] uint16→float: 18.7 ms
[2026-07-28 23:07:51][DEBUG][SDET] [2] Gaussian YvV smooth (sigma=2.0): 62.4 ms
[2026-07-28 23:07:51][INFO][SDET] peaker: median=3211.0000 bgnoise=69.0405 threshold=3556.2024 (median+5*bgnoise)
[2026-07-28 23:07:51][DEBUG][SDET] [3] Threshold: 292.0 ms
[2026-07-28 23:07:51][INFO][SDET] peaker: bg=3211.0 maxi=65535.0 norm=65535.0 dynrange=62324.0 minsatlevel=43626.8 satrange=6232.4 s_factor=3.7169 locthreshold=345.2024
[2026-07-28 23:07:51][DEBUG][SDET] [4] peaker: 74.5 ms (12772 candidates, full peaker 7-step)
[2026-07-28 23:07:51][INFO][SDET] Candidates: 12772
[2026-07-28 23:07:51][INFO][SDET] Peaker stages: pass_threshold=1986685 pass_localmax=22820 pass_count3=22442 pass_boundary=22442 | cond_meanhigh=118 cond_platform=11998 sat_both=16 nonsat=22426
[2026-07-28 23:07:51][INFO][SDET] Auto fitRadius: med_pixels=60 fwhm_est=3.80 auto_radius=11 actual=11
[2026-07-28 23:07:51][INFO][SDET] Task6 candidates sorted by mag_est (desc): maxstars=2000 candidates=12772
[2026-07-28 23:07:52][DEBUG][SDET] [6] Moffat4 fit: 905.8 ms (12454/12772 OK)
[2026-07-28 23:07:52][INFO][SDET] Moffat4 fit: 12454/12772 OK
[2026-07-28 23:07:52][INFO][SDET] === Fit statistics by pixel count ===
[2026-07-28 23:07:52][INFO][SDET]   px[5-9]: total=260 ok=258(99.2%) invalid=0 noconv=2 iterlimit=0
[2026-07-28 23:07:52][INFO][SDET]   px[10-19]: total=1038 ok=1016(97.9%) invalid=0 noconv=22 iterlimit=0
[2026-07-28 23:07:52][INFO][SDET]   px[20-49]: total=3557 ok=3489(98.1%) invalid=0 noconv=68 iterlimit=0
[2026-07-28 23:07:52][INFO][SDET]   px[50-99]: total=3926 ok=3831(97.6%) invalid=0 noconv=95 iterlimit=0
[2026-07-28 23:07:52][INFO][SDET]   px[100-299]: total=3399 ok=3275(96.4%) invalid=0 noconv=124 iterlimit=0
[2026-07-28 23:07:52][DEBUG][SDET] [7] FWHM stats: 5.3 ms (med=1.4045 mad=0.2437)
[2026-07-28 23:07:52][INFO][SDET] FWHM stats: med=1.4045 mad=0.2437 (from 12454 fitted stars)
[2026-07-28 23:07:52][DEBUG][SDET] [8] Build normal stars: 14.2 ms (11205 stars, fit_fail=318 fwhm=0 round=1093 reject=156)
[2026-07-28 23:07:52][INFO][SDET] Normal stars: 11205 (fit_fail=318 fwhm=0 roundness=1093 reject=156)
[2026-07-28 23:07:52][DEBUG][SDET] [9] Saturated star detection skipped (V4.52: use A>dynrange from peaker): 0.6 ms
[2026-07-28 23:07:52][DEBUG][SDET] [10a] Dedup: 3.9 ms
[2026-07-28 23:07:52][DEBUG][SDET] [10b] Sort: 1.4 ms
[2026-07-28 23:07:52][INFO][SDET] After dedup+sort: 11205 stars (saturated=878 normal=10327)
[2026-07-28 23:07:52][INFO][SDET] sdet_detect_ex done: 2000 stars (sat=878 normal=10327), 1.379 s
[2026-07-28 23:07:52][INFO]   检测到星点: 2000 颗 (饱和 874, 正常 1126)
[2026-07-28 23:07:52][INFO] Step 2.5: 调用 callback 导出 detections (INTERNAL_DETECTION_SHARED_EXPORT)
[2026-07-28 23:07:52][INFO]   callback 完成, 源缓冲区已由 callback 复制
[2026-07-28 23:07:52][INFO] Step 3: 图像侧选星
[2026-07-28 23:07:52][INFO] 选星: 按 mag(box积分) 升序取前 60 颗 (含饱和 57 颗)
[2026-07-28 23:07:52][INFO]   U 向量组: 60×2 (s0=6.1879"/px)
[2026-07-28 23:07:52][INFO] Step 4: FOV/密度计算
[2026-07-28 23:07:52][INFO] FOV计算: s0=6.1879"/px, FOV_diag=9.9056°, query_r=5.4481°, img_area=47.86341°², query_area=93.24654°², rho_img=1.25, rho_target=1.88, n_target=60
[2026-07-28 23:07:52][INFO] Step 5: V4.9 密度公式估算极限星等 (替代迭代)
[2026-07-28 23:07:52][INFO] 密度估算极限星等: G=9.815 (n_required=60, area=93.2465°², rho_target=0.64/°²)
[2026-07-28 23:07:52][INFO] Step 6: 用 m_lim=9.815 查询 Gaia 星表
[2026-07-28 23:07:53][INFO] Step 7: Gnomonic 投影 + FOV 过滤
[2026-07-28 23:07:53][INFO]   W 向量组: 60×2 (FOV 内 600, 取最亮 60, gaia_ra/dec 已保存)
[2026-07-28 23:07:53][INFO] === ipv_select_from_memory_with_callback 完成 (INTERNAL_DETECTION_SHARED_EXPORT) ===
[2026-07-28 23:07:53][INFO] === triangle_match 开始: N_U=60, N_W=60, n_A0=60, n_B0=60, tol=0.0020, s0=6.1879 ===
[2026-07-28 23:07:53][INFO] triangle_match: stage=0, nA=60, nB=60
[2026-07-28 23:07:53][INFO] triangle_match_single: n_A=60, n_B=60, tol=0.0020, s0=6.1879, scale=[0.1347,0.2020]
[2026-07-28 23:07:53][DEBUG] stars_to_triangles: N=60, expected=34220, valid=34220, skipped_degenerate=0 (并行, 16 线程)
[2026-07-28 23:07:53][DEBUG] stars_to_triangles: prune_triangle_array ba>0.9 剪枝: before=34220, after=24780, pruned=9440
[2026-07-28 23:07:53][DEBUG] stars_to_triangles: N=60, expected=34220, valid=34220, skipped_degenerate=0 (并行, 16 线程)
[2026-07-28 23:07:53][DEBUG] stars_to_triangles: prune_triangle_array ba>0.9 剪枝: before=34220, after=25292, pruned=8928
[2026-07-28 23:07:53][INFO] make_vote_matrix: n_A=24780, n_B=25292, matched_triangles=31465, vote_matrix=60x60, scale_rejected=54327 (range=[0.1347,0.2020]) [并行 16 线程]
[2026-07-28 23:07:53][INFO] top_vote_getters: 矩阵=60x60, 候选对数(vote>=2)=3597, top_n=60
[2026-07-28 23:07:53][INFO] top_vote_getters: V4.25 去重后 top_pairs=60, 去重剔除=2083
[2026-07-28 23:07:53][INFO]   [调试] top[0]: u=36 w=11, votes=148
[2026-07-28 23:07:53][INFO]   [调试] top[1]: u=39 w=23, votes=138
[2026-07-28 23:07:53][INFO]   [调试] top[2]: u=44 w=37, votes=138
[2026-07-28 23:07:53][INFO]   [调试] top[3]: u=7 w=30, votes=137
[2026-07-28 23:07:53][INFO]   [调试] top[4]: u=15 w=16, votes=136
[2026-07-28 23:07:53][INFO]   [调试] top[5]: u=19 w=41, votes=131
[2026-07-28 23:07:53][INFO]   [调试] top[6]: u=10 w=5, votes=122
[2026-07-28 23:07:53][INFO]   [调试] top[7]: u=25 w=55, votes=121
[2026-07-28 23:07:53][INFO]   [调试] top[8]: u=12 w=21, votes=113
[2026-07-28 23:07:53][INFO]   [调试] top[9]: u=29 w=51, votes=112
[2026-07-28 23:07:53][INFO] triangle_match_single 完成: tri_A=24780, tri_B=25292, vote_matrix=60x60, max_vote=148, 候选对数(vote>=2)=3597, top_pairs=60
[2026-07-28 23:07:53][INFO] triangle_match: stage=0 成功 (max_vote=148 >= 3), 停止自适应
[2026-07-28 23:07:53][INFO] === triangle_match 结束: tri_A=24780, tri_B=25292, top_pairs=60, max_vote=148, success=1 ===
[2026-07-28 23:07:53][INFO] [P02-002] n_target=60, max_vote=148, threshold=2
[2026-07-28 23:07:53][INFO]   [阶段] triangle_match (n=60): 77.46 ms, max_vote=148, top_pairs=60, success=1
[2026-07-28 23:07:53][INFO]   [阶段] triangle_match: 77.73 ms, n_target_used=60
[2026-07-28 23:07:53][INFO]   N_U=60, N_W=60, s0=6.1879 arcsec/px, img=4500x3600, fov_diag=9.9056 deg
[2026-07-28 23:07:53][INFO] iter_trans_solve: U=60, W=60, initial_pairs=60, tol=5.00, order=3
[2026-07-28 23:07:53][DEBUG] calc_trans_general: order=3, n_pairs=20, 拟合成功
[2026-07-28 23:07:53][INFO] iter_trans_inner: 初始拟合完成, 初始工作集=20, order=3
[2026-07-28 23:07:53][INFO]   [调试] 初始 TRANS: x00=625.2905 y00=194.9675, x10=6.029974 x01=-0.151931 y10=0.434977 y01=-5.989380
[2026-07-28 23:07:53][INFO]   [调试] 初始对[0]: u=36 w=11, U=(2000.26,1604.47), W=(12932.57,-10054.21), pred=(12898.65,-10041.63), dist=36.1815" (dx=-33.92 dy=12.58)
[2026-07-28 23:07:53][INFO]   [调试] 初始对[1]: u=39 w=23, U=(1934.35,1153.99), W=(12526.12,-7218.70), pred=(12671.03,-7297.29), dist=164.8496" (dx=144.91 dy=-78.59)
[2026-07-28 23:07:53][INFO]   [调试] 初始对[2]: u=44 w=37, U=(-782.51,594.57), W=(-4584.56,-3689.30), pred=(-4234.86,-3748.36), dist=354.6521" (dx=349.70 dy=-59.07)
[2026-07-28 23:07:53][INFO]   [调试] 初始对[3]: u=7 w=30, U=(-2019.21,297.05), W=(-12360.51,-1804.67), pred=(-12333.32,-1591.68), dist=214.7194" (dx=27.19 dy=212.99)
[2026-07-28 23:07:53][INFO]   [调试] 初始对[4]: u=15 w=16, U=(882.21,-163.81), W=(5913.09,1085.38), pred=(5973.89,1270.43), dist=194.7834" (dx=60.80 dy=185.05)
[2026-07-28 23:07:53][INFO]   [调试] 初始对[5]: u=19 w=41, U=(607.90,1008.22), W=(4178.78,-6303.43), pred=(3763.02,-5538.50), dist=870.6137" (dx=-415.75 dy=764.93)
[2026-07-28 23:07:53][INFO] iter_trans_inner: V4.23 工作集扩展 20->60 (nr=nbright)
[2026-07-28 23:07:53][DEBUG] iter 0: 绝对剔除 nr=60→3, nb=57
[2026-07-28 23:07:53][DEBUG] iter 0: sigma(35%)=2367.509189 角秒²
[2026-07-28 23:07:53][INFO] iter 0: V4.28 sigma 钳制 2367.509189 → 25.000000 (tol=5.00", rel_thresh 23675.091893→250.000000)
[2026-07-28 23:07:53][DEBUG] iter 0: 相对剔除 nr=0, nb=60, rel_thresh=250.000000
[2026-07-28 23:07:53][WARN] iter_trans_inner: 剩余 0 < 所需 10, 失败
[2026-07-28 23:07:53][INFO] iter_trans_inner: 完成, nr=0, sig=0.0000, rms=0.0000, iters=0, success=0
[2026-07-28 23:07:53][WARN] iter_trans_solve: 第一轮 iter_trans 失败
[2026-07-28 23:07:53][WARN] iter_trans_solve order=3 失败 (success=0, n_inliers=0)
[2026-07-28 23:07:53][INFO] iter_trans_solve: U=60, W=60, initial_pairs=60, tol=5.00, order=2
[2026-07-28 23:07:53][DEBUG] calc_trans_general: order=2, n_pairs=12, 拟合成功
[2026-07-28 23:07:53][INFO] iter_trans_inner: 初始拟合完成, 初始工作集=12, order=2
[2026-07-28 23:07:53][INFO]   [调试] 初始 TRANS: x00=354.8921 y00=51.1532, x10=6.299638 x01=-0.004708 y10=-0.002491 y01=-6.302919
[2026-07-28 23:07:53][INFO]   [调试] 初始对[0]: u=36 w=11, U=(2000.26,1604.47), W=(12932.57,-10054.21), pred=(12934.58,-10055.91), dist=2.6249" (dx=2.00 dy=-1.70)
[2026-07-28 23:07:53][INFO]   [调试] 初始对[1]: u=39 w=23, U=(1934.35,1153.99), W=(12526.12,-7218.70), pred=(12527.64,-7218.38), dist=1.5567" (dx=1.52 dy=0.33)
[2026-07-28 23:07:53][INFO]   [调试] 初始对[2]: u=44 w=37, U=(-782.51,594.57), W=(-4584.56,-3689.30), pred=(-4578.02,-3690.79), dist=6.7057" (dx=6.54 dy=-1.49)
[2026-07-28 23:07:53][INFO]   [调试] 初始对[3]: u=7 w=30, U=(-2019.21,297.05), W=(-12360.51,-1804.67), pred=(-12365.38,-1803.57), dist=4.9918" (dx=-4.87 dy=1.10)
[2026-07-28 23:07:53][INFO]   [调试] 初始对[4]: u=15 w=16, U=(882.21,-163.81), W=(5913.09,1085.38), pred=(5913.54,1083.94), dist=1.5133" (dx=0.46 dy=-1.44)
[2026-07-28 23:07:53][INFO]   [调试] 初始对[5]: u=19 w=41, U=(607.90,1008.22), W=(4178.78,-6303.43), pred=(4174.96,-6302.64), dist=3.8975" (dx=-3.82 dy=0.79)
[2026-07-28 23:07:53][INFO] iter_trans_inner: V4.23 工作集扩展 12->60 (nr=nbright)
[2026-07-28 23:07:53][DEBUG] iter 0: 绝对剔除 nr=60→16, nb=44
[2026-07-28 23:07:53][INFO] iter 0: V4.28 tol 预过滤 16→13 (tol=5.00", 剔除中等错配 3 对)
[2026-07-28 23:07:53][DEBUG] iter 0: sigma(35%)=6.890265 角秒²
[2026-07-28 23:07:53][DEBUG] iter 0: 相对剔除 nr=13, nb=47, rel_thresh=68.902654
[2026-07-28 23:07:53][DEBUG] calc_trans_general: order=2, n_pairs=13, 拟合成功
[2026-07-28 23:07:53][INFO] iter_trans_inner: 完成, nr=13, sig=10.9365, rms=2.8348, iters=1, success=1
[2026-07-28 23:07:53][INFO] iter_trans_solve: 第一轮 iter_trans 成功, inliers=13, rms=2.8348
[2026-07-28 23:07:53][INFO] at_match_lists: U=60, W=60, tol=5.00", U→W单向=12, W→U单向=12, 双向=12, 去重后=12
[2026-07-28 23:07:53][DEBUG] calc_trans_general: order=2, n_pairs=12, 拟合成功
[2026-07-28 23:07:53][INFO] at_recalc_trans: n=12, order=2, sig=3.5998, sx=1.4964, sy=1.0025, rms=1.8012
[2026-07-28 23:07:53][INFO] iter_trans_solve: 第一轮 refit 成功, inliers=12, rms=1.8012
[2026-07-28 23:07:53][INFO] at_match_lists: U=60, W=60, tol=5.00", U→W单向=12, W→U单向=12, 双向=12, 去重后=12
[2026-07-28 23:07:53][DEBUG] calc_trans_general: order=2, n_pairs=12, 拟合成功
[2026-07-28 23:07:53][INFO] at_recalc_trans: n=12, order=2, sig=3.5998, sx=1.4964, sy=1.0025, rms=1.8012
[2026-07-28 23:07:53][INFO] iter_trans_solve: 第二轮 refit 成功, inliers=12, rms=1.8012
[2026-07-28 23:07:53][WARN] iter_trans_solve order=3 失败, 回退到 order=2 成功 (n_inliers=12)
[2026-07-28 23:07:53][INFO]   [阶段] iter_trans_solve: 7.95 ms, n_inliers=12, rms=1.8012, iters=3, success=1
[2026-07-28 23:07:53][INFO]   [诊断] iterative_reproject 入口: U.size=60, gaia_ra.size=60, gaia_dec.size=60, initial_inliers.size=12, s0=6.1879, img=4500x3600
[2026-07-28 23:07:53][INFO] iterative_reproject: 开始 (N_W=60, n_inliers=12, s0=6.1879"/px, max_iter=5, conv_thresh=0.0100")
[2026-07-28 23:07:53][INFO]   iter 0: ra_cur=272.808333 dec_cur=-13.176944, xi_center=360.5203" eta_center=49.2056", conv=363.8627" (thresh=0.0100")
[2026-07-28 23:07:53][INFO]   iter 0: 新中心 ra=272.911180 dec=-13.163256 (Δra=0.102847° Δdec=0.013689°)
[2026-07-28 23:07:53][DEBUG] calc_trans_general: order=2, n_pairs=12, 拟合成功
[2026-07-28 23:07:53][INFO] at_recalc_trans: n=12, order=2, sig=3.6002, sx=1.4965, sy=1.0023, rms=1.8012
[2026-07-28 23:07:53][INFO]   iter 0: at_recalc_trans 成功, n=12, sig=3.6002, rms=1.8012, x00=-0.0009 y00=0.0010 (asec)
[2026-07-28 23:07:53][INFO]   iter 1: 收敛 (TRANS 常数项 = 0.0013" < 0.0100")
[2026-07-28 23:07:53][INFO] iterative_reproject: 完成 (收敛), ra=272.808333→272.911180 dec=-13.176944→-13.163256, n_matched=12 (固定), iters=1, conv=0.0013"
[2026-07-28 23:07:53][INFO]   [阶段] iterative_reproject: 2.30 ms, success=1, ra=272.808333→272.911180, dec=-13.176944→-13.163256, n_matched=12, iters=1, conv=0.0013"
[2026-07-28 23:07:53][INFO] at_match_lists: U=60, W=60, tol=5.00", U→W单向=12, W→U单向=12, 双向=12, 去重后=12
[2026-07-28 23:07:53][INFO]   [阶段] hi_order_rematch iter 0: n_matched=12 (min=6, order=2)
[2026-07-28 23:07:53][DEBUG] calc_trans_general: order=2, n_pairs=12, 拟合成功
[2026-07-28 23:07:53][INFO] at_recalc_trans: n=12, order=2, sig=3.6002, sx=1.4965, sy=1.0023, rms=1.8012
[2026-07-28 23:07:53][INFO] at_match_lists: U=60, W=60, tol=5.00", U→W单向=12, W→U单向=12, 双向=12, 去重后=12
[2026-07-28 23:07:53][DEBUG] calc_trans_general: order=2, n_pairs=12, 拟合成功
[2026-07-28 23:07:53][INFO] at_recalc_trans: n=12, order=2, sig=3.6002, sx=1.4965, sy=1.0023, rms=1.8012
[2026-07-28 23:07:53][INFO]   [阶段] hi_order_rematch iter 1: 收敛 (dn=0, drms=0.0000)
[2026-07-28 23:07:53][INFO]   [阶段] hi_order_rematch: 1.52 ms, n_matched=12, trans.order=2
[2026-07-28 23:07:53][INFO] ==== robust_refine_wcs 开始 (V4.30) ====
  U_full=2000, mag_full=2000, gaia=60
  ra0=272.911180, dec0=-13.163256, s0=6.1879"/px, fov=9.9056°, img=4500x3600
  initial_rms=3.6002", trans.order=2
[2026-07-28 23:07:53][INFO]   [robust_refine] 网格采样: FOV=9.906°, G_short=4, N_long=5, n_cells=20, quota=9, narrow_all=0, N_full=2000
[2026-07-28 23:07:53][INFO]   [robust_refine] 网格采样完成: 选中 180 颗 (上限 300, 下限 100)
[2026-07-28 23:07:53][INFO]   [robust_refine] NN 匹配: U=180, W=60, tol=7.200", Lowe通过=21, 双向=21
[2026-07-28 23:07:53][INFO]   [robust_refine] baseline: initial_rms=3.6002" (60星), U_pool RMS=2.5322" (180 星, matched=21)
[2026-07-28 23:07:53][INFO]   [robust_refine] NN 匹配: U=180, W=60, tol=5.064", Lowe通过=20, 双向=20
[2026-07-28 23:07:53][WARN]   [robust_refine] iter 0: matched=20 < 30, 回退
[2026-07-28 23:07:53][WARN]   [robust_refine] matched_cur 为空, 回退
[2026-07-28 23:07:53][INFO]   [阶段] robust_refine: 回退 (fallback=1), 使用 hi_order_rematch 结果
[2026-07-28 23:07:53][INFO]   [阶段] robust_refine: 1.56 ms
[2026-07-28 23:07:53][INFO]   [诊断] extract_wcs_sip 入口: trans.order=2, trans.valid=1, ra0=272.911180, dec0=-13.163256, img=4500x3600, s0=6.1879, U.size=60, W.size=60, matched.size=12
[2026-07-28 23:07:53][INFO]   [V4.22] 清零 trans.x00/y00 (saved: x00=-0.0009, y00=0.0010)
[2026-07-28 23:07:53][INFO] extract_wcs_sip: SIP A/B 解析公式成功, order=2
[2026-07-28 23:07:53][INFO] extract_wcs_sip: SIP AP/BP 网格反变换成功, ap_order=2, n_inv_coef=6, n_grid=49
[2026-07-28 23:07:53][INFO] extract_wcs_sip: CD=[1.749047e-03 3.563802e-08; 3.734390e-07 1.751160e-03], CRVAL=(272.911180, -13.163256), CRPIX=(2250.5, 1800.5), ctype=[RA---TAN-SIP, DEC--TAN-SIP], n_pairs=12, rms_px=0.2911, rms_arcsec=1.8012, trans_order=2, sip_order=2, ap_order=2
[2026-07-28 23:07:53][INFO]   [阶段] extract_wcs_sip: 1.23 ms, success=1, n_pairs=12, rms_px=0.291, rms_arcsec=1.801, trans_order=2, sip_order=2
[2026-07-28 23:07:53][INFO]   最终: n_pairs=12, rms_px=0.291, rms_arcsec=1.801, trans_order=2, sip_order=2, success=1
[2026-07-28 23:07:53][INFO]   [cache_last_inliers_] 缓存 12 对 inliers (robust=0, s0=6.1879", U_snap.size=60, gaia.size=60, trans.order=2, ra0=272.911180, dec0=-13.163256)
[2026-07-28 23:07:53][INFO] ==== IPVSolver::solve_from_memory_with_callback 完成 (INTERNAL_DETECTION_SHARED_EXPORT) ====
[2026-07-28 23:07:53][INFO][orchestrator] [PLATESOLVE] callback 导出: n_detected=2000, copied=true, wcs_result.n_detected=0
[2026-07-28 23:07:53][INFO][orchestrator] [PLATESOLVE] 求解成功: rms=1.801178arcsec, n_pairs=12, n_detected=0, n_catalog=0, trans_order=2
[2026-07-28 23:07:53][INFO][orchestrator] [PLATESOLVE] WCS 已写入: CTYPE1=RA---TAN-SIP, CRVAL=(272.911180, -13.163256), CRPIX=(2250.500000, 1800.500000)
[2026-07-28 23:07:53][INFO][orchestrator] [PLATESOLVE] SIP 已写入: order=2, ap_order=2
[2026-07-28 23:07:53][DEBUG][PIPELINE] add_block: 'star_det' type=0 count=8000 (32000 bytes)
[2026-07-28 23:07:53][INFO][orchestrator] [PLATESOLVE] star_det 块已写入 (INTERNAL_DETECTION_SHARED_EXPORT): 2000 颗星
[2026-07-28 23:07:53][INFO][orchestrator] [PLATESOLVE] 完成
[2026-07-28 23:07:53][INFO][orchestrator] [2.334683s] PLATESOLVE 完成
[2026-07-28 23:07:53][INFO][orchestrator] ---------- stage1 阶段: PSF ----------
[2026-07-28 23:07:53][INFO][orchestrator] [PSF] 开始
[2026-07-28 23:07:53][INFO][orchestrator] [PSF] 图像: 4500x3600
[2026-07-28 23:07:53][INFO][orchestrator] [PSF] star_det: 2000 颗星
[2026-07-28 23:07:53][INFO][orchestrator] [PSF] 调用 dpsf_fit_batch (fitRadius=8, maxIter=100, tol=1.0e-06) ...
[2026-07-28 23:07:53][WARN][DPSF] Background constraint violated: B=1290.1844 bkg0=3933.0000 ratio=0.6720
[2026-07-28 23:07:53][WARN][DPSF] Background constraint violated: B=1878.7231 bkg0=4172.0000 ratio=0.5497
[2026-07-28 23:07:53][WARN][DPSF] Background constraint violated: B=1191.8779 bkg0=4197.0000 ratio=0.7160
[2026-07-28 23:07:53][WARN][DPSF] Background constraint violated: B=-3004.5606 bkg0=4643.5000 ratio=1.6470
[2026-07-28 23:07:53][WARN][DPSF] Background constraint violated: B=2091.4852 bkg0=4357.5000 ratio=0.5200
[2026-07-28 23:07:53][WARN][DPSF] Background constraint violated: B=5859.9918 bkg0=3827.0000 ratio=0.5312
[2026-07-28 23:07:53][WARN][DPSF] Invalid fit params: finite=1 A=29609.45 sx=1.4052 sy=0.3000
[2026-07-28 23:07:54][INFO][orchestrator] [PSF] 拟合完成: 1922/2000 成功 (96%)
[2026-07-28 23:07:54][DEBUG][PIPELINE] add_block: 'psf' type=1 count=18000 (144000 bytes)
[2026-07-28 23:07:54][INFO][orchestrator] [PSF] 完成: 2000 颗星, 1922 成功
[2026-07-28 23:07:54][INFO][orchestrator] [0.548460s] PSF 完成
[2026-07-28 23:07:54][INFO][orchestrator] ---------- stage1 阶段: PHOTOMETRIC ----------
[2026-07-28 23:07:54][INFO][orchestrator] [PHOTOMETRIC] 开始
[2026-07-28 23:07:54][INFO][orchestrator] [PHOTOMETRIC] 图像: 4500x3600
[2026-07-28 23:07:54][INFO][orchestrator] [PHOTOMETRIC] psf: 2000 颗星
[2026-07-28 23:07:54][INFO][orchestrator] [PHOTOMETRIC] FILTER='Blue' -> 'Baader B'
[2026-07-28 23:07:54][INFO][orchestrator] [PHOTOMETRIC] filters_json: f:\Astro dev\Astro CS Normalization Database\lib/photometric_calib/data/response_curves/filters.json
[2026-07-28 23:07:54][INFO][orchestrator] [PHOTOMETRIC] 滤光片: 68 点
[2026-07-28 23:07:54][INFO][orchestrator] [PHOTOMETRIC] qe_curves_json: f:\Astro dev\Astro CS Normalization Database\lib/photometric_calib/data/response_curves/qe_curves.json
[2026-07-28 23:07:54][INFO][orchestrator] [PHOTOMETRIC] QE 曲线 'GSENSE2020BSI': 447 点
[2026-07-28 23:07:54][INFO][orchestrator] [PHOTOMETRIC] spectrum_wl: 343 点
[2026-07-28 23:07:54][INFO][orchestrator] [PHOTOMETRIC] FOV 半径: 6.051308deg
[2026-07-28 23:07:54][INFO][orchestrator] [PHOTOMETRIC] 调用 pc_calibrate_simple_with_gaia (mag_min=6.0, mag_max=16.0, fov=6.051deg) ...
[pc_api] ====== pc_calibrate_simple_with_gaia 开始 ======
[pc_api] OpenMP线程数: 16
[INFO] 锥形搜索: ra=272.9112 dec=-13.1633 r=6.051 mag_min=6.0 (自适应迭代 mag_max, 不缩小半径)
[INFO] 自适应星等查询: mag_max=12.0
[INFO] 自适应星等查询: mag_max=12.0, n_gaia=14703
[INFO] 自适应星等查询完成: mag_max=12.0, n_gaia=14703
[pc_api] 搜索到 14703 颗光谱星, 光谱点数=343 (wl_start=336, wl_step=2)
[INFO] [spec_int] prepare_filter_cache: 滤光片 68 点 + QE 447 点 -> 光谱 343 点, 范围 F[388.0,522.0] Q[204.0,1096.0] nm
[INFO] 滤光片/QE 预处理完成: filter=68 点, qe=447 点 -> 光谱 343 点
[pc_api] F_syn 并行计算完成: 14613/14703 颗有效
[INFO] [pc_api] P12-001 阶段1: spectrum_rows_total=14703, valid_fsyn=14613
[wcs_transform] 初始化: CRVAL=(272.911180,-13.163256), CRPIX=(2250.500,1800.500), CD=[1.749e-03,3.564e-08;3.734e-07,1.751e-03], det=3.063e-06, sip_order=2
[INFO] [star_matcher] 初始化: KD-tree + IRLS/Tukey 清洗 (GAP-013)
[INFO] [star_matcher] P12-001 阶段2: gaia_projected_in_frame=6124 / 14703
[INFO] [star_matcher] P12-001 阶段3: psf_total=2000, psf_valid=1922
[INFO] [star_matcher] PSF有效星: 1922 / 2000, Gaia星: 14703, 匹配半径: 2.00 px
[INFO] [star_matcher] P12-002 正向匹配 (PSF→Gaia): 1237 / 1922 命中
[INFO] [star_matcher] P12-002 反向匹配 (Gaia→PSF): 1244 / 14703 命中
[INFO] [star_matcher] P12-002 阶段4/5/6: spatial_candidates=1237 (正向命中), unique_matches=1237 (双向唯一), rejected_ambiguous=0 (非互为最近邻), rejected_distance=685 (距离超阈值)
[INFO] [star_matcher] P12-001 阶段8: match_distance median=0.9574 p90=1.7302 max=1.9995 px
[INFO] [star_matcher] P12-002 KD-tree 双向匹配完成: 1237 对 (正向 1237, 歧义 0)
[INFO] [star_matcher] cleanAndScale: 输入 1237 颗, 星等容忍 3.00 mag
[INFO] [star_matcher] 星等一致性: 通过 1234, 拒绝 3 (median_delta=-23.6713, tol=3.00 mag)
[INFO] [star_matcher] IRLS 初始: location=2.570050, MAD=0.086454, S=0.128176
[INFO] [star_matcher] IRLS 收敛于迭代 6: location=2.583314
[INFO] [star_matcher] 亮度比例一致性:
[INFO]   - 输入匹配: 1237
[INFO]   - 星等一致性通过: 1234 (拒绝 3)
[INFO]   - IRLS inliers: 1231 (outliers: 3)
[INFO]   - location(r) = 2.583314 (dex), scale = 10^(-location) = 2.610276e-03
[INFO]   - MAD(r) = 0.086454, S = 0.128176, sigma_residual = 0.128533
[INFO]   - r_inliers 范围: [1.987440, 3.181805] (spread 1.194364 dex = 2.986 mag)
[INFO] [star_matcher] 清洗完成: 保留 1231, 排除 6 (无效/星等不一致/IRLS离群)
[INFO] [star_matcher] P12-001 阶段6/7/8: rejected_quality=6 (invalid=0 + mag=3 + irls=3), fit_used=1231, robust_iterations=7, scale=2.610276e-03, sigma=0.128533
[INFO] [star_matcher] P12-001 阶段8: r_inliers median=2.569922 p90=2.751839 max=3.181805 dex
[pc_api] 匹配+清洗完成: 1231 颗, scale=2.610276e-03, sigma_residual=0.128533
[image_corrector] 图像校正: 4500x3600, scale=2.610276e-03, 并行16线程
[image_corrector] 校正完成
[pc_api] ====== pc_calibrate_simple_with_gaia 完成: n_matched=1231, scale=2.610276e-03, sigma_residual=0.128533 ======
[2026-07-28 23:07:54][INFO][orchestrator] [PHOTOMETRIC] 完成: n_matched=1231, scale=0.002610, sigma_residual=0.128533
[2026-07-28 23:07:54][DEBUG][PIPELINE] remove_block: 'data' removed (n_blocks=4)
[2026-07-28 23:07:54][DEBUG][PIPELINE] add_block_move: 'data' type=0 count=16200000 (moved ptr=00000194296bc040)
[2026-07-28 23:07:54][INFO][orchestrator] [PHOTOMETRIC] photometry_report.json 已生成: f:\Astro dev\Astro CS Normalization Database\engineering_v1.3\evidence\P12-004\raw_logs\T4_BLUE_Galaxy_Center\photometry_report.json
[2026-07-28 23:07:54][INFO][orchestrator] [PHOTOMETRIC] photo_stats 已写入 (含 17 个诊断字段)
[2026-07-28 23:07:54][INFO][orchestrator] [0.221434s] PHOTOMETRIC 完成
[2026-07-28 23:07:54][INFO][orchestrator] ---------- stage1 阶段: SNR ----------
[2026-07-28 23:07:54][INFO][orchestrator] [SNR] 开始
[2026-07-28 23:07:54][INFO][orchestrator] [SNR] SIP 前向系数加载: A_ORDER=2 B_ORDER=2 (P03-004 WCS+SIP 一致性)
[2026-07-28 23:07:54][INFO][orchestrator] [SNR] n_stars=2000 sigma_residual=0.128533 CRVAL=(272.911180,-13.163256) CRPIX=(2250.500000,1800.500000) SIP(a_order=2, b_order=2)
[snr_model] SNR_phot = 3.378856
[snr_model] PSF stars: total=2000 valid=1922 skipped=78 (status=78 A<=B=0 mad<=0=0)
[snr_model] median(SNR_psf) = 430.359052
[snr_model] WCS+SIP: a_order=2 b_order=2 (前向 SIP 启用, 与 drizzle WcsSip.pixelToSky 一致)
[snr_model] ctrl_point[0]: ra=275.034360 dec=-15.831599 snr_psf=44.5606 (src px x=3422.01 y=266.99)
[snr_model] ctrl_point[1]: ra=274.405305 dec=-15.430520 snr_psf=55.7147 (src px x=3075.89 y=500.03)
[snr_model] ctrl_point[2]: ra=269.278587 dec=-13.654199 snr_psf=64.0231 (src px x=230.05 y=1502.01)
[snr_model] done: n_points=1922, snr_phot=3.378856, median=430.359052, power=2.0
[2026-07-28 23:07:54][INFO][orchestrator] [SNR] 提取稀疏控制点: n_points=1922, snr_phot=3.378856, median_snr=430.359052, idw_power=2.000000
[2026-07-28 23:07:54][DEBUG][PIPELINE] add_block_move: 'snr_model' type=6 count=38468 (moved ptr=000001941e8b5630)
[2026-07-28 23:07:54][INFO][orchestrator] [SNR] 完成 (snr_model 块已写入, payload=38468B)
[2026-07-28 23:07:54][INFO][orchestrator] [0.001788s] SNR 完成
[2026-07-28 23:07:54][INFO][orchestrator] ---------- stage1 阶段: DRIZZLE ----------
[2026-07-28 23:07:54][INFO][orchestrator] [DRIZZLE] 开始
[2026-07-28 23:07:54][INFO][orchestrator] [NSIDE] 自适应: pixel_scale=6.300"/px, strategy=1x_to_2x_drizzle, nside=512
[2026-07-28 23:07:54][INFO][orchestrator] [DRIZZLE] nside=512 (strategy=1x_to_2x_drizzle, override=0, cd11=0.001749 cd12=0.000000), pixfrac=1.000, nested=1
[2026-07-28 23:07:54][INFO][orchestrator] [DRIZZLE] 输出: f:\Astro dev\Astro CS Normalization Database\engineering_v1.3\evidence\P12-004\raw_logs\T4_BLUE_Galaxy_Center\T4_BLUE_Galaxy_Center.hiss
[hp_drizzle_api] hp_drizzle_run: 开始 (nside=512, nested=1, pixfrac=1.0000, output=f:\Astro dev\Astro CS Normalization Database\engineering_v1.3\evidence\P12-004\raw_logs\T4_BLUE_Galaxy_Center\T4_BLUE_Galaxy_Center.hiss)
[hp_drizzle_api] hp_drizzle_run: data 块 4500x3600 float32
[hp_drizzle_api] hp_drizzle_run: WCS CRVAL=(272.911180,-13.163256) CRPIX=(2250.500,1800.500) CD=[1.749e-03,3.564e-08,3.734e-07,1.751e-03]
[hp_drizzle_api] hp_drizzle_run: SIP A_ORDER=2 B_ORDER=2 AP_ORDER=2 BP_ORDER=2
[hp_drizzle_api] hp_drizzle_run: snr_model 块加载: n_points=1922, snr_phot=3.3789, median_snr=430.3591, idw_power=2.00
[snr_evaluator] build 成功: 1922 控制点 (有效 1922/1922), snr_phot=3.3789, median_snr=430.3591, idw_power=2.00
[wcs_sip] WCS 初始化: CRVAL=(272.911180, -13.163256)°, CRPIX=(2250.500, 1800.500), CD=[1.749e-03, 3.564e-08; 3.734e-07, 1.751e-03], det=3.063e-06
[wcs_sip] SIP: A/B order=2, AP/BP order=2
[hp_drizzle_api] hp_drizzle_run: SNR 重建完成 (16200000 像素)
[wcs_sip] WCS 初始化: CRVAL=(272.911180, -13.163256)°, CRPIX=(2250.500, 1800.500), CD=[1.749e-03, 3.564e-08; 3.734e-07, 1.751e-03], det=3.063e-06
[wcs_sip] SIP: A/B order=2, AP/BP order=2
[drizzle_engine] HEALPix: nside=512 nested=1 npix=3145728 res=412.26"
[drizzle_engine] 完成: 16200000 源像素 → 3943 HEALPix 像素, 耗时 14.743s
[hp_drizzle_api] hp_drizzle_run: Drizzle 完成 (16200000 源像素 → 3943 HEALPix 像素, 耗时 14.743s)
[hp_drizzle_api] hp_drizzle_run: 写入 .hiss (filter=Blue, exptime=180.0, date=2025-07-03T05:54:32, fits_meta=15)
[drizzle_engine] 写入 3943 个 HEALPix 像素到 f:\Astro dev\Astro CS Normalization Database\engineering_v1.3\evidence\P12-004\raw_logs\T4_BLUE_Galaxy_Center\T4_BLUE_Galaxy_Center.hiss
[drizzle_engine] hiss_write_snr_model: meta_json=741 bytes, n_points=1922
[hio] hiss_write_snr_model: path=f:\Astro dev\Astro CS Normalization Database\engineering_v1.3\evidence\P12-004\raw_logs\T4_BLUE_Galaxy_Center\T4_BLUE_Galaxy_Center.hiss nside=512 n_pix=3943 has_snr=1 n_points=1922
[hio] hiss_write_snr_model: 写入完成: f:\Astro dev\Astro CS Normalization Database\engineering_v1.3\evidence\P12-004\raw_logs\T4_BLUE_Galaxy_Center\T4_BLUE_Galaxy_Center.hiss (has_snr=1 n_points=1922)
[drizzle_engine] 写入成功: f:\Astro dev\Astro CS Normalization Database\engineering_v1.3\evidence\P12-004\raw_logs\T4_BLUE_Galaxy_Center\T4_BLUE_Galaxy_Center.hiss (3943 像素)
[hp_drizzle_api] hp_drizzle_run: .hiss 已写入 f:\Astro dev\Astro CS Normalization Database\engineering_v1.3\evidence\P12-004\raw_logs\T4_BLUE_Galaxy_Center\T4_BLUE_Galaxy_Center.hiss
[2026-07-28 23:08:17][INFO][orchestrator] [DRIZZLE] 完成: n_healpix=3943 n_source=16200000 耗时=14.742618s
[2026-07-28 23:08:17][INFO][orchestrator] [23.053695s] DRIZZLE 完成
[2026-07-28 23:08:17][DEBUG][PIPELINE] frame_destroy: ok
[2026-07-28 23:08:17][INFO][orchestrator] ========== stage1 完成 (成功) ==========
[2026-07-28 23:08:17][INFO][orchestrator] [PLATESOLVE] 释放环境资源
[2026-07-28 23:08:17][INFO][SDET] StarDetector destroyed
[2026-07-28 23:08:17][INFO][orchestrator] 析构完成
[dll_loader] 卸载所有模块
[dll_loader] 卸载模块 CALIBRATE
[dll_loader] 卸载模块 PLATESOLVE
[dll_loader] 卸载模块 PSF
[dll_loader] 卸载模块 PHOTOMETRIC
[dll_loader] 卸载模块 SNR
[dll_loader] 卸载模块 DRIZZLE
[dll_loader] 卸载模块 GRADIENT_SPHERE
[dll_loader] 卸载模块 AIO
