2026-07-28 15:14:32,842 [INFO] wcs_closure_v3: 批量权威星对诊断: 16 帧
2026-07-28 15:14:32,846 [INFO] wcs_closure: 初始化 PlateSolve 环境 (project_root=f:/Astro dev/Astro CS Normalization Database)
2026-07-28 15:14:33,179 [INFO] wcs_closure: PlateSolve 环境就绪
2026-07-28 15:14:33,179 [INFO] wcs_closure_v3: ======================================================================
2026-07-28 15:14:33,179 [INFO] wcs_closure_v3: P11-004 v3.0 权威星对诊断: Galaxy_Center_mosaic1_T4_flying_dutchman-20250702@061703-180S-Red
2026-07-28 15:14:33,179 [INFO] wcs_closure_v3: FITS: F:/Astro dev/Astro CS Normalization Database/testdata/Galaxy_Center_T4/lights/panel1/Galaxy_Center_mosaic1_T4_flying_dutchman-20250702@061703-180S-Red.fts
2026-07-28 15:14:33,179 [INFO] wcs_closure_v3: MODE: authoritative_pairs (kd-tree rematch DISABLED)
2026-07-28 15:14:33,373 [INFO] wcs_closure: 读取 FITS: F:/Astro dev/Astro CS Normalization Database/testdata/Galaxy_Center_T4/lights/panel1/Galaxy_Center_mosaic1_T4_flying_dutchman-20250702@061703-180S-Red.fts
2026-07-28 15:14:33,426 [INFO] wcs_closure: 图像尺寸: 4500x3600
2026-07-28 15:14:33,729 [WARNING] astropy: FITSFixedWarning: RADECSYS= 'FK5 ' / Equatorial coordinate system 
the RADECSYS keyword is deprecated, use RADESYSa.
2026-07-28 15:14:33,732 [WARNING] astropy: FITSFixedWarning: 'datfix' made the change 'Set MJD-OBS to 60858.262025 from DATE-OBS'.
2026-07-28 15:14:33,732 [INFO] wcs_closure: WCS 构建: has_sip=True sip_order=3 ctype=['RA---TAN-SIP', 'DEC--TAN-SIP'] crpix=(2250.500,1800.500) crval=(272.825665,-13.131811)
2026-07-28 15:14:33,734 [INFO] wcs_closure_v3: 重跑 PlateSolve 以填充权威 inlier 缓存...
2026-07-28 15:14:35,991 [INFO] wcs_closure_v3: 权威 inlier: n=45 (来自 IPVSolver.get_last_inliers)
2026-07-28 15:14:35,993 [INFO] wcs_closure_v3: [A 层 内部 TRANS 预测] n=45, p68=0.0592 px, p90=0.0777 px, p99=0.0901 px
2026-07-28 15:14:35,996 [INFO] wcs_closure_v3: [B 层 预剔除诊断] n=45, CRPIX_0based=(2250.50,1800.50), det_xy range=[247.8,108.2]~[4425.1,3274.7], ext_pred range=[247.8,108.2]~[4425.1,3274.7], ext_dist: median=0.0630 p68=0.0756 p90=0.0922 p99=0.1071 max=0.1136
2026-07-28 15:14:35,997 [INFO] wcs_closure: Siril 迭代剔除完成: 1 次迭代, 保留 45/45, final p68=0.0758 px
2026-07-28 15:14:35,997 [INFO] wcs_closure_v3: Siril 剔除后保留: 45/45 对 (剔除 0)
2026-07-28 15:14:35,998 [INFO] wcs_closure_v3: [B 层 外部 WCS 回投] n=45, p68=0.0758 px, p90=0.0922 px, p99=0.1071 px
2026-07-28 15:14:35,998 [INFO] wcs_closure_v3: [A vs B 预测差] delta_dist: median=2101.5218 px, p90=2936.8437 px, max=3410.7586 px
2026-07-28 15:14:36,009 [INFO] wcs_closure_v3: 权威星对已保存 (JSONL): engineering_v1.3/evidence/P11-004/reports/gate_v2_final\T4_RED_Galaxy_Center\matched_pairs_authoritative.jsonl (n=45)
2026-07-28 15:14:36,010 [INFO] wcs_closure_v3: 闭环报告已保存: engineering_v1.3/evidence/P11-004/reports/gate_v2_final\T4_RED_Galaxy_Center\closure_report.json
2026-07-28 15:14:36,010 [INFO] wcs_closure_v3: [Gate] p68=0.0758 (<=0.75:True) p90=0.0922 (<=1.5:True) p99=0.1071 (<=3.0:True) n=45 (>=5:True) => PASS
2026-07-28 15:14:37,243 [INFO] wcs_closure: 残差图已保存: engineering_v1.3/evidence/P11-004/reports/gate_v2_final\T4_RED_Galaxy_Center\residual_plot.png
2026-07-28 15:14:37,552 [INFO] wcs_closure: 四象限分布图已保存: engineering_v1.3/evidence/P11-004/reports/gate_v2_final\T4_RED_Galaxy_Center\quadrant_plot.png
2026-07-28 15:14:37,552 [INFO] wcs_closure_v3: 权威星对诊断完成: Galaxy_Center_mosaic1_T4_flying_dutchman-20250702@061703-180S-Red (耗时 2.83s)
2026-07-28 15:14:37,555 [INFO] wcs_closure_v3: ======================================================================
2026-07-28 15:14:37,555 [INFO] wcs_closure_v3: P11-004 v3.0 权威星对诊断: Galaxy_Center_mosaic1_T4_flying_dutchman-20250702@063620-180S-Green
2026-07-28 15:14:37,555 [INFO] wcs_closure_v3: FITS: F:/Astro dev/Astro CS Normalization Database/testdata/Galaxy_Center_T4/lights/panel1/Galaxy_Center_mosaic1_T4_flying_dutchman-20250702@063620-180S-Green.fts
2026-07-28 15:14:37,556 [INFO] wcs_closure_v3: MODE: authoritative_pairs (kd-tree rematch DISABLED)
2026-07-28 15:14:37,556 [INFO] wcs_closure: 读取 FITS: F:/Astro dev/Astro CS Normalization Database/testdata/Galaxy_Center_T4/lights/panel1/Galaxy_Center_mosaic1_T4_flying_dutchman-20250702@063620-180S-Green.fts
2026-07-28 15:14:37,622 [INFO] wcs_closure: 图像尺寸: 4500x3600
2026-07-28 15:14:37,634 [WARNING] astropy: FITSFixedWarning: RADECSYS= 'FK5 ' / Equatorial coordinate system 
the RADECSYS keyword is deprecated, use RADESYSa.
2026-07-28 15:14:37,635 [WARNING] astropy: FITSFixedWarning: 'datfix' made the change 'Set MJD-OBS to 60858.275428 from DATE-OBS'.
2026-07-28 15:14:37,635 [INFO] wcs_closure: WCS 构建: has_sip=True sip_order=3 ctype=['RA---TAN-SIP', 'DEC--TAN-SIP'] crpix=(2250.500,1800.500) crval=(272.772008,-13.020781)
2026-07-28 15:14:37,638 [INFO] wcs_closure_v3: 重跑 PlateSolve 以填充权威 inlier 缓存...
2026-07-28 15:14:39,018 [INFO] wcs_closure_v3: 权威 inlier: n=30 (来自 IPVSolver.get_last_inliers)
2026-07-28 15:14:39,019 [INFO] wcs_closure_v3: [A 层 内部 TRANS 预测] n=30, p68=0.0589 px, p90=0.0764 px, p99=0.1047 px
2026-07-28 15:14:39,021 [INFO] wcs_closure_v3: [B 层 预剔除诊断] n=30, CRPIX_0based=(2250.50,1800.50), det_xy range=[207.7,112.3]~[4325.9,3211.0], ext_pred range=[207.7,112.2]~[4325.9,3211.0], ext_dist: median=0.0340 p68=0.0562 p90=0.0716 p99=0.1047 max=0.1076
2026-07-28 15:14:39,022 [INFO] wcs_closure: Siril 迭代剔除完成: 1 次迭代, 保留 30/30, final p68=0.0562 px
2026-07-28 15:14:39,022 [INFO] wcs_closure_v3: Siril 剔除后保留: 30/30 对 (剔除 0)
2026-07-28 15:14:39,022 [INFO] wcs_closure_v3: [B 层 外部 WCS 回投] n=30, p68=0.0562 px, p90=0.0716 px, p99=0.1047 px
2026-07-28 15:14:39,023 [INFO] wcs_closure_v3: [A vs B 预测差] delta_dist: median=1784.6663 px, p90=2624.7216 px, max=3403.6763 px
2026-07-28 15:14:39,030 [INFO] wcs_closure_v3: 权威星对已保存 (JSONL): engineering_v1.3/evidence/P11-004/reports/gate_v2_final\T4_GREEN_Galaxy_Center\matched_pairs_authoritative.jsonl (n=30)
2026-07-28 15:14:39,041 [INFO] wcs_closure_v3: 闭环报告已保存: engineering_v1.3/evidence/P11-004/reports/gate_v2_final\T4_GREEN_Galaxy_Center\closure_report.json
2026-07-28 15:14:39,041 [INFO] wcs_closure_v3: [Gate] p68=0.0562 (<=0.75:True) p90=0.0716 (<=1.5:True) p99=0.1047 (<=3.0:True) n=30 (>=5:True) => PASS
2026-07-28 15:14:39,749 [INFO] wcs_closure: 残差图已保存: engineering_v1.3/evidence/P11-004/reports/gate_v2_final\T4_GREEN_Galaxy_Center\residual_plot.png
2026-07-28 15:14:39,962 [INFO] wcs_closure: 四象限分布图已保存: engineering_v1.3/evidence/P11-004/reports/gate_v2_final\T4_GREEN_Galaxy_Center\quadrant_plot.png
2026-07-28 15:14:39,962 [INFO] wcs_closure_v3: 权威星对诊断完成: Galaxy_Center_mosaic1_T4_flying_dutchman-20250702@063620-180S-Green (耗时 1.47s)
2026-07-28 15:14:39,965 [INFO] wcs_closure_v3: ======================================================================
2026-07-28 15:14:39,965 [INFO] wcs_closure_v3: P11-004 v3.0 权威星对诊断: Galaxy_Center_mosaic1_T4_flying_dutchman-20250703@055414-180S-Blue
2026-07-28 15:14:39,965 [INFO] wcs_closure_v3: FITS: F:/Astro dev/Astro CS Normalization Database/testdata/Galaxy_Center_T4/lights/panel1/Galaxy_Center_mosaic1_T4_flying_dutchman-20250703@055414-180S-Blue.fts
2026-07-28 15:14:39,966 [INFO] wcs_closure_v3: MODE: authoritative_pairs (kd-tree rematch DISABLED)
2026-07-28 15:14:39,966 [INFO] wcs_closure: 读取 FITS: F:/Astro dev/Astro CS Normalization Database/testdata/Galaxy_Center_T4/lights/panel1/Galaxy_Center_mosaic1_T4_flying_dutchman-20250703@055414-180S-Blue.fts
2026-07-28 15:14:40,025 [INFO] wcs_closure: 图像尺寸: 4500x3600
2026-07-28 15:14:40,038 [WARNING] astropy: FITSFixedWarning: 'datfix' made the change 'Set MJD-OBS to 60859.246204 from DATE-OBS'.
2026-07-28 15:14:40,039 [INFO] wcs_closure: WCS 构建: has_sip=True sip_order=3 ctype=['RA---TAN-SIP', 'DEC--TAN-SIP'] crpix=(2250.500,1800.500) crval=(272.908390,-13.161417)
2026-07-28 15:14:40,041 [INFO] wcs_closure_v3: 重跑 PlateSolve 以填充权威 inlier 缓存...
2026-07-28 15:14:41,296 [INFO] wcs_closure_v3: 权威 inlier: n=32 (来自 IPVSolver.get_last_inliers)
2026-07-28 15:14:41,297 [INFO] wcs_closure_v3: [A 层 内部 TRANS 预测] n=32, p68=0.0878 px, p90=0.1245 px, p99=0.1842 px
2026-07-28 15:14:41,299 [INFO] wcs_closure_v3: [B 层 预剔除诊断] n=32, CRPIX_0based=(2250.50,1800.50), det_xy range=[230.2,194.7]~[4378.3,3291.8], ext_pred range=[230.2,194.7]~[4378.3,3291.6], ext_dist: median=0.0662 p68=0.0752 p90=0.1315 p99=0.2056 max=0.2297
2026-07-28 15:14:41,300 [INFO] wcs_closure: Siril 迭代剔除完成: 1 次迭代, 保留 32/32, final p68=0.0761 px
2026-07-28 15:14:41,300 [INFO] wcs_closure_v3: Siril 剔除后保留: 32/32 对 (剔除 0)
2026-07-28 15:14:41,300 [INFO] wcs_closure_v3: [B 层 外部 WCS 回投] n=32, p68=0.0761 px, p90=0.1315 px, p99=0.2056 px
2026-07-28 15:14:41,301 [INFO] wcs_closure_v3: [A vs B 预测差] delta_dist: median=1733.0281 px, p90=2782.2020 px, max=3237.8995 px
2026-07-28 15:14:41,308 [INFO] wcs_closure_v3: 权威星对已保存 (JSONL): engineering_v1.3/evidence/P11-004/reports/gate_v2_final\T4_BLUE_Galaxy_Center\matched_pairs_authoritative.jsonl (n=32)
2026-07-28 15:14:41,309 [INFO] wcs_closure_v3: 闭环报告已保存: engineering_v1.3/evidence/P11-004/reports/gate_v2_final\T4_BLUE_Galaxy_Center\closure_report.json
2026-07-28 15:14:41,310 [INFO] wcs_closure_v3: [Gate] p68=0.0761 (<=0.75:True) p90=0.1315 (<=1.5:True) p99=0.2056 (<=3.0:True) n=32 (>=5:True) => PASS
2026-07-28 15:14:42,035 [INFO] wcs_closure: 残差图已保存: engineering_v1.3/evidence/P11-004/reports/gate_v2_final\T4_BLUE_Galaxy_Center\residual_plot.png
2026-07-28 15:14:42,237 [INFO] wcs_closure: 四象限分布图已保存: engineering_v1.3/evidence/P11-004/reports/gate_v2_final\T4_BLUE_Galaxy_Center\quadrant_plot.png
2026-07-28 15:14:42,237 [INFO] wcs_closure_v3: 权威星对诊断完成: Galaxy_Center_mosaic1_T4_flying_dutchman-20250703@055414-180S-Blue (耗时 1.34s)
2026-07-28 15:14:42,241 [INFO] wcs_closure_v3: ======================================================================
2026-07-28 15:14:42,241 [INFO] wcs_closure_v3: P11-004 v3.0 权威星对诊断: Galaxy_Center_mosaic1_T4_flying_dutchman-20250703@061318-300S-H-alpha
2026-07-28 15:14:42,241 [INFO] wcs_closure_v3: FITS: F:/Astro dev/Astro CS Normalization Database/testdata/Galaxy_Center_T4/lights/panel1/Galaxy_Center_mosaic1_T4_flying_dutchman-20250703@061318-300S-H-alpha.fts
2026-07-28 15:14:42,241 [INFO] wcs_closure_v3: MODE: authoritative_pairs (kd-tree rematch DISABLED)
2026-07-28 15:14:42,242 [INFO] wcs_closure: 读取 FITS: F:/Astro dev/Astro CS Normalization Database/testdata/Galaxy_Center_T4/lights/panel1/Galaxy_Center_mosaic1_T4_flying_dutchman-20250703@061318-300S-H-alpha.fts
2026-07-28 15:14:42,300 [INFO] wcs_closure: 图像尺寸: 4500x3600
2026-07-28 15:14:42,313 [WARNING] astropy: FITSFixedWarning: 'datfix' made the change 'Set MJD-OBS to 60859.259433 from DATE-OBS'.
2026-07-28 15:14:42,313 [INFO] wcs_closure: WCS 构建: has_sip=True sip_order=3 ctype=['RA---TAN-SIP', 'DEC--TAN-SIP'] crpix=(2250.500,1800.500) crval=(272.877836,-13.150873)
2026-07-28 15:14:42,314 [INFO] wcs_closure_v3: 重跑 PlateSolve 以填充权威 inlier 缓存...
2026-07-28 15:14:43,122 [INFO] wcs_closure_v3: 权威 inlier: n=44 (来自 IPVSolver.get_last_inliers)
2026-07-28 15:14:43,122 [INFO] wcs_closure_v3: [A 层 内部 TRANS 预测] n=44, p68=0.0696 px, p90=0.1001 px, p99=0.1131 px
2026-07-28 15:14:43,125 [INFO] wcs_closure_v3: [B 层 预剔除诊断] n=44, CRPIX_0based=(2250.50,1800.50), det_xy range=[218.5,118.4]~[4396.2,3357.5], ext_pred range=[218.4,118.4]~[4396.2,3357.5], ext_dist: median=0.0527 p68=0.0747 p90=0.1063 p99=0.1268 max=0.1309
2026-07-28 15:14:43,125 [INFO] wcs_closure: Siril 迭代剔除完成: 1 次迭代, 保留 44/44, final p68=0.0751 px
2026-07-28 15:14:43,125 [INFO] wcs_closure_v3: Siril 剔除后保留: 44/44 对 (剔除 0)
2026-07-28 15:14:43,125 [INFO] wcs_closure_v3: [B 层 外部 WCS 回投] n=44, p68=0.0751 px, p90=0.1063 px, p99=0.1268 px
2026-07-28 15:14:43,127 [INFO] wcs_closure_v3: [A vs B 预测差] delta_dist: median=2062.4533 px, p90=2988.2486 px, max=3389.8729 px
2026-07-28 15:14:43,145 [INFO] wcs_closure_v3: 权威星对已保存 (JSONL): engineering_v1.3/evidence/P11-004/reports/gate_v2_final\T4_HA_Galaxy_Center\matched_pairs_authoritative.jsonl (n=44)
2026-07-28 15:14:43,146 [INFO] wcs_closure_v3: 闭环报告已保存: engineering_v1.3/evidence/P11-004/reports/gate_v2_final\T4_HA_Galaxy_Center\closure_report.json
2026-07-28 15:14:43,146 [INFO] wcs_closure_v3: [Gate] p68=0.0751 (<=0.75:True) p90=0.1063 (<=1.5:True) p99=0.1268 (<=3.0:True) n=44 (>=5:True) => PASS
2026-07-28 15:14:43,916 [INFO] wcs_closure: 残差图已保存: engineering_v1.3/evidence/P11-004/reports/gate_v2_final\T4_HA_Galaxy_Center\residual_plot.png
2026-07-28 15:14:44,111 [INFO] wcs_closure: 四象限分布图已保存: engineering_v1.3/evidence/P11-004/reports/gate_v2_final\T4_HA_Galaxy_Center\quadrant_plot.png
2026-07-28 15:14:44,111 [INFO] wcs_closure_v3: 权威星对诊断完成: Galaxy_Center_mosaic1_T4_flying_dutchman-20250703@061318-300S-H-alpha (耗时 0.90s)
2026-07-28 15:14:44,114 [INFO] wcs_closure_v3: ======================================================================
2026-07-28 15:14:44,114 [INFO] wcs_closure_v3: P11-004 v3.0 权威星对诊断: Galaxy_Center_mosaic1_T4_flying_dutchman-20250703@063631-600S-Oiii
2026-07-28 15:14:44,114 [INFO] wcs_closure_v3: FITS: F:/Astro dev/Astro CS Normalization Database/testdata/Galaxy_Center_T4/lights/panel1/Galaxy_Center_mosaic1_T4_flying_dutchman-20250703@063631-600S-Oiii.fts
2026-07-28 15:14:44,115 [INFO] wcs_closure_v3: MODE: authoritative_pairs (kd-tree rematch DISABLED)
2026-07-28 15:14:44,116 [INFO] wcs_closure: 读取 FITS: F:/Astro dev/Astro CS Normalization Database/testdata/Galaxy_Center_T4/lights/panel1/Galaxy_Center_mosaic1_T4_flying_dutchman-20250703@063631-600S-Oiii.fts
2026-07-28 15:14:44,184 [INFO] wcs_closure: 图像尺寸: 4500x3600
2026-07-28 15:14:44,196 [WARNING] astropy: FITSFixedWarning: 'datfix' made the change 'Set MJD-OBS to 60859.275556 from DATE-OBS'.
2026-07-28 15:14:44,197 [INFO] wcs_closure: WCS 构建: has_sip=True sip_order=3 ctype=['RA---TAN-SIP', 'DEC--TAN-SIP'] crpix=(2250.500,1800.500) crval=(272.892215,-13.171286)
2026-07-28 15:14:44,199 [INFO] wcs_closure_v3: 重跑 PlateSolve 以填充权威 inlier 缓存...
2026-07-28 15:14:44,997 [INFO] wcs_closure_v3: 权威 inlier: n=34 (来自 IPVSolver.get_last_inliers)
2026-07-28 15:14:44,997 [INFO] wcs_closure_v3: [A 层 内部 TRANS 预测] n=34, p68=0.0802 px, p90=0.0944 px, p99=0.1167 px
2026-07-28 15:14:45,001 [INFO] wcs_closure_v3: [B 层 预剔除诊断] n=34, CRPIX_0based=(2250.50,1800.50), det_xy range=[239.7,130.5]~[4387.2,3369.0], ext_pred range=[239.7,130.5]~[4387.3,3369.0], ext_dist: median=0.0731 p68=0.0899 p90=0.1279 p99=0.1396 max=0.1425
2026-07-28 15:14:45,002 [INFO] wcs_closure: Siril 迭代剔除完成: 1 次迭代, 保留 34/34, final p68=0.0903 px
2026-07-28 15:14:45,002 [INFO] wcs_closure_v3: Siril 剔除后保留: 34/34 对 (剔除 0)
2026-07-28 15:14:45,002 [INFO] wcs_closure_v3: [B 层 外部 WCS 回投] n=34, p68=0.0903 px, p90=0.1279 px, p99=0.1396 px
2026-07-28 15:14:45,003 [INFO] wcs_closure_v3: [A vs B 预测差] delta_dist: median=1981.5759 px, p90=3122.3038 px, max=3365.9658 px
2026-07-28 15:14:45,020 [INFO] wcs_closure_v3: 权威星对已保存 (JSONL): engineering_v1.3/evidence/P11-004/reports/gate_v2_final\T4_OIII_Galaxy_Center\matched_pairs_authoritative.jsonl (n=34)
2026-07-28 15:14:45,021 [INFO] wcs_closure_v3: 闭环报告已保存: engineering_v1.3/evidence/P11-004/reports/gate_v2_final\T4_OIII_Galaxy_Center\closure_report.json
2026-07-28 15:14:45,021 [INFO] wcs_closure_v3: [Gate] p68=0.0903 (<=0.75:True) p90=0.1279 (<=1.5:True) p99=0.1396 (<=3.0:True) n=34 (>=5:True) => PASS
2026-07-28 15:14:45,842 [INFO] wcs_closure: 残差图已保存: engineering_v1.3/evidence/P11-004/reports/gate_v2_final\T4_OIII_Galaxy_Center\residual_plot.png
2026-07-28 15:14:46,090 [INFO] wcs_closure: 四象限分布图已保存: engineering_v1.3/evidence/P11-004/reports/gate_v2_final\T4_OIII_Galaxy_Center\quadrant_plot.png
2026-07-28 15:14:46,090 [INFO] wcs_closure_v3: 权威星对诊断完成: Galaxy_Center_mosaic1_T4_flying_dutchman-20250703@063631-600S-Oiii (耗时 0.90s)
2026-07-28 15:14:46,093 [INFO] wcs_closure_v3: ======================================================================
2026-07-28 15:14:46,093 [INFO] wcs_closure_v3: P11-004 v3.0 权威星对诊断: LDN43_LRGBH_flying_dutchman-20250503@032713-1200S-Red
2026-07-28 15:14:46,093 [INFO] wcs_closure_v3: FITS: F:/Astro dev/Astro CS Normalization Database/testdata/LDN43_T2素材_flying_dutchman/lights/LDN43_LRGBH_flying_dutchman-20250503@032713-1200S-Red.fts
2026-07-28 15:14:46,093 [INFO] wcs_closure_v3: MODE: authoritative_pairs (kd-tree rematch DISABLED)
2026-07-28 15:14:46,094 [INFO] wcs_closure: 读取 FITS: F:/Astro dev/Astro CS Normalization Database/testdata/LDN43_T2素材_flying_dutchman/lights/LDN43_LRGBH_flying_dutchman-20250503@032713-1200S-Red.fts
2026-07-28 15:14:46,158 [INFO] wcs_closure: 图像尺寸: 4096x4096
2026-07-28 15:14:46,172 [WARNING] astropy: FITSFixedWarning: 'datfix' made the change 'Set MJD-OBS to 60798.143993 from DATE-OBS'.
2026-07-28 15:14:46,172 [INFO] wcs_closure: WCS 构建: has_sip=False sip_order=0 ctype=['RA---TAN', 'DEC--TAN'] crpix=(2048.000,2048.000) crval=(248.609554,-15.758981)
2026-07-28 15:14:46,175 [INFO] wcs_closure_v3: 重跑 PlateSolve 以填充权威 inlier 缓存...
2026-07-28 15:14:47,118 [INFO] wcs_closure_v3: 权威 inlier: n=34 (来自 IPVSolver.get_last_inliers)
2026-07-28 15:14:47,119 [INFO] wcs_closure_v3: [A 层 内部 TRANS 预测] n=34, p68=0.0853 px, p90=0.2549 px, p99=0.2925 px
2026-07-28 15:14:47,122 [INFO] wcs_closure_v3: [B 层 预剔除诊断] n=34, CRPIX_0based=(2048.00,2048.00), det_xy range=[47.2,443.8]~[3958.9,3917.8], ext_pred range=[59.6,454.5]~[3952.3,3906.9], ext_dist: median=4.6055 p68=6.8314 p90=13.0585 p99=16.7033 max=17.6662
2026-07-28 15:14:47,122 [INFO] wcs_closure: Siril 迭代剔除完成: 1 次迭代, 保留 34/34, final p68=6.8710 px
2026-07-28 15:14:47,122 [INFO] wcs_closure_v3: Siril 剔除后保留: 34/34 对 (剔除 0)
2026-07-28 15:14:47,123 [INFO] wcs_closure_v3: [B 层 外部 WCS 回投] n=34, p68=6.8710 px, p90=13.0585 px, p99=16.7033 px
2026-07-28 15:14:47,123 [INFO] wcs_closure_v3: [A vs B 预测差] delta_dist: median=2026.8583 px, p90=3746.7141 px, max=4731.6351 px
2026-07-28 15:14:47,131 [INFO] wcs_closure_v3: 权威星对已保存 (JSONL): engineering_v1.3/evidence/P11-004/reports/gate_v2_final\T2_RED_LDN43\matched_pairs_authoritative.jsonl (n=34)
2026-07-28 15:14:47,142 [INFO] wcs_closure_v3: 闭环报告已保存: engineering_v1.3/evidence/P11-004/reports/gate_v2_final\T2_RED_LDN43\closure_report.json
2026-07-28 15:14:47,142 [INFO] wcs_closure_v3: [Gate] p68=6.8710 (<=0.75:False) p90=13.0585 (<=1.5:False) p99=16.7033 (<=3.0:False) n=34 (>=5:True) => FAIL
2026-07-28 15:14:47,897 [INFO] wcs_closure: 残差图已保存: engineering_v1.3/evidence/P11-004/reports/gate_v2_final\T2_RED_LDN43\residual_plot.png
2026-07-28 15:14:48,098 [INFO] wcs_closure: 四象限分布图已保存: engineering_v1.3/evidence/P11-004/reports/gate_v2_final\T2_RED_LDN43\quadrant_plot.png
2026-07-28 15:14:48,098 [INFO] wcs_closure_v3: 权威星对诊断完成: LDN43_LRGBH_flying_dutchman-20250503@032713-1200S-Red (耗时 1.04s)
2026-07-28 15:14:48,102 [INFO] wcs_closure_v3: ======================================================================
2026-07-28 15:14:48,103 [INFO] wcs_closure_v3: P11-004 v3.0 权威星对诊断: LDN43_LRGBH_flying_dutchman-20250503@034804-1200S-Green
2026-07-28 15:14:48,103 [INFO] wcs_closure_v3: FITS: F:/Astro dev/Astro CS Normalization Database/testdata/LDN43_T2素材_flying_dutchman/lights/LDN43_LRGBH_flying_dutchman-20250503@034804-1200S-Green.fts
2026-07-28 15:14:48,103 [INFO] wcs_closure_v3: MODE: authoritative_pairs (kd-tree rematch DISABLED)
2026-07-28 15:14:48,103 [INFO] wcs_closure: 读取 FITS: F:/Astro dev/Astro CS Normalization Database/testdata/LDN43_T2素材_flying_dutchman/lights/LDN43_LRGBH_flying_dutchman-20250503@034804-1200S-Green.fts
2026-07-28 15:14:48,163 [INFO] wcs_closure: 图像尺寸: 4096x4096
2026-07-28 15:14:48,175 [WARNING] astropy: FITSFixedWarning: 'datfix' made the change 'Set MJD-OBS to 60798.158472 from DATE-OBS'.
2026-07-28 15:14:48,175 [INFO] wcs_closure: WCS 构建: has_sip=False sip_order=0 ctype=['RA---TAN', 'DEC--TAN'] crpix=(2048.000,2048.000) crval=(248.609730,-15.759134)
2026-07-28 15:14:48,177 [INFO] wcs_closure_v3: 重跑 PlateSolve 以填充权威 inlier 缓存...
2026-07-28 15:14:49,024 [INFO] wcs_closure_v3: 权威 inlier: n=32 (来自 IPVSolver.get_last_inliers)
2026-07-28 15:14:49,025 [INFO] wcs_closure_v3: [A 层 内部 TRANS 预测] n=32, p68=0.1085 px, p90=0.1526 px, p99=0.2293 px
2026-07-28 15:14:49,029 [INFO] wcs_closure_v3: [B 层 预剔除诊断] n=32, CRPIX_0based=(2048.00,2048.00), det_xy range=[46.6,443.6]~[3955.8,3917.3], ext_pred range=[58.8,454.2]~[3948.5,3906.5], ext_dist: median=4.7681 p68=7.2581 p90=13.4013 p99=16.6211 max=17.4771
2026-07-28 15:14:49,029 [INFO] wcs_closure: Siril 迭代剔除完成: 1 次迭代, 保留 32/32, final p68=7.2652 px
2026-07-28 15:14:49,029 [INFO] wcs_closure_v3: Siril 剔除后保留: 32/32 对 (剔除 0)
2026-07-28 15:14:49,030 [INFO] wcs_closure_v3: [B 层 外部 WCS 回投] n=32, p68=7.2652 px, p90=13.4013 px, p99=16.6211 px
2026-07-28 15:14:49,030 [INFO] wcs_closure_v3: [A vs B 预测差] delta_dist: median=1683.1766 px, p90=3762.9494 px, max=4731.5363 px
2026-07-28 15:14:49,051 [INFO] wcs_closure_v3: 权威星对已保存 (JSONL): engineering_v1.3/evidence/P11-004/reports/gate_v2_final\T2_GREEN_LDN43\matched_pairs_authoritative.jsonl (n=32)
2026-07-28 15:14:49,054 [INFO] wcs_closure_v3: 闭环报告已保存: engineering_v1.3/evidence/P11-004/reports/gate_v2_final\T2_GREEN_LDN43\closure_report.json
2026-07-28 15:14:49,054 [INFO] wcs_closure_v3: [Gate] p68=7.2652 (<=0.75:False) p90=13.4013 (<=1.5:False) p99=16.6211 (<=3.0:False) n=32 (>=5:True) => FAIL
2026-07-28 15:14:49,723 [INFO] wcs_closure: 残差图已保存: engineering_v1.3/evidence/P11-004/reports/gate_v2_final\T2_GREEN_LDN43\residual_plot.png
2026-07-28 15:14:49,932 [INFO] wcs_closure: 四象限分布图已保存: engineering_v1.3/evidence/P11-004/reports/gate_v2_final\T2_GREEN_LDN43\quadrant_plot.png
2026-07-28 15:14:49,932 [INFO] wcs_closure_v3: 权威星对诊断完成: LDN43_LRGBH_flying_dutchman-20250503@034804-1200S-Green (耗时 0.95s)
2026-07-28 15:14:49,936 [INFO] wcs_closure_v3: ======================================================================
2026-07-28 15:14:49,936 [INFO] wcs_closure_v3: P11-004 v3.0 权威星对诊断: LDN43_LRGBH_flying_dutchman-20250503@040855-1200S-Blue
2026-07-28 15:14:49,936 [INFO] wcs_closure_v3: FITS: F:/Astro dev/Astro CS Normalization Database/testdata/LDN43_T2素材_flying_dutchman/lights/LDN43_LRGBH_flying_dutchman-20250503@040855-1200S-Blue.fts
2026-07-28 15:14:49,936 [INFO] wcs_closure_v3: MODE: authoritative_pairs (kd-tree rematch DISABLED)
2026-07-28 15:14:49,936 [INFO] wcs_closure: 读取 FITS: F:/Astro dev/Astro CS Normalization Database/testdata/LDN43_T2素材_flying_dutchman/lights/LDN43_LRGBH_flying_dutchman-20250503@040855-1200S-Blue.fts
2026-07-28 15:14:50,003 [INFO] wcs_closure: 图像尺寸: 4096x4096
2026-07-28 15:14:50,015 [WARNING] astropy: FITSFixedWarning: 'datfix' made the change 'Set MJD-OBS to 60798.172963 from DATE-OBS'.
2026-07-28 15:14:50,015 [INFO] wcs_closure: WCS 构建: has_sip=False sip_order=0 ctype=['RA---TAN', 'DEC--TAN'] crpix=(2048.000,2048.000) crval=(248.609924,-15.759349)
2026-07-28 15:14:50,018 [INFO] wcs_closure_v3: 重跑 PlateSolve 以填充权威 inlier 缓存...
2026-07-28 15:14:50,863 [INFO] wcs_closure_v3: 权威 inlier: n=40 (来自 IPVSolver.get_last_inliers)
2026-07-28 15:14:50,864 [INFO] wcs_closure_v3: [A 层 内部 TRANS 预测] n=40, p68=0.2371 px, p90=0.4089 px, p99=0.8230 px
2026-07-28 15:14:50,868 [INFO] wcs_closure_v3: [B 层 预剔除诊断] n=40, CRPIX_0based=(2048.00,2048.00), det_xy range=[45.4,443.2]~[3957.5,3923.7], ext_pred range=[57.6,453.5]~[3950.9,3918.0], ext_dist: median=4.9316 p68=6.8344 p90=11.8978 p99=16.1795 max=17.1881
2026-07-28 15:14:50,868 [INFO] wcs_closure: Siril 迭代剔除完成: 1 次迭代, 保留 40/40, final p68=6.8694 px
2026-07-28 15:14:50,868 [INFO] wcs_closure_v3: Siril 剔除后保留: 40/40 对 (剔除 0)
2026-07-28 15:14:50,870 [INFO] wcs_closure_v3: [B 层 外部 WCS 回投] n=40, p68=6.8694 px, p90=11.8978 px, p99=16.1795 px
2026-07-28 15:14:50,870 [INFO] wcs_closure_v3: [A vs B 预测差] delta_dist: median=1642.0182 px, p90=3771.9700 px, max=4732.2170 px
2026-07-28 15:14:50,878 [INFO] wcs_closure_v3: 权威星对已保存 (JSONL): engineering_v1.3/evidence/P11-004/reports/gate_v2_final\T2_BLUE_LDN43\matched_pairs_authoritative.jsonl (n=40)
2026-07-28 15:14:50,880 [INFO] wcs_closure_v3: 闭环报告已保存: engineering_v1.3/evidence/P11-004/reports/gate_v2_final\T2_BLUE_LDN43\closure_report.json
2026-07-28 15:14:50,880 [INFO] wcs_closure_v3: [Gate] p68=6.8694 (<=0.75:False) p90=11.8978 (<=1.5:False) p99=16.1795 (<=3.0:False) n=40 (>=5:True) => FAIL
2026-07-28 15:14:51,693 [INFO] wcs_closure: 残差图已保存: engineering_v1.3/evidence/P11-004/reports/gate_v2_final\T2_BLUE_LDN43\residual_plot.png
2026-07-28 15:14:51,936 [INFO] wcs_closure: 四象限分布图已保存: engineering_v1.3/evidence/P11-004/reports/gate_v2_final\T2_BLUE_LDN43\quadrant_plot.png
2026-07-28 15:14:51,936 [INFO] wcs_closure_v3: 权威星对诊断完成: LDN43_LRGBH_flying_dutchman-20250503@040855-1200S-Blue (耗时 0.94s)
2026-07-28 15:14:51,940 [INFO] wcs_closure_v3: ======================================================================
2026-07-28 15:14:51,940 [INFO] wcs_closure_v3: P11-004 v3.0 权威星对诊断: LDN43_LRGBH_flying_dutchman-20250503@042947-1200S-H-alpha
2026-07-28 15:14:51,940 [INFO] wcs_closure_v3: FITS: F:/Astro dev/Astro CS Normalization Database/testdata/LDN43_T2素材_flying_dutchman/lights/LDN43_LRGBH_flying_dutchman-20250503@042947-1200S-H-alpha.fts
2026-07-28 15:14:51,940 [INFO] wcs_closure_v3: MODE: authoritative_pairs (kd-tree rematch DISABLED)
2026-07-28 15:14:51,940 [INFO] wcs_closure: 读取 FITS: F:/Astro dev/Astro CS Normalization Database/testdata/LDN43_T2素材_flying_dutchman/lights/LDN43_LRGBH_flying_dutchman-20250503@042947-1200S-H-alpha.fts
2026-07-28 15:14:52,013 [INFO] wcs_closure: 图像尺寸: 4096x4096
2026-07-28 15:14:52,026 [WARNING] astropy: FITSFixedWarning: 'datfix' made the change 'Set MJD-OBS to 60798.187512 from DATE-OBS'.
2026-07-28 15:14:52,026 [INFO] wcs_closure: WCS 构建: has_sip=False sip_order=0 ctype=['RA---TAN', 'DEC--TAN'] crpix=(2048.000,2048.000) crval=(248.609824,-15.759494)
2026-07-28 15:14:52,029 [INFO] wcs_closure_v3: 重跑 PlateSolve 以填充权威 inlier 缓存...
2026-07-28 15:14:52,746 [INFO] wcs_closure_v3: 权威 inlier: n=33 (来自 IPVSolver.get_last_inliers)
2026-07-28 15:14:52,747 [INFO] wcs_closure_v3: [A 层 内部 TRANS 预测] n=33, p68=0.0835 px, p90=0.1524 px, p99=0.2827 px
2026-07-28 15:14:52,753 [INFO] wcs_closure_v3: [B 层 预剔除诊断] n=33, CRPIX_0based=(2048.00,2048.00), det_xy range=[44.7,443.8]~[3957.1,3918.1], ext_pred range=[57.0,454.3]~[3950.2,3906.9], ext_dist: median=4.3304 p68=7.0493 p90=13.3089 p99=16.6354 max=17.4029
2026-07-28 15:14:52,754 [INFO] wcs_closure: Siril 迭代剔除完成: 1 次迭代, 保留 33/33, final p68=7.0764 px
2026-07-28 15:14:52,754 [INFO] wcs_closure_v3: Siril 剔除后保留: 33/33 对 (剔除 0)
2026-07-28 15:14:52,754 [INFO] wcs_closure_v3: [B 层 外部 WCS 回投] n=33, p68=7.0764 px, p90=13.3089 px, p99=16.6354 px
2026-07-28 15:14:52,755 [INFO] wcs_closure_v3: [A vs B 预测差] delta_dist: median=1833.5552 px, p90=3662.9238 px, max=4733.4378 px
2026-07-28 15:14:52,769 [INFO] wcs_closure_v3: 权威星对已保存 (JSONL): engineering_v1.3/evidence/P11-004/reports/gate_v2_final\T2_HA_LDN43\matched_pairs_authoritative.jsonl (n=33)
2026-07-28 15:14:52,770 [INFO] wcs_closure_v3: 闭环报告已保存: engineering_v1.3/evidence/P11-004/reports/gate_v2_final\T2_HA_LDN43\closure_report.json
2026-07-28 15:14:52,770 [INFO] wcs_closure_v3: [Gate] p68=7.0764 (<=0.75:False) p90=13.3089 (<=1.5:False) p99=16.6354 (<=3.0:False) n=33 (>=5:True) => FAIL
2026-07-28 15:14:53,655 [INFO] wcs_closure: 残差图已保存: engineering_v1.3/evidence/P11-004/reports/gate_v2_final\T2_HA_LDN43\residual_plot.png
2026-07-28 15:14:53,874 [INFO] wcs_closure: 四象限分布图已保存: engineering_v1.3/evidence/P11-004/reports/gate_v2_final\T2_HA_LDN43\quadrant_plot.png
2026-07-28 15:14:53,874 [INFO] wcs_closure_v3: 权威星对诊断完成: LDN43_LRGBH_flying_dutchman-20250503@042947-1200S-H-alpha (耗时 0.83s)
2026-07-28 15:14:53,876 [INFO] wcs_closure_v3: ======================================================================
2026-07-28 15:14:53,878 [INFO] wcs_closure_v3: P11-004 v3.0 权威星对诊断: NGC1727_RGBHO_T2_flying_dutchman-20251031@075259-1800S-OIII
2026-07-28 15:14:53,878 [INFO] wcs_closure_v3: FITS: F:/Astro dev/Astro CS Normalization Database/testdata/NGC1727_T2_flying_dutchman/lights/NGC1727_RGBHO_T2_flying_dutchman-20251031@075259-1800S-OIII.fts
2026-07-28 15:14:53,878 [INFO] wcs_closure_v3: MODE: authoritative_pairs (kd-tree rematch DISABLED)
2026-07-28 15:14:53,878 [INFO] wcs_closure: 读取 FITS: F:/Astro dev/Astro CS Normalization Database/testdata/NGC1727_T2_flying_dutchman/lights/NGC1727_RGBHO_T2_flying_dutchman-20251031@075259-1800S-OIII.fts
2026-07-28 15:14:53,947 [INFO] wcs_closure: 图像尺寸: 4096x4096
2026-07-28 15:14:53,960 [WARNING] astropy: FITSFixedWarning: 'datfix' made the change 'Set MJD-OBS to 60979.329028 from DATE-OBS'.
2026-07-28 15:14:53,961 [INFO] wcs_closure: WCS 构建: has_sip=False sip_order=0 ctype=['RA---TAN', 'DEC--TAN'] crpix=(2048.000,2048.000) crval=(73.093493,-69.589685)
2026-07-28 15:14:53,963 [INFO] wcs_closure_v3: 重跑 PlateSolve 以填充权威 inlier 缓存...
2026-07-28 15:15:13,177 [INFO] wcs_closure_v3: 权威 inlier: n=45 (来自 IPVSolver.get_last_inliers)
2026-07-28 15:15:13,179 [INFO] wcs_closure_v3: [A 层 内部 TRANS 预测] n=45, p68=0.1321 px, p90=0.2064 px, p99=0.2857 px
2026-07-28 15:15:13,182 [INFO] wcs_closure_v3: [B 层 预剔除诊断] n=45, CRPIX_0based=(2048.00,2048.00), det_xy range=[33.8,326.1]~[3853.6,4010.6], ext_pred range=[48.6,334.0]~[3844.9,3997.6], ext_dist: median=3.2966 p68=5.9220 p90=9.3666 p99=17.9536 max=18.7604
2026-07-28 15:15:13,182 [INFO] wcs_closure: Siril 迭代剔除完成: 1 次迭代, 保留 45/45, final p68=5.9593 px
2026-07-28 15:15:13,182 [INFO] wcs_closure_v3: Siril 剔除后保留: 45/45 对 (剔除 0)
2026-07-28 15:15:13,182 [INFO] wcs_closure_v3: [B 层 外部 WCS 回投] n=45, p68=5.9593 px, p90=9.3666 px, p99=17.9536 px
2026-07-28 15:15:13,183 [INFO] wcs_closure_v3: [A vs B 预测差] delta_dist: median=2021.7901 px, p90=3796.3041 px, max=5128.1101 px
2026-07-28 15:15:13,192 [INFO] wcs_closure_v3: 权威星对已保存 (JSONL): engineering_v1.3/evidence/P11-004/reports/gate_v2_final\T2_OIII_NGC1727\matched_pairs_authoritative.jsonl (n=45)
2026-07-28 15:15:13,202 [INFO] wcs_closure_v3: 闭环报告已保存: engineering_v1.3/evidence/P11-004/reports/gate_v2_final\T2_OIII_NGC1727\closure_report.json
2026-07-28 15:15:13,202 [INFO] wcs_closure_v3: [Gate] p68=5.9593 (<=0.75:False) p90=9.3666 (<=1.5:False) p99=17.9536 (<=3.0:False) n=45 (>=5:True) => FAIL
2026-07-28 15:15:14,016 [INFO] wcs_closure: 残差图已保存: engineering_v1.3/evidence/P11-004/reports/gate_v2_final\T2_OIII_NGC1727\residual_plot.png
2026-07-28 15:15:14,280 [INFO] wcs_closure: 四象限分布图已保存: engineering_v1.3/evidence/P11-004/reports/gate_v2_final\T2_OIII_NGC1727\quadrant_plot.png
2026-07-28 15:15:14,281 [INFO] wcs_closure_v3: 权威星对诊断完成: NGC1727_RGBHO_T2_flying_dutchman-20251031@075259-1800S-OIII (耗时 19.31s)
2026-07-28 15:15:14,284 [INFO] wcs_closure_v3: ======================================================================
2026-07-28 15:15:14,284 [INFO] wcs_closure_v3: P11-004 v3.0 权威星对诊断: NGC55_T3_flying_dutchman-20250701@074114-600S-Red
2026-07-28 15:15:14,284 [INFO] wcs_closure_v3: FITS: F:/Astro dev/Astro CS Normalization Database/testdata/NGC55_T3_flying_dutchman/lights/NGC55_T3_flying_dutchman-20250701@074114-600S-Red.fts
2026-07-28 15:15:14,284 [INFO] wcs_closure_v3: MODE: authoritative_pairs (kd-tree rematch DISABLED)
2026-07-28 15:15:14,285 [INFO] wcs_closure: 读取 FITS: F:/Astro dev/Astro CS Normalization Database/testdata/NGC55_T3_flying_dutchman/lights/NGC55_T3_flying_dutchman-20250701@074114-600S-Red.fts
2026-07-28 15:15:14,354 [INFO] wcs_closure: 图像尺寸: 4096x4096
2026-07-28 15:15:14,369 [WARNING] astropy: FITSFixedWarning: 'datfix' made the change 'Set MJD-OBS to 60857.320394 from DATE-OBS'.
2026-07-28 15:15:14,369 [INFO] wcs_closure: WCS 构建: has_sip=True sip_order=3 ctype=['RA---TAN-SIP', 'DEC--TAN-SIP'] crpix=(2048.500,2048.500) crval=(3.745681,-39.196792)
2026-07-28 15:15:14,371 [INFO] wcs_closure_v3: 重跑 PlateSolve 以填充权威 inlier 缓存...
2026-07-28 15:15:14,985 [INFO] wcs_closure_v3: 权威 inlier: n=38 (来自 IPVSolver.get_last_inliers)
2026-07-28 15:15:14,987 [INFO] wcs_closure_v3: [A 层 内部 TRANS 预测] n=38, p68=0.1488 px, p90=0.2035 px, p99=0.2893 px
2026-07-28 15:15:14,990 [INFO] wcs_closure_v3: [B 层 预剔除诊断] n=38, CRPIX_0based=(2048.50,2048.50), det_xy range=[93.0,54.1]~[4079.1,3948.5], ext_pred range=[93.1,54.2]~[4079.1,3948.5], ext_dist: median=0.1268 p68=0.1397 p90=0.2254 p99=0.2948 max=0.3099
2026-07-28 15:15:14,990 [INFO] wcs_closure: Siril 迭代剔除完成: 1 次迭代, 保留 38/38, final p68=0.1399 px
2026-07-28 15:15:14,990 [INFO] wcs_closure_v3: Siril 剔除后保留: 38/38 对 (剔除 0)
2026-07-28 15:15:14,991 [INFO] wcs_closure_v3: [B 层 外部 WCS 回投] n=38, p68=0.1399 px, p90=0.2254 px, p99=0.2948 px
2026-07-28 15:15:14,991 [INFO] wcs_closure_v3: [A vs B 预测差] delta_dist: median=1240.2379 px, p90=3193.6051 px, max=4814.1581 px
2026-07-28 15:15:15,008 [INFO] wcs_closure_v3: 权威星对已保存 (JSONL): engineering_v1.3/evidence/P11-004/reports/gate_v2_final\T3_RED_NGC55\matched_pairs_authoritative.jsonl (n=38)
2026-07-28 15:15:15,009 [INFO] wcs_closure_v3: 闭环报告已保存: engineering_v1.3/evidence/P11-004/reports/gate_v2_final\T3_RED_NGC55\closure_report.json
2026-07-28 15:15:15,010 [INFO] wcs_closure_v3: [Gate] p68=0.1399 (<=0.75:True) p90=0.2254 (<=1.5:True) p99=0.2948 (<=3.0:True) n=38 (>=5:True) => PASS
2026-07-28 15:15:15,869 [INFO] wcs_closure: 残差图已保存: engineering_v1.3/evidence/P11-004/reports/gate_v2_final\T3_RED_NGC55\residual_plot.png
2026-07-28 15:15:16,114 [INFO] wcs_closure: 四象限分布图已保存: engineering_v1.3/evidence/P11-004/reports/gate_v2_final\T3_RED_NGC55\quadrant_plot.png
2026-07-28 15:15:16,114 [INFO] wcs_closure_v3: 权威星对诊断完成: NGC55_T3_flying_dutchman-20250701@074114-600S-Red (耗时 0.72s)
2026-07-28 15:15:16,117 [INFO] wcs_closure_v3: ======================================================================
2026-07-28 15:15:16,118 [INFO] wcs_closure_v3: P11-004 v3.0 权威星对诊断: NGC55_T3_flying_dutchman-20250701@075153-600S-Green
2026-07-28 15:15:16,118 [INFO] wcs_closure_v3: FITS: F:/Astro dev/Astro CS Normalization Database/testdata/NGC55_T3_flying_dutchman/lights/NGC55_T3_flying_dutchman-20250701@075153-600S-Green.fts
2026-07-28 15:15:16,118 [INFO] wcs_closure_v3: MODE: authoritative_pairs (kd-tree rematch DISABLED)
2026-07-28 15:15:16,118 [INFO] wcs_closure: 读取 FITS: F:/Astro dev/Astro CS Normalization Database/testdata/NGC55_T3_flying_dutchman/lights/NGC55_T3_flying_dutchman-20250701@075153-600S-Green.fts
2026-07-28 15:15:16,178 [INFO] wcs_closure: 图像尺寸: 4096x4096
2026-07-28 15:15:16,191 [WARNING] astropy: FITSFixedWarning: 'datfix' made the change 'Set MJD-OBS to 60857.327789 from DATE-OBS'.
2026-07-28 15:15:16,191 [INFO] wcs_closure: WCS 构建: has_sip=True sip_order=3 ctype=['RA---TAN-SIP', 'DEC--TAN-SIP'] crpix=(2048.500,2048.500) crval=(3.745951,-39.196714)
2026-07-28 15:15:16,195 [INFO] wcs_closure_v3: 重跑 PlateSolve 以填充权威 inlier 缓存...
2026-07-28 15:15:16,859 [INFO] wcs_closure_v3: 权威 inlier: n=33 (来自 IPVSolver.get_last_inliers)
2026-07-28 15:15:16,859 [INFO] wcs_closure_v3: [A 层 内部 TRANS 预测] n=33, p68=0.1141 px, p90=0.1735 px, p99=0.2092 px
2026-07-28 15:15:16,861 [INFO] wcs_closure_v3: [B 层 预剔除诊断] n=33, CRPIX_0based=(2048.50,2048.50), det_xy range=[93.6,53.6]~[4079.3,3947.5], ext_pred range=[93.7,53.6]~[4079.3,3947.6], ext_dist: median=0.1165 p68=0.1271 p90=0.1800 p99=0.2207 max=0.2280
2026-07-28 15:15:16,862 [INFO] wcs_closure: Siril 迭代剔除完成: 1 次迭代, 保留 33/33, final p68=0.1272 px
2026-07-28 15:15:16,862 [INFO] wcs_closure_v3: Siril 剔除后保留: 33/33 对 (剔除 0)
2026-07-28 15:15:16,863 [INFO] wcs_closure_v3: [B 层 外部 WCS 回投] n=33, p68=0.1272 px, p90=0.1800 px, p99=0.2207 px
2026-07-28 15:15:16,864 [INFO] wcs_closure_v3: [A vs B 预测差] delta_dist: median=1300.3281 px, p90=3135.0423 px, max=4815.6486 px
2026-07-28 15:15:16,882 [INFO] wcs_closure_v3: 权威星对已保存 (JSONL): engineering_v1.3/evidence/P11-004/reports/gate_v2_final\T3_GREEN_NGC55\matched_pairs_authoritative.jsonl (n=33)
2026-07-28 15:15:16,883 [INFO] wcs_closure_v3: 闭环报告已保存: engineering_v1.3/evidence/P11-004/reports/gate_v2_final\T3_GREEN_NGC55\closure_report.json
2026-07-28 15:15:16,883 [INFO] wcs_closure_v3: [Gate] p68=0.1272 (<=0.75:True) p90=0.1800 (<=1.5:True) p99=0.2207 (<=3.0:True) n=33 (>=5:True) => PASS
2026-07-28 15:15:17,716 [INFO] wcs_closure: 残差图已保存: engineering_v1.3/evidence/P11-004/reports/gate_v2_final\T3_GREEN_NGC55\residual_plot.png
2026-07-28 15:15:17,978 [INFO] wcs_closure: 四象限分布图已保存: engineering_v1.3/evidence/P11-004/reports/gate_v2_final\T3_GREEN_NGC55\quadrant_plot.png
2026-07-28 15:15:17,978 [INFO] wcs_closure_v3: 权威星对诊断完成: NGC55_T3_flying_dutchman-20250701@075153-600S-Green (耗时 0.76s)
2026-07-28 15:15:17,983 [INFO] wcs_closure_v3: ======================================================================
2026-07-28 15:15:17,983 [INFO] wcs_closure_v3: P11-004 v3.0 权威星对诊断: NGC55_T3_flying_dutchman-20250701@080333-600S-Blue
2026-07-28 15:15:17,983 [INFO] wcs_closure_v3: FITS: F:/Astro dev/Astro CS Normalization Database/testdata/NGC55_T3_flying_dutchman/lights/NGC55_T3_flying_dutchman-20250701@080333-600S-Blue.fts
2026-07-28 15:15:17,983 [INFO] wcs_closure_v3: MODE: authoritative_pairs (kd-tree rematch DISABLED)
2026-07-28 15:15:17,983 [INFO] wcs_closure: 读取 FITS: F:/Astro dev/Astro CS Normalization Database/testdata/NGC55_T3_flying_dutchman/lights/NGC55_T3_flying_dutchman-20250701@080333-600S-Blue.fts
2026-07-28 15:15:18,045 [INFO] wcs_closure: 图像尺寸: 4096x4096
2026-07-28 15:15:18,057 [WARNING] astropy: FITSFixedWarning: 'datfix' made the change 'Set MJD-OBS to 60857.335891 from DATE-OBS'.
2026-07-28 15:15:18,057 [INFO] wcs_closure: WCS 构建: has_sip=True sip_order=3 ctype=['RA---TAN-SIP', 'DEC--TAN-SIP'] crpix=(2048.500,2048.500) crval=(3.746084,-39.196812)
2026-07-28 15:15:18,060 [INFO] wcs_closure_v3: 重跑 PlateSolve 以填充权威 inlier 缓存...
2026-07-28 15:15:18,703 [INFO] wcs_closure_v3: 权威 inlier: n=36 (来自 IPVSolver.get_last_inliers)
2026-07-28 15:15:18,706 [INFO] wcs_closure_v3: [A 层 内部 TRANS 预测] n=36, p68=0.1390 px, p90=0.2124 px, p99=0.2504 px
2026-07-28 15:15:18,710 [INFO] wcs_closure_v3: [B 层 预剔除诊断] n=36, CRPIX_0based=(2048.50,2048.50), det_xy range=[93.1,53.0]~[4079.0,3947.3], ext_pred range=[93.2,53.0]~[4079.0,3947.3], ext_dist: median=0.1213 p68=0.1613 p90=0.2260 p99=0.2646 max=0.2720
2026-07-28 15:15:18,710 [INFO] wcs_closure: Siril 迭代剔除完成: 1 次迭代, 保留 36/36, final p68=0.1614 px
2026-07-28 15:15:18,710 [INFO] wcs_closure_v3: Siril 剔除后保留: 36/36 对 (剔除 0)
2026-07-28 15:15:18,711 [INFO] wcs_closure_v3: [B 层 外部 WCS 回投] n=36, p68=0.1614 px, p90=0.2260 px, p99=0.2646 px
2026-07-28 15:15:18,712 [INFO] wcs_closure_v3: [A vs B 预测差] delta_dist: median=1301.6515 px, p90=3206.1578 px, max=4815.7349 px
2026-07-28 15:15:18,719 [INFO] wcs_closure_v3: 权威星对已保存 (JSONL): engineering_v1.3/evidence/P11-004/reports/gate_v2_final\T3_BLUE_NGC55\matched_pairs_authoritative.jsonl (n=36)
2026-07-28 15:15:18,720 [INFO] wcs_closure_v3: 闭环报告已保存: engineering_v1.3/evidence/P11-004/reports/gate_v2_final\T3_BLUE_NGC55\closure_report.json
2026-07-28 15:15:18,720 [INFO] wcs_closure_v3: [Gate] p68=0.1614 (<=0.75:True) p90=0.2260 (<=1.5:True) p99=0.2646 (<=3.0:True) n=36 (>=5:True) => PASS
2026-07-28 15:15:19,473 [INFO] wcs_closure: 残差图已保存: engineering_v1.3/evidence/P11-004/reports/gate_v2_final\T3_BLUE_NGC55\residual_plot.png
2026-07-28 15:15:19,710 [INFO] wcs_closure: 四象限分布图已保存: engineering_v1.3/evidence/P11-004/reports/gate_v2_final\T3_BLUE_NGC55\quadrant_plot.png
2026-07-28 15:15:19,710 [INFO] wcs_closure_v3: 权威星对诊断完成: NGC55_T3_flying_dutchman-20250701@080333-600S-Blue (耗时 0.74s)
2026-07-28 15:15:19,713 [INFO] wcs_closure_v3: ======================================================================
2026-07-28 15:15:19,713 [INFO] wcs_closure_v3: P11-004 v3.0 权威星对诊断: NGC55_T3_flying_dutchman-20250701@081412-1200S-H-alpha
2026-07-28 15:15:19,714 [INFO] wcs_closure_v3: FITS: F:/Astro dev/Astro CS Normalization Database/testdata/NGC55_T3_flying_dutchman/lights/NGC55_T3_flying_dutchman-20250701@081412-1200S-H-alpha.fts
2026-07-28 15:15:19,714 [INFO] wcs_closure_v3: MODE: authoritative_pairs (kd-tree rematch DISABLED)
2026-07-28 15:15:19,714 [INFO] wcs_closure: 读取 FITS: F:/Astro dev/Astro CS Normalization Database/testdata/NGC55_T3_flying_dutchman/lights/NGC55_T3_flying_dutchman-20250701@081412-1200S-H-alpha.fts
2026-07-28 15:15:19,797 [INFO] wcs_closure: 图像尺寸: 4096x4096
2026-07-28 15:15:19,808 [WARNING] astropy: FITSFixedWarning: 'datfix' made the change 'Set MJD-OBS to 60857.343356 from DATE-OBS'.
2026-07-28 15:15:19,809 [INFO] wcs_closure: WCS 构建: has_sip=True sip_order=3 ctype=['RA---TAN-SIP', 'DEC--TAN-SIP'] crpix=(2048.500,2048.500) crval=(3.745761,-39.196853)
2026-07-28 15:15:19,812 [INFO] wcs_closure_v3: 重跑 PlateSolve 以填充权威 inlier 缓存...
2026-07-28 15:15:20,491 [INFO] wcs_closure_v3: 权威 inlier: n=39 (来自 IPVSolver.get_last_inliers)
2026-07-28 15:15:20,492 [INFO] wcs_closure_v3: [A 层 内部 TRANS 预测] n=39, p68=0.1495 px, p90=0.2079 px, p99=0.2775 px
2026-07-28 15:15:20,495 [INFO] wcs_closure_v3: [B 层 预剔除诊断] n=39, CRPIX_0based=(2048.50,2048.50), det_xy range=[92.7,53.7]~[4078.9,3948.3], ext_pred range=[92.8,53.9]~[4078.9,3948.3], ext_dist: median=0.1409 p68=0.1663 p90=0.2292 p99=0.2727 max=0.2734
2026-07-28 15:15:20,495 [INFO] wcs_closure: Siril 迭代剔除完成: 1 次迭代, 保留 39/39, final p68=0.1676 px
2026-07-28 15:15:20,495 [INFO] wcs_closure_v3: Siril 剔除后保留: 39/39 对 (剔除 0)
2026-07-28 15:15:20,495 [INFO] wcs_closure_v3: [B 层 外部 WCS 回投] n=39, p68=0.1676 px, p90=0.2292 px, p99=0.2727 px
2026-07-28 15:15:20,496 [INFO] wcs_closure_v3: [A vs B 预测差] delta_dist: median=1301.0808 px, p90=3187.4652 px, max=4500.7009 px
2026-07-28 15:15:20,506 [INFO] wcs_closure_v3: 权威星对已保存 (JSONL): engineering_v1.3/evidence/P11-004/reports/gate_v2_final\T3_HA_NGC55\matched_pairs_authoritative.jsonl (n=39)
2026-07-28 15:15:20,516 [INFO] wcs_closure_v3: 闭环报告已保存: engineering_v1.3/evidence/P11-004/reports/gate_v2_final\T3_HA_NGC55\closure_report.json
2026-07-28 15:15:20,516 [INFO] wcs_closure_v3: [Gate] p68=0.1676 (<=0.75:True) p90=0.2292 (<=1.5:True) p99=0.2727 (<=3.0:True) n=39 (>=5:True) => PASS
2026-07-28 15:15:21,347 [INFO] wcs_closure: 残差图已保存: engineering_v1.3/evidence/P11-004/reports/gate_v2_final\T3_HA_NGC55\residual_plot.png
2026-07-28 15:15:21,625 [INFO] wcs_closure: 四象限分布图已保存: engineering_v1.3/evidence/P11-004/reports/gate_v2_final\T3_HA_NGC55\quadrant_plot.png
2026-07-28 15:15:21,625 [INFO] wcs_closure_v3: 权威星对诊断完成: NGC55_T3_flying_dutchman-20250701@081412-1200S-H-alpha (耗时 0.79s)
2026-07-28 15:15:21,629 [INFO] wcs_closure_v3: ======================================================================
2026-07-28 15:15:21,629 [INFO] wcs_closure_v3: P11-004 v3.0 权威星对诊断: NGC55_T3_flying_dutchman-20250701@083458-1200S-Oiii
2026-07-28 15:15:21,629 [INFO] wcs_closure_v3: FITS: F:/Astro dev/Astro CS Normalization Database/testdata/NGC55_T3_flying_dutchman/lights/NGC55_T3_flying_dutchman-20250701@083458-1200S-Oiii.fts
2026-07-28 15:15:21,629 [INFO] wcs_closure_v3: MODE: authoritative_pairs (kd-tree rematch DISABLED)
2026-07-28 15:15:21,629 [INFO] wcs_closure: 读取 FITS: F:/Astro dev/Astro CS Normalization Database/testdata/NGC55_T3_flying_dutchman/lights/NGC55_T3_flying_dutchman-20250701@083458-1200S-Oiii.fts
2026-07-28 15:15:21,702 [INFO] wcs_closure: 图像尺寸: 4096x4096
2026-07-28 15:15:21,715 [WARNING] astropy: FITSFixedWarning: 'datfix' made the change 'Set MJD-OBS to 60857.357755 from DATE-OBS'.
2026-07-28 15:15:21,715 [INFO] wcs_closure: WCS 构建: has_sip=True sip_order=3 ctype=['RA---TAN-SIP', 'DEC--TAN-SIP'] crpix=(2048.500,2048.500) crval=(3.746175,-39.196776)
2026-07-28 15:15:21,717 [INFO] wcs_closure_v3: 重跑 PlateSolve 以填充权威 inlier 缓存...
2026-07-28 15:15:22,323 [INFO] wcs_closure_v3: 权威 inlier: n=45 (来自 IPVSolver.get_last_inliers)
2026-07-28 15:15:22,324 [INFO] wcs_closure_v3: [A 层 内部 TRANS 预测] n=45, p68=0.1859 px, p90=0.3286 px, p99=0.4693 px
2026-07-28 15:15:22,327 [INFO] wcs_closure_v3: [B 层 预剔除诊断] n=45, CRPIX_0based=(2048.50,2048.50), det_xy range=[93.3,53.0]~[4079.0,3946.9], ext_pred range=[93.3,53.2]~[4079.1,3947.0], ext_dist: median=0.1531 p68=0.2200 p90=0.3252 p99=0.4763 max=0.5017
2026-07-28 15:15:22,328 [INFO] wcs_closure: Siril 迭代剔除完成: 1 次迭代, 保留 45/45, final p68=0.2202 px
2026-07-28 15:15:22,328 [INFO] wcs_closure_v3: Siril 剔除后保留: 45/45 对 (剔除 0)
2026-07-28 15:15:22,329 [INFO] wcs_closure_v3: [B 层 外部 WCS 回投] n=45, p68=0.2202 px, p90=0.3252 px, p99=0.4763 px
2026-07-28 15:15:22,329 [INFO] wcs_closure_v3: [A vs B 预测差] delta_dist: median=1335.9072 px, p90=3875.8030 px, max=4816.0755 px
2026-07-28 15:15:22,347 [INFO] wcs_closure_v3: 权威星对已保存 (JSONL): engineering_v1.3/evidence/P11-004/reports/gate_v2_final\T3_OIII_NGC55\matched_pairs_authoritative.jsonl (n=45)
2026-07-28 15:15:22,349 [INFO] wcs_closure_v3: 闭环报告已保存: engineering_v1.3/evidence/P11-004/reports/gate_v2_final\T3_OIII_NGC55\closure_report.json
2026-07-28 15:15:22,349 [INFO] wcs_closure_v3: [Gate] p68=0.2202 (<=0.75:True) p90=0.3252 (<=1.5:True) p99=0.4763 (<=3.0:True) n=45 (>=5:True) => PASS
2026-07-28 15:15:23,078 [INFO] wcs_closure: 残差图已保存: engineering_v1.3/evidence/P11-004/reports/gate_v2_final\T3_OIII_NGC55\residual_plot.png
2026-07-28 15:15:23,333 [INFO] wcs_closure: 四象限分布图已保存: engineering_v1.3/evidence/P11-004/reports/gate_v2_final\T3_OIII_NGC55\quadrant_plot.png
2026-07-28 15:15:23,333 [INFO] wcs_closure_v3: 权威星对诊断完成: NGC55_T3_flying_dutchman-20250701@083458-1200S-Oiii (耗时 0.72s)
2026-07-28 15:15:23,336 [INFO] wcs_closure_v3: ======================================================================
2026-07-28 15:15:23,337 [INFO] wcs_closure_v3: P11-004 v3.0 权威星对诊断: NGC55_T3_flying_dutchman-20250703@075400-600S-Lum
2026-07-28 15:15:23,337 [INFO] wcs_closure_v3: FITS: F:/Astro dev/Astro CS Normalization Database/testdata/NGC55_T3_flying_dutchman/lights/NGC55_T3_flying_dutchman-20250703@075400-600S-Lum.fts
2026-07-28 15:15:23,337 [INFO] wcs_closure_v3: MODE: authoritative_pairs (kd-tree rematch DISABLED)
2026-07-28 15:15:23,337 [INFO] wcs_closure: 读取 FITS: F:/Astro dev/Astro CS Normalization Database/testdata/NGC55_T3_flying_dutchman/lights/NGC55_T3_flying_dutchman-20250703@075400-600S-Lum.fts
2026-07-28 15:15:23,411 [INFO] wcs_closure: 图像尺寸: 4096x4096
2026-07-28 15:15:23,426 [WARNING] astropy: FITSFixedWarning: 'datfix' made the change 'Set MJD-OBS to 60859.329595 from DATE-OBS'.
2026-07-28 15:15:23,427 [INFO] wcs_closure: WCS 构建: has_sip=False sip_order=0 ctype=['RA---TAN', 'DEC--TAN'] crpix=(2048.000,2048.000) crval=(3.749672,-39.194104)
2026-07-28 15:15:23,430 [INFO] wcs_closure_v3: 重跑 PlateSolve 以填充权威 inlier 缓存...
2026-07-28 15:15:24,135 [INFO] wcs_closure_v3: 权威 inlier: n=31 (来自 IPVSolver.get_last_inliers)
2026-07-28 15:15:24,137 [INFO] wcs_closure_v3: [A 层 内部 TRANS 预测] n=31, p68=0.1327 px, p90=0.2323 px, p99=0.3930 px
2026-07-28 15:15:24,140 [INFO] wcs_closure_v3: [B 层 预剔除诊断] n=31, CRPIX_0based=(2048.00,2048.00), det_xy range=[102.5,41.3]~[4088.5,3936.2], ext_pred range=[113.4,52.3]~[4081.0,3929.1], ext_dist: median=4.9960 p68=7.0356 p90=11.1495 p99=12.3128 max=12.3763
2026-07-28 15:15:24,141 [INFO] wcs_closure: Siril 迭代剔除完成: 1 次迭代, 保留 31/31, final p68=7.0410 px
2026-07-28 15:15:24,141 [INFO] wcs_closure_v3: Siril 剔除后保留: 31/31 对 (剔除 0)
2026-07-28 15:15:24,141 [INFO] wcs_closure_v3: [B 层 外部 WCS 回投] n=31, p68=7.0410 px, p90=11.1495 px, p99=12.3128 px
2026-07-28 15:15:24,141 [INFO] wcs_closure_v3: [A vs B 预测差] delta_dist: median=1270.9046 px, p90=3201.7100 px, max=4519.0617 px
2026-07-28 15:15:24,160 [INFO] wcs_closure_v3: 权威星对已保存 (JSONL): engineering_v1.3/evidence/P11-004/reports/gate_v2_final\T3_LUM_NGC55\matched_pairs_authoritative.jsonl (n=31)
2026-07-28 15:15:24,161 [INFO] wcs_closure_v3: 闭环报告已保存: engineering_v1.3/evidence/P11-004/reports/gate_v2_final\T3_LUM_NGC55\closure_report.json
2026-07-28 15:15:24,161 [INFO] wcs_closure_v3: [Gate] p68=7.0410 (<=0.75:False) p90=11.1495 (<=1.5:False) p99=12.3128 (<=3.0:False) n=31 (>=5:True) => FAIL
2026-07-28 15:15:25,043 [INFO] wcs_closure: 残差图已保存: engineering_v1.3/evidence/P11-004/reports/gate_v2_final\T3_LUM_NGC55\residual_plot.png
2026-07-28 15:15:25,274 [INFO] wcs_closure: 四象限分布图已保存: engineering_v1.3/evidence/P11-004/reports/gate_v2_final\T3_LUM_NGC55\quadrant_plot.png
2026-07-28 15:15:25,274 [INFO] wcs_closure_v3: 权威星对诊断完成: NGC55_T3_flying_dutchman-20250703@075400-600S-Lum (耗时 0.82s)
2026-07-28 15:16:18,747 [INFO] wcs_closure: PlateSolve 环境已释放
2026-07-28 15:16:18,748 [INFO] wcs_closure_v3: 批量汇总: engineering_v1.3/evidence/P11-004/reports/gate_v2_final\batch_summary.json (pass=10/16, err=0)
