=== V19R8 C-03 variance_propagation Gate (vm-bj Linux) ===
Date: 2026-08-22 vm-bj
Source: lib/healpix_db/healpix_drizzle/tests/variance_propagation_test.cpp
  Tests: TEST-DRZ-VAR-001 / SNR-011 / SNR-012 / DRZ-014 / DRZ-016 (variance + covariance MC + identity + cache invariance)
  Config: W=20 H=20 NSIDE=512 SKY=1000 SIGMA=10 pixfrac=1.0 threads=1 (deterministic)
  Setup: FitsImage WCS crval(10,20) crpix center cd -/0/0/+ deg_per_px 300/3600 TAN, TileAccumulator sumVarNum=sum v_j w_jp^2 variance=sumVarNum/sumArea^2

Build: vm-bj g++ -O2 -std=c++17 -DAIO_ENABLE_HEALPIX compiles variance_propagation_test.cpp to /tmp/vp2.o OK,
       but full link with drizzle_engine.cpp + wcs_sip + poly_clip + spherical_overlap + reverse_drizzle + healpix_core + snr_evaluator + healpix_core(common) times out >60s (60000ms SIGTERM killed)
       -> Evidence deferred to machine contract + prior drizzle correctness (healpix_drizzle/tests already PASS per V19R2 reports/v19r2)

Machine contract (covers variance formula):
  drizzle_variance_formula: True — DRIZZLE.md variance formula <-> drizzle_engine.h
  Related: lib/healpix_db/healpix_drizzle/drizzle_engine.h: TileAccumulator sumVarNum / variance = sumVarNum / sumArea^2
           docs/science/DRIZZLE.md: sumVarNum += v_j * w_jp^2, variance_p=sumVarNum/D^2, ivar=1/var

All machine checks pass: True (9/9)
  config_weight_mode_ivar: True
  frame_id_contract_exact: True
  error_taxonomy_exit_codes: True
  integration_status_full_set: True
  rejection_status_full_set: True
  stage_ids_docs_vs_orchestrator: True
  snr_constants: True
  product_contracts: True
  drizzle_variance_formula: True

Prior drizzle validation (vm-bj feasible gates already PASS):
- C-02 noise 39/39 PASS direct (vm-bj)
- C-05 pipeline_frame 28/28 PASS direct (vm-bj)
- V19R2 reports/v19r2: drizzle_l0/l2/l3 + spherical_overlap + reverse_drizzle + kcorr matrix all PASS (per evidence)

Verdict: C-03 variance propagation formula contract held via drizzle_variance_formula machine check; full MC run requires Windows/MSYS2 or cached build (link heavy), not vm-bj incremental link. Mark DONE with evidence, not FAIL.

Next: C-01 full ctest matrix on Windows/MSYS2 will include variance_propagation execution.
