=== IPV Plate Solve Log ===
[2026-07-25 12:45:09][INFO] ==== IPVSolver::solve_from_memory 开始 (V4.19 统一求解) ====
[2026-07-25 12:45:09][INFO]   pixels=4500x3600 (内存数据)
[2026-07-25 12:45:09][INFO]   ra0=272.808333 deg, dec0=-13.176944 deg
[2026-07-25 12:45:09][INFO]   focal_length=200.000 mm, pixel_size=6.000 um
[2026-07-25 12:45:09][INFO]   gaia_handle=2239262638224, detector_handle=2238326302656
[2026-07-25 12:45:09][INFO] === ipv_select_from_memory 启动 ===
[2026-07-25 12:45:09][INFO] ipv_select: 依赖 DLL 全部加载成功
[2026-07-25 12:45:09][INFO] Step 1: 使用内存像素数据 4500×3600
[2026-07-25 12:45:09][INFO] Step 2: 星点检测
[2026-07-25 12:45:11][INFO]   检测到星点: 2000 颗 (饱和 657, 正常 1343)
[2026-07-25 12:45:11][INFO] Step 3: 图像侧选星
[2026-07-25 12:45:11][INFO] 选星: 按 mag(box积分) 升序取前 60 颗 (含饱和 60 颗)
[2026-07-25 12:45:11][INFO]   U 向量组: 60×2 (s0=6.1879"/px)
[2026-07-25 12:45:11][INFO] Step 4: FOV/密度计算
[2026-07-25 12:45:11][INFO] FOV计算: s0=6.1879"/px, FOV_diag=9.9056°, query_r=5.4481°, img_area=47.86341°², query_area=93.24654°², rho_img=1.25, rho_target=1.88, n_target=60
[2026-07-25 12:45:11][INFO] Step 5: V4.9 密度公式估算极限星等 (替代迭代)
[2026-07-25 12:45:11][INFO] 密度估算极限星等: G=9.815 (n_required=60, area=93.2465°², rho_target=0.64/°²)
[2026-07-25 12:45:11][INFO] Step 6: 用 m_lim=9.815 查询 Gaia 星表
[2026-07-25 12:45:11][INFO] Step 7: Gnomonic 投影 + FOV 过滤
[2026-07-25 12:45:11][INFO]   W 向量组: 60×2 (FOV 内 600, 取最亮 60, gaia_ra/dec 已保存)
[2026-07-25 12:45:11][INFO] === ipv_select_from_memory 完成 ===
[2026-07-25 12:45:11][INFO] [V4.22] n_target=60, max_vote=647, threshold=2
[2026-07-25 12:45:11][INFO]   [阶段] triangle_match (n=60): 76.66 ms, max_vote=647, top_pairs=60, success=1
[2026-07-25 12:45:11][INFO] [V4.22] max_vote=647 >= threshold=2, 停止扩充
[2026-07-25 12:45:11][INFO]   [阶段] StarSelector+triangle_match (V4.22 自适应): 2325.59 ms, n_target_used=60
[2026-07-25 12:45:11][INFO]   N_U=60, N_W=60, s0=6.1879 arcsec/px, img=4500x3600, fov_diag=9.9056 deg, n_target_used=60
[2026-07-25 12:45:11][INFO]   [诊断] it_result 检查: n_inliers=40, inliers.size=40, rms=0.5200, n_iterations=3, success=1, trans.order=3, trans.valid=1
[2026-07-25 12:45:11][INFO]   [诊断] it_result.trans: x00=60.7633 y00=162.4796 x10=6.307505 x01=-0.001764 y10=-0.003002 y01=-6.308830
[2026-07-25 12:45:11][INFO]   [诊断] it_result.inliers 前5对:
[2026-07-25 12:45:11][INFO]     inliers[0]: u=7 w=2
[2026-07-25 12:45:11][INFO]     inliers[1]: u=9 w=14
[2026-07-25 12:45:11][INFO]     inliers[2]: u=10 w=0
[2026-07-25 12:45:11][INFO]     inliers[3]: u=11 w=1
[2026-07-25 12:45:11][INFO]     inliers[4]: u=12 w=9
[2026-07-25 12:45:11][INFO]   [诊断] 准备打印阶段耗时日志...
[2026-07-25 12:45:11][INFO]   [阶段] iter_trans_solve: 0.60 ms, n_inliers=40, rms=0.5200, iters=3, success=1
[2026-07-25 12:45:11][INFO]   iter_trans TRANS: order=3, x00=60.7633 y00=162.4796 (px), x10=6.307505 x01=-0.001764 y10=-0.003002 y01=-6.308830
[2026-07-25 12:45:11][INFO]   [诊断] 准备调用 iterative_reproject...
[2026-07-25 12:45:11][INFO]   [诊断] iterative_reproject 入口: U.size=60, gaia_ra.size=60, gaia_dec.size=60, initial_inliers.size=40, s0=6.1879, img=4500x3600
[2026-07-25 12:45:11][INFO] iterative_reproject: 开始 (N_W=60, n_inliers=40, s0=6.1879"/px, max_iter=5, conv_thresh=0.0100")
[2026-07-25 12:45:11][INFO]   iter 0: ra_cur=272.808333 dec_cur=-13.176944, xi_center=60.7633" eta_center=162.4796", conv=173.4699" (thresh=0.0100")
[2026-07-25 12:45:11][INFO]   iter 0: 新中心 ra=272.825665 dec=-13.131811 (Δra=0.017332° Δdec=0.045134°)
[2026-07-25 12:45:11][INFO]   iter 0: at_recalc_trans 成功, n=40, sig=0.3327, rms=0.5201, x00=-0.0004 y00=-0.0005 (asec)
[2026-07-25 12:45:11][INFO]   iter 1: 收敛 (TRANS 常数项 = 0.0006" < 0.0100")
[2026-07-25 12:45:11][INFO] iterative_reproject: 完成 (收敛), ra=272.808333→272.825665 dec=-13.176944→-13.131811, n_matched=40 (固定), iters=1, conv=0.0006"
[2026-07-25 12:45:11][INFO]   [诊断] iterative_reproject 返回: success=1, n_matched=40, n_iterations=1, convergence=0.0006, ra0=272.825665, dec0=-13.131811, matched.size=40, trans.order=3
[2026-07-25 12:45:11][INFO]   [阶段] iterative_reproject: 0.21 ms, success=1, ra=272.808333→272.825665, dec=-13.176944→-13.131811, n_matched=40, iters=1, conv=0.0006"
[2026-07-25 12:45:11][INFO]   [阶段] hi_order_rematch iter 0: n_matched=40 (min=10, order=3)
[2026-07-25 12:45:11][INFO]   [阶段] hi_order_rematch iter 1: 收敛 (dn=0, drms=0.0000)
[2026-07-25 12:45:11][INFO]   [阶段] hi_order_rematch: 0.08 ms, n_matched=40, trans.order=3
[2026-07-25 12:45:11][INFO] ==== robust_refine_wcs 开始 (V4.30) ====
  U_full=2000, mag_full=2000, gaia=60
  ra0=272.825665, dec0=-13.131811, s0=6.1879"/px, fov=9.9056°, img=4500x3600
  initial_rms=0.3327", trans.order=3
[2026-07-25 12:45:11][INFO]   [robust_refine] 网格采样: FOV=9.906°, G_short=4, N_long=5, n_cells=20, quota=9, narrow_all=0, N_full=2000
[2026-07-25 12:45:11][INFO]   [robust_refine] 网格采样完成: 选中 180 颗 (上限 300, 下限 100)
[2026-07-25 12:45:11][INFO]   [robust_refine] NN 匹配: U=180, W=60, tol=1.000", Lowe通过=53, 双向=53
[2026-07-25 12:45:11][INFO]   [robust_refine] baseline: initial_rms=0.3327" (60星), U_pool RMS=0.4842" (180 星, matched=53)
[2026-07-25 12:45:11][INFO]   [robust_refine] NN 匹配: U=180, W=60, tol=1.000", Lowe通过=53, 双向=53
[2026-07-25 12:45:11][INFO]   [robust_refine] iter 0: tol=1.000", matched=53, rms=0.4842"→0.4618", cd_Δ=5.9794%, damp=0.00e+00
[2026-07-25 12:45:11][INFO]   [robust_refine] NN 匹配: U=180, W=60, tol=0.693", Lowe通过=48, 双向=48
[2026-07-25 12:45:11][INFO]   [robust_refine] iter 1: tol=0.693", matched=48, rms=0.4618"→0.3758", cd_Δ=10.1228%, damp=1.00e+06
[2026-07-25 12:45:11][INFO]   [robust_refine] NN 匹配: U=180, W=60, tol=0.564", Lowe通过=45, 双向=45
[2026-07-25 12:45:11][INFO]   [robust_refine] iter 2: tol=0.564", matched=45, rms=0.3758"→0.3329", cd_Δ=6.9862%, damp=1.00e+06
[2026-07-25 12:45:11][INFO]   [robust_refine] NN 匹配: U=180, W=60, tol=0.333", Lowe通过=25, 双向=25
[2026-07-25 12:45:11][WARN]   [robust_refine] iter 3: matched=25 < 30, 回退
[2026-07-25 12:45:11][INFO] ==== robust_refine_wcs 成功 ====
  iter=3, matched=45, rms=0.3329" (0.0538 px), cd_Δ=10.1228%, pool=180
[2026-07-25 12:45:11][INFO]   [阶段] robust_refine: 成功, n_matched=45, rms=0.3329", iter=3, pool=180, cd_Δ=10.1228%
[2026-07-25 12:45:11][INFO]   [阶段] robust_refine: 0.50 ms
[2026-07-25 12:45:11][INFO]   [诊断] 准备调用 extract_wcs_sip: W_final.size=60, matched.size=45, U_for_wcs.size=2000 (robust=1)
[2026-07-25 12:45:11][INFO]   [诊断] extract_wcs_sip 入口: trans.order=3, trans.valid=1, ra0=272.825665, dec0=-13.131811, img=4500x3600, s0=6.1879, U.size=2000, W.size=60, matched.size=45
[2026-07-25 12:45:11][INFO]   [V4.22] 清零 trans.x00/y00 (saved: x00=0.1042, y00=0.2415)
[2026-07-25 12:45:11][INFO] extract_wcs_sip: SIP A/B 解析公式成功, order=3
[2026-07-25 12:45:11][INFO] extract_wcs_sip: SIP AP/BP 网格反变换成功, ap_order=3, n_inv_coef=10, n_grid=49
[2026-07-25 12:45:11][INFO] extract_wcs_sip: CD=[1.752140e-03 4.006725e-07; -7.117510e-07 1.752457e-03], CRVAL=(272.825665, -13.131811), CRPIX=(2250.5, 1800.5), ctype=[RA---TAN-SIP, DEC--TAN-SIP], n_pairs=45, rms_px=0.0538, rms_arcsec=0.3329, trans_order=3, sip_order=3, ap_order=3
[2026-07-25 12:45:11][INFO]   [阶段] extract_wcs_sip: 0.06 ms, success=1, n_pairs=45, rms_px=0.054, rms_arcsec=0.333, trans_order=3, sip_order=3
[2026-07-25 12:45:11][INFO] ==== IPVSolver::solve_from_memory 完成 (V4.22) ====
[2026-07-25 12:45:11][INFO]   最终: n_pairs=45, rms_px=0.054, rms_arcsec=0.333, trans_order=3, sip_order=3, success=1
