======================================================================
P10-003 extract_calibration_master_inventory.py 启动
REPO_ROOT = F:\Astro dev\Astro CS Normalization Database
OUT_DIR = F:\Astro dev\Astro CS Normalization Database\engineering_v1.2\evidence\P10-003
======================================================================

[发现] 校准目录: 3
  T2 calibration files
  T3 calibration files
  T4 calibration files

[扫描] T2: 9 个 XISF 文件
  处理: masterBias_BIN-1_4096x4096.xisf
    type=Bias, filter=, exp=0.00, bin=1, size=4096x4096, sha=2D7E694C536C9A12...
  处理: masterDark_BIN-1_4096x4096_EXPOSURE-1200.00s.xisf
    type=Dark, filter=, exp=1200.00, bin=1, size=4096x4096, sha=73D42C70DD853015...
  处理: masterDark_BIN-1_4096x4096_EXPOSURE-1800.00s.xisf
    type=Dark, filter=, exp=1800.00, bin=1, size=4096x4096, sha=EFB75D6A88ACA4A3...
  处理: masterDark_BIN-1_4096x4096_EXPOSURE-600.00s.xisf
    type=Dark, filter=, exp=600.00, bin=1, size=4096x4096, sha=B740556B237B2036...
  处理: masterFlat_BIN-1_4096x4096_FILTER-Blue_mono.xisf
    type=Flat, filter=Blue, exp=3.00, bin=1, size=4096x4096, sha=8E82D75A6757F4AE...
  处理: masterFlat_BIN-1_4096x4096_FILTER-Green_mono.xisf
    type=Flat, filter=Green, exp=3.00, bin=1, size=4096x4096, sha=1E1433B02602DFC9...
  处理: masterFlat_BIN-1_4096x4096_FILTER-H-alpha_mono.xisf
    type=Flat, filter=H-alpha, exp=30.00, bin=1, size=4096x4096, sha=AD94F148C02D89C3...
  处理: masterFlat_BIN-1_4096x4096_FILTER-OIII_mono.xisf
    type=Flat, filter=OIII, exp=3.00, bin=1, size=4096x4096, sha=C84DC6DFDFCBF54A...
  处理: masterFlat_BIN-1_4096x4096_FILTER-Red_mono.xisf
    type=Flat, filter=Red, exp=3.00, bin=1, size=4096x4096, sha=E0E5540208F099B9...

[扫描] T3: 9 个 XISF 文件
  处理: masterBias_BIN-1_4096x4096.xisf
    type=Bias, filter=, exp=0.00, bin=1, size=4096x4096, sha=22003F86CD3E11D5...
  处理: masterDark_BIN-1_4096x4096_EXPOSURE-1200.00s.xisf
    type=Dark, filter=, exp=1200.00, bin=1, size=4096x4096, sha=BFBA85EB42839F75...
  处理: masterDark_BIN-1_4096x4096_EXPOSURE-600.00s.xisf
    type=Dark, filter=, exp=600.00, bin=1, size=4096x4096, sha=678646750BA84FC2...
  处理: masterFlat_BIN-1_4096x4096_FILTER-Blue_mono.xisf
    type=Flat, filter=Blue, exp=2.00, bin=1, size=4096x4096, sha=056506E26F672E2E...
  处理: masterFlat_BIN-1_4096x4096_FILTER-Green_mono.xisf
    type=Flat, filter=Green, exp=2.00, bin=1, size=4096x4096, sha=FEAE39FB0E9CD0FF...
  处理: masterFlat_BIN-1_4096x4096_FILTER-H-alpha_mono.xisf
    type=Flat, filter=H-alpha, exp=10.00, bin=1, size=4096x4096, sha=E808CB39440A8A05...
  处理: masterFlat_BIN-1_4096x4096_FILTER-Lum_mono.xisf
    type=Flat, filter=Lum, exp=2.00, bin=1, size=4096x4096, sha=1CFB0C4C20C9E525...
  处理: masterFlat_BIN-1_4096x4096_FILTER-Oiii_mono.xisf
    type=Flat, filter=Oiii, exp=2.00, bin=1, size=4096x4096, sha=731F627C5760A210...
  处理: masterFlat_BIN-1_4096x4096_FILTER-Red_mono.xisf
    type=Flat, filter=Red, exp=2.00, bin=1, size=4096x4096, sha=F709D97BE3DCEE2D...

[扫描] T4: 9 个 XISF 文件
  处理: masterBias_BIN-1_4500x3600.xisf
    type=Bias, filter=, exp=0.00, bin=1, size=4500x3600, sha=EA14B6F5E471F673...
  处理: masterDark_BIN-1_4500x3600_EXPOSURE-180.00s.xisf
    type=Dark, filter=, exp=180.00, bin=1, size=4500x3600, sha=07941CF826A0915B...
  处理: masterDark_BIN-1_4500x3600_EXPOSURE-300.00s.xisf
    type=Dark, filter=, exp=300.00, bin=1, size=4500x3600, sha=436A7626EB5469DA...
  处理: masterDark_BIN-1_4500x3600_EXPOSURE-600.00s.xisf
    type=Dark, filter=, exp=600.00, bin=1, size=4500x3600, sha=D7CB32C412EAFD29...
  处理: masterFlat_BIN-1_4500x3600_FILTER-Blue_mono.xisf
    type=Flat, filter=Blue, exp=15.00, bin=1, size=4500x3600, sha=91FF4AFB5598D3B1...
  处理: masterFlat_BIN-1_4500x3600_FILTER-Green_mono.xisf
    type=Flat, filter=Green, exp=10.53, bin=1, size=4500x3600, sha=A2D0A76D1480271A...
  处理: masterFlat_BIN-1_4500x3600_FILTER-H-alpha_mono.xisf
    type=Flat, filter=H-alpha, exp=15.00, bin=1, size=4500x3600, sha=152CE62C6457DE81...
  处理: masterFlat_BIN-1_4500x3600_FILTER-Oiii_mono.xisf
    type=Flat, filter=Oiii, exp=10.28, bin=1, size=4500x3600, sha=7E3E038BA95DEA8E...
  处理: masterFlat_BIN-1_4500x3600_FILTER-Red_mono.xisf
    type=Flat, filter=Red, exp=6.80, bin=1, size=4500x3600, sha=E3CB759828162F5D...

[输出] F:\Astro dev\Astro CS Normalization Database\engineering_v1.2\evidence\P10-003\CALIBRATION_MASTER_INVENTORY.csv
  总行数: 27

[统计] 按设备:
  T2: 9 个文件
  T3: 9 个文件
  T4: 9 个文件
[统计] 按类型:
  Bias: 3 个文件
  Dark: 8 个文件
  Flat: 16 个文件
[统计] Header 解析错误: 0
[硬门限] Unknown 类型: PASS
[输出] F:\Astro dev\Astro CS Normalization Database\engineering_v1.2\evidence\P10-003\CALIBRATION_MASTER_INVENTORY_SUMMARY.json