=== IPV Plate Solve Log ===
[2026-07-25 12:45:17][INFO] iter_trans_solve: U=60, W=60, initial_pairs=60, tol=5.00, order=3
[2026-07-25 12:45:17][DEBUG] calc_trans_general: order=3, n_pairs=20, 拟合成功
[2026-07-25 12:45:17][INFO] iter_trans_inner: 初始拟合完成, 初始工作集=20, order=3
[2026-07-25 12:45:17][INFO]   [调试] 初始 TRANS: x00=350.8568 y00=55.8138, x10=6.306792 x01=-0.003481 y10=-0.004472 y01=-6.308265
[2026-07-25 12:45:17][INFO]   [调试] 初始对[0]: u=14 w=16, U=(882.08,-163.89), W=(5913.09,1085.38), pred=(5913.22,1085.64), dist=0.2895" (dx=0.13 dy=0.26)
[2026-07-25 12:45:17][INFO]   [调试] 初始对[1]: u=24 w=38, U=(-368.59,-808.98), W=(-1969.81,5158.36), pred=(-1969.82,5157.96), dist=0.3938" (dx=-0.01 dy=-0.39)
[2026-07-25 12:45:17][INFO]   [调试] 初始对[2]: u=53 w=11, U=(2000.08,1604.84), W=(12932.57,-10054.21), pred=(12932.61,-10054.26), dist=0.0565" (dx=0.03 dy=-0.05)
[2026-07-25 12:45:17][INFO]   [调试] 初始对[3]: u=44 w=23, U=(1934.14,1153.68), W=(12526.12,-7218.70), pred=(12525.99,-7218.42), dist=0.3100" (dx=-0.13 dy=0.28)
[2026-07-25 12:45:17][INFO]   [调试] 初始对[4]: u=8 w=30, U=(-2019.32,297.10), W=(-12360.51,-1804.67), pred=(-12360.28,-1804.77), dist=0.2536" (dx=0.23 dy=-0.10)
[2026-07-25 12:45:17][INFO]   [调试] 初始对[5]: u=25 w=41, U=(607.75,1008.02), W=(4178.78,-6303.43), pred=(4178.67,-6303.56), dist=0.1665" (dx=-0.11 dy=-0.13)
[2026-07-25 12:45:17][INFO] iter_trans_inner: V4.23 工作集扩展 20->60 (nr=nbright)
[2026-07-25 12:45:17][DEBUG] iter 0: 绝对剔除 nr=60→22, nb=38
[2026-07-25 12:45:17][DEBUG] iter 0: sigma(35%)=0.096116 角秒²
[2026-07-25 12:45:17][DEBUG] iter 0: 相对剔除 nr=20, nb=40, rel_thresh=0.961165
[2026-07-25 12:45:17][DEBUG] calc_trans_general: order=3, n_pairs=20, 拟合成功
[2026-07-25 12:45:17][INFO] iter_trans_inner: 完成, nr=20, sig=0.2425, rms=0.4094, iters=1, success=1
[2026-07-25 12:45:17][INFO] iter_trans_solve: 第一轮 iter_trans 成功, inliers=20, rms=0.4094
[2026-07-25 12:45:17][INFO] at_match_lists: U=60, W=60, tol=5.00", U→W单向=22, W→U单向=22, 双向=22, 去重后=22
[2026-07-25 12:45:17][DEBUG] calc_trans_general: order=3, n_pairs=22, 拟合成功
[2026-07-25 12:45:17][INFO] at_recalc_trans: n=22, order=3, sig=0.3342, sx=0.3578, sy=0.3628, rms=0.5095
[2026-07-25 12:45:17][INFO] iter_trans_solve: 第一轮 refit 成功, inliers=22, rms=0.5095
[2026-07-25 12:45:17][INFO] at_match_lists: U=60, W=60, tol=5.00", U→W单向=22, W→U单向=22, 双向=22, 去重后=22
[2026-07-25 12:45:17][DEBUG] calc_trans_general: order=3, n_pairs=22, 拟合成功
[2026-07-25 12:45:17][INFO] at_recalc_trans: n=22, order=3, sig=0.3342, sx=0.3578, sy=0.3628, rms=0.5095
[2026-07-25 12:45:17][INFO] iter_trans_solve: 第二轮 refit 成功, inliers=22, rms=0.5095
[2026-07-25 12:45:17][DEBUG] calc_trans_general: order=3, n_pairs=22, 拟合成功
[2026-07-25 12:45:17][INFO] at_recalc_trans: n=22, order=3, sig=0.3339, sx=0.3578, sy=0.3628, rms=0.5096
[2026-07-25 12:45:17][INFO] at_match_lists: U=60, W=60, tol=5.00", U→W单向=22, W→U单向=22, 双向=22, 去重后=22
[2026-07-25 12:45:17][DEBUG] calc_trans_general: order=3, n_pairs=22, 拟合成功
[2026-07-25 12:45:17][INFO] at_recalc_trans: n=22, order=3, sig=0.3339, sx=0.3578, sy=0.3628, rms=0.5096
[2026-07-25 12:45:17][INFO] at_match_lists: U=60, W=60, tol=5.00", U→W单向=22, W→U单向=22, 双向=22, 去重后=22
[2026-07-25 12:45:17][DEBUG] calc_trans_general: order=3, n_pairs=22, 拟合成功
[2026-07-25 12:45:17][INFO] at_recalc_trans: n=22, order=3, sig=0.3339, sx=0.3578, sy=0.3628, rms=0.5096
