=== COMMAND ===
f:\Astro dev\Astro CS Normalization Database\lib\orchestrator\cpp\orchestrator.exe stage1 --frame f:\Astro dev\Astro CS Normalization Database\testdata\Galaxy_Center_T4\lights\panel1\Galaxy_Center_mosaic1_T4_flying_dutchman-20250702@063620-180S-Green.fts --output f:\Astro dev\Astro CS Normalization Database\engineering_v1.3\evidence\P12-004\raw_logs\T4_GREEN_Galaxy_Center\T4_GREEN_Galaxy_Center.hiss --gaia-data GaiaDR3SP --filter Green --config f:\Astro dev\Astro CS Normalization Database\engineering_v1.3\evidence\P12-004\scripts\stage1_config_T4.json --log-level INFO

=== EXIT CODE ===
0

=== STDOUT ===
{
  "success": true,
  "frame_name": "f:\\Astro dev\\Astro CS Normalization Database\\testdata\\Galaxy_Center_T4\\lights\\panel1\\Galaxy_Center_mosaic1_T4_flying_dutchman-20250702@063620-180S-Green.fts",
  "timings": [
    {"stage": "CALIBRATE", "name": "READ_FITS", "duration_sec": 0.0503126, "success": true},
    {"stage": "CALIBRATE", "name": "CALIBRATE", "duration_sec": 0.595578, "success": true},
    {"stage": "CALIBRATE", "name": "PLATESOLVE", "duration_sec": 2.2245, "success": true},
    {"stage": "CALIBRATE", "name": "PSF", "duration_sec": 0.53579, "success": true},
    {"stage": "CALIBRATE", "name": "PHOTOMETRIC", "duration_sec": 0.271954, "success": true},
    {"stage": "CALIBRATE", "name": "SNR", "duration_sec": 0.0017882, "success": true},
    {"stage": "CALIBRATE", "name": "DRIZZLE", "duration_sec": 29.2542, "success": true}
  ],
  "wcs_fields": {},
  "photo_stats": {"FIT_USED": "1619", "GAIA_IN_FRAME": "5892", "MATCH_DIST_MAX": "1.564568", "MATCH_DIST_MEDIAN": "0.435792", "MATCH_DIST_P90": "0.805548", "N_MATCHED": "1619", "PSF_TOTAL": "2000", "PSF_VALID": "1966", "REJECTED_AMBIGUOUS": "0", "REJECTED_DISTANCE": "343", "REJECTED_QUALITY": "4", "ROBUST_ITERATIONS": "7", "R_MAX": "3.238333", "R_MEDIAN": "2.563027", "R_P90": "2.795300", "SCALE_FACTOR": "0.002696", "SIGMA_RESIDUAL": "0.157614", "SPATIAL_CANDIDATES": "1623", "SPECTRUM_ROWS_TOTAL": "14405", "STATUS": "OK", "UNIQUE_MATCHES": "1623", "VALID_FSYN": "14373"},
  "output_ahpx_path": "f:\\Astro dev\\Astro CS Normalization Database\\engineering_v1.3\\evidence\\P12-004\\raw_logs\\T4_GREEN_Galaxy_Center\\T4_GREEN_Galaxy_Center.hiss",
  "error_msg": ""
}

=== STDERR ===
[2026-07-28 23:07:16][INFO][cli] stage1 gaia-data: GaiaDR3SP
[2026-07-28 23:07:16][INFO][cli] stage1 filter: Green
[2026-07-28 23:07:16][INFO][logger] 日志系统初始化完成 (log_dir=lib/orchestrator/logs, level=INFO)
[2026-07-28 23:07:16][INFO][orchestrator] 初始化编排器 (骨架版本)
[2026-07-28 23:07:16][INFO][orchestrator] 可用线程数: 16
[2026-07-28 23:07:16][INFO][orchestrator] 加载配置: f:\Astro dev\Astro CS Normalization Database\engineering_v1.3\evidence\P12-004\scripts\stage1_config_T4.json
[2026-07-28 23:07:16][INFO][orchestrator] 配置文件大小: 2299 字节
[2026-07-28 23:07:16][INFO][orchestrator] 检查点目录: output\.checkpoint
[2026-07-28 23:07:16][INFO][orchestrator] 日志级别设置为: INFO
[2026-07-28 23:07:16][INFO][orchestrator] 配置线程数: 0 (0=自动检测)
[2026-07-28 23:07:16][INFO][orchestrator] 配置 Gaia 数据目录: GaiaDR3SP
[2026-07-28 23:07:16][INFO][orchestrator] 配置加载完成 (P03-002: log_level/threads/gaia_data_dir 已解析)
[2026-07-28 23:07:16][INFO][cli] 日志级别设置为: INFO
[2026-07-28 23:07:16][INFO][orchestrator] ========== stage1: 单帧预处理 (FITS -> .hiss) ==========
[2026-07-28 23:07:16][INFO][orchestrator] 输入 FITS: f:\Astro dev\Astro CS Normalization Database\testdata\Galaxy_Center_T4\lights\panel1\Galaxy_Center_mosaic1_T4_flying_dutchman-20250702@063620-180S-Green.fts
[2026-07-28 23:07:16][INFO][orchestrator] 输出 .hiss: f:\Astro dev\Astro CS Normalization Database\engineering_v1.3\evidence\P12-004\raw_logs\T4_GREEN_Galaxy_Center\T4_GREEN_Galaxy_Center.hiss
[2026-07-28 23:07:16][INFO][orchestrator] 配置 JSON: {

  "_comment": "stage1 配置文件模板 (spec §2.3.3) - 单帧预处理 FITS -> .hiss, stage 0-6 (2026-07-18 归档 GRADIENT_2D; 2026-07-25 P03-002 扩展参数追踪)",

  "project_root": ".",

  "gaia_data_dir": "GaiaDR3SP",

  "calibration_dir": "testdata/T4 calibration files",

  "output_root": "output",

  "stages": [

    "read_fits",

    "calibrate",

    "platesolve",

    "psf",

    "photometric",

    "snr",

    "drizzle"

  ],

  "frame": {

    "id": "panel1_Red",

    "light_path": "",

    "filter": "Red",

    "qe_curve": "GSENSE2020BSI"

  },

  "calibration": {

    "_comment": "P03-001: 校准输入接线配置。master_*_path 为空时从 calibration_dir 自动推导",

    "master_bias_path": "",

    "master_dark_path": "",

    "master_flat_path": "",

    "require_size_match": true,

    "require_exposure_match": true,

    "exposure_tolerance_s": 0.5,

    "require_temperature_match": false,

    "temperature_tolerance_c": 1.0,

    "allow_no_calibration": false,

    "dark_optimization": 0,

    "dark_scale_factor": 1.0

  },

  "platesolve": {

    "_comment": "P03-002: PlateSolve 参数。initial_ra/dec 为空时从 FITS header OBJCTRA/DEC 读取; focal_length/pixel_size 为 0 时从 FITS header 读取",

    "initial_ra": "",

    "initial_dec": "",

    "focal_length": 0.0,

    "pixel_size": 0.0,

    "max_stars": 2000,

    "log_dir": "lib/plate_solve/logs"

  },

  "psf": {

    "_comment": "P03-002: PSF 拟合参数。fit_radius=0 表示自动; max_stars=0 表示不限制",

    "fit_radius": 8,

    "max_iter": 100,

    "tolerance": 1e-06,

    "max_stars": 2000

  },

  "photometric": {

    "_comment": "P03-002: 测光校准参数。mag_max 内部会自适应迭代 (2000-10000 星范围)",

    "mag_min": 6.0,

    "mag_max": 16.0,

    "fov_radius_deg": 0.0,

    "filters_json": "lib/photometric_calib/data/response_curves/filters.json",

    "qe_curves_json": "lib/photometric_calib/data/response_curves/qe_curves.json"

  },

  "drizzle": {

    "_comment": "P03-002: Drizzle 参数。nside_strategy=1x_to_2x_drizzle 自适应; pixfrac 默认 1.0 避免缝隙",

    "nside_strategy": "1x_to_2x_drizzle",

    "nside_override": 0,

    "pixfrac": 1.0,

    "nested": true

  },

  "log_level": "INFO",

  "threads": 0

}
[2026-07-28 23:07:16][INFO][orchestrator] P04-004: 取消/超时标志已重置
[2026-07-28 23:07:16][INFO][orchestrator] 自动推导项目根目录: f:\Astro dev\Astro CS Normalization Database
[2026-07-28 23:07:16][INFO][orchestrator] 初始化 DLL 加载 (lib_base_dir=f:\Astro dev\Astro CS Normalization Database)
[dll_loader] 开始加载所有模块 (lib_base_dir=f:\Astro dev\Astro CS Normalization Database)
[dll_loader] 设置运行时 DLL 搜索路径: C:\msys64\mingw64\bin
[dll_loader] 加载模块 AIO: f:\Astro dev\Astro CS Normalization Database/lib/astro_image_io/astro_image_io.dll
[dll_loader] 模块 AIO 加载成功 (handle=0x7fffd8ce0000)
[dll_loader] 预加载 astro_image_io.dll (依赖前置) handle=0x7fffd8ce0000
[dll_loader] 加载模块 CALIBRATE: f:\Astro dev\Astro CS Normalization Database/lib/calibration/astro_calibration.dll
[dll_loader] 模块 CALIBRATE 加载成功 (handle=0x7fffe5710000)
[dll_loader] 加载模块 PLATESOLVE: f:\Astro dev\Astro CS Normalization Database/lib/plate_solve/cpp/ipv/ipv_solver.dll
[dll_loader] 模块 PLATESOLVE 加载成功 (handle=0x7fffe4570000)
[dll_loader] 加载模块 PSF: f:\Astro dev\Astro CS Normalization Database/lib/dynamic_psf/dynamic_psf.dll
[dll_loader] 模块 PSF 加载成功 (handle=0x7fffe5ee0000)
[dll_loader] 预加载 gaia_client.dll (依赖前置) handle=0x7fffe6460000
[dll_loader] 加载模块 PHOTOMETRIC: f:\Astro dev\Astro CS Normalization Database/lib/photometric_calib/cpp/photometric_calib.dll
[dll_loader] 模块 PHOTOMETRIC 加载成功 (handle=0x7fffddc70000)
[dll_loader] 加载模块 SNR: f:\Astro dev\Astro CS Normalization Database/lib/snr_estimator/cpp/snr_estimator.dll
[dll_loader] 模块 SNR 加载成功 (handle=0x7fffdc710000)
[dll_loader] 加载模块 DRIZZLE: f:\Astro dev\Astro CS Normalization Database/lib/healpix_db/healpix_drizzle/healpix_drizzle.dll
[dll_loader] 模块 DRIZZLE 加载成功 (handle=0x7fffd98d0000)
[dll_loader] 加载模块 GRADIENT_SPHERE: f:\Astro dev\Astro CS Normalization Database/lib/healpix_db/healpix_stack/healpix_stack.dll
[dll_loader] 模块 GRADIENT_SPHERE 加载成功 (handle=0x7fffd8910000)
[dll_loader] 加载模块 STACK: f:\Astro dev\Astro CS Normalization Database/lib/healpix_db/healpix_stack/healpix_stack.dll
[dll_loader] 模块 STACK 加载成功 (handle=0x7fffd8910000)
[dll_loader] 全部模块加载成功
[2026-07-28 23:07:17][INFO][orchestrator] 全部 9 个模块加载成功
[2026-07-28 23:07:17][INFO][orchestrator]   AIO 版本: unknown
[2026-07-28 23:07:17][INFO][orchestrator]   CALIBRATE 版本: Astro Calibration C++ v1.0.0
[2026-07-28 23:07:17][INFO][orchestrator]   PLATESOLVE 版本: unknown
[2026-07-28 23:07:17][INFO][orchestrator]   PSF 版本: unknown
[2026-07-28 23:07:17][INFO][orchestrator]   PHOTOMETRIC 版本: unknown
[2026-07-28 23:07:17][INFO][orchestrator]   SNR 版本: unknown
[2026-07-28 23:07:17][INFO][orchestrator]   DRIZZLE 版本: unknown
[2026-07-28 23:07:17][INFO][orchestrator]   GRADIENT_SPHERE 版本: unknown
[2026-07-28 23:07:17][INFO][orchestrator]   STACK 版本: unknown
[dll_loader] CALIBRATE 线程数设置为 16
[2026-07-28 23:07:17][INFO][orchestrator] CALIBRATE 线程数: 16
[2026-07-28 23:07:17][DEBUG][PIPELINE] frame_create: ok
[2026-07-28 23:07:17][INFO][orchestrator] ---------- stage1 阶段: READ_FITS ----------
[2026-07-28 23:07:17][INFO][orchestrator] [READ_FITS] 开始: f:\Astro dev\Astro CS Normalization Database\testdata\Galaxy_Center_T4\lights\panel1\Galaxy_Center_mosaic1_T4_flying_dutchman-20250702@063620-180S-Green.fts
[2026-07-28 23:07:17][INFO][FITS] Reading: f:\Astro dev\Astro CS Normalization Database\testdata\Galaxy_Center_T4\lights\panel1\Galaxy_Center_mosaic1_T4_flying_dutchman-20250702@063620-180S-Green.fts
[2026-07-28 23:07:17][INFO][FITS] Header: BITPIX=16 NAXIS=2 NAXIS1=4500 NAXIS2=3600 NAXIS3=0 BSCALE=1.0 BZERO=32768.0 keywords=124
[2026-07-28 23:07:17][INFO][FITS] Applying BSCALE=1.000000 BZERO=32768.000000
[2026-07-28 23:07:17][INFO][FITS] Read OK: 4500x3600 1ch BITPIX=16
[2026-07-28 23:07:17][INFO][API] aio_read_fits: 0.037 s
[2026-07-28 23:07:17][INFO][orchestrator] [READ_FITS] 图像尺寸: 4500x3600
[2026-07-28 23:07:17][DEBUG][PIPELINE] add_block: 'data' type=0 count=16200000 (64800000 bytes)
[2026-07-28 23:07:17][INFO][orchestrator] [READ_FITS] FITS 关键字数: 124
[2026-07-28 23:07:17][INFO][orchestrator] [READ_FITS] 完成
[2026-07-28 23:07:17][INFO][orchestrator] [0.050313s] READ_FITS 完成
[2026-07-28 23:07:17][INFO][orchestrator] ---------- stage1 阶段: CALIBRATE ----------
[2026-07-28 23:07:17][INFO][orchestrator] [CALIBRATE] 开始
[2026-07-28 23:07:17][INFO][orchestrator] [CALIBRATE] 图像: 4500x3600 (16200000 像素)
[2026-07-28 23:07:17][INFO][orchestrator] [CALIBRATE] 帧元数据: EXPTIME=180.000000s, FILTER='Green', CCD-TEMP=-19.937500C
[2026-07-28 23:07:17][INFO][orchestrator] [CALIBRATE] calibration_dir: f:\Astro dev\Astro CS Normalization Database\testdata/T4 calibration files
[2026-07-28 23:07:17][INFO][orchestrator] [CALIBRATE] 自动推导 master_bias_path: f:\Astro dev\Astro CS Normalization Database\testdata/T4 calibration files\masterBias_BIN-1_4500x3600.xisf
[2026-07-28 23:07:17][INFO][orchestrator] [CALIBRATE] 自动推导 master_dark_path: f:\Astro dev\Astro CS Normalization Database\testdata/T4 calibration files\masterDark_BIN-1_4500x3600_EXPOSURE-180.00s.xisf
[2026-07-28 23:07:17][INFO][orchestrator] [CALIBRATE] 自动推导 master_flat_path: f:\Astro dev\Astro CS Normalization Database\testdata/T4 calibration files\masterFlat_BIN-1_4500x3600_FILTER-Green_mono.xisf
[2026-07-28 23:07:17][INFO][XISF] Reading: f:\Astro dev\Astro CS Normalization Database\testdata/T4 calibration files\masterBias_BIN-1_4500x3600.xisf
[2026-07-28 23:07:17][INFO][XISF] XML header length: 47448 bytes
[2026-07-28 23:07:17][INFO][XISF] Image: 4500x3600x1 fmt=Float32 byteOrder= offset=49152 size=64800000
[2026-07-28 23:07:17][INFO][XISF] Byte order: file= system=little swap=0
[2026-07-28 23:07:17][INFO][XISF] Read OK: 4500x3600 1ch fmt=Float32 keywords=492
[2026-07-28 23:07:17][INFO][API] aio_read_xisf: 0.043 s
[2026-07-28 23:07:17][INFO][orchestrator] [CALIBRATE] 加载 Master: f:\Astro dev\Astro CS Normalization Database\testdata/T4 calibration files\masterBias_BIN-1_4500x3600.xisf (4500x3600)
[2026-07-28 23:07:17][INFO][XISF] Reading: f:\Astro dev\Astro CS Normalization Database\testdata/T4 calibration files\masterDark_BIN-1_4500x3600_EXPOSURE-180.00s.xisf
[2026-07-28 23:07:17][INFO][XISF] XML header length: 19932 bytes
[2026-07-28 23:07:17][INFO][XISF] Image: 4500x3600x1 fmt=Float32 byteOrder= offset=20480 size=64800000
[2026-07-28 23:07:17][INFO][XISF] Byte order: file= system=little swap=0
[2026-07-28 23:07:17][INFO][XISF] Read OK: 4500x3600 1ch fmt=Float32 keywords=192
[2026-07-28 23:07:17][INFO][API] aio_read_xisf: 0.056 s
[2026-07-28 23:07:17][INFO][orchestrator] [CALIBRATE] 加载 Master: f:\Astro dev\Astro CS Normalization Database\testdata/T4 calibration files\masterDark_BIN-1_4500x3600_EXPOSURE-180.00s.xisf (4500x3600)
[2026-07-28 23:07:17][INFO][XISF] Reading: f:\Astro dev\Astro CS Normalization Database\testdata/T4 calibration files\masterFlat_BIN-1_4500x3600_FILTER-Green_mono.xisf
[2026-07-28 23:07:17][INFO][XISF] XML header length: 20989 bytes
[2026-07-28 23:07:17][INFO][XISF] Image: 4500x3600x1 fmt=Float32 byteOrder= offset=24576 size=64800000
[2026-07-28 23:07:17][INFO][XISF] Byte order: file= system=little swap=0
[2026-07-28 23:07:17][INFO][XISF] Read OK: 4500x3600 1ch fmt=Float32 keywords=198
[2026-07-28 23:07:17][INFO][API] aio_read_xisf: 0.079 s
[2026-07-28 23:07:17][INFO][orchestrator] [CALIBRATE] 加载 Master: f:\Astro dev\Astro CS Normalization Database\testdata/T4 calibration files\masterFlat_BIN-1_4500x3600_FILTER-Green_mono.xisf (4500x3600)
[2026-07-28 23:07:17][INFO][orchestrator] [CALIBRATE] master_dark 曝光时间匹配: dark=180.000000s vs frame=180.000000s (diff=0.000000s)
[2026-07-28 23:07:17][INFO][orchestrator] [CALIBRATE] 调用 ac_calibrate_frame: dark_opt=0, k_init=1.000000, has_bias=true, has_dark=true, has_flat=true
[2026-07-28 23:07:17][INFO][orchestrator] [CALIBRATE] 校准统计: light_mean=1485.174281 -> out_mean=3696.248681, bias_mean=0.013990, dark_mean=0.016775, flat_mean=0.402767, actual_k=1.000000
[2026-07-28 23:07:17][DEBUG][PIPELINE] remove_block: 'data' removed (n_blocks=1)
[2026-07-28 23:07:17][DEBUG][PIPELINE] add_block_move: 'data' type=0 count=16200000 (moved ptr=0000020f895ba040)
[2026-07-28 23:07:17][INFO][orchestrator] [CALIBRATE] cal_stats 已写入 (CALIBRATION_STATUS=APPLIED)
[2026-07-28 23:07:17][INFO][orchestrator] [CALIBRATE] 完成 (实际应用 Bias/Dark/Flat)
[2026-07-28 23:07:17][INFO][orchestrator] [0.595578s] CALIBRATE 完成
[2026-07-28 23:07:17][INFO][orchestrator] ---------- stage1 阶段: PLATESOLVE ----------
[2026-07-28 23:07:17][INFO][orchestrator] [PLATESOLVE] 开始
[2026-07-28 23:07:17][INFO][orchestrator] [PLATESOLVE] 初始化环境 (gaia_client + star_detector + ipv_solver)
[2026-07-28 23:07:17][INFO][orchestrator] [PLATESOLVE] gaia_client.dll 加载成功
[2026-07-28 23:07:17][INFO][orchestrator] [PLATESOLVE] star_detector.dll 加载成功
[2026-07-28 23:07:17][INFO][orchestrator] [PLATESOLVE] Gaia 数据目录: f:\Astro dev\Astro CS Normalization Database\GaiaDR3SP (来自 config)
[2026-07-28 23:07:17][INFO][orchestrator] [PLATESOLVE] GaiaClient 创建成功 (data_dir=f:\Astro dev\Astro CS Normalization Database\GaiaDR3SP)
[2026-07-28 23:07:17][INFO][SDET] StarDetector created (fitRadius=0, fwhmClipSigma=3.0, maxAxisRatio=2.0)
[2026-07-28 23:07:17][INFO][orchestrator] [PLATESOLVE] StarDetector 创建成功 (fitRadius=0 自动, maxStars=2000)
[2026-07-28 23:07:17][INFO][orchestrator] [PLATESOLVE] IPVSolver 创建成功, 已注入 Gaia + StarDetector 句柄
[2026-07-28 23:07:17][INFO][orchestrator] [PLATESOLVE] 环境初始化完成
[2026-07-28 23:07:17][INFO][orchestrator] [PLATESOLVE] 图像: 4500x3600
[2026-07-28 23:07:17][INFO][orchestrator] [PLATESOLVE] 初始指向: OBJCTRA='18 11 14.00' -> ra0=272.808333deg, OBJCTDEC='-13 10 37.0' -> dec0=-13.176944deg
[2026-07-28 23:07:17][INFO][orchestrator] [PLATESOLVE] 焦距=200.000000mm, 像素尺寸=6.000000um
[2026-07-28 23:07:17][INFO][orchestrator] [PLATESOLVE] 调用 ipv_solve_from_memory_with_callback (INTERNAL_DETECTION_SHARED_EXPORT callback 导出) ...
[2026-07-28 23:07:17][INFO] ==== IPVSolver::solve_from_memory_with_callback 开始 (INTERNAL_DETECTION_SHARED_EXPORT) ====
[2026-07-28 23:07:17][INFO]   pixels=4500x3600 (内存数据)
[2026-07-28 23:07:17][INFO]   ra0=272.808333 deg, dec0=-13.176944 deg
[2026-07-28 23:07:17][INFO]   focal_length=200.000 mm, pixel_size=6.000 um
[2026-07-28 23:07:17][INFO]   callback=ENABLED
[2026-07-28 23:07:17][INFO] === ipv_select_from_memory_with_callback 启动 (INTERNAL_DETECTION_SHARED_EXPORT) ===
[2026-07-28 23:07:17][INFO] ipv_select: 依赖 DLL 全部加载成功
[2026-07-28 23:07:17][INFO] Step 1: 使用内存像素数据 4500×3600
[2026-07-28 23:07:17][INFO] Step 2: 星点检测 (sdet_detect_ex)
[2026-07-28 23:07:17][INFO][SDET] sdet_detect_ex start: 4500x3600
[2026-07-28 23:07:17][DEBUG][SDET] [1] uint16→float: 18.0 ms
[2026-07-28 23:07:17][DEBUG][SDET] [2] Gaussian YvV smooth (sigma=2.0): 68.1 ms
[2026-07-28 23:07:18][INFO][SDET] peaker: median=3540.0000 bgnoise=85.5340 threshold=3967.6702 (median+5*bgnoise)
[2026-07-28 23:07:18][DEBUG][SDET] [3] Threshold: 274.9 ms
[2026-07-28 23:07:18][INFO][SDET] peaker: bg=3540.0 maxi=65535.0 norm=65535.0 dynrange=61995.0 minsatlevel=43396.5 satrange=6199.5 s_factor=3.7169 locthreshold=427.6702
[2026-07-28 23:07:18][DEBUG][SDET] [4] peaker: 74.3 ms (14074 candidates, full peaker 7-step)
[2026-07-28 23:07:18][INFO][SDET] Candidates: 14074
[2026-07-28 23:07:18][INFO][SDET] Peaker stages: pass_threshold=1751830 pass_localmax=24509 pass_count3=24147 pass_boundary=24147 | cond_meanhigh=135 cond_platform=9499 sat_both=9 nonsat=24138
[2026-07-28 23:07:18][INFO][SDET] Auto fitRadius: med_pixels=56 fwhm_est=3.67 auto_radius=11 actual=11
[2026-07-28 23:07:18][INFO][SDET] Task6 candidates sorted by mag_est (desc): maxstars=2000 candidates=14074
[2026-07-28 23:07:18][DEBUG][SDET] [6] Moffat4 fit: 824.4 ms (13733/14074 OK)
[2026-07-28 23:07:18][INFO][SDET] Moffat4 fit: 13733/14074 OK
[2026-07-28 23:07:18][INFO][SDET] === Fit statistics by pixel count ===
[2026-07-28 23:07:18][INFO][SDET]   px[5-9]: total=332 ok=325(97.9%) invalid=0 noconv=7 iterlimit=0
[2026-07-28 23:07:18][INFO][SDET]   px[10-19]: total=1256 ok=1228(97.8%) invalid=0 noconv=28 iterlimit=0
[2026-07-28 23:07:18][INFO][SDET]   px[20-49]: total=4172 ok=4077(97.7%) invalid=0 noconv=95 iterlimit=0
[2026-07-28 23:07:18][INFO][SDET]   px[50-99]: total=4586 ok=4498(98.1%) invalid=0 noconv=88 iterlimit=0
[2026-07-28 23:07:18][INFO][SDET]   px[100-299]: total=3116 ok=3006(96.5%) invalid=0 noconv=110 iterlimit=0
[2026-07-28 23:07:18][DEBUG][SDET] [7] FWHM stats: 4.2 ms (med=1.3011 mad=0.2158)
[2026-07-28 23:07:18][INFO][SDET] FWHM stats: med=1.3011 mad=0.2158 (from 13733 fitted stars)
[2026-07-28 23:07:18][DEBUG][SDET] [8] Build normal stars: 25.5 ms (13154 stars, fit_fail=341 fwhm=0 round=473 reject=106)
[2026-07-28 23:07:18][INFO][SDET] Normal stars: 13154 (fit_fail=341 fwhm=0 roundness=473 reject=106)
[2026-07-28 23:07:18][DEBUG][SDET] [9] Saturated star detection skipped (V4.52: use A>dynrange from peaker): 0.4 ms
[2026-07-28 23:07:19][DEBUG][SDET] [10a] Dedup: 4.8 ms
[2026-07-28 23:07:19][DEBUG][SDET] [10b] Sort: 1.1 ms
[2026-07-28 23:07:19][INFO][SDET] After dedup+sort: 13154 stars (saturated=1608 normal=11546)
[2026-07-28 23:07:19][INFO][SDET] sdet_detect_ex done: 2000 stars (sat=1608 normal=11546), 1.296 s
[2026-07-28 23:07:19][INFO]   检测到星点: 2000 颗 (饱和 1374, 正常 626)
[2026-07-28 23:07:19][INFO] Step 2.5: 调用 callback 导出 detections (INTERNAL_DETECTION_SHARED_EXPORT)
[2026-07-28 23:07:19][INFO]   callback 完成, 源缓冲区已由 callback 复制
[2026-07-28 23:07:19][INFO] Step 3: 图像侧选星
[2026-07-28 23:07:19][INFO] 选星: 按 mag(box积分) 升序取前 60 颗 (含饱和 60 颗)
[2026-07-28 23:07:19][INFO]   U 向量组: 60×2 (s0=6.1879"/px)
[2026-07-28 23:07:19][INFO] Step 4: FOV/密度计算
[2026-07-28 23:07:19][INFO] FOV计算: s0=6.1879"/px, FOV_diag=9.9056°, query_r=5.4481°, img_area=47.86341°², query_area=93.24654°², rho_img=1.25, rho_target=1.88, n_target=60
[2026-07-28 23:07:19][INFO] Step 5: V4.9 密度公式估算极限星等 (替代迭代)
[2026-07-28 23:07:19][INFO] 密度估算极限星等: G=9.815 (n_required=60, area=93.2465°², rho_target=0.64/°²)
[2026-07-28 23:07:19][INFO] Step 6: 用 m_lim=9.815 查询 Gaia 星表
[2026-07-28 23:07:19][INFO] Step 7: Gnomonic 投影 + FOV 过滤
[2026-07-28 23:07:19][INFO]   W 向量组: 60×2 (FOV 内 600, 取最亮 60, gaia_ra/dec 已保存)
[2026-07-28 23:07:19][INFO] === ipv_select_from_memory_with_callback 完成 (INTERNAL_DETECTION_SHARED_EXPORT) ===
[2026-07-28 23:07:19][INFO] === triangle_match 开始: N_U=60, N_W=60, n_A0=60, n_B0=60, tol=0.0020, s0=6.1879 ===
[2026-07-28 23:07:19][INFO] triangle_match: stage=0, nA=60, nB=60
[2026-07-28 23:07:19][INFO] triangle_match_single: n_A=60, n_B=60, tol=0.0020, s0=6.1879, scale=[0.1347,0.2020]
[2026-07-28 23:07:19][DEBUG] stars_to_triangles: N=60, expected=34220, valid=34220, skipped_degenerate=0 (并行, 16 线程)
[2026-07-28 23:07:19][DEBUG] stars_to_triangles: prune_triangle_array ba>0.9 剪枝: before=34220, after=24630, pruned=9590
[2026-07-28 23:07:19][DEBUG] stars_to_triangles: N=60, expected=34220, valid=34220, skipped_degenerate=0 (并行, 16 线程)
[2026-07-28 23:07:19][DEBUG] stars_to_triangles: prune_triangle_array ba>0.9 剪枝: before=34220, after=25292, pruned=8928
[2026-07-28 23:07:19][INFO] make_vote_matrix: n_A=24630, n_B=25292, matched_triangles=34889, vote_matrix=60x60, scale_rejected=52905 (range=[0.1347,0.2020]) [并行 16 线程]
[2026-07-28 23:07:19][INFO] top_vote_getters: 矩阵=60x60, 候选对数(vote>=2)=3597, top_n=60
[2026-07-28 23:07:19][INFO] top_vote_getters: V4.25 去重后 top_pairs=60, 去重剔除=2865
[2026-07-28 23:07:19][INFO]   [调试] top[0]: u=33 w=34, votes=442
[2026-07-28 23:07:19][INFO]   [调试] top[1]: u=30 w=13, votes=437
[2026-07-28 23:07:19][INFO]   [调试] top[2]: u=8 w=14, votes=436
[2026-07-28 23:07:19][INFO]   [调试] top[3]: u=32 w=38, votes=414
[2026-07-28 23:07:19][INFO]   [调试] top[4]: u=39 w=41, votes=414
[2026-07-28 23:07:19][INFO]   [调试] top[5]: u=52 w=37, votes=414
[2026-07-28 23:07:19][INFO]   [调试] top[6]: u=45 w=36, votes=409
[2026-07-28 23:07:19][INFO]   [调试] top[7]: u=28 w=53, votes=405
[2026-07-28 23:07:19][INFO]   [调试] top[8]: u=34 w=23, votes=405
[2026-07-28 23:07:19][INFO]   [调试] top[9]: u=37 w=47, votes=405
[2026-07-28 23:07:19][INFO] triangle_match_single 完成: tri_A=24630, tri_B=25292, vote_matrix=60x60, max_vote=442, 候选对数(vote>=2)=3597, top_pairs=60
[2026-07-28 23:07:19][INFO] triangle_match: stage=0 成功 (max_vote=442 >= 3), 停止自适应
[2026-07-28 23:07:19][INFO] === triangle_match 结束: tri_A=24630, tri_B=25292, top_pairs=60, max_vote=442, success=1 ===
[2026-07-28 23:07:19][INFO] [P02-002] n_target=60, max_vote=442, threshold=2
[2026-07-28 23:07:19][INFO]   [阶段] triangle_match (n=60): 84.05 ms, max_vote=442, top_pairs=60, success=1
[2026-07-28 23:07:19][INFO]   [阶段] triangle_match: 84.45 ms, n_target_used=60
[2026-07-28 23:07:19][INFO]   N_U=60, N_W=60, s0=6.1879 arcsec/px, img=4500x3600, fov_diag=9.9056 deg
[2026-07-28 23:07:19][INFO] iter_trans_solve: U=60, W=60, initial_pairs=60, tol=5.00, order=3
[2026-07-28 23:07:19][DEBUG] calc_trans_general: order=3, n_pairs=20, 拟合成功
[2026-07-28 23:07:19][INFO] iter_trans_inner: 初始拟合完成, 初始工作集=20, order=3
[2026-07-28 23:07:19][INFO]   [调试] 初始 TRANS: x00=-127.7283 y00=561.6801, x10=6.307800 x01=-0.000835 y10=-0.001719 y01=-6.308809
[2026-07-28 23:07:19][INFO]   [调试] 初始对[0]: u=33 w=34, U=(-448.19,725.80), W=(-2954.57,-4014.49), pred=(-2954.69,-4014.29), dist=0.2398" (dx=-0.13 dy=0.20)
[2026-07-28 23:07:19][INFO]   [调试] 初始对[1]: u=30 w=13, U=(-1597.55,1229.57), W=(-10188.58,-7176.08), pred=(-10188.42,-7176.39), dist=0.3455" (dx=0.16 dy=-0.31)
[2026-07-28 23:07:19][INFO]   [调试] 初始对[2]: u=8 w=14, U=(-1971.33,1542.52), W=(-12532.76,-9137.71), pred=(-12531.37,-9136.88), dist=1.6157" (dx=1.39 dy=0.83)
[2026-07-28 23:07:19][INFO]   [调试] 初始对[3]: u=32 w=38, U=(-292.22,-728.63), W=(-1969.81,5158.36), pred=(-1969.67,5158.20), dist=0.2084" (dx=0.14 dy=-0.16)
[2026-07-28 23:07:19][INFO]   [调试] 初始对[4]: u=39 w=41, U=(683.32,1088.61), W=(4178.78,-6303.43), pred=(4178.84,-6303.08), dist=0.3520" (dx=0.06 dy=0.35)
[2026-07-28 23:07:19][INFO]   [调试] 初始对[5]: u=52 w=37, U=(-706.67,674.43), W=(-4584.56,-3689.30), pred=(-4583.99,-3689.26), dist=0.5645" (dx=0.56 dy=0.04)
[2026-07-28 23:07:19][INFO] iter_trans_inner: V4.23 工作集扩展 20->60 (nr=nbright)
[2026-07-28 23:07:19][DEBUG] iter 0: 绝对剔除 nr=60→32, nb=28
[2026-07-28 23:07:19][INFO] iter 0: V4.28 tol 预过滤 32→30 (tol=5.00", 剔除中等错配 2 对)
[2026-07-28 23:07:19][DEBUG] iter 0: sigma(35%)=0.187699 角秒²
[2026-07-28 23:07:19][DEBUG] iter 0: 相对剔除 nr=23, nb=37, rel_thresh=1.876992
[2026-07-28 23:07:19][DEBUG] calc_trans_general: order=3, n_pairs=23, 拟合成功
[2026-07-28 23:07:19][INFO] iter_trans_inner: 完成, nr=23, sig=0.2309, rms=0.4151, iters=1, success=1
[2026-07-28 23:07:19][INFO] iter_trans_solve: 第一轮 iter_trans 成功, inliers=23, rms=0.4151
[2026-07-28 23:07:19][INFO] at_match_lists: U=60, W=60, tol=5.00", U→W单向=32, W→U单向=32, 双向=32, 去重后=32
[2026-07-28 23:07:19][DEBUG] calc_trans_general: order=3, n_pairs=32, 拟合成功
[2026-07-28 23:07:19][INFO] at_recalc_trans: 二轮 sigma-clip (thresh=1.772", 剔除=1, 保留=31)
[2026-07-28 23:07:19][DEBUG] calc_trans_general: order=3, n_pairs=31, 拟合成功
[2026-07-28 23:07:19][INFO] at_recalc_trans: 二轮完成, n=31, sig=0.3416, sx=0.3896, sy=0.3824, rms=0.5957
[2026-07-28 23:07:19][INFO] at_recalc_trans: n=31, order=3, sig=0.3416, sx=0.3896, sy=0.3824, rms=0.5957
[2026-07-28 23:07:19][INFO] iter_trans_solve: 第一轮 refit 成功, inliers=31, rms=0.5957
[2026-07-28 23:07:19][INFO] at_match_lists: U=60, W=60, tol=5.00", U→W单向=32, W→U单向=32, 双向=32, 去重后=32
[2026-07-28 23:07:19][DEBUG] calc_trans_general: order=3, n_pairs=32, 拟合成功
[2026-07-28 23:07:19][INFO] at_recalc_trans: 二轮 sigma-clip (thresh=1.772", 剔除=1, 保留=31)
[2026-07-28 23:07:19][DEBUG] calc_trans_general: order=3, n_pairs=31, 拟合成功
[2026-07-28 23:07:19][INFO] at_recalc_trans: 二轮完成, n=31, sig=0.3416, sx=0.3896, sy=0.3824, rms=0.5957
[2026-07-28 23:07:19][INFO] at_recalc_trans: n=31, order=3, sig=0.3416, sx=0.3896, sy=0.3824, rms=0.5957
[2026-07-28 23:07:19][INFO] iter_trans_solve: 第二轮 refit 成功, inliers=31, rms=0.5957
[2026-07-28 23:07:19][INFO]   [阶段] iter_trans_solve: 5.39 ms, n_inliers=31, rms=0.5957, iters=3, success=1
[2026-07-28 23:07:19][INFO]   [诊断] iterative_reproject 入口: U.size=60, gaia_ra.size=60, gaia_dec.size=60, initial_inliers.size=31, s0=6.1879, img=4500x3600
[2026-07-28 23:07:19][INFO] iterative_reproject: 开始 (N_W=60, n_inliers=31, s0=6.1879"/px, max_iter=5, conv_thresh=0.0100")
[2026-07-28 23:07:19][INFO]   iter 0: ra_cur=272.808333 dec_cur=-13.176944, xi_center=-127.6655" eta_center=562.2696", conv=576.5810" (thresh=0.0100")
[2026-07-28 23:07:19][INFO]   iter 0: 新中心 ra=272.771935 dec=-13.020756 (Δra=-0.036398° Δdec=0.156188°)
[2026-07-28 23:07:19][DEBUG] calc_trans_general: order=3, n_pairs=31, 拟合成功
[2026-07-28 23:07:19][INFO] at_recalc_trans: n=31, order=3, sig=0.3411, sx=0.3894, sy=0.3824, rms=0.5955
[2026-07-28 23:07:19][INFO]   iter 0: at_recalc_trans 成功, n=31, sig=0.3411, rms=0.5955, x00=-0.0002 y00=-0.0007 (asec)
[2026-07-28 23:07:19][INFO]   iter 1: 收敛 (TRANS 常数项 = 0.0007" < 0.0100")
[2026-07-28 23:07:19][INFO] iterative_reproject: 完成 (收敛), ra=272.808333→272.771935 dec=-13.176944→-13.020756, n_matched=31 (固定), iters=1, conv=0.0007"
[2026-07-28 23:07:19][INFO]   [阶段] iterative_reproject: 2.04 ms, success=1, ra=272.808333→272.771935, dec=-13.176944→-13.020756, n_matched=31, iters=1, conv=0.0007"
[2026-07-28 23:07:19][INFO] at_match_lists: U=60, W=60, tol=5.00", U→W单向=32, W→U单向=32, 双向=32, 去重后=32
[2026-07-28 23:07:19][INFO]   [阶段] hi_order_rematch iter 0: n_matched=32 (min=10, order=3)
[2026-07-28 23:07:19][DEBUG] calc_trans_general: order=3, n_pairs=32, 拟合成功
[2026-07-28 23:07:19][INFO] at_recalc_trans: 二轮 sigma-clip (thresh=1.772", 剔除=1, 保留=31)
[2026-07-28 23:07:19][DEBUG] calc_trans_general: order=3, n_pairs=31, 拟合成功
[2026-07-28 23:07:19][INFO] at_recalc_trans: 二轮完成, n=31, sig=0.3411, sx=0.3894, sy=0.3824, rms=0.5955
[2026-07-28 23:07:19][INFO] at_recalc_trans: n=31, order=3, sig=0.3411, sx=0.3894, sy=0.3824, rms=0.5955
[2026-07-28 23:07:19][INFO] at_match_lists: U=60, W=60, tol=5.00", U→W单向=32, W→U单向=32, 双向=32, 去重后=32
[2026-07-28 23:07:19][DEBUG] calc_trans_general: order=3, n_pairs=32, 拟合成功
[2026-07-28 23:07:19][INFO] at_recalc_trans: 二轮 sigma-clip (thresh=1.772", 剔除=1, 保留=31)
[2026-07-28 23:07:19][DEBUG] calc_trans_general: order=3, n_pairs=31, 拟合成功
[2026-07-28 23:07:19][INFO] at_recalc_trans: 二轮完成, n=31, sig=0.3411, sx=0.3894, sy=0.3824, rms=0.5955
[2026-07-28 23:07:19][INFO] at_recalc_trans: n=31, order=3, sig=0.3411, sx=0.3894, sy=0.3824, rms=0.5955
[2026-07-28 23:07:19][INFO]   [阶段] hi_order_rematch iter 1: 收敛 (dn=0, drms=0.0000)
[2026-07-28 23:07:19][INFO]   [阶段] hi_order_rematch: 1.74 ms, n_matched=32, trans.order=3
[2026-07-28 23:07:19][INFO] ==== robust_refine_wcs 开始 (V4.30) ====
  U_full=2000, mag_full=2000, gaia=60
  ra0=272.771935, dec0=-13.020756, s0=6.1879"/px, fov=9.9056°, img=4500x3600
  initial_rms=0.3411", trans.order=3
[2026-07-28 23:07:19][INFO]   [robust_refine] 网格采样: FOV=9.906°, G_short=4, N_long=5, n_cells=20, quota=9, narrow_all=0, N_full=2000
[2026-07-28 23:07:19][INFO]   [robust_refine] 网格采样完成: 选中 180 颗 (上限 300, 下限 100)
[2026-07-28 23:07:19][INFO]   [robust_refine] NN 匹配: U=180, W=60, tol=1.000", Lowe通过=44, 双向=44
[2026-07-28 23:07:19][INFO]   [robust_refine] baseline: initial_rms=0.3411" (60星), U_pool RMS=0.5208" (180 星, matched=44)
[2026-07-28 23:07:19][INFO]   [robust_refine] NN 匹配: U=180, W=60, tol=1.042", Lowe通过=45, 双向=45
[2026-07-28 23:07:19][INFO]   [robust_refine] iter 0: tol=1.042", matched=45, rms=0.5208"→0.4991", cd_Δ=0.3324%, damp=0.00e+00
[2026-07-28 23:07:19][INFO]   [robust_refine] NN 匹配: U=180, W=60, tol=0.749", Lowe通过=40, 双向=40
[2026-07-28 23:07:19][INFO]   [robust_refine] iter 1: tol=0.749", matched=40, rms=0.4991"→0.4066", cd_Δ=1.5978%, damp=0.00e+00
[2026-07-28 23:07:19][INFO]   [robust_refine] NN 匹配: U=180, W=60, tol=0.610", Lowe通过=33, 双向=33
[2026-07-28 23:07:19][INFO]   [robust_refine] iter 2: tol=0.610", matched=33, rms=0.4066"→0.2750", cd_Δ=2.4050%, damp=9.75e-02
[2026-07-28 23:07:19][INFO]   [robust_refine] NN 匹配: U=180, W=60, tol=0.300", Lowe通过=24, 双向=24
[2026-07-28 23:07:19][WARN]   [robust_refine] iter 3: matched=24 < 30, 回退
[2026-07-28 23:07:19][INFO] ==== robust_refine_wcs 成功 ====
  iter=3, matched=33, rms=0.2750" (0.0444 px), cd_Δ=2.4050%, pool=180
[2026-07-28 23:07:19][INFO]   [阶段] robust_refine: 成功, n_matched=33, rms=0.2750", iter=3, pool=180, cd_Δ=2.4050%
[2026-07-28 23:07:19][INFO]   [阶段] robust_refine: 4.05 ms
[2026-07-28 23:07:19][INFO]   [诊断] extract_wcs_sip 入口: trans.order=3, trans.valid=1, ra0=272.771935, dec0=-13.020756, img=4500x3600, s0=6.1879, U.size=2000, W.size=60, matched.size=33
[2026-07-28 23:07:19][INFO]   [V4.22] 清零 trans.x00/y00 (saved: x00=0.1594, y00=0.0524)
[2026-07-28 23:07:19][INFO] extract_wcs_sip: SIP A/B 解析公式成功, order=3
[2026-07-28 23:07:19][INFO] extract_wcs_sip: SIP AP/BP 网格反变换成功, ap_order=3, n_inv_coef=10, n_grid=49
[2026-07-28 23:07:19][INFO] extract_wcs_sip: CD=[1.752127e-03 4.884539e-07; -8.272828e-07 1.752533e-03], CRVAL=(272.771935, -13.020756), CRPIX=(2250.5, 1800.5), ctype=[RA---TAN-SIP, DEC--TAN-SIP], n_pairs=33, rms_px=0.0444, rms_arcsec=0.2750, trans_order=3, sip_order=3, ap_order=3
[2026-07-28 23:07:19][INFO]   [阶段] extract_wcs_sip: 1.54 ms, success=1, n_pairs=33, rms_px=0.044, rms_arcsec=0.275, trans_order=3, sip_order=3
[2026-07-28 23:07:19][INFO]   最终: n_pairs=33, rms_px=0.044, rms_arcsec=0.275, trans_order=3, sip_order=3, success=1
[2026-07-28 23:07:19][INFO]   [cache_last_inliers_] 缓存 33 对 inliers (robust=1, s0=6.1879", U_snap.size=2000, gaia.size=60, trans.order=3, ra0=272.771935, dec0=-13.020756)
[2026-07-28 23:07:19][INFO] ==== IPVSolver::solve_from_memory_with_callback 完成 (INTERNAL_DETECTION_SHARED_EXPORT) ====
[2026-07-28 23:07:19][INFO][orchestrator] [PLATESOLVE] callback 导出: n_detected=2000, copied=true, wcs_result.n_detected=0
[2026-07-28 23:07:19][INFO][orchestrator] [PLATESOLVE] 求解成功: rms=0.275007arcsec, n_pairs=33, n_detected=0, n_catalog=0, trans_order=3
[2026-07-28 23:07:19][INFO][orchestrator] [PLATESOLVE] WCS 已写入: CTYPE1=RA---TAN-SIP, CRVAL=(272.771935, -13.020756), CRPIX=(2250.500000, 1800.500000)
[2026-07-28 23:07:19][INFO][orchestrator] [PLATESOLVE] SIP 已写入: order=3, ap_order=3
[2026-07-28 23:07:19][DEBUG][PIPELINE] add_block: 'star_det' type=0 count=8000 (32000 bytes)
[2026-07-28 23:07:19][INFO][orchestrator] [PLATESOLVE] star_det 块已写入 (INTERNAL_DETECTION_SHARED_EXPORT): 2000 颗星
[2026-07-28 23:07:19][INFO][orchestrator] [PLATESOLVE] 完成
[2026-07-28 23:07:19][INFO][orchestrator] [2.224505s] PLATESOLVE 完成
[2026-07-28 23:07:19][INFO][orchestrator] ---------- stage1 阶段: PSF ----------
[2026-07-28 23:07:19][INFO][orchestrator] [PSF] 开始
[2026-07-28 23:07:19][INFO][orchestrator] [PSF] 图像: 4500x3600
[2026-07-28 23:07:19][INFO][orchestrator] [PSF] star_det: 2000 颗星
[2026-07-28 23:07:19][INFO][orchestrator] [PSF] 调用 dpsf_fit_batch (fitRadius=8, maxIter=100, tol=1.0e-06) ...
[2026-07-28 23:07:19][WARN][DPSF] Background constraint violated: B=6818.9581 bkg0=4191.0000 ratio=0.6270
[2026-07-28 23:07:19][WARN][DPSF] Background constraint violated: B=1886.1751 bkg0=5361.0000 ratio=0.6482
[2026-07-28 23:07:19][WARN][DPSF] Background constraint violated: B=5576.9759 bkg0=3706.0000 ratio=0.5049
[2026-07-28 23:07:20][WARN][DPSF] Invalid fit params: finite=1 A=224071.31 sx=2.3770 sy=0.3000
[2026-07-28 23:07:20][INFO][orchestrator] [PSF] 拟合完成: 1966/2000 成功 (98%)
[2026-07-28 23:07:20][DEBUG][PIPELINE] add_block: 'psf' type=1 count=18000 (144000 bytes)
[2026-07-28 23:07:20][INFO][orchestrator] [PSF] 完成: 2000 颗星, 1966 成功
[2026-07-28 23:07:20][INFO][orchestrator] [0.535790s] PSF 完成
[2026-07-28 23:07:20][INFO][orchestrator] ---------- stage1 阶段: PHOTOMETRIC ----------
[2026-07-28 23:07:20][INFO][orchestrator] [PHOTOMETRIC] 开始
[2026-07-28 23:07:20][INFO][orchestrator] [PHOTOMETRIC] 图像: 4500x3600
[2026-07-28 23:07:20][INFO][orchestrator] [PHOTOMETRIC] psf: 2000 颗星
[2026-07-28 23:07:20][INFO][orchestrator] [PHOTOMETRIC] FILTER='Green' -> 'Baader G'
[2026-07-28 23:07:20][INFO][orchestrator] [PHOTOMETRIC] filters_json: f:\Astro dev\Astro CS Normalization Database\lib/photometric_calib/data/response_curves/filters.json
[2026-07-28 23:07:20][INFO][orchestrator] [PHOTOMETRIC] 滤光片: 55 点
[2026-07-28 23:07:20][INFO][orchestrator] [PHOTOMETRIC] qe_curves_json: f:\Astro dev\Astro CS Normalization Database\lib/photometric_calib/data/response_curves/qe_curves.json
[2026-07-28 23:07:20][INFO][orchestrator] [PHOTOMETRIC] QE 曲线 'GSENSE2020BSI': 447 点
[2026-07-28 23:07:20][INFO][orchestrator] [PHOTOMETRIC] spectrum_wl: 343 点
[2026-07-28 23:07:20][INFO][orchestrator] [PHOTOMETRIC] FOV 半径: 6.059009deg
[2026-07-28 23:07:20][INFO][orchestrator] [PHOTOMETRIC] 调用 pc_calibrate_simple_with_gaia (mag_min=6.0, mag_max=16.0, fov=6.059deg) ...
[pc_api] ====== pc_calibrate_simple_with_gaia 开始 ======
[pc_api] OpenMP线程数: 16
[INFO] 锥形搜索: ra=272.7719 dec=-13.0208 r=6.059 mag_min=6.0 (自适应迭代 mag_max, 不缩小半径)
[INFO] 自适应星等查询: mag_max=12.0
[INFO] 自适应星等查询: mag_max=12.0, n_gaia=14405
[INFO] 自适应星等查询完成: mag_max=12.0, n_gaia=14405
[pc_api] 搜索到 14405 颗光谱星, 光谱点数=343 (wl_start=336, wl_step=2)
[INFO] [spec_int] prepare_filter_cache: 滤光片 55 点 + QE 447 点 -> 光谱 343 点, 范围 F[484.0,592.0] Q[204.0,1096.0] nm
[INFO] 滤光片/QE 预处理完成: filter=55 点, qe=447 点 -> 光谱 343 点
[pc_api] F_syn 并行计算完成: 14373/14405 颗有效
[INFO] [pc_api] P12-001 阶段1: spectrum_rows_total=14405, valid_fsyn=14373
[wcs_transform] 初始化: CRVAL=(272.771935,-13.020756), CRPIX=(2250.500,1800.500), CD=[1.752e-03,4.885e-07;-8.273e-07,1.753e-03], det=3.071e-06, sip_order=3
[INFO] [star_matcher] 初始化: KD-tree + IRLS/Tukey 清洗 (GAP-013)
[INFO] [star_matcher] P12-001 阶段2: gaia_projected_in_frame=5892 / 14405
[INFO] [star_matcher] P12-001 阶段3: psf_total=2000, psf_valid=1966
[INFO] [star_matcher] PSF有效星: 1966 / 2000, Gaia星: 14405, 匹配半径: 2.00 px
[INFO] [star_matcher] P12-002 正向匹配 (PSF→Gaia): 1623 / 1966 命中
[INFO] [star_matcher] P12-002 反向匹配 (Gaia→PSF): 1634 / 14405 命中
[INFO] [star_matcher] P12-002 阶段4/5/6: spatial_candidates=1623 (正向命中), unique_matches=1623 (双向唯一), rejected_ambiguous=0 (非互为最近邻), rejected_distance=343 (距离超阈值)
[INFO] [star_matcher] P12-001 阶段8: match_distance median=0.4358 p90=0.8055 max=1.5646 px
[INFO] [star_matcher] P12-002 KD-tree 双向匹配完成: 1623 对 (正向 1623, 歧义 0)
[INFO] [star_matcher] cleanAndScale: 输入 1623 颗, 星等容忍 3.00 mag
[INFO] [star_matcher] 星等一致性: 通过 1623, 拒绝 0 (median_delta=-23.5234, tol=3.00 mag)
[INFO] [star_matcher] IRLS 初始: location=2.563108, MAD=0.105716, S=0.156732
[INFO] [star_matcher] IRLS 收敛于迭代 6: location=2.569287
[INFO] [star_matcher] 亮度比例一致性:
[INFO]   - 输入匹配: 1623
[INFO]   - 星等一致性通过: 1623 (拒绝 0)
[INFO]   - IRLS inliers: 1619 (outliers: 4)
[INFO]   - location(r) = 2.569287 (dex), scale = 10^(-location) = 2.695957e-03
[INFO]   - MAD(r) = 0.105716, S = 0.156732, sigma_residual = 0.157614
[INFO]   - r_inliers 范围: [1.906627, 3.238333] (spread 1.331706 dex = 3.329 mag)
[INFO] [star_matcher] 清洗完成: 保留 1619, 排除 4 (无效/星等不一致/IRLS离群)
[INFO] [star_matcher] P12-001 阶段6/7/8: rejected_quality=4 (invalid=0 + mag=0 + irls=4), fit_used=1619, robust_iterations=7, scale=2.695957e-03, sigma=0.157614
[INFO] [star_matcher] P12-001 阶段8: r_inliers median=2.563027 p90=2.795300 max=3.238333 dex
[pc_api] 匹配+清洗完成: 1619 颗, scale=2.695957e-03, sigma_residual=0.157614
[image_corrector] 图像校正: 4500x3600, scale=2.695957e-03, 并行16线程
[image_corrector] 校正完成
[pc_api] ====== pc_calibrate_simple_with_gaia 完成: n_matched=1619, scale=2.695957e-03, sigma_residual=0.157614 ======
[2026-07-28 23:07:20][INFO][orchestrator] [PHOTOMETRIC] 完成: n_matched=1619, scale=0.002696, sigma_residual=0.157614
[2026-07-28 23:07:20][DEBUG][PIPELINE] remove_block: 'data' removed (n_blocks=4)
[2026-07-28 23:07:20][DEBUG][PIPELINE] add_block_move: 'data' type=0 count=16200000 (moved ptr=0000021fa9ad1040)
[2026-07-28 23:07:20][INFO][orchestrator] [PHOTOMETRIC] photometry_report.json 已生成: f:\Astro dev\Astro CS Normalization Database\engineering_v1.3\evidence\P12-004\raw_logs\T4_GREEN_Galaxy_Center\photometry_report.json
[2026-07-28 23:07:20][INFO][orchestrator] [PHOTOMETRIC] photo_stats 已写入 (含 17 个诊断字段)
[2026-07-28 23:07:20][INFO][orchestrator] [0.271954s] PHOTOMETRIC 完成
[2026-07-28 23:07:20][INFO][orchestrator] ---------- stage1 阶段: SNR ----------
[2026-07-28 23:07:20][INFO][orchestrator] [SNR] 开始
[2026-07-28 23:07:20][INFO][orchestrator] [SNR] SIP 前向系数加载: A_ORDER=3 B_ORDER=3 (P03-004 WCS+SIP 一致性)
[2026-07-28 23:07:20][INFO][orchestrator] [SNR] n_stars=2000 sigma_residual=0.157614 CRVAL=(272.771935,-13.020756) CRPIX=(2250.500000,1800.500000) SIP(a_order=3, b_order=3)
[snr_model] SNR_phot = 2.755424
[snr_model] PSF stars: total=2000 valid=1966 skipped=34 (status=34 A<=B=0 mad<=0=0)
[snr_model] median(SNR_psf) = 484.853928
[snr_model] WCS+SIP: a_order=3 b_order=3 (前向 SIP 启用, 与 drizzle WcsSip.pixelToSky 一致)
[snr_model] ctrl_point[0]: ra=275.037924 dec=-15.831454 snr_psf=47.3497 (src px x=3498.06 y=186.01)
[snr_model] ctrl_point[1]: ra=275.800916 dec=-12.014183 snr_psf=60.7768 (src px x=3944.03 y=2366.00)
[snr_model] ctrl_point[2]: ra=274.650495 dec=-13.797235 snr_psf=40.4161 (src px x=3291.66 y=1352.67)
[snr_model] done: n_points=1966, snr_phot=2.755424, median=484.853928, power=2.0
[2026-07-28 23:07:20][INFO][orchestrator] [SNR] 提取稀疏控制点: n_points=1966, snr_phot=2.755424, median_snr=484.853928, idw_power=2.000000
[2026-07-28 23:07:20][DEBUG][PIPELINE] add_block_move: 'snr_model' type=6 count=39348 (moved ptr=0000021f7a3c5450)
[2026-07-28 23:07:20][INFO][orchestrator] [SNR] 完成 (snr_model 块已写入, payload=39348B)
[2026-07-28 23:07:20][INFO][orchestrator] [0.001788s] SNR 完成
[2026-07-28 23:07:20][INFO][orchestrator] ---------- stage1 阶段: DRIZZLE ----------
[2026-07-28 23:07:20][INFO][orchestrator] [DRIZZLE] 开始
[2026-07-28 23:07:20][INFO][orchestrator] [NSIDE] 自适应: pixel_scale=6.308"/px, strategy=1x_to_2x_drizzle, nside=512
[2026-07-28 23:07:20][INFO][orchestrator] [DRIZZLE] nside=512 (strategy=1x_to_2x_drizzle, override=0, cd11=0.001752 cd12=0.000000), pixfrac=1.000, nested=1
[2026-07-28 23:07:20][INFO][orchestrator] [DRIZZLE] 输出: f:\Astro dev\Astro CS Normalization Database\engineering_v1.3\evidence\P12-004\raw_logs\T4_GREEN_Galaxy_Center\T4_GREEN_Galaxy_Center.hiss
[hp_drizzle_api] hp_drizzle_run: 开始 (nside=512, nested=1, pixfrac=1.0000, output=f:\Astro dev\Astro CS Normalization Database\engineering_v1.3\evidence\P12-004\raw_logs\T4_GREEN_Galaxy_Center\T4_GREEN_Galaxy_Center.hiss)
[hp_drizzle_api] hp_drizzle_run: data 块 4500x3600 float32
[hp_drizzle_api] hp_drizzle_run: WCS CRVAL=(272.771935,-13.020756) CRPIX=(2250.500,1800.500) CD=[1.752e-03,4.885e-07,-8.273e-07,1.753e-03]
[hp_drizzle_api] hp_drizzle_run: SIP A_ORDER=3 B_ORDER=3 AP_ORDER=3 BP_ORDER=3
[hp_drizzle_api] hp_drizzle_run: snr_model 块加载: n_points=1966, snr_phot=2.7554, median_snr=484.8539, idw_power=2.00
[snr_evaluator] build 成功: 1966 控制点 (有效 1966/1966), snr_phot=2.7554, median_snr=484.8539, idw_power=2.00
[wcs_sip] WCS 初始化: CRVAL=(272.771935, -13.020756)°, CRPIX=(2250.500, 1800.500), CD=[1.752e-03, 4.885e-07; -8.273e-07, 1.753e-03], det=3.071e-06
[wcs_sip] SIP: A/B order=3, AP/BP order=3
[hp_drizzle_api] hp_drizzle_run: SNR 重建完成 (16200000 像素)
[wcs_sip] WCS 初始化: CRVAL=(272.771935, -13.020756)°, CRPIX=(2250.500, 1800.500), CD=[1.752e-03, 4.885e-07; -8.273e-07, 1.753e-03], det=3.071e-06
[wcs_sip] SIP: A/B order=3, AP/BP order=3
[drizzle_engine] HEALPix: nside=512 nested=1 npix=3145728 res=412.26"
[drizzle_engine] 完成: 16200000 源像素 → 3931 HEALPix 像素, 耗时 16.922s
[hp_drizzle_api] hp_drizzle_run: Drizzle 完成 (16200000 源像素 → 3931 HEALPix 像素, 耗时 16.922s)
[hp_drizzle_api] hp_drizzle_run: 写入 .hiss (filter=Green, exptime=180.0, date=2025-07-02T06:36:37, fits_meta=15)
[drizzle_engine] 写入 3931 个 HEALPix 像素到 f:\Astro dev\Astro CS Normalization Database\engineering_v1.3\evidence\P12-004\raw_logs\T4_GREEN_Galaxy_Center\T4_GREEN_Galaxy_Center.hiss
[drizzle_engine] hiss_write_snr_model: meta_json=743 bytes, n_points=1966
[hio] hiss_write_snr_model: path=f:\Astro dev\Astro CS Normalization Database\engineering_v1.3\evidence\P12-004\raw_logs\T4_GREEN_Galaxy_Center\T4_GREEN_Galaxy_Center.hiss nside=512 n_pix=3931 has_snr=1 n_points=1966
[hio] hiss_write_snr_model: 写入完成: f:\Astro dev\Astro CS Normalization Database\engineering_v1.3\evidence\P12-004\raw_logs\T4_GREEN_Galaxy_Center\T4_GREEN_Galaxy_Center.hiss (has_snr=1 n_points=1966)
[drizzle_engine] 写入成功: f:\Astro dev\Astro CS Normalization Database\engineering_v1.3\evidence\P12-004\raw_logs\T4_GREEN_Galaxy_Center\T4_GREEN_Galaxy_Center.hiss (3931 像素)
[hp_drizzle_api] hp_drizzle_run: .hiss 已写入 f:\Astro dev\Astro CS Normalization Database\engineering_v1.3\evidence\P12-004\raw_logs\T4_GREEN_Galaxy_Center\T4_GREEN_Galaxy_Center.hiss
[2026-07-28 23:07:49][INFO][orchestrator] [DRIZZLE] 完成: n_healpix=3931 n_source=16200000 耗时=16.922046s
[2026-07-28 23:07:49][INFO][orchestrator] [29.254186s] DRIZZLE 完成
[2026-07-28 23:07:49][DEBUG][PIPELINE] frame_destroy: ok
[2026-07-28 23:07:49][INFO][orchestrator] ========== stage1 完成 (成功) ==========
[2026-07-28 23:07:49][INFO][orchestrator] [PLATESOLVE] 释放环境资源
[2026-07-28 23:07:49][INFO][SDET] StarDetector destroyed
[2026-07-28 23:07:50][INFO][orchestrator] 析构完成
[dll_loader] 卸载所有模块
[dll_loader] 卸载模块 CALIBRATE
[dll_loader] 卸载模块 PLATESOLVE
[dll_loader] 卸载模块 PSF
[dll_loader] 卸载模块 PHOTOMETRIC
[dll_loader] 卸载模块 SNR
[dll_loader] 卸载模块 DRIZZLE
[dll_loader] 卸载模块 GRADIENT_SPHERE
[dll_loader] 卸载模块 AIO
