CANDIDATE_SET sizes: prod_all=850 prod_core=706 acr=164 vendored=144
EXCLUDED_PREFIX ./lib/healpix_db/archive etc count= 144
S1_empty_catch(prod_core)= 35
    cli/commands.cpp:556 | ...
    cli/commands.cpp:1139 | ...
    cli/commands.cpp:1184 | ...
    cli/commands.cpp:1214 | ...
    cli/commands.cpp:1367 | ...
    cli/runtime_client.cpp:389 | ...
    lib/acr/core/runtime.cpp:191 | ...
    lib/acr/core/runtime.cpp:197 | ...
    lib/acr/core/runtime.cpp:559 | ...
    lib/acr/qualification/profile_generator.cpp:180 | ...
    lib/acr/qualification/profile_generator.cpp:185 | ...
    lib/acr/qualification/profile_generator.cpp:194 | ...
    lib/acr/qualification/profile_generator.cpp:298 | ...
    lib/acr/qualification/profile_generator.cpp:310 | ...
    lib/acr/scheduler/dispatcher.cpp:525 | ...
    lib/acr/scheduler/dispatcher.cpp:633 | ...
    lib/acr/scheduler/dispatcher.cpp:1228 | ...
    lib/acr/scheduler/dispatcher.cpp:1464 | ...
    lib/acr/tests/classic/e15_failure.cpp:76 | ...
    lib/acr/tests/classic/e20_fault_fallback.cpp:34 | ...
    lib/astro_image_io/src/aio_fits.cpp:161 | ...
    lib/astro_image_io/src/aio_fits.cpp:162 | ...
    lib/backend_host/cpu_routing.cpp:412 | ...
    lib/backend_host/cpu_routing.cpp:589 | ...
    lib/backend_host/worker_advisor.cpp:72 | ...
    lib/core/src/executor.cpp:137 | ...
    lib/core/src/executor.cpp:254 | ...
    lib/healpix_db/healpix_drizzle/drizzle_engine.cpp:1149 | ...
    lib/healpix_db/healpix_drizzle/drizzle_engine.cpp:2275 | ...
    lib/orchestrator/cpp/src/main.cpp:157 | ...
    lib/phase2/tools/stage2.cpp:1775 | ...
    lib/phase2/tools/stage2.cpp:1779 | ...
    lib/plate_solve/cpp/ipv/src/ipv_entry.cpp:334 | ...
    lib/plate_solve/cpp/ipv/src/ipv_entry.cpp:347 | ...
    lib/plate_solve/cpp/ipv/src/ipv_entry.cpp:360 | ...
S2_catch_log_or_status_only_no_controlflow= 46
S5_void_discard_total= 20  error_like= 1
    lib/hips/src/aio_publish.cpp:382 | fsync
std::ignore sites= 0
