CORPUS core=706 acr=164 nonacr=542  CATCH_TOTAL=491
E0_EMPTY_OR_COMMENT_ONLY total=35   non_acr=21  
E2_NO_CONTROLFLOW        total=41   non_acr=37  
P_PROPAGATES             total=415  non_acr=388 
X_NO_BRACE               total=0    non_acr=0   

==== E0_EMPTY_OR_COMMENT_ONLY ====
  cli/commands.cpp:556 | 
  cli/commands.cpp:1139 | 
  cli/commands.cpp:1184 | 
  cli/commands.cpp:1214 | 
  cli/commands.cpp:1367 | 
  cli/runtime_client.cpp:389 | 
  lib/acr/core/runtime.cpp:191 | 
  lib/acr/core/runtime.cpp:197 | 
  lib/acr/core/runtime.cpp:559 | 
  lib/acr/qualification/profile_generator.cpp:180 | 
  lib/acr/qualification/profile_generator.cpp:185 | 
  lib/acr/qualification/profile_generator.cpp:194 | 
  lib/acr/qualification/profile_generator.cpp:298 | 
  lib/acr/qualification/profile_generator.cpp:310 | 
  lib/acr/scheduler/dispatcher.cpp:525 | 
  lib/acr/scheduler/dispatcher.cpp:633 | 
  lib/acr/scheduler/dispatcher.cpp:1228 | 
  lib/acr/scheduler/dispatcher.cpp:1464 | 
  lib/acr/tests/classic/e15_failure.cpp:76 | 
  lib/acr/tests/classic/e20_fault_fallback.cpp:34 | 
  lib/astro_image_io/src/aio_fits.cpp:161 | 
  lib/astro_image_io/src/aio_fits.cpp:162 | 
  lib/backend_host/cpu_routing.cpp:412 | 
  lib/backend_host/cpu_routing.cpp:589 | 
  lib/backend_host/worker_advisor.cpp:72 | 
  lib/core/src/executor.cpp:137 | 
  lib/core/src/executor.cpp:254 | 
  lib/healpix_db/healpix_drizzle/drizzle_engine.cpp:1149 | 
  lib/healpix_db/healpix_drizzle/drizzle_engine.cpp:2275 | 
  lib/orchestrator/cpp/src/main.cpp:157 | 
  lib/phase2/tools/stage2.cpp:1775 | 
  lib/phase2/tools/stage2.cpp:1779 | 
  lib/plate_solve/cpp/ipv/src/ipv_entry.cpp:334 | 
  lib/plate_solve/cpp/ipv/src/ipv_entry.cpp:347 | 
  lib/plate_solve/cpp/ipv/src/ipv_entry.cpp:360 | 
==== E2_NO_CONTROLFLOW ====
  lib/acr/backends/cuda/bridge/acr_cuda_bridge_host.cpp:90 | \ std::fprintf(stderr, "..................................................", e.w
  lib/acr/backends/cuda/bridge/acr_cuda_bridge_host.cpp:92 | \ std::fprintf(stderr, "................................................"); \
  lib/acr/tests/unit/test_api.cpp:311 | EXPECT_EQ(e.code(), StatusCode::OutOfBounds);
  lib/acr/tests/unit/test_buffer.cpp:99 | EXPECT_EQ(e.code(), StatusCode::OutOfBounds);
  lib/astro_image_io/src/aio_api.cpp:42 | aio_log(AIO_LOG_ERROR, "...", "....................................", e.what());
  lib/astro_image_io/src/aio_api.cpp:44 | aio_log(AIO_LOG_ERROR, "...", "........................................");
  lib/astro_image_io/src/aio_api.cpp:414 | aio_log(AIO_LOG_ERROR, "...", ".......................................");
  lib/astro_image_io/src/aio_fits.cpp:491 | cal.ccd_temp = 0.0;
  lib/astro_image_io/src/aio_pipeline.cpp:235 | aio_log(AIO_LOG_ERROR, "........", ".............", e.what());
  lib/astro_image_io/src/aio_pipeline.cpp:237 | aio_log(AIO_LOG_ERROR, "........", ".................");
  lib/astro_image_io/src/aio_pipeline.cpp:293 | aio_log(AIO_LOG_ERROR, "........", ".............", e.what());
  lib/astro_image_io/src/aio_pipeline.cpp:295 | aio_log(AIO_LOG_ERROR, "........", ".................");
  lib/astro_image_io/src/aio_pipeline_engine.cpp:295 | fprintf(stderr, "........................", e.what());
  lib/astro_image_io/src/aio_pipeline_engine.cpp:297 | fprintf(stderr, "............................");
  lib/astro_image_io/src/healpix/aio_healpix_io.cpp:876 | fprintf(stderr, ".....................", e.what());
  lib/astro_image_io/src/healpix/aio_healpix_io.cpp:878 | fprintf(stderr, ".........................");
  lib/astro_image_io/src/healpix/aio_healpix_io.cpp:1787 | fprintf(stderr, ".....................", e.what());
  lib/astro_image_io/src/healpix/aio_healpix_io.cpp:1789 | fprintf(stderr, ".........................");
  lib/astro_image_io/src/healpix/aio_healpix_io.cpp:2192 | fprintf(stderr, ".....................", e.what());
  lib/astro_image_io/src/healpix/aio_healpix_io.cpp:2194 | fprintf(stderr, ".........................");
  lib/astro_image_io/src/hips/aio_hips_reader.cpp:553 | set_err(std::string("...........") + e.what());
  lib/astro_image_io/src/hips/aio_hips_reader.cpp:555 | set_err(".................");
  lib/astro_image_io/tests/dataflow_fuzz.cpp:210 | failed++;
  lib/backend_host/profile_store.cpp:363 | commit_for_verify = "";
  lib/backend_host/profile_store.cpp:390 | commit_for_check = "";
  lib/core/src/module_adapters.cpp:3271 | sj = Json::object();
  lib/core/src/module_adapters.cpp:4884 | n_frames = 1;
  lib/dynamic_psf/src/dpsf_psf.cpp:942 | dpsf_log(LOG_ERROR, "....", ".................................................."
  lib/dynamic_psf/src/dpsf_psf.cpp:947 | dpsf_log(LOG_ERROR, "....", "...........................................", i); i
  lib/dynamic_psf/src/dpsf_psf.cpp:1110 | dpsf_log(LOG_ERROR, "....", ".................................................."
  lib/dynamic_psf/src/dpsf_psf.cpp:1114 | dpsf_log(LOG_ERROR, "....", "...........................................", i); i
  lib/healpix_db/healpix_drizzle/tests/p1drz/p1drz_tests_core.cpp:577 | _exit(42);
  lib/orchestrator/cpp/src/orchestrator.cpp:102 | s_parsed_config = nlohmann::json::object();
  lib/orchestrator/cpp/src/orchestrator.cpp:3094 | LOG_WARN("............", "............................................" + std::s
  lib/orchestrator/cpp/tests/test_p1_batchB_fixes.cpp:197 | err_detail = e.what();
  lib/orchestrator/cpp/tests/test_p1_batchB_fixes.cpp:214 | err_detail = e.what();
  lib/phase1_session/tests/p1sess/p1sess_tests_units.cpp:90 | out.manifest = json();
  lib/phase1_session/tests/test_p1_session_manifest.cpp:115 | out.manifest = json();
  lib/phase2/src/acr_kernels.cpp:233 | if (!fail.exchange(1)) { std::lock_guard<std::mutex> lk(fail_mtx); fail_msg = e.
  lib/phase2/tests/synthetic_gate.cpp:3383 | threw_cpu_route = std::string(e.what()).find(".........") != std::string::npos;
  lib/phase2/tools/stage2.cpp:984 | log("................................" + std::string(e.what())); acr_reg->legacy

==== 非 ACR E0 锚点清单 ====
  cli/commands.cpp:556
  cli/commands.cpp:1139
  cli/commands.cpp:1184
  cli/commands.cpp:1214
  cli/commands.cpp:1367
  cli/runtime_client.cpp:389
  lib/astro_image_io/src/aio_fits.cpp:161
  lib/astro_image_io/src/aio_fits.cpp:162
  lib/backend_host/cpu_routing.cpp:412
  lib/backend_host/cpu_routing.cpp:589
  lib/backend_host/worker_advisor.cpp:72
  lib/core/src/executor.cpp:137
  lib/core/src/executor.cpp:254
  lib/healpix_db/healpix_drizzle/drizzle_engine.cpp:1149
  lib/healpix_db/healpix_drizzle/drizzle_engine.cpp:2275
  lib/orchestrator/cpp/src/main.cpp:157
  lib/phase2/tools/stage2.cpp:1775
  lib/phase2/tools/stage2.cpp:1779
  lib/plate_solve/cpp/ipv/src/ipv_entry.cpp:334
  lib/plate_solve/cpp/ipv/src/ipv_entry.cpp:347
  lib/plate_solve/cpp/ipv/src/ipv_entry.cpp:360
