SET prod_all=850 core(no-vendor,no-tests)=706 of_which_acr=164 non_acr=542
S1_empty_catch=35  S2_catch_log_only_no_controlflow=46  S2b_catch_other=30
  S1 cli/commands.cpp:556 | ...
  S1 cli/commands.cpp:1139 | ...
  S1 cli/commands.cpp:1184 | ...
  S1 cli/commands.cpp:1214 | ...
  S1 cli/commands.cpp:1367 | ...
  S1 cli/runtime_client.cpp:389 | ...
  S1 lib/acr/core/runtime.cpp:191 | ...
  S1 lib/acr/core/runtime.cpp:197 | ...
  S1 lib/acr/core/runtime.cpp:559 | ...
  S1 lib/acr/qualification/profile_generator.cpp:180 | ...
  S1 lib/acr/qualification/profile_generator.cpp:185 | ...
  S1 lib/acr/qualification/profile_generator.cpp:194 | ...
  S1 lib/acr/qualification/profile_generator.cpp:298 | ...
  S1 lib/acr/qualification/profile_generator.cpp:310 | ...
  S1 lib/acr/scheduler/dispatcher.cpp:525 | ...
  S1 lib/acr/scheduler/dispatcher.cpp:633 | ...
  S1 lib/acr/scheduler/dispatcher.cpp:1228 | ...
  S1 lib/acr/scheduler/dispatcher.cpp:1464 | ...
  S1 lib/acr/tests/classic/e15_failure.cpp:76 | ...
  S1 lib/acr/tests/classic/e20_fault_fallback.cpp:34 | ...
  S1 lib/astro_image_io/src/aio_fits.cpp:161 | ...
  S1 lib/astro_image_io/src/aio_fits.cpp:162 | ...
  S1 lib/backend_host/cpu_routing.cpp:412 | ...
  S1 lib/backend_host/cpu_routing.cpp:589 | ...
  S1 lib/backend_host/worker_advisor.cpp:72 | ...
  S1 lib/core/src/executor.cpp:137 | ...
  S1 lib/core/src/executor.cpp:254 | ...
  S1 lib/healpix_db/healpix_drizzle/drizzle_engine.cpp:1149 | ...
  S1 lib/healpix_db/healpix_drizzle/drizzle_engine.cpp:2275 | ...
  S1 lib/orchestrator/cpp/src/main.cpp:157 | ...
  S1 lib/phase2/tools/stage2.cpp:1775 | ...
  S1 lib/phase2/tools/stage2.cpp:1779 | ...
  S1 lib/plate_solve/cpp/ipv/src/ipv_entry.cpp:334 | ...
  S1 lib/plate_solve/cpp/ipv/src/ipv_entry.cpp:347 | ...
  S1 lib/plate_solve/cpp/ipv/src/ipv_entry.cpp:360 | ...
--- S2 (log/record only, no return/throw) ---
  S2 lib/acr/backends/cuda/bridge/acr_cuda_bridge_host.cpp:90 | const std::exception& e | \         std::fprintf(stderr, "[acr_cuda_bridge] executor_destroy: C 边界捕获异常: %s\n", e.what()); \
  S2 lib/acr/backends/cuda/bridge/acr_cuda_bridge_host.cpp:92 | ... | \         std::fprintf(stderr, "[acr_cuda_bridge] executor_destroy: C 边界捕获未知异常\n"); \
  S2 lib/acr/backends/cuda/cuda_bridge_loader.cpp:337 | const std::exception& e | h.status = SubmitStatus::Failed;             h.error = std::string("cuda kernel failed: ") + e.what();
  S2 lib/acr/backends/cuda/cuda_bridge_loader.cpp:340 | ... | h.status = SubmitStatus::Failed;             h.error = "cuda kernel unknown failure";
  S2 lib/acr/backends/cuda/cuda_executor.cpp:136 | const std::exception& e | result.status = scheduler::SubmitStatus::Failed;         result.error = std::string("cuda kernel exception: ")
  S2 lib/acr/backends/cuda/cuda_executor.cpp:139 | ... | result.status = scheduler::SubmitStatus::Failed;         result.error = "cuda kernel unknown exception";
  S2 lib/acr/core/runtime.cpp:208 | const std::exception& e | ev->mark_failed(StatusCode::KernelFailed, e.what());         runtime_state().total_failed.fetch_add(1, std::me
  S2 lib/acr/core/runtime.cpp:211 | ... | ev->mark_failed(StatusCode::KernelFailed, "unknown kernel exception");         runtime_state().total_failed.fe
  S2 lib/acr/scheduler/device_executor.cpp:110 | const std::exception& e | result.status = SubmitStatus::Failed;         result.error = std::string("cpu kernel exception: ") + e.what();
  S2 lib/acr/scheduler/device_executor.cpp:113 | ... | result.status = SubmitStatus::Failed;         result.error = "cpu kernel unknown exception";
  S2 lib/acr/scheduler/mixed_runner.cpp:73 | ... | failed.fetch_add(1, std::memory_order_relaxed);
  S2 lib/astro_image_io/src/aio_api.cpp:42 | const std::exception &e | aio_log(AIO_LOG_ERROR, "API", "aio_set_precision_mode exception: %s", e.what());
  S2 lib/astro_image_io/src/aio_api.cpp:44 | ... | aio_log(AIO_LOG_ERROR, "API", "aio_set_precision_mode unknown exception");
  S2 lib/astro_image_io/src/aio_api.cpp:414 | ... | aio_log(AIO_LOG_ERROR, "API", "aio_free_image_data exception (ignored)");
  S2 lib/astro_image_io/src/aio_pipeline.cpp:235 | const std::exception &e | aio_log(AIO_LOG_ERROR, "PIPELINE", "exception: %s", e.what());
  S2 lib/astro_image_io/src/aio_pipeline.cpp:237 | ... | aio_log(AIO_LOG_ERROR, "PIPELINE", "unknown exception");
  S2 lib/astro_image_io/src/aio_pipeline.cpp:293 | const std::exception &e | aio_log(AIO_LOG_ERROR, "PIPELINE", "exception: %s", e.what());
  S2 lib/astro_image_io/src/aio_pipeline.cpp:295 | ... | aio_log(AIO_LOG_ERROR, "PIPELINE", "unknown exception");
  S2 lib/astro_image_io/src/aio_pipeline_engine.cpp:295 | const std::exception &e | fprintf(stderr, "[engine] exception: %s\n", e.what());
  S2 lib/astro_image_io/src/aio_pipeline_engine.cpp:297 | ... | fprintf(stderr, "[engine] unknown exception\n");
  S2 lib/astro_image_io/src/healpix/aio_healpix_io.cpp:876 | const std::exception &e | fprintf(stderr, "[hio] exception: %s\n", e.what());
  S2 lib/astro_image_io/src/healpix/aio_healpix_io.cpp:878 | ... | fprintf(stderr, "[hio] unknown exception\n");
  S2 lib/astro_image_io/src/healpix/aio_healpix_io.cpp:1787 | const std::exception &e | fprintf(stderr, "[hio] exception: %s\n", e.what());
  S2 lib/astro_image_io/src/healpix/aio_healpix_io.cpp:1789 | ... | fprintf(stderr, "[hio] unknown exception\n");
  S2 lib/astro_image_io/src/healpix/aio_healpix_io.cpp:2192 | const std::exception &e | fprintf(stderr, "[hio] exception: %s\n", e.what());
  S2 lib/astro_image_io/src/healpix/aio_healpix_io.cpp:2194 | ... | fprintf(stderr, "[hio] unknown exception\n");
  S2 lib/astro_image_io/tests/dataflow_fuzz.cpp:210 | ... | failed++;
  S2 lib/backend_host/worker_advisor.cpp:146 | ... | // 字段类型篡改等: 保守回落, 不抛错不阻塞         r.limits = ResourceLimitsV1{};         r.limits.user_max_workers = user_max_w
  S2 lib/core/src/module_adapters.cpp:4980 | const Json::exception& e | man["error"] = std::string("config value type error: ") + e.what();       r = Result<void>::fail(Error(ErrorDo
  S2 lib/core/src/module_adapters.cpp:4983 | const std::bad_alloc& | man["error"] = "out of memory";       r = Result<void>::fail(Error(ErrorDomain::RESOURCE, "out of memory"));
  S2 lib/core/src/module_adapters.cpp:4986 | const std::exception& e | man["error"] = std::string("node exception: ") + e.what();       r = Result<void>::fail(Error(ErrorDomain::INT
  S2 lib/core/src/module_adapters.cpp:5171 | const Json::exception& e | man["error"] = std::string("config value type error: ") + e.what();       r = Result<void>::fail(Error(ErrorDo
  S2 lib/core/src/module_adapters.cpp:5174 | const std::bad_alloc& | man["error"] = "out of memory";       r = Result<void>::fail(Error(ErrorDomain::RESOURCE, "out of memory"));
  S2 lib/core/src/module_adapters.cpp:5177 | const std::exception& e | man["error"] = std::string("node exception: ") + e.what();       r = Result<void>::fail(Error(ErrorDomain::INT
  S2 lib/core/src/module_adapters.cpp:6113 | const Json::exception& e | man["error"] = std::string("config value type error: ") + e.what();       r = Result<void>::fail(Error(ErrorDo
  S2 lib/core/src/module_adapters.cpp:6116 | const std::bad_alloc& | man["error"] = "out of memory";       r = Result<void>::fail(Error(ErrorDomain::RESOURCE, "out of memory"));
  S2 lib/core/src/module_adapters.cpp:6119 | const std::exception& e | man["error"] = std::string("node exception: ") + e.what();       r = Result<void>::fail(Error(ErrorDomain::INT
  S2 lib/core/src/scheduler.cpp:279 | const std::exception& e | // RT-007: 节点 fn 抛 C++ 异常不得杀死 worker/不得泄漏 → 统一按节点             // 失败传播。C++ 异常无 Result 域 → 归 INTERNAL（非显式域错误）。  
  S2 lib/core/src/scheduler.cpp:285 | ... | // 非 std 异常（如裸 throw）：同样按 INTERNAL 节点失败传播，不逃逸 worker。             node_ok = false;             record_failure(
  S2 lib/dynamic_psf/src/dpsf_psf.cpp:942 | const std::exception &e | dpsf_log(LOG_ERROR, "DPSF", "dpsf_fit_batch_f32: star %d allocation failed (%s)",                      i, e.wh
  S2 lib/dynamic_psf/src/dpsf_psf.cpp:947 | ... | dpsf_log(LOG_ERROR, "DPSF", "dpsf_fit_batch_f32: star %d unknown failure", i);             if (out_status) out
  S2 lib/dynamic_psf/src/dpsf_psf.cpp:1110 | const std::exception &e | dpsf_log(LOG_ERROR, "DPSF", "dpsf_fit_batch_f64: star %d allocation failed (%s)",                      i, e.wh
  S2 lib/dynamic_psf/src/dpsf_psf.cpp:1114 | ... | dpsf_log(LOG_ERROR, "DPSF", "dpsf_fit_batch_f64: star %d unknown failure", i);             if (out_status) out
  S2 lib/orchestrator/cpp/src/orchestrator.cpp:3094 | const std::exception& e | LOG_WARN("orchestrator", "[PHOTOMETRIC] 生成 photometry_report.json 异常: " + std::string(e.what()));
  S2 lib/phase2/src/acr_kernels.cpp:233 | const std::exception& e | if (!fail.exchange(1)) {                         std::lock_guard<std::mutex> lk(fail_mtx);                    
  S2 lib/phase2/tools/stage2.cpp:984 | const std::exception& e | log("ACR block failed, fallback CPU: " +                         std::string(e.what()));                     a
--- S2b (other) ---
  S2b cli/commands.cpp:1260 | ... | mismatch = true;
  S2b cli/commands.cpp:2397 | ... | verdict = "FAIL";   // profile 本体不可解析 → 无正确性证据 → FAIL
  S2b lib/acr/qualification/focused/focused_benchmark.cpp:87 | ... | f += "-isa-unknown";
  S2b lib/acr/tests/unit/test_api.cpp:311 | const AcrError& e | EXPECT_EQ(e.code(), StatusCode::OutOfBounds);
  S2b lib/acr/tests/unit/test_buffer.cpp:99 | const AcrError& e | EXPECT_EQ(e.code(), StatusCode::OutOfBounds);
  S2b lib/astro_image_io/src/aio_fits.cpp:491 | ... | cal.ccd_temp = 0.0;
  S2b lib/astro_image_io/src/hips/aio_hips_reader.cpp:553 | const std::exception &e | set_err(std::string("exception: ") + e.what());
  S2b lib/astro_image_io/src/hips/aio_hips_reader.cpp:555 | ... | set_err("unknown exception");
  S2b lib/backend_host/cpu_routing.cpp:113 | ... | err = "verify_profile_v2 raised (forged profile type)";
  S2b lib/backend_host/profile_store.cpp:363 | const json::parse_error& | commit_for_verify = "";
  S2b lib/backend_host/profile_store.cpp:390 | ... | commit_for_check = "";
  S2b lib/backend_host/worker_advisor.cpp:208 | ... | // profile 文本损坏: 按 V8-CPU-002 语义回落(动态多线程), 不阻塞             chain += "profile_unreadable|";
  S2b lib/common/healpix/tests/test_healpix_neighbors.cpp:208 | ... | ok = false;
  S2b lib/common/healpix/tests/test_healpix_neighbors.cpp:234 | ... | ok = false;
  S2b lib/core/src/module_adapters.cpp:2869 | ... | have_prod = false;
  S2b lib/core/src/module_adapters.cpp:3271 | ... | sj = Json::object();
  S2b lib/core/src/module_adapters.cpp:4884 | ... | n_frames = 1;  // plan 不因 config 解析失败而 fail（validate 已先行）
  S2b lib/healpix_db/healpix_drizzle/tests/p1drz/p1drz_tests_core.cpp:577 | ... | _exit(42);
  S2b lib/orchestrator/cpp/src/orchestrator.cpp:102 | ... | s_parsed_config = nlohmann::json::object();
  S2b lib/orchestrator/cpp/tests/test_p1_batchB_fixes.cpp:197 | const std::exception& e | err_detail = e.what();
  S2b lib/orchestrator/cpp/tests/test_p1_batchB_fixes.cpp:214 | const std::exception& e | err_detail = e.what();
  S2b lib/phase1_session/tests/p1sess/p1sess_tests_units.cpp:90 | ... | out.manifest = json();
  S2b lib/phase1_session/tests/test_p1_session_manifest.cpp:115 | ... | out.manifest = json();
  S2b lib/phase2/tests/synthetic_gate.cpp:3383 | const std::runtime_error | threw_cpu_route =             std::string(e.what()).find("CPU_ROUTE") != std::string::npos;
  S2b lib/photometric_calib/cpp/test/test_p0_sip_order_guard.cpp:75 | const std::invalid_argum | threw = true;
  S2b lib/photometric_calib/cpp/test/test_p0_sip_order_guard.cpp:86 | const std::invalid_argum | threw = true;
  S2b lib/photometric_calib/cpp/test/test_p0_sip_order_guard.cpp:97 | const std::invalid_argum | threw = true;
  S2b lib/photometric_calib/cpp/test/test_p0_sip_order_guard.cpp:110 | ... | threw = true;
  S2b lib/photometric_calib/cpp/test/test_p0_sip_order_guard.cpp:128 | ... | threw = true;
  S2b lib/photometric_calib/tests/p1phot/p1phot_tests_units.cpp:468 | const std::invalid_argum | threw = true;
S4 json_default: .value(k,dflt)=558 value_or=1 jget-with-dflt=2 files=25
    ('lib/core/src/module_adapters.cpp', 167, 0, 0)
    ('cli/commands.cpp', 87, 1, 0)
    ('lib/phase2/src/stage2_common.cpp', 64, 0, 0)
    ('lib/backend_host/bench_report.cpp', 49, 0, 0)
    ('lib/backend_host/profile_gen_v2.cpp', 25, 0, 0)
    ('lib/phase2/src/upm.cpp', 25, 0, 0)
    ('lib/phase1_session/tests/p1sess/p1sess_tests_units.cpp', 22, 0, 0)
    ('lib/astro_image_io/src/aio_upm.cpp', 17, 0, 0)
    ('lib/backend_host/profile_gen.cpp', 17, 0, 0)
    ('lib/phase3_session/p3_session.cpp', 15, 0, 0)
    ('lib/backend_host/worker_advisor.cpp', 10, 0, 0)
    ('lib/core/src/artifact_store.cpp', 9, 0, 0)
    ('lib/phase1_session/p1_session.cpp', 7, 0, 0)
    ('lib/phase1_session/tests/test_p1_session_manifest.cpp', 7, 0, 0)
    ('cli/runtime_client.cpp', 6, 0, 0)
    ('lib/backend_host/backend_loader.cpp', 6, 0, 0)
    ('lib/phase1_session/tests/p1sess/p1sess_tests_properties.cpp', 6, 0, 0)
    ('lib/phase2/tools/rejection_cli.cpp', 6, 0, 0)
    ('lib/backend_host/cpu_routing.cpp', 3, 0, 2)
    ('cli/protocol.h', 2, 0, 0)
S3_ignored_return(libc/fs side-effect calls as bare stmts)=214
    cli/commands.cpp:443 | std::filesystem::create_directories
    cli/commands.cpp:455 | std::filesystem::rename
    cli/commands.cpp:483 | std::filesystem::create_directories
    cli/commands.cpp:486 | std::filesystem::create_directories
    cli/monitor.h:124 | CloseHandle
    cli/process.cpp:125 | CloseHandle
    cli/process.cpp:126 | CloseHandle
    lib/astro_image_io/src/aio_log.cpp:35 | CreateDirectoryA
    lib/astro_image_io/src/aio_log.cpp:38 | std::filesystem::create_directories
    lib/astro_image_io/src/hips/aio_hips_writer.cpp:124 | _mkdir
    lib/astro_image_io/src/hips/aio_hips_writer.cpp:126 | mkdir
    lib/astro_image_io/src/hiss_stream_writer.cpp:119 | std::filesystem::remove
    lib/astro_image_io/src/hiss_stream_writer.cpp:122 | std::filesystem::remove
    lib/astro_image_io/src/hiss_stream_writer.cpp:642 | std::filesystem::remove
    lib/astro_image_io/src/hiss_stream_writer.cpp:685 | std::filesystem::remove
    lib/astro_image_io/src/hiss_stream_writer.cpp:688 | std::filesystem::remove
    lib/astro_image_io/tests/hiss_benchmark.cpp:1480 | std::filesystem::create_directories
    lib/astro_image_io/tests/hiss_correctness_test.cpp:676 | std::filesystem::remove
    lib/astro_image_io/tests/hiss_correctness_test.cpp:734 | std::filesystem::remove
    lib/astro_image_io/tests/hiss_correctness_test.cpp:793 | std::filesystem::remove
    lib/astro_image_io/tests/hiss_correctness_test.cpp:904 | std::filesystem::remove
    lib/astro_image_io/tests/hiss_correctness_test.cpp:971 | std::filesystem::remove
    lib/astro_image_io/tests/hiss_correctness_test.cpp:1031 | std::filesystem::remove
    lib/astro_image_io/tests/hiss_correctness_test.cpp:1088 | std::filesystem::remove
    lib/astro_image_io/tests/hiss_correctness_test.cpp:1119 | std::filesystem::remove
    lib/astro_image_io/tests/hiss_correctness_test.cpp:1182 | std::filesystem::remove
    lib/astro_image_io/tests/hiss_correctness_test.cpp:1258 | std::filesystem::remove
    lib/astro_image_io/tests/hiss_experiment_suite.cpp:168 | std::filesystem::create_directories
    lib/astro_image_io/tests/hiss_experiment_suite.cpp:808 | std::filesystem::remove
    lib/astro_image_io/tests/hiss_experiment_suite.cpp:809 | std::filesystem::remove
    lib/astro_image_io/tests/hiss_experiment_suite.cpp:848 | std::filesystem::remove
    lib/astro_image_io/tests/hiss_experiment_suite.cpp:869 | std::filesystem::remove
    lib/astro_image_io/tests/hiss_experiment_suite.cpp:870 | std::filesystem::remove
    lib/astro_image_io/tests/hiss_experiment_suite.cpp:925 | std::filesystem::remove
    lib/astro_image_io/tests/hiss_experiment_suite.cpp:976 | std::filesystem::remove
    lib/astro_image_io/tests/hiss_experiment_suite.cpp:977 | std::filesystem::remove
    lib/astro_image_io/tests/hiss_experiment_suite.cpp:1089 | std::filesystem::remove
    lib/astro_image_io/tests/hiss_experiment_suite.cpp:1123 | std::filesystem::remove
    lib/astro_image_io/tests/hiss_experiment_suite.cpp:1125 | std::filesystem::remove
    lib/astro_image_io/tests/hiss_experiment_suite.cpp:1275 | std::filesystem::remove
    lib/astro_image_io/tests/hiss_experiment_suite.cpp:1294 | std::filesystem::create_directories
    lib/astro_image_io/tests/hiss_experiments.cpp:676 | std::filesystem::remove
    lib/astro_image_io/tests/hiss_experiments.cpp:677 | std::filesystem::remove
    lib/astro_image_io/tests/hiss_experiments.cpp:722 | std::filesystem::remove
    lib/astro_image_io/tests/hiss_experiments.cpp:723 | std::filesystem::remove
    lib/astro_image_io/tests/hiss_experiments.cpp:757 | std::filesystem::remove
    lib/astro_image_io/tests/hiss_experiments.cpp:759 | std::filesystem::remove
    lib/astro_image_io/tests/hiss_experiments.cpp:827 | std::filesystem::remove
    lib/astro_image_io/tests/hiss_experiments.cpp:828 | std::filesystem::remove
    lib/astro_image_io/tests/hiss_experiments.cpp:937 | std::filesystem::remove
    lib/astro_image_io/tests/hiss_experiments.cpp:939 | std::filesystem::remove
    lib/astro_image_io/tests/hiss_experiments.cpp:1180 | std::filesystem::remove
    lib/astro_image_io/tests/hiss_experiments.cpp:1181 | std::filesystem::remove
    lib/astro_image_io/tests/hiss_experiments.cpp:1249 | std::filesystem::remove
    lib/astro_image_io/tests/hiss_experiments.cpp:1251 | std::filesystem::remove
    lib/astro_image_io/tests/hiss_experiments.cpp:1463 | std::filesystem::create_directories
    lib/astro_image_io/tests/hiss_writer_smoke.cpp:148 | std::filesystem::remove
    lib/astro_image_io/tests/test_checksum.cpp:219 | std::filesystem::remove
    lib/astro_image_io/tests/test_checksum.cpp:312 | std::filesystem::remove
    lib/astro_image_io/tests/test_checksum.cpp:387 | std::filesystem::remove
    lib/astro_image_io/tests/test_drizzle_integration.cpp:372 | std::filesystem::remove
    lib/astro_image_io/tests/test_drizzle_integration.cpp:373 | std::filesystem::remove
    lib/astro_image_io/tests/test_drizzle_integration.cpp:475 | std::filesystem::remove
    lib/astro_image_io/tests/test_drizzle_integration.cpp:476 | std::filesystem::remove
    lib/astro_image_io/tests/test_drizzle_integration.cpp:588 | std::filesystem::remove
    lib/astro_image_io/tests/test_drizzle_integration.cpp:591 | std::filesystem::remove
    lib/astro_image_io/tests/test_drizzle_integration.cpp:592 | std::filesystem::remove
    lib/astro_image_io/tests/test_drizzle_integration.cpp:593 | std::filesystem::remove
    lib/astro_image_io/tests/test_drizzle_integration.cpp:594 | std::filesystem::remove
    lib/astro_image_io/tests/test_drizzle_integration.cpp:595 | std::filesystem::remove
    lib/astro_image_io/tests/test_precision_dual.cpp:184 | std::filesystem::remove
    lib/astro_image_io/tests/test_precision_dual.cpp:191 | std::filesystem::remove
    lib/astro_image_io/tests/test_precision_dual.cpp:276 | std::filesystem::remove
    lib/astro_image_io/tests/test_precision_dual.cpp:283 | std::filesystem::remove
    lib/astro_image_io/tests/test_precision_dual.cpp:339 | std::filesystem::remove
    lib/astro_image_io/tests/test_precision_dual.cpp:369 | std::filesystem::remove
    lib/astro_image_io/tests/test_precision_dual.cpp:441 | std::filesystem::remove
    lib/astro_image_io/tests/test_precision_dual.cpp:479 | std::filesystem::remove
    lib/astro_image_io/tests/test_precision_dual.cpp:550 | std::filesystem::remove
    lib/astro_image_io/tests/test_precision_dual.cpp:580 | std::filesystem::remove
    lib/astro_image_io/tests/test_query_pixel.cpp:497 | std::filesystem::remove
    lib/astro_image_io/tests/test_query_pixel.cpp:498 | std::filesystem::remove
    lib/astro_image_io/tests/test_query_pixel.cpp:499 | std::filesystem::remove
    lib/astro_image_io/tests/test_query_pixel.cpp:500 | std::filesystem::remove
    lib/astro_image_io/tests/test_query_pixel.cpp:501 | std::filesystem::remove
    lib/astro_image_io/tests/test_query_pixel.cpp:929 | std::filesystem::remove
    lib/astro_image_io/tests/test_snr_unknown_block.cpp:251 | std::filesystem::remove
    lib/astro_image_io/tests/test_snr_unknown_block.cpp:278 | std::filesystem::remove
    lib/astro_image_io/tests/test_snr_unknown_block.cpp:323 | std::filesystem::remove
    lib/astro_image_io/tests/test_snr_unknown_block.cpp:339 | fflush
    lib/astro_image_io/tests/test_snr_unknown_block.cpp:395 | std::filesystem::remove
    lib/astro_image_io/tests/test_snr_unknown_block.cpp:407 | fflush
    lib/astro_image_io/tests/test_snr_unknown_block.cpp:507 | std::filesystem::remove
    lib/astro_image_io/tests/test_snr_unknown_block.cpp:564 | std::filesystem::remove
    lib/astro_image_io/tests/test_wph_cli_browser.cpp:216 | std::filesystem::remove
    lib/astro_image_io/tests/test_wph_cli_browser.cpp:219 | std::filesystem::remove
    lib/astro_image_io/tests/test_writer_integration.cpp:193 | std::filesystem::remove
    lib/astro_image_io/tests/test_writer_integration.cpp:282 | std::filesystem::remove
    lib/astro_image_io/tests/test_writer_integration.cpp:368 | std::filesystem::remove
    lib/astro_image_io/tests/test_writer_integration.cpp:409 | std::filesystem::remove
    lib/astro_image_io/tests/test_writer_integration.cpp:442 | std::filesystem::remove
    lib/astro_image_io/tests/test_writer_integration.cpp:473 | std::filesystem::remove
    lib/astro_image_io/tests/test_writer_integration.cpp:542 | std::filesystem::remove
    lib/astro_image_io/tests/test_writer_integration.cpp:598 | std::filesystem::remove
    lib/astro_image_io/tests/test_writer_integration.cpp:698 | std::filesystem::remove
    lib/astro_image_io/tests/test_writer_integration.cpp:755 | std::filesystem::remove
    lib/backend_host/profile_store.cpp:272 | fs::remove
    lib/backend_host/profile_store.cpp:282 | fs::remove
    lib/backend_host/profile_store.cpp:293 | fs::remove
    lib/backend_host/profile_store.cpp:300 | fs::remove
    lib/backend_host/profile_store.cpp:309 | fs::remove
    lib/calibration/tests/test_photometry_apply.cpp:281 | std::filesystem::remove
    lib/calibration/tests/test_photometry_apply.cpp:282 | std::filesystem::remove
    lib/calibration/tests/test_photometry_apply.cpp:336 | std::filesystem::remove
    lib/calibration/tests/test_photometry_apply.cpp:337 | std::filesystem::remove
    lib/core/src/module_adapters.cpp:2119 | std::filesystem::remove
    lib/core/src/module_adapters.cpp:3461 | std::filesystem::create_directories
    lib/core/src/module_adapters.cpp:4409 | std::filesystem::create_directories
    lib/core/src/module_adapters.cpp:4494 | std::filesystem::create_directories
    lib/core/src/module_adapters.cpp:4507 | std::filesystem::rename
    lib/dynamic_psf/src/dpsf_log.cpp:36 | CreateDirectoryA
    lib/dynamic_psf/src/dpsf_log.cpp:39 | std::filesystem::create_directories
    lib/gaia_xpsd_client/src/gaia_client.c:352 | fclose
    lib/gaia_xpsd_client/test/test_gaia_race.c:138 | fclose
    lib/gaia_xpsd_client/test/test_gaia_race.c:196 | unlink
    lib/gaia_xpsd_client/test/test_gaia_race.c:201 | mkdir
    lib/io/src/io_adapter.cpp:130 | std::filesystem::rename
    lib/orchestrator/cpp/src/main.cpp:303 | std::filesystem::create_directories
    lib/orchestrator/cpp/src/orchestrator.cpp:3134 | std::filesystem::create_directories
    lib/orchestrator/cpp/tests/test_orchestrator_cli.cpp:149 | CloseHandle
    lib/orchestrator/cpp/tests/test_orchestrator_cli.cpp:153 | CloseHandle
    lib/orchestrator/cpp/tests/test_orchestrator_cli.cpp:154 | CloseHandle
    lib/orchestrator/cpp/tests/test_orchestrator_cli.cpp:179 | CloseHandle
    lib/orchestrator/cpp/tests/test_orchestrator_cli.cpp:180 | CloseHandle
    lib/orchestrator/cpp/tests/test_orchestrator_cli.cpp:181 | CloseHandle
    lib/orchestrator/cpp/tests/test_orchestrator_cli.cpp:184 | CloseHandle
    lib/orchestrator/cpp/tests/test_orchestrator_cli.cpp:187 | CloseHandle
    lib/orchestrator/cpp/tests/test_orchestrator_cli.cpp:188 | CloseHandle
    lib/orchestrator/cpp/tests/test_orchestrator_cli.cpp:193 | WriteFile
    lib/orchestrator/cpp/tests/test_orchestrator_cli.cpp:196 | CloseHandle
    lib/orchestrator/cpp/tests/test_orchestrator_cli.cpp:227 | CloseHandle
    lib/orchestrator/cpp/tests/test_orchestrator_cli.cpp:229 | CloseHandle
    lib/orchestrator/cpp/tests/test_orchestrator_cli.cpp:230 | CloseHandle
    lib/orchestrator/cpp/tests/test_orchestrator_cli.cpp:231 | CloseHandle
    lib/orchestrator/cpp/tests/test_orchestrator_cli.cpp:875 | fs::remove
    lib/phase1_session/tests/test_p1_session_manifest.cpp:147 | std::filesystem::remove_all
    lib/phase1_session/tests/test_p1_session_manifest.cpp:148 | std::filesystem::create_directories
    lib/phase2/tests/ivar_wiring_test.cpp:239 | std::filesystem::create_directories
    lib/phase2/tests/ivar_wiring_test.cpp:286 | std::filesystem::remove_all
    lib/phase2/tests/ivar_wiring_test.cpp:322 | std::filesystem::remove_all
    lib/phase2/tests/ivar_wiring_test.cpp:351 | std::filesystem::remove_all
    lib/phase2/tests/ivar_wiring_test.cpp:388 | std::filesystem::remove_all
    lib/phase2/tests/ivar_wiring_test.cpp:418 | std::filesystem::remove_all
    lib/phase2/tests/synthetic_gate.cpp:970 | std::filesystem::create_directories
    lib/phase2/tests/synthetic_gate.cpp:1311 | std::filesystem::create_directories
    lib/phase2/tests/synthetic_gate.cpp:1427 | std::filesystem::create_directories
    lib/phase2/tests/synthetic_gate.cpp:1532 | std::filesystem::create_directories
    lib/phase2/tests/synthetic_gate.cpp:1604 | std::filesystem::create_directories
    lib/phase2/tests/synthetic_gate.cpp:1687 | std::filesystem::create_directories
    lib/phase2/tests/synthetic_gate.cpp:1901 | std::filesystem::create_directories
    lib/phase2/tests/synthetic_gate.cpp:2255 | std::filesystem::create_directories
    lib/phase2/tests/synthetic_gate.cpp:3945 | std::filesystem::create_directories
    lib/phase2/tools/stage2.cpp:171 | std::filesystem::create_directories
    lib/phase2/tools/stage2.cpp:452 | std::filesystem::create_directories
    lib/plate_solve/cpp/ipv/src/ipv_solver.cpp:561 | fflush
    lib/plate_solve/cpp/ipv/src/ipv_solver.cpp:563 | fflush
    lib/plate_solve/cpp/ipv/src/ipv_solver.cpp:588 | fflush
    lib/plate_solve/cpp/ipv/src/ipv_solver.cpp:602 | fflush
    lib/plate_solve/cpp/ipv/src/ipv_solver.cpp:962 | fflush
    lib/plate_solve/cpp/ipv/src/ipv_solver.cpp:963 | fflush
    lib/plate_solve/cpp/ipv/src/ipv_solver.cpp:988 | fflush
    lib/plate_solve/cpp/ipv/src/ipv_solver.cpp:1002 | fflush
    lib/star_detector/src/sdet_log.cpp:35 | CreateDirectoryA
    lib/star_detector/src/sdet_log.cpp:38 | std::filesystem::create_directories
    modules/services/io/tests/fits_core_selftest.c:68 | remove
    modules/services/io/tests/fits_core_selftest.c:121 | remove
    modules/services/io/tests/fits_core_selftest.c:136 | remove
    modules/services/io/tests/fits_core_selftest.c:167 | remove
    modules/services/io/tests/fits_core_selftest.c:176 | fclose
    modules/services/io/tests/fits_core_selftest.c:204 | remove
    modules/services/io/tests/fits_core_selftest.c:221 | remove
    modules/services/io/tests/fits_core_selftest.c:238 | remove
    modules/services/io/tests/fits_core_selftest.c:251 | remove
    modules/services/io/tests/fits_core_selftest.c:273 | fclose
    modules/services/io/tests/fits_core_selftest.c:283 | fclose
    modules/services/io/tests/fits_core_selftest.c:286 | fclose
    modules/services/io/tests/fits_core_selftest.c:292 | remove
    modules/services/io/tests/fits_core_selftest.c:307 | remove
    modules/services/io/tests/fits_core_selftest.c:334 | remove
    modules/services/io/tests/fits_core_selftest.c:345 | remove
    modules/services/io/tests/fits_core_selftest.c:373 | fclose
    modules/services/io/tests/fits_core_selftest.c:378 | remove
    modules/services/io/tests/fits_core_selftest.c:392 | remove
    modules/services/io/tests/fits_core_selftest.c:415 | remove
    modules/services/io/tests/fits_core_selftest.c:428 | remove
    modules/services/io/tests/fits_core_selftest.c:459 | remove
    modules/services/io/tests/fits_core_selftest.c:472 | _mkdir
    modules/services/io/tests/fits_core_selftest.c:474 | mkdir
    modules/services/io/tests/fits_core_selftest.c:486 | rmdir
    modules/services/io/tests/fits_core_selftest.c:497 | remove
    modules/services/io/tests/fits_core_selftest.c:515 | remove
    modules/services/io/tests/fits_core_selftest.c:523 | _mkdir
    modules/services/io/tests/fits_core_selftest.c:525 | mkdir
    modules/services/io/tests/fits_core_selftest.c:540 | rmdir
    runtime/io/fits_core.c:160 | fclose
    runtime/io/fits_core.c:1187 | fclose
    runtime/io/hips_core.c:100 | fclose
    runtime/io/hips_core.c:163 | fclose
    runtime/io/hips_core.c:171 | fclose
    runtime/module_loader/secure_loader.c:289 | fclose
    runtime/registry/module_registry.c:140 | fclose
    runtime/registry/module_registry.c:450 | fclose
    runtime/registry/module_registry.c:583 | fclose
    runtime/registry/module_registry.c:590 | fclose
S3b rc-assigned-but-never-read(window 1200 chars)=54
    cli/commands.cpp:843 | rrc
    cli/commands.cpp:1111 | rrc
    cli/commands.cpp:1310 | rrc
    cli/commands.cpp:1668 | rrc
    lib/astro_image_io/src/ahpx/aio_ahpx_writer.h:27 | zstdLevel
    lib/astro_image_io/src/aio_pipeline_engine.cpp:514 | first_error_ret
    lib/astro_image_io/src/healpix/aio_healpix_io.cpp:45 | ZSTD_LEVEL
    lib/astro_image_io/src/healpix/aio_healpix_io.cpp:55 | HIO_ERR_PARAM
    lib/astro_image_io/src/healpix/aio_healpix_io.cpp:56 | HIO_ERR_FILE
    lib/astro_image_io/src/healpix/aio_healpix_io.cpp:57 | HIO_ERR_MAGIC
    lib/astro_image_io/src/healpix/aio_healpix_io.cpp:58 | HIO_ERR_ZSTD
    lib/astro_image_io/src/healpix/aio_healpix_io.cpp:59 | HIO_ERR_JSON
    lib/astro_image_io/src/healpix/aio_healpix_io.cpp:60 | HIO_ERR_MEM
    lib/astro_image_io/src/healpix/aio_healpix_io.cpp:61 | HIO_ERR_BOUNDS
    lib/astro_image_io/src/healpix/aio_healpix_io.cpp:64 | HIO_ERR_INTERNAL
    lib/astro_image_io/tests/hiss_correctness_test.cpp:44 | g_test_passed
    lib/astro_image_io/tests/hiss_correctness_test.cpp:45 | g_test_skipped
    lib/astro_image_io/tests/hiss_experiment_suite.cpp:913 | open_ret
    lib/astro_image_io/tests/test_query_pixel.cpp:46 | g_test_passed
    lib/astro_image_io/tests/test_writer_integration.cpp:50 | g_test_passed
    lib/gaia_xpsd_client/src/module_entry.c:642 | spec_start
    lib/healpix_db/healpix_drizzle/tests/drizzle_science_matrix_test.cpp:242 | worst_case
    lib/orchestrator/cpp/include/json_config.h:43 | max_stars
    lib/orchestrator/cpp/include/json_config.h:61 | estimator_id
    lib/orchestrator/cpp/include/orchestrator.h:121 | CONFIG_ERROR
    lib/orchestrator/cpp/include/orchestrator.h:122 | FILE_IO_ERROR
    lib/orchestrator/cpp/include/orchestrator.h:127 | STAR_DETECT_FAILED
    lib/orchestrator/cpp/include/orchestrator.h:131 | STACK_FAILED
    lib/orchestrator/cpp/include/resource_monitor.h:151 | n_stars
    lib/orchestrator/cpp/src/orchestrator.cpp:2769 | ret
    lib/phase2/include/astro/phase2/stage2_common.h:37 | robust_loss
    lib/phase2/include/astro/phase2/stage2_common.h:61 | large_scale_min_structure_pixels
    lib/phase2/src/rejection.cpp:403 | best_m
    lib/phase2/src/rejection.cpp:464 | best_m
    lib/phase2/src/sampler.cpp:77 | kSnrCatalogMax
    lib/phase2/tools/stage2.cpp:1174 | st
    lib/phase2/tools/stage2.cpp:1451 | st
    lib/phase3_proj/p3_projection.h:26 | kP3ProjectionRegistryVersion
    lib/phase3_session/hips_properties.h:25 | kHipsTileWidth
    lib/photometric_calib/tests/p1phot/p1phot_gaia_stub.hpp:42 | wl_start
    lib/photometric_calib/tests/p1phot/p1phot_gaia_stub.hpp:43 | wl_step
    lib/plate_solve/cpp/ipv/include/ipv_kvector.h:32 | n_stars
    lib/plate_solve/cpp/ipv/include/ipv_robust_refine.h:44 | max_stars
    lib/plate_solve/cpp/ipv/include/ipv_robust_refine.h:45 | min_stars
    lib/plate_solve/cpp/ipv/include/ipv_select.h:86 | n_returned
    lib/plate_solve/cpp/ipv/include/ipv_triangle.h:86 | n_stars_A
    lib/plate_solve/cpp/ipv/src/ipv_itertrans.cpp:42 | AT_MATCH_STARTN_LINEAR
    lib/plate_solve/cpp/ipv/src/ipv_itertrans.cpp:44 | AT_MATCH_STARTN_QUADRATIC
    lib/plate_solve/cpp/ipv/src/ipv_itertrans.cpp:46 | AT_MATCH_STARTN_CUBIC
    lib/plate_solve/cpp/ipv/src/ipv_polygon.cpp:491 | n_pivot_stage1_pass
    lib/plate_solve/cpp/ipv/src/ipv_polygon.cpp:492 | n_pivot_stage2_used
    lib/plate_solve/cpp/ipv/src/ipv_ransac.cpp:359 | best_n_inliers
    lib/plate_solve/cpp/ipv/src/ipv_wcs.cpp:537 | APX_STRIDE
    lib/star_detector/tests/p1star/p1star_tests_core.cpp:563 | rc
S5_void_cast=16
    lib/astro_image_io/src/hiss_codec.cpp:352 | registry_state
    lib/astro_image_io/src/hiss_codec.cpp:411 | registry_state
    lib/common/healpix/tests/test_healpix_neighbors.cpp:208 | ang2pix_nest
    lib/common/healpix/tests/test_healpix_neighbors.cpp:208 | neighbors
    lib/common/healpix/tests/test_healpix_neighbors.cpp:218 | child_nest
    lib/common/healpix/tests/test_healpix_neighbors.cpp:220 | child_nest
    lib/common/healpix/tests/test_healpix_neighbors.cpp:222 | tile_to_leaf_nest
    lib/hips/src/aio_publish.cpp:365 | fsync
    providers/cpu/avx2/src/avx2_provider.cpp:329 | run_banded
    providers/cpu/avx512/src/avx512_provider.cpp:318 | run_banded
    providers/cpu/baseline/src/baseline_provider.cpp:559 | run_banded
    runtime/io/hips_core.c:695 | hips_parse_moc
    runtime/registry/module_registry.c:194 | jp_str
    runtime/registry/module_registry.c:200 | jp_str
    runtime/registry/module_registry.c:248 | jp_str
    runtime/registry/module_registry.c:270 | jp_str
