{
  "ok": true,
  "results": [
    {
      "ok": true,
      "exit_code": 0,
      "stdout": "",
      "stderr": "warning: in the working copy of '.gitignore', CRLF will be replaced by LF the next time Git touches it\nwarning: in the working copy of 'engineering_v1.2/control/MASTER_TASK_REGISTER.csv', CRLF will be replaced by LF the next time Git touches it\nwarning: in the working copy of 'engineering_v1.2/control/_commit_p10_006.log', CRLF will be replaced by LF the next time Git touches it\nwarning: in the working copy of 'engineering_v1.2/control/_commit_p11_001.log', CRLF will be replaced by LF the next time Git touches it\nwarning: in the working copy of 'engineering_v1.2/evidence/P10-006/CALIBRATION_VALIDATION_SUMMARY.json', CRLF will be replaced by LF the next time Git touches it\nwarning: in the working copy of 'engineering_v1.2/evidence/P10-006/REPRESENTATIVE_CALIBRATION_REPORT.csv', CRLF will be replaced by LF the next time Git touches it\nwarning: in the working copy of 'engineering_v1.2/evidence/P10-006/raw_logs/test_calibration_outputs.log', CRLF will be replaced by LF the next time Git touches it\nwarning: in the working copy of 'engineering_v1.2/evidence/P10-006/raw_logs/validate_representative_calibration.log', CRLF will be replaced by LF the next time Git touches it\nwarning: in the working copy of 'engineering_v1.2/evidence/P11-002/raw_logs/run_diagnostic.log', CRLF will be replaced by LF the next time Git touches it\nwarning: in the working copy of 'engineering_v1.2/evidence/P11-002/raw_logs/unit_test.log', CRLF will be replaced by LF the next time Git touches it\nwarning: in the working copy of 'engineering_v1.2/evidence/P11-002/reports/T2_HA_LDN43/closure_report.json', CRLF will be replaced by LF the next time Git touches it\nwarning: in the working copy of 'engineering_v1.2/evidence/P11-002/reports/T2_HA_LDN43/matched_pairs.json', CRLF will be replaced by LF the next time Git touches it\nwarning: in the working copy of 'engineering_v1.2/evidence/P11-002/reports/T3_LUM_NGC55/closure_report.json', CRLF will be replaced by LF the next time Git touches it\nwarning: in the working copy of 'engineering_v1.2/evidence/P11-002/reports/T3_LUM_NGC55/matched_pairs.json', CRLF will be replaced by LF the next time Git touches it\nwarning: in the working copy of 'engineering_v1.2/evidence/P11-002/reports/driver_summary.json', CRLF will be replaced by LF the next time Git touches it\n",
      "elapsed_sec": 0.057,
      "cmd": [
        "git",
        "add",
        ".gitignore",
        "engineering_v1.2/control/CURRENT_TASK.md",
        "engineering_v1.2/control/MASTER_TASK_REGISTER.csv",
        "engineering_v1.2/control/PROJECT_STATE.yaml",
        "engineering_v1.2/control/_commit_p10_006.json",
        "engineering_v1.2/control/_commit_p10_006.log",
        "engineering_v1.2/control/_commit_p11_001.json",
        "engineering_v1.2/control/_commit_p11_001.log",
        "engineering_v1.2/control/_commit_msg_p11_002.txt",
        "engineering_v1.2/evidence/P10-006/",
        "engineering_v1.2/evidence/P11-002/",
        "lib/plate_solve/memory.md"
      ],
      "step": 0,
      "type": "git_add"
    },
    {
      "ok": true,
      "exit_code": 0,
      "stdout": "[main 222d5ce] P11-002: establish standard WCS real star pair closure diagnostic tool\n 35 files changed, 34471 insertions(+), 36 deletions(-)\n create mode 100644 engineering_v1.2/control/_commit_msg_p11_002.txt\n create mode 100644 engineering_v1.2/control/_commit_p10_006.json\n create mode 100644 engineering_v1.2/control/_commit_p10_006.log\n create mode 100644 engineering_v1.2/control/_commit_p11_001.json\n create mode 100644 engineering_v1.2/control/_commit_p11_001.log\n create mode 100644 engineering_v1.2/evidence/P10-006/CALIBRATION_VALIDATION_SUMMARY.json\n create mode 100644 engineering_v1.2/evidence/P10-006/EVIDENCE_INDEX.md\n create mode 100644 engineering_v1.2/evidence/P10-006/REPRESENTATIVE_CALIBRATION_REPORT.csv\n create mode 100644 engineering_v1.2/evidence/P10-006/REVIEW_REPORT.md\n create mode 100644 engineering_v1.2/evidence/P10-006/TASK_REPORT.md\n create mode 100644 engineering_v1.2/evidence/P10-006/TEST_REPORT.md\n create mode 100644 engineering_v1.2/evidence/P10-006/raw_logs/test_calibration_outputs.log\n create mode 100644 engineering_v1.2/evidence/P10-006/raw_logs/validate_representative_calibration.log\n create mode 100644 engineering_v1.2/evidence/P10-006/scripts/test_calibration_outputs.py\n create mode 100644 engineering_v1.2/evidence/P10-006/scripts/validate_representative_calibration.py\n create mode 100644 engineering_v1.2/evidence/P11-002/EVIDENCE_INDEX.md\n create mode 100644 engineering_v1.2/evidence/P11-002/REVIEW_REPORT.md\n create mode 100644 engineering_v1.2/evidence/P11-002/TASK_REPORT.md\n create mode 100644 engineering_v1.2/evidence/P11-002/TEST_REPORT.md\n create mode 100644 engineering_v1.2/evidence/P11-002/raw_logs/run_diagnostic.log\n create mode 100644 engineering_v1.2/evidence/P11-002/raw_logs/unit_test.log\n create mode 100644 engineering_v1.2/evidence/P11-002/reports/T2_HA_LDN43/closure_report.json\n create mode 100644 engineering_v1.2/evidence/P11-002/reports/T2_HA_LDN43/matched_pairs.json\n create mode 100644 engineering_v1.2/evidence/P11-002/reports/T3_LUM_NGC55/closure_report.json\n create mode 100644 engineering_v1.2/evidence/P11-002/reports/T3_LUM_NGC55/matched_pairs.json\n create mode 100644 engineering_v1.2/evidence/P11-002/reports/driver_summary.json\n create mode 100644 engineering_v1.2/evidence/P11-002/scripts/check_fits_header.py\n create mode 100644 engineering_v1.2/evidence/P11-002/scripts/run_diagnostic.py\n create mode 100644 engineering_v1.2/evidence/P11-002/scripts/test_wcs_closure.py\n create mode 100644 engineering_v1.2/evidence/P11-002/scripts/wcs_closure_diagnostic.py\n",
      "stderr": "",
      "elapsed_sec": 0.116,
      "cmd": [
        "git",
        "commit",
        "-F",
        ".\\engineering_v1.2/control/_commit_msg_p11_002.txt"
      ],
      "step": 1,
      "type": "git_commit"
    },
    {
      "ok": true,
      "exit_code": 0,
      "stdout": "## main...origin/main [ahead 1]\n?? engineering_v1.2/control/_commit_p11_002.json\n",
      "stderr": "",
      "elapsed_sec": 0.062,
      "cmd": [
        "git",
        "status",
        "--porcelain=v1",
        "-b"
      ],
      "extra": {
        "porcelain": "## main...origin/main [ahead 1]\n?? engineering_v1.2/control/_commit_p11_002.json\n"
      },
      "step": 2,
      "type": "git_status"
    },
    {
      "ok": true,
      "exit_code": 0,
      "stdout": "222d5ce P11-002: establish standard WCS real star pair closure diagnostic tool\n411b406 feat(P11-001): freeze coordinate conventions (FROZEN)\nf070876 feat(P10-006): complete T1-T4 representative frame calibration validation\nd0e8714 P10-005: implement Light-to-Master resolver with 587/710 resolved\n3919ebc P10-004: 冻结滤镜规范名和别名 (DONE)\n",
      "stderr": "",
      "elapsed_sec": 0.036,
      "cmd": [
        "git",
        "log",
        "--oneline",
        "-n",
        "5"
      ],
      "step": 3,
      "type": "git_log"
    }
  ]
}