{
  "ok": true,
  "results": [
    {
      "ok": true,
      "exit_code": 0,
      "stdout": "engineering_v1.2/control/_commit_msg_p10_006.txt",
      "stderr": "",
      "elapsed_sec": 0,
      "cmd": [],
      "extra": {
        "path": "engineering_v1.2/control/_commit_msg_p10_006.txt",
        "bytes": 805
      },
      "step": 0,
      "type": "write_file"
    },
    {
      "ok": true,
      "exit_code": 0,
      "stdout": "",
      "stderr": "warning: in the working copy of 'engineering_v1.2/control/MASTER_TASK_REGISTER.csv', CRLF will be replaced by LF the next time Git touches it\nwarning: in the working copy of 'engineering_v1.2/control/_commit_msg_p10_006.txt', CRLF will be replaced by LF the next time Git touches it\n",
      "elapsed_sec": 0.072,
      "cmd": [
        "git",
        "add",
        "engineering_v1.2/control/PROJECT_STATE.yaml",
        "engineering_v1.2/control/MASTER_TASK_REGISTER.csv",
        "engineering_v1.2/control/CURRENT_TASK.md",
        "engineering_v1.2/control/_commit_msg_p10_006.txt"
      ],
      "step": 1,
      "type": "git_add"
    },
    {
      "ok": true,
      "exit_code": 0,
      "stdout": "[main f070876] feat(P10-006): complete T1-T4 representative frame calibration validation\n 4 files changed, 45 insertions(+), 32 deletions(-)\n create mode 100644 engineering_v1.2/control/_commit_msg_p10_006.txt\n",
      "stderr": "",
      "elapsed_sec": 0.094,
      "cmd": [
        "git",
        "commit",
        "-F",
        ".\\engineering_v1.2/control/_commit_msg_p10_006.txt"
      ],
      "step": 2,
      "type": "git_commit"
    },
    {
      "ok": true,
      "exit_code": 0,
      "stdout": "",
      "stderr": "To https://github.com/fujiaze/Astro-CS-Database.git\n   d0e8714..f070876  main -> main\n",
      "elapsed_sec": 2.567,
      "cmd": [
        "git",
        "push",
        "origin",
        "main"
      ],
      "step": 3,
      "type": "git_push"
    },
    {
      "ok": true,
      "exit_code": 0,
      "stdout": "f070876 feat(P10-006): complete T1-T4 representative frame calibration validation\nd0e8714 P10-005: implement Light-to-Master resolver with 587/710 resolved\n3919ebc P10-004: 冻结滤镜规范名和别名 (DONE)\n",
      "stderr": "",
      "elapsed_sec": 0.035,
      "cmd": [
        "git",
        "log",
        "--oneline",
        "-n",
        "3"
      ],
      "step": 4,
      "type": "git_log"
    }
  ]
}