{
  "ok": true,
  "results": [
    {
      "ok": true,
      "exit_code": 0,
      "stdout": "engineering_v1.2/control/_commit_msg_p11_001.txt",
      "stderr": "",
      "elapsed_sec": 0,
      "cmd": [],
      "extra": {
        "path": "engineering_v1.2/control/_commit_msg_p11_001.txt",
        "bytes": 2221
      },
      "step": 0,
      "type": "write_file"
    },
    {
      "ok": true,
      "exit_code": 0,
      "stdout": "",
      "stderr": "warning: in the working copy of 'engineering_v1.2/control/MASTER_TASK_REGISTER.csv', CRLF will be replaced by LF the next time Git touches it\nwarning: in the working copy of 'engineering_v1.2/control/_commit_msg_p11_001.txt', CRLF will be replaced by LF the next time Git touches it\n",
      "elapsed_sec": 0.094,
      "cmd": [
        "git",
        "add",
        "engineering_v1.2/evidence/P11-001/COORDINATE_CONVENTION.md",
        "engineering_v1.2/evidence/P11-001/scripts/verify_convention.py",
        "engineering_v1.2/evidence/P11-001/TASK_REPORT.md",
        "engineering_v1.2/evidence/P11-001/TEST_REPORT.md",
        "engineering_v1.2/evidence/P11-001/EVIDENCE_INDEX.md",
        "engineering_v1.2/evidence/P11-001/REVIEW_REPORT.md",
        "engineering_v1.2/control/PROJECT_STATE.yaml",
        "engineering_v1.2/control/MASTER_TASK_REGISTER.csv",
        "engineering_v1.2/control/CURRENT_TASK.md",
        "engineering_v1.2/control/_commit_msg_p11_001.txt"
      ],
      "step": 1,
      "type": "git_add"
    },
    {
      "ok": true,
      "exit_code": 0,
      "stdout": "[main 411b406] feat(P11-001): freeze coordinate conventions (FROZEN)\n 10 files changed, 1158 insertions(+), 30 deletions(-)\n create mode 100644 engineering_v1.2/control/_commit_msg_p11_001.txt\n create mode 100644 engineering_v1.2/evidence/P11-001/COORDINATE_CONVENTION.md\n create mode 100644 engineering_v1.2/evidence/P11-001/EVIDENCE_INDEX.md\n create mode 100644 engineering_v1.2/evidence/P11-001/REVIEW_REPORT.md\n create mode 100644 engineering_v1.2/evidence/P11-001/TASK_REPORT.md\n create mode 100644 engineering_v1.2/evidence/P11-001/TEST_REPORT.md\n create mode 100644 engineering_v1.2/evidence/P11-001/scripts/verify_convention.py\n",
      "stderr": "",
      "elapsed_sec": 0.109,
      "cmd": [
        "git",
        "commit",
        "-F",
        ".\\engineering_v1.2/control/_commit_msg_p11_001.txt"
      ],
      "step": 2,
      "type": "git_commit"
    },
    {
      "ok": true,
      "exit_code": 0,
      "stdout": "",
      "stderr": "To https://github.com/fujiaze/Astro-CS-Database.git\n   f070876..411b406  main -> main\n",
      "elapsed_sec": 2.691,
      "cmd": [
        "git",
        "push",
        "origin",
        "main"
      ],
      "step": 3,
      "type": "git_push"
    },
    {
      "ok": true,
      "exit_code": 0,
      "stdout": "411b406 feat(P11-001): freeze coordinate conventions (FROZEN)\nf070876 feat(P10-006): complete T1-T4 representative frame calibration validation\nd0e8714 P10-005: implement Light-to-Master resolver with 587/710 resolved\n",
      "stderr": "",
      "elapsed_sec": 0.036,
      "cmd": [
        "git",
        "log",
        "--oneline",
        "-n",
        "3"
      ],
      "step": 4,
      "type": "git_log"
    }
  ]
}