Traceback (most recent call last):
  File "/workspace/Astro CS Database/实验/m42-realdata/code/c3_seam_additive.py", line 383, in <module>
    raise SystemExit(main())
                     ~~~~^^
  File "/workspace/Astro CS Database/实验/m42-realdata/code/c3_seam_additive.py", line 280, in main
    sig, hdunames, path = load_export()
                          ~~~~~~~~~~~^^
  File "/workspace/Astro CS Database/实验/m42-realdata/code/c3_seam_additive.py", line 75, in load_export
    with fits.open(str(p), memmap=True) as h:
         ~~~~~~~~~^^^^^^^^^^^^^^^^^^^^^
  File "/usr/lib/python3/dist-packages/astropy/io/fits/hdu/hdulist.py", line 224, in fitsopen
    return HDUList.fromfile(
           ~~~~~~~~~~~~~~~~^
        name,
        ^^^^^
    ...<9 lines>...
        **kwargs,
        ^^^^^^^^^
    )
    ^
  File "/usr/lib/python3/dist-packages/astropy/io/fits/hdu/hdulist.py", line 488, in fromfile
    return cls._readfrom(
           ~~~~~~~~~~~~~^
        fileobj=fileobj,
        ^^^^^^^^^^^^^^^^
    ...<6 lines>...
        **kwargs,
        ^^^^^^^^^
    )
    ^
  File "/usr/lib/python3/dist-packages/astropy/io/fits/hdu/hdulist.py", line 1170, in _readfrom
    fileobj = _File(
        fileobj,
    ...<5 lines>...
        decompress_in_memory=decompress_in_memory,
    )
  File "/usr/lib/python3/dist-packages/astropy/io/fits/file.py", line 218, in __init__
    self._open_filename(fileobj, mode, overwrite)
    ~~~~~~~~~~~~~~~~~~~^^^^^^^^^^^^^^^^^^^^^^^^^^
  File "/usr/lib/python3/dist-packages/astropy/io/fits/file.py", line 651, in _open_filename
    self._file = open(self.name, IO_FITS_MODES[mode])
                 ~~~~^^^^^^^^^^^^^^^^^^^^^^^^^^^^^^^^
FileNotFoundError: [Errno 2] No such file or directory: '/workspace/Astro CS Database/run/RELEASE-05/vis/out/m42_p3/output_phase3.fits'
