# V8-CI-010 修复轮 2 验收日志（SA-CI-32）
- 执行时间(UTC): 2026-09-06T01:57:49Z
- HEAD: 25259880615bcde34c4a6dc9377d072528fc7fba（只读基准，未做任何 git 写操作）
- 裁决: F1 cmake 3.31.6(policy 驱动) / F2 clang-18 / F3 上传路径 artifacts/ci/ + failure() 诊断步

=== [A1] python3 ci/validate_registry.py --registry ci/checks.json --strict ===
{
  "registry": "/workspace/Astro CS Database/ci/checks.json",
  "strict": true,
  "checks": 80,
  "errors": [],
  "error_count": 0,
  "verdict": "PASS"
}
exit=0

=== [A2] python3 ci/verify_actions_lock.py（在线） ===
verify_actions_lock: OK actions/checkout@v7.0.1 -> 3d3c42e5aac5ba805825da76410c181273ba90b1
verify_actions_lock: OK actions/upload-artifact@v5.0.0 -> 330a01c490aca151604b8cf639adc76d48f6c5d4
verify_actions_lock: OK actions/download-artifact@v8.0.1 -> 3e5f45b2cfb9172054b4087a40e8e0b5a5461e7c
verify_actions_lock: OK actions/upload-artifact@v4.6.2 -> ea165f8d65b6e75b540449e92b4886f43607fa02
verify_actions_lock: PASS (4 entries)
exit=0

=== [A3] python3 -m unittest discover -s ci/tests -p 'test_*.py' ===
Ran 220 tests in 24.872s

OK
（基线 216 项 + 本轮新增 4 项期望用例 = 220，全部 OK，无失败）

=== [A4] python3 ci/bootstrap.py --policy ci/toolchain.policy.json --platform linux --json ===
exit=2（本机 exit 2 属预期：缺 gcc-14 / 非 hosted runner）
cmake required = >=3.31.6 (期望 >=3.31.6)
secondary compiler = clang-18 (期望 clang-18)
observed_from = {"image": "ubuntu-24.04", "image_batch": "20260831.293.1", "observed_utc": "2026-09-06", "cmake": "3.31.6", "secondary_compiler": "18.1.3", "semantics": "cmake/secondary_compiler 为最低要求下限（minimum floor），非精确锁定"}
ok = False | failures = ['runner', 'gcc-14', 'clang-18', 'cmake', 'Ninja']
stderr 结构化 FAIL 首行：
{"verdict": "FAIL", "platform": "linux", "failed_tools": [{"tool": "runner", "required": "ubuntu-24.04", "observed": {"hosted": false, "image_os": null, "runner_os": null, "runner_name": null, "os_release_id": "debian", "os_release_version": "13"}, "repair": "非 GitHub hosted ubuntu-24.04 runner（

=== [A5] ci/run.py --plan-only 四 profile 计数 ===
fast selected_count=57
linux-main selected_count=71
linux-deep selected_count=7
windows-main selected_count=61
（期望 57/71/7/61）

=== [A6] git diff --stat（本轮产物文件范围） ===
 .github/workflows/ci-linux.yml                     |  45 ++++++++++++++-
 .github/workflows/ci-windows.yml                   |  45 ++++++++++++++-
 AGENTS.md                                          |   8 +--
 ci/bootstrap.py                                    |  35 +++++++++---
 ci/tests/test_workflow_lock.py                     |  63 +++++++++++++++++++--
 ci/toolchain.policy.json                           |  25 ++++++--
 ...CS_V6_1_AUDIT_20260902T042239Z_faad602da555.zip | Bin 4243274 -> 0 bytes
 7 files changed, 192 insertions(+), 29 deletions(-)

说明：diff 中 'AGENTS.md' 修改与 'dist/audit/AstroCS_V6_1_AUDIT_*.zip' 删除为任务开始前工作区遗留变更（见会话初始 git status 快照），非本轮产物；本轮实际改动 = toolchain.policy.json + bootstrap.py + 两 workflow + test_workflow_lock.py（+ 本证据目录）。

=== [A7] policy JSON 复核（schema_version=2、fatduck 节未动） ===
schema_version: 2
linux_hosted.cmake: 3.31.6 | secondary: clang-18 | observed_from: 20260831.293.1
windows_hosted.cmake: 3.31.6 | observed_from: 20260830.290.1
fatduck 节 = {"build_source": "github_windows_candidate_only", "compile_allowed": false, "checkout_allowed": false, "acr": false}

=== [A8] 禁改文件完整性（相对 HEAD 无 diff） ===
ci/run.py: diff_lines=0（期望 0）
ci/checks.json: diff_lines=0（期望 0）
ci/actions.lock.json: diff_lines=0（期望 0）
.github/workflows/fatduck.yml: diff_lines=0（期望 0）
